{
  "classification": "Proven",
  "conditional_model": "frozen positive density, flat-space massless DEF beta=-4, zero background",
  "model": 19163,
  "raw_profile_sha256": "cae7d1d940f48546dbbf4613d7cfd3b86f08d94e8251e87c78f4af9677fa6746",
  "cells": 2748,
  "Teff_K": 16569.09876640113,
  "logg": 6.134764426016841,
  "radius_m": 43842686.21003894,
  "mass_source_units": 0.1974585136598667,
  "mass_in_GM_sun": 0.197536385307,
  "target_mass_relative_difference": 0.0,
  "susceptibility_m": "1166.8872233458439709311918391837857719470707879434620968955164978646146138620821",
  "susceptibility_interval_m": "[1166.88722334584397093119183918378577194707078794346209689507080904489240749, 1166.88722334584397093119183918378577194707078794346209689596359199433107788]",
  "static_interval_width_m": 8.927829494386704e-55,
  "eta": "0.00016608471036529249131991280260336680061055804371356707697366371832669776566498463",
  "omega_s": 4.463110809664546e-05,
  "relative_static_difference": 1.7371974233252758e-10,
  "relative_bound_interval": "[0.00000000018795846828497687921671789332068987831214713262098966970108311311215491558, 0.000000000187958468284976879216717893320689878312147132620989669701083113112391752382]",
  "relative_bound_upper": 1.879584682849769e-10,
  "optical_target_recovered_by_actual_evolution": false,
  "exact_mass_matched": false,
  "source_GM_target_matched": true,
  "full_stellar_or_gr_error_certificate": false,
  "symbolic_propagator_checked": true
}
