{"classification": "Counterexample candidate", "passed": true, "rows": [{"k": 0, "reused": true, "changed_velocity_cells": 0, "export_number": 1.1351568956628599e-17, "projection_energy_L1": 1.4432822768690655e-20, "projection_energy_relative": 2.1971168633786193e-26, "total_collision_arithmetic": 1.7575187933048353e-20, "unresolved_subtractive_scattering_relative": null}, {"k": 1, "reused": true, "changed_velocity_cells": 3, "export_number": 9.125204483130972e-18, "projection_energy_L1": 3.3659443363440416e-17, "projection_energy_relative": 5.439859345343994e-27, "total_collision_arithmetic": 9.258062968791262e-21, "unresolved_subtractive_scattering_relative": null}, {"k": 2, "reused": true, "changed_velocity_cells": 2, "export_number": 3.783600018534587e-17, "projection_energy_L1": 8.973340481479046e-17, "projection_energy_relative": 4.933588161725586e-26, "total_collision_arithmetic": 6.220465272743125e-21, "unresolved_subtractive_scattering_relative": null}, {"k": 3, "reused": true, "changed_velocity_cells": 3, "export_number": 3.892383365545095e-17, "projection_energy_L1": 1.5613258049952091e-16, "projection_energy_relative": 6.324252566359948e-26, "total_collision_arithmetic": 5.199443852689625e-21, "unresolved_subtractive_scattering_relative": null}, {"k": 4, "reused": true, "changed_velocity_cells": 2, "export_number": 9.252163427735306e-17, "projection_energy_L1": 3.959113326841507e-16, "projection_energy_relative": 3.2233497175171777e-26, "total_collision_arithmetic": 5.22035243469477e-21, "unresolved_subtractive_scattering_relative": null}, {"k": 5, "reused": true, "changed_velocity_cells": 3, "export_number": 8.248406337390942e-17, "projection_energy_L1": 1.2040437834882958e-12, "projection_energy_relative": 4.2027218536450726e-26, "total_collision_arithmetic": 5.4432643775368524e-21, "unresolved_subtractive_scattering_relative": null}, {"k": 6, "reused": true, "changed_velocity_cells": 1, "export_number": 6.997100159603922e-17, "projection_energy_L1": 5.745470614657118e-16, "projection_energy_relative": 3.797033122484854e-26, "total_collision_arithmetic": 5.3752169157370124e-21, "unresolved_subtractive_scattering_relative": null}, {"k": 7, "reused": true, "changed_velocity_cells": 1, "export_number": 3.7015017065251944e-17, "projection_energy_L1": 3.1348146006804194e-18, "projection_energy_relative": 2.269123420679082e-26, "total_collision_arithmetic": 5.63733396873256e-21, "unresolved_subtractive_scattering_relative": null}, {"k": 8, "reused": true, "changed_velocity_cells": 3, "export_number": 1.2740754970283038e-16, "projection_energy_L1": 1.554787649195708e-16, "projection_energy_relative": 3.33960838891747e-26, "total_collision_arithmetic": 7.282182447938776e-21, "unresolved_subtractive_scattering_relative": null}, {"k": 9, "scattering_number": 4.102804632443573e-07, "export_number_before_projection": 3.898488257946436e-20, "export_number": 5.3802355143841096e-17, "projection_energy_L1": 4.1422981861330935e-17, "projection_energy_relative": 3.4144577129143047e-26, "unresolved_subtractive_scattering_relative": 0.009202675339200935, "total_collision_arithmetic": 6.072352234249663e-21, "changed_velocity_cells": 2}, {"k": 10, "scattering_number": 9.474302931086716e-08, "export_number_before_projection": 2.371339679438536e-20, "export_number": 5.867266427320025e-17, "projection_energy_L1": 1.114718203213242e-17, "projection_energy_relative": 1.8974704980866395e-26, "unresolved_subtractive_scattering_relative": 0.0004633696095152464, "total_collision_arithmetic": 7.554859629983213e-21, "changed_velocity_cells": 1}, {"k": 11, "scattering_number": 1.9087962161774696e-06, "export_number_before_projection": 3.4304553719820825e-20, "export_number": 7.07504989907761e-17, "projection_energy_L1": 1.5132391635614765e-15, "projection_energy_relative": 1.7537984426205073e-26, "unresolved_subtractive_scattering_relative": 0.000260319449033977, "total_collision_arithmetic": 8.04380764815553e-21, "changed_velocity_cells": 2}, {"k": 12, "scattering_number": 3.673847681907236e-07, "export_number_before_projection": 2.824821418582822e-20, "export_number": 1.2059255199783973e-16, "projection_energy_L1": 4.83779147965628e-17, "projection_energy_relative": 1.9040074306994403e-26, "unresolved_subtractive_scattering_relative": 0.0006742923383783481, "total_collision_arithmetic": 7.40823665249964e-21, "changed_velocity_cells": 3}, {"k": 13, "scattering_number": 8.233516944606836e-07, "export_number_before_projection": 2.3058916102043878e-20, "export_number": 1.1019070318450338e-16, "projection_energy_L1": 1.650871210177503e-13, "projection_energy_relative": 1.7840231381520432e-26, "unresolved_subtractive_scattering_relative": 0.0009357811124287873, "total_collision_arithmetic": 8.327303910345912e-21, "changed_velocity_cells": 3}, {"k": 14, "scattering_number": 1.0835208133638442e-06, "export_number_before_projection": 4.1647257765876234e-20, "export_number": 9.523571866964356e-17, "projection_energy_L1": 8.362370608844195e-15, "projection_energy_relative": 2.0268399959811586e-26, "unresolved_subtractive_scattering_relative": 0.00035286758981028816, "total_collision_arithmetic": 8.237291168961637e-21, "changed_velocity_cells": 2}, {"k": 15, "scattering_number": 2.271514071021017e-09, "export_number_before_projection": 2.75325219693178e-20, "export_number": 9.204642920851767e-17, "projection_energy_L1": 3.615258143299953e-17, "projection_energy_relative": 2.0998807100276044e-26, "unresolved_subtractive_scattering_relative": 0.000252544263777097, "total_collision_arithmetic": 1.0106964593813001e-20, "changed_velocity_cells": 1}, {"k": 16, "scattering_number": 1.4017554486989183e-06, "export_number_before_projection": 1.3194383036053344e-20, "export_number": 8.583613038403078e-17, "projection_energy_L1": 2.250081974094008e-12, "projection_energy_relative": 1.2138657303241864e-26, "unresolved_subtractive_scattering_relative": 0.0004144210929984996, "total_collision_arithmetic": 9.099293780533458e-21, "changed_velocity_cells": 4}], "changed_velocity_cells": 36, "seconds": 93.691600623, "new_native_state_calls": 0, "native_initialization_calls": 1, "old_velocity_diagnosis_retracted": true}
{"stage": "collision_resume", "complete": true, "seconds": 121.84771498100002}
Traceback (most recent call last):
  File "/home/lpaiu/work/native-retained-tail-runtime/verification/def_retained_native_return.py", line 337, in <module>
    execute(stage,initialized);initialized=True
  File "/home/lpaiu/work/native-retained-tail-runtime/verification/def_retained_native_return.py", line 317, in execute
    elif action.startswith('hydro_'):hydro_sources(action.endswith('pilot'))
  File "/home/lpaiu/work/native-retained-tail-runtime/verification/def_retained_native_return.py", line 217, in hydro_sources
    af,ag,dt,_=m.atmosphere(m.d['snapshot_U'][m.ids[k]],m.t[k]);df,dg,ddt=m.deep(m.d['snapshot_u'][m.ids[k]],nt,eta)
  File "/home/lpaiu/work/native-retained-tail-runtime/verification/def_native_material_response.py", line 5, in rhs
    sweep; returning its motion to photons and GR is still required.
  File "/home/lpaiu/work/native-retained-tail-runtime/verification/def_native_reactive_flow.py", line 104, in conserved
    U,F,thermo=old.previous.old.Flow.conserved(self,rho,v,lt,a)
  File "/home/lpaiu/work/native-retained-tail-runtime/verification/def_native_energy_flow.py", line 26, in conserved
    p,u,gamma,T,kap=self.eos(rho,sigma);root=np.sqrt(1-v*v);W=1/root;wm=v*v/(root*(1+root));D=rho*W
  File "/home/lpaiu/work/native-retained-tail-runtime/verification/def_retained_native_return.py", line 196, in __call__
    def __call__(self,rho,lt):return self.evaluate(rho,lt)[:5]
  File "/home/lpaiu/work/native-retained-tail-runtime/verification/def_retained_native_return.py", line 187, in evaluate
    n=low if rho[j]<self.parent.original.floor else high;s=n.state(*key);states[key]=s['raw'].copy()
  File "/home/lpaiu/work/native-retained-tail-runtime/verification/def_native_hydrogen_exchange.py", line 48, in state
    a,_,err=self.ion.constrain(self.lr+x,lt,target,fields,target_molecules=self.base['molecular_H_fractions'],tolerance=1e-12)
  File "/home/lpaiu/work/native-retained-tail-runtime/verification/def_native_inventory_flow.py", line 7, in constrain
    import signal
  File "/home/lpaiu/work/native-retained-tail-runtime/verification/def_native_ion_closure.py", line 125, in snapshot
    a=inventory.InventoryEOS.snapshot(self.gas,float(lr),float(lt),self.fan.X)
  File "/home/lpaiu/work/native-retained-tail-runtime/verification/eos_species_inventory.py", line 64, in snapshot
    a=self(2,r,t,x);lib=self.inventory_lib
  File "/home/lpaiu/work/native-retained-tail-runtime/verification/direct_eos_gr.py", line 34, in __call__
    def __call__(self,*args): return np.delete(super().__call__(*args),20)
  File "/home/lpaiu/work/native-retained-tail-runtime/verification/direct_ion_eos.py", line 269, in __call__
    self.call(mode,float(value+np.log(cx) if mode==2 else value),float(t),eps,out,ctypes.byref(info))
  File "/home/lpaiu/work/native-retained-tail-runtime/verification/def_native_ion_closure.py", line 93, in capture
    raw=np.full(24,np.nan);call(mode,value,t,eps,raw,info)
  File "/home/lpaiu/work/native-retained-tail-runtime/verification/def_retained_native_return.py", line 334, in timeout
    def timeout(*_):raise TimeoutError(stage+' wall budget')
TimeoutError: hydro_pilot wall budget
