CRD Check Version: 2.00
CRD File name: lageos1_20180416.npt.v2Y

Station: Pad ID:9999  Sys Num: 5  Occ num: 13  Name: [YARL] time scale: 3
Network: [NASA]
Target: COSPAR: 7603901    SIC:1155    NORAD:     8820    Name: [lageos1]
        time scale: 0    target class: slr target location: earth orbit
Format version: 2    Data type: npt    Data release: 0
Produced on 2018/ 4/16  6 hours
Session Starting on 2018/ 4/16  4:11:47 Ending on 2018/ 4/16  4:18:30 UTC
refraction applied: no     CofM applied: no     xcv amplitude applied: no 
Station system delay applied: yes    Satellite system delay applied: no 
Range type: 2-way    Data quality alert: good   

Predictions: Type: CPF Year: 18 Date/Time: 041604
             Provider: hts Sequence number: 10602

Error: Could not open targets.dat file
Station: Pad ID:9999  Sys Num: 5  Occ num: 13  Name: [YARL] time scale: 3
Network: [NASA]
Target: COSPAR: 7603901    SIC:1155    NORAD:     8820    Name: [lageos1]
        time scale: 0    target class: slr target location: earth orbit
Format version: 2    Data type: npt    Data release: 0
Produced on 2018/ 4/16  9 hours
Session Starting on 2018/ 4/16  7:45:54 Ending on 2018/ 4/16  7:57:53 UTC
refraction applied: no     CofM applied: no     xcv amplitude applied: no 
Station system delay applied: yes    Satellite system delay applied: no 
Range type: 2-way    Data quality alert: good   

Predictions: Type: CPF Year: 18 Date/Time: 041607
             Provider: hts Sequence number: 10602

Error: Could not open targets.dat file

Number of records -
 11 Normal Point Record: 7
 20 Meteorological Record: 7
 40 Calibration Record: 2
 41 Calibration Detail Record: 4
 50 Session Statistics Record: 2
 c0 System Configuration Records: 2
 c1 Laser Configuration Records: 2
 c2 Detector Configuration Records: 2
 c3 Timing Configuration Records: 2
 c5 Software Configuration Records: 2
 c6 Met Sensor Configuration Records: 2

Errors and Warnings -
Multi-pass file with: 2 H1 Records
Multi-pass file with: 2 H2 Records
Multi-pass file with: 2 H3 Records
Multi-pass file with: 2 H4 Records
Multi-pass file with: 2 H8 Records


