CRD Check Version: 2.00
CRD File name: lageos1_20180112.frd.v2Y

Error: out of seq: [20 81081.801 982.20 287.80 63 0
]
Station: Pad ID:9999  Sys Num: 5  Occ num: 13  Name: [YARL] time scale: 3
Network: [NASA]
Target: COSPAR: 7603901    SIC:1155    NORAD:     8820    Name: [lageos1]
        time scale: 0    target class: slr target location: earth orbit
Format version: 2    Data type: frd    Data release: 0
Produced on 2018/ 1/12  0 hours
Session Starting on 2018/ 1/11 22:31:21 Ending on 2018/ 1/11 22:33:28 UTC
refraction applied: no     CofM applied: no     xcv amplitude applied: no 
Station system delay applied: yes    Satellite system delay applied: no 
Range type: 2-way    Data quality alert: good   

Predictions: Type: CPF Year: 18 Date/Time: 011122
             Provider: hts Sequence number: 1102

Error: Could not open targets.dat file
Records not in sequence in 1 cases
Error: out of seq: [20 82373.001 982.60 288.70 60 0
]
Station: Pad ID:9999  Sys Num: 5  Occ num: 13  Name: [YARL] time scale: 3
Network: [NASA]
Target: COSPAR: 7603901    SIC:1155    NORAD:     8820    Name: [lageos1]
        time scale: 0    target class: slr target location: earth orbit
Format version: 2    Data type: frd    Data release: 0
Produced on 2018/ 1/12  0 hours
Session Starting on 2018/ 1/11 22:52:53 Ending on 2018/ 1/11 23:10:12 UTC
refraction applied: no     CofM applied: no     xcv amplitude applied: no 
Station system delay applied: yes    Satellite system delay applied: no 
Range type: 2-way    Data quality alert: good   

Predictions: Type: CPF Year: 18 Date/Time: 011122
             Provider: hts Sequence number: 1102

Error: Could not open targets.dat file
Records not in sequence in 1 cases
Error: out of seq: [20 7674.201 982.40 297.00 29 0
]
Station: Pad ID:9999  Sys Num: 5  Occ num: 13  Name: [YARL] time scale: 3
Network: [NASA]
Target: COSPAR: 7603901    SIC:1155    NORAD:     8820    Name: [lageos1]
        time scale: 0    target class: slr target location: earth orbit
Format version: 2    Data type: frd    Data release: 0
Produced on 2018/ 1/12  4 hours
Session Starting on 2018/ 1/12  2: 7:54 Ending on 2018/ 1/12  2:30: 9 UTC
refraction applied: no     CofM applied: no     xcv amplitude applied: no 
Station system delay applied: yes    Satellite system delay applied: no 
Range type: 2-way    Data quality alert: good   

Predictions: Type: CPF Year: 18 Date/Time: 011202
             Provider: hts Sequence number: 1202

Error: Could not open targets.dat file
Records not in sequence in 1 cases
Error: out of seq: [20 31090.601 977.20 305.30 13 0
]
Station: Pad ID:9999  Sys Num: 5  Occ num: 13  Name: [YARL] time scale: 3
Network: [NASA]
Target: COSPAR: 7603901    SIC:1155    NORAD:     8820    Name: [lageos1]
        time scale: 0    target class: slr target location: earth orbit
Format version: 2    Data type: frd    Data release: 0
Produced on 2018/ 1/12 11 hours
Session Starting on 2018/ 1/12  8:38:10 Ending on 2018/ 1/12  8:39:29 UTC
refraction applied: no     CofM applied: no     xcv amplitude applied: no 
Station system delay applied: yes    Satellite system delay applied: no 
Range type: 2-way    Data quality alert: good   

Predictions: Type: CPF Year: 18 Date/Time: 011208
             Provider: hts Sequence number: 1202

Error: Could not open targets.dat file
Records not in sequence in 1 cases
Error: out of seq: [20 31532.401 977.20 305.40 12 0
]
Station: Pad ID:9999  Sys Num: 5  Occ num: 13  Name: [YARL] time scale: 3
Network: [NASA]
Target: COSPAR: 7603901    SIC:1155    NORAD:     8820    Name: [lageos1]
        time scale: 0    target class: slr target location: earth orbit
Format version: 2    Data type: frd    Data release: 0
Produced on 2018/ 1/12 11 hours
Session Starting on 2018/ 1/12  8:45:32 Ending on 2018/ 1/12  8:57:25 UTC
refraction applied: no     CofM applied: no     xcv amplitude applied: no 
Station system delay applied: yes    Satellite system delay applied: no 
Range type: 2-way    Data quality alert: good   

Predictions: Type: CPF Year: 18 Date/Time: 011208
             Provider: hts Sequence number: 1202

Error: Could not open targets.dat file
Records not in sequence in 1 cases
Error: out of seq: [20 44711.201 978.90 299.80 15 0
]
Station: Pad ID:9999  Sys Num: 5  Occ num: 13  Name: [YARL] time scale: 3
Network: [NASA]
Target: COSPAR: 7603901    SIC:1155    NORAD:     8820    Name: [lageos1]
        time scale: 0    target class: slr target location: earth orbit
Format version: 2    Data type: frd    Data release: 0
Produced on 2018/ 1/12 13 hours
Session Starting on 2018/ 1/12 12:25:11 Ending on 2018/ 1/12 12:32: 2 UTC
refraction applied: no     CofM applied: no     xcv amplitude applied: no 
Station system delay applied: yes    Satellite system delay applied: no 
Range type: 2-way    Data quality alert: good   

Predictions: Type: CPF Year: 18 Date/Time: 011212
             Provider: hts Sequence number: 1202

Error: Could not open targets.dat file
Records not in sequence in 1 cases

Number of records -
 10 Range Record: 882
 20 Meteorological Record: 888
 40 Calibration Record: 6
 41 Calibration Detail Record: 12
 50 Session Statistics Record: 6
 c0 System Configuration Records: 6
 c1 Laser Configuration Records: 6
 c2 Detector Configuration Records: 6
 c3 Timing Configuration Records: 6
 c5 Software Configuration Records: 6
 c6 Met Sensor Configuration Records: 6

Errors and Warnings -
Multi-pass file with: 6 H1 Records
Multi-pass file with: 6 H2 Records
Multi-pass file with: 6 H3 Records
Multi-pass file with: 6 H4 Records
Multi-pass file with: 6 H8 Records
Records not in sequence in 6 passes


