CRD Check Version: 2.00
CRD File name: lageos1_201801.npt.v2C

Station: Pad ID:9998  Sys Num:19  Occ num: 1  Name: [CHAL] time scale: 4
Network: [WPLTN]
Target: COSPAR: 7603901    SIC:1155    NORAD:     8820    Name: [lageos1]
        time scale: 0    target class: slr target location: earth orbit
Format version: 2    Data type: npt    Data release: 0
Produced on 2018/ 1/ 1 22 hours
Session Starting on 2018/ 1/ 1 12:18:47 Ending on 2018/ 1/ 1 12:27:50 UTC
refraction applied: no     CofM applied: no     xcv amplitude applied: no 
Station system delay applied: yes    Satellite system delay applied: no 
Range type: 2-way    Data quality alert: good   

Predictions: Type: CPF Year: 18 Date/Time: 010112
             Provider: hts Sequence number: 102

Error: Could not open targets.dat file
Station: Pad ID:9998  Sys Num:19  Occ num: 1  Name: [CHAL] time scale: 4
Network: [WPLTN]
Target: COSPAR: 7603901    SIC:1155    NORAD:     8820    Name: [lageos1]
        time scale: 0    target class: slr target location: earth orbit
Format version: 2    Data type: npt    Data release: 0
Produced on 2018/ 1/ 1 22 hours
Session Starting on 2018/ 1/ 1 15:57:31 Ending on 2018/ 1/ 1 16: 6: 4 UTC
refraction applied: no     CofM applied: no     xcv amplitude applied: no 
Station system delay applied: yes    Satellite system delay applied: no 
Range type: 2-way    Data quality alert: good   

Predictions: Type: CPF Year: 18 Date/Time: 010115
             Provider: hts Sequence number: 102

Error: Could not open targets.dat file
Station: Pad ID:9998  Sys Num:19  Occ num: 1  Name: [CHAL] time scale: 4
Network: [WPLTN]
Target: COSPAR: 7603901    SIC:1155    NORAD:     8820    Name: [lageos1]
        time scale: 0    target class: slr target location: earth orbit
Format version: 2    Data type: npt    Data release: 0
Produced on 2018/ 1/ 1 22 hours
Session Starting on 2018/ 1/ 1 19: 3:54 Ending on 2018/ 1/ 1 19:40:46 UTC
refraction applied: no     CofM applied: no     xcv amplitude applied: no 
Station system delay applied: yes    Satellite system delay applied: no 
Range type: 2-way    Data quality alert: good   

Predictions: Type: CPF Year: 18 Date/Time: 010119
             Provider: hts Sequence number: 102

Error: Could not open targets.dat file
Station: Pad ID:9998  Sys Num:19  Occ num: 1  Name: [CHAL] time scale: 4
Network: [WPLTN]
Target: COSPAR: 7603901    SIC:1155    NORAD:     8820    Name: [lageos1]
        time scale: 0    target class: slr target location: earth orbit
Format version: 2    Data type: npt    Data release: 0
Produced on 2018/ 1/ 3 20 hours
Session Starting on 2018/ 1/ 3  9:46:10 Ending on 2018/ 1/ 3 10: 6:19 UTC
refraction applied: no     CofM applied: no     xcv amplitude applied: no 
Station system delay applied: yes    Satellite system delay applied: no 
Range type: 2-way    Data quality alert: good   

Predictions: Type: CPF Year: 18 Date/Time: 010309
             Provider: hts Sequence number: 302

Error: Could not open targets.dat file
Station: Pad ID:9998  Sys Num:19  Occ num: 1  Name: [CHAL] time scale: 4
Network: [WPLTN]
Target: COSPAR: 7603901    SIC:1155    NORAD:     8820    Name: [lageos1]
        time scale: 0    target class: slr target location: earth orbit
Format version: 2    Data type: npt    Data release: 0
Produced on 2018/ 1/ 3 20 hours
Session Starting on 2018/ 1/ 3 13:14:36 Ending on 2018/ 1/ 3 13:38: 4 UTC
refraction applied: no     CofM applied: no     xcv amplitude applied: no 
Station system delay applied: yes    Satellite system delay applied: no 
Range type: 2-way    Data quality alert: good   

Predictions: Type: CPF Year: 18 Date/Time: 010313
             Provider: hts Sequence number: 302

Error: Could not open targets.dat file
Station: Pad ID:9998  Sys Num:19  Occ num: 1  Name: [CHAL] time scale: 4
Network: [WPLTN]
Target: COSPAR: 7603901    SIC:1155    NORAD:     8820    Name: [lageos1]
        time scale: 0    target class: slr target location: earth orbit
Format version: 2    Data type: npt    Data release: 0
Produced on 2018/ 1/ 3 20 hours
Session Starting on 2018/ 1/ 3 16:53: 8 Ending on 2018/ 1/ 3 16:55: 2 UTC
refraction applied: no     CofM applied: no     xcv amplitude applied: no 
Station system delay applied: yes    Satellite system delay applied: no 
Range type: 2-way    Data quality alert: good   

Predictions: Type: CPF Year: 18 Date/Time: 010316
             Provider: hts Sequence number: 302

Error: Could not open targets.dat file
Station: Pad ID:9998  Sys Num:19  Occ num: 1  Name: [CHAL] time scale: 4
Network: [WPLTN]
Target: COSPAR: 7603901    SIC:1155    NORAD:     8820    Name: [lageos1]
        time scale: 0    target class: slr target location: earth orbit
Format version: 2    Data type: npt    Data release: 0
Produced on 2018/ 1/ 3 21 hours
Session Starting on 2018/ 1/ 3 19:56: 5 Ending on 2018/ 1/ 3 20:35: 0 UTC
refraction applied: no     CofM applied: no     xcv amplitude applied: no 
Station system delay applied: yes    Satellite system delay applied: no 
Range type: 2-way    Data quality alert: good   

Predictions: Type: CPF Year: 18 Date/Time: 010319
             Provider: hts Sequence number: 302

Error: Could not open targets.dat file
Station: Pad ID:9998  Sys Num:19  Occ num: 1  Name: [CHAL] time scale: 4
Network: [WPLTN]
Target: COSPAR: 7603901    SIC:1155    NORAD:     8820    Name: [lageos1]
        time scale: 0    target class: slr target location: earth orbit
Format version: 2    Data type: npt    Data release: 0
Produced on 2018/ 1/ 4 14 hours
Session Starting on 2018/ 1/ 4 11:46:58 Ending on 2018/ 1/ 4 12:23:41 UTC
refraction applied: no     CofM applied: no     xcv amplitude applied: no 
Station system delay applied: yes    Satellite system delay applied: no 
Range type: 2-way    Data quality alert: good   

Predictions: Type: CPF Year: 18 Date/Time: 010411
             Provider: hts Sequence number: 402

Error: Could not open targets.dat file
Station: Pad ID:9998  Sys Num:19  Occ num: 1  Name: [CHAL] time scale: 4
Network: [WPLTN]
Target: COSPAR: 7603901    SIC:1155    NORAD:     8820    Name: [lageos1]
        time scale: 0    target class: slr target location: earth orbit
Format version: 2    Data type: npt    Data release: 0
Produced on 2018/ 1/ 4 21 hours
Session Starting on 2018/ 1/ 4 15:17: 2 Ending on 2018/ 1/ 4 15:32:57 UTC
refraction applied: no     CofM applied: no     xcv amplitude applied: no 
Station system delay applied: yes    Satellite system delay applied: no 
Range type: 2-way    Data quality alert: good   

Predictions: Type: CPF Year: 18 Date/Time: 010415
             Provider: hts Sequence number: 402

Error: Could not open targets.dat file
Station: Pad ID:9998  Sys Num:19  Occ num: 1  Name: [CHAL] time scale: 4
Network: [WPLTN]
Target: COSPAR: 7603901    SIC:1155    NORAD:     8820    Name: [lageos1]
        time scale: 0    target class: slr target location: earth orbit
Format version: 2    Data type: npt    Data release: 0
Produced on 2018/ 1/ 4 21 hours
Session Starting on 2018/ 1/ 4 18:39:32 Ending on 2018/ 1/ 4 19: 8:38 UTC
refraction applied: no     CofM applied: no     xcv amplitude applied: no 
Station system delay applied: yes    Satellite system delay applied: no 
Range type: 2-way    Data quality alert: good   

Predictions: Type: CPF Year: 18 Date/Time: 010418
             Provider: hts Sequence number: 402

Error: Could not open targets.dat file
Station: Pad ID:9998  Sys Num:19  Occ num: 1  Name: [CHAL] time scale: 4
Network: [WPLTN]
Target: COSPAR: 7603901    SIC:1155    NORAD:     8820    Name: [lageos1]
        time scale: 0    target class: slr target location: earth orbit
Format version: 2    Data type: npt    Data release: 0
Produced on 2018/ 1/ 4 22 hours
Session Starting on 2018/ 1/ 4 22: 1:29 Ending on 2018/ 1/ 4 22:19: 9 UTC
refraction applied: no     CofM applied: no     xcv amplitude applied: no 
Station system delay applied: yes    Satellite system delay applied: no 
Range type: 2-way    Data quality alert: good   

Predictions: Type: CPF Year: 18 Date/Time: 010422
             Provider: hts Sequence number: 402

Error: Could not open targets.dat file
Station: Pad ID:9998  Sys Num:19  Occ num: 1  Name: [CHAL] time scale: 4
Network: [WPLTN]
Target: COSPAR: 7603901    SIC:1155    NORAD:     8820    Name: [lageos1]
        time scale: 0    target class: slr target location: earth orbit
Format version: 2    Data type: npt    Data release: 0
Produced on 2018/ 1/ 5 15 hours
Session Starting on 2018/ 1/ 5 10:31:33 Ending on 2018/ 1/ 5 10:58:57 UTC
refraction applied: no     CofM applied: no     xcv amplitude applied: no 
Station system delay applied: yes    Satellite system delay applied: no 
Range type: 2-way    Data quality alert: good   

Predictions: Type: CPF Year: 18 Date/Time: 010510
             Provider: hts Sequence number: 502

Error: Could not open targets.dat file
Station: Pad ID:9998  Sys Num:19  Occ num: 1  Name: [CHAL] time scale: 4
Network: [WPLTN]
Target: COSPAR: 7603901    SIC:1155    NORAD:     8820    Name: [lageos1]
        time scale: 0    target class: slr target location: earth orbit
Format version: 2    Data type: npt    Data release: 0
Produced on 2018/ 1/ 5 15 hours
Session Starting on 2018/ 1/ 5 13:57:41 Ending on 2018/ 1/ 5 13:58:38 UTC
refraction applied: no     CofM applied: no     xcv amplitude applied: no 
Station system delay applied: yes    Satellite system delay applied: no 
Range type: 2-way    Data quality alert: good   

Predictions: Type: CPF Year: 18 Date/Time: 010513
             Provider: hts Sequence number: 502

Error: Could not open targets.dat file
Station: Pad ID:9998  Sys Num:19  Occ num: 1  Name: [CHAL] time scale: 4
Network: [WPLTN]
Target: COSPAR: 7603901    SIC:1155    NORAD:     8820    Name: [lageos1]
        time scale: 0    target class: slr target location: earth orbit
Format version: 2    Data type: npt    Data release: 0
Produced on 2018/ 1/ 6  0 hours
Session Starting on 2018/ 1/ 5 17:17:16 Ending on 2018/ 1/ 5 17:46: 3 UTC
refraction applied: no     CofM applied: no     xcv amplitude applied: no 
Station system delay applied: yes    Satellite system delay applied: no 
Range type: 2-way    Data quality alert: good   

Predictions: Type: CPF Year: 18 Date/Time: 010517
             Provider: hts Sequence number: 502

Error: Could not open targets.dat file
Station: Pad ID:9998  Sys Num:19  Occ num: 1  Name: [CHAL] time scale: 4
Network: [WPLTN]
Target: COSPAR: 7603901    SIC:1155    NORAD:     8820    Name: [lageos1]
        time scale: 0    target class: slr target location: earth orbit
Format version: 2    Data type: npt    Data release: 0
Produced on 2018/ 1/ 6  0 hours
Session Starting on 2018/ 1/ 5 21: 3:50 Ending on 2018/ 1/ 5 21: 9:39 UTC
refraction applied: no     CofM applied: no     xcv amplitude applied: no 
Station system delay applied: yes    Satellite system delay applied: no 
Range type: 2-way    Data quality alert: good   

Predictions: Type: CPF Year: 18 Date/Time: 010521
             Provider: hts Sequence number: 502

Error: Could not open targets.dat file
Station: Pad ID:9998  Sys Num:19  Occ num: 1  Name: [CHAL] time scale: 4
Network: [WPLTN]
Target: COSPAR: 7603901    SIC:1155    NORAD:     8820    Name: [lageos1]
        time scale: 0    target class: slr target location: earth orbit
Format version: 2    Data type: npt    Data release: 0
Produced on 2018/ 1/ 6 22 hours
Session Starting on 2018/ 1/ 6 12:47:31 Ending on 2018/ 1/ 6 12:51:47 UTC
refraction applied: no     CofM applied: no     xcv amplitude applied: no 
Station system delay applied: yes    Satellite system delay applied: no 
Range type: 2-way    Data quality alert: good   

Predictions: Type: CPF Year: 18 Date/Time: 010612
             Provider: hts Sequence number: 602

Error: Could not open targets.dat file
Station: Pad ID:9998  Sys Num:19  Occ num: 1  Name: [CHAL] time scale: 4
Network: [WPLTN]
Target: COSPAR: 7603901    SIC:1155    NORAD:     8820    Name: [lageos1]
        time scale: 0    target class: slr target location: earth orbit
Format version: 2    Data type: npt    Data release: 0
Produced on 2018/ 1/ 6 22 hours
Session Starting on 2018/ 1/ 6 16:10:38 Ending on 2018/ 1/ 6 16:15: 2 UTC
refraction applied: no     CofM applied: no     xcv amplitude applied: no 
Station system delay applied: yes    Satellite system delay applied: no 
Range type: 2-way    Data quality alert: good   

Predictions: Type: CPF Year: 18 Date/Time: 010616
             Provider: hts Sequence number: 602

Error: Could not open targets.dat file
Station: Pad ID:9998  Sys Num:19  Occ num: 1  Name: [CHAL] time scale: 4
Network: [WPLTN]
Target: COSPAR: 7603901    SIC:1155    NORAD:     8820    Name: [lageos1]
        time scale: 0    target class: slr target location: earth orbit
Format version: 2    Data type: npt    Data release: 0
Produced on 2018/ 1/10 16 hours
Session Starting on 2018/ 1/10 10:41: 9 Ending on 2018/ 1/10 11: 8: 0 UTC
refraction applied: no     CofM applied: no     xcv amplitude applied: no 
Station system delay applied: yes    Satellite system delay applied: no 
Range type: 2-way    Data quality alert: good   

Predictions: Type: CPF Year: 18 Date/Time: 011010
             Provider: hts Sequence number: 1002

Error: Could not open targets.dat file
Station: Pad ID:9998  Sys Num:19  Occ num: 1  Name: [CHAL] time scale: 4
Network: [WPLTN]
Target: COSPAR: 7603901    SIC:1155    NORAD:     8820    Name: [lageos1]
        time scale: 0    target class: slr target location: earth orbit
Format version: 2    Data type: npt    Data release: 0
Produced on 2018/ 1/10 16 hours
Session Starting on 2018/ 1/10 14:23:43 Ending on 2018/ 1/10 14:35:25 UTC
refraction applied: no     CofM applied: no     xcv amplitude applied: no 
Station system delay applied: yes    Satellite system delay applied: no 
Range type: 2-way    Data quality alert: good   

Predictions: Type: CPF Year: 18 Date/Time: 011014
             Provider: hts Sequence number: 1002

Error: Could not open targets.dat file
Station: Pad ID:9998  Sys Num:19  Occ num: 1  Name: [CHAL] time scale: 4
Network: [WPLTN]
Target: COSPAR: 7603901    SIC:1155    NORAD:     8820    Name: [lageos1]
        time scale: 0    target class: slr target location: earth orbit
Format version: 2    Data type: npt    Data release: 0
Produced on 2018/ 1/10 22 hours
Session Starting on 2018/ 1/10 17:35:34 Ending on 2018/ 1/10 17:59: 5 UTC
refraction applied: no     CofM applied: no     xcv amplitude applied: no 
Station system delay applied: yes    Satellite system delay applied: no 
Range type: 2-way    Data quality alert: good   

Predictions: Type: CPF Year: 18 Date/Time: 011017
             Provider: hts Sequence number: 1002

Error: Could not open targets.dat file
Station: Pad ID:9998  Sys Num:19  Occ num: 1  Name: [CHAL] time scale: 4
Network: [WPLTN]
Target: COSPAR: 7603901    SIC:1155    NORAD:     8820    Name: [lageos1]
        time scale: 0    target class: slr target location: earth orbit
Format version: 2    Data type: npt    Data release: 0
Produced on 2018/ 1/10 22 hours
Session Starting on 2018/ 1/10 21: 4:46 Ending on 2018/ 1/10 21:25:52 UTC
refraction applied: no     CofM applied: no     xcv amplitude applied: no 
Station system delay applied: yes    Satellite system delay applied: no 
Range type: 2-way    Data quality alert: good   

Predictions: Type: CPF Year: 18 Date/Time: 011021
             Provider: hts Sequence number: 1002

Error: Could not open targets.dat file
Station: Pad ID:9998  Sys Num:19  Occ num: 1  Name: [CHAL] time scale: 4
Network: [WPLTN]
Target: COSPAR: 7603901    SIC:1155    NORAD:     8820    Name: [lageos1]
        time scale: 0    target class: slr target location: earth orbit
Format version: 2    Data type: npt    Data release: 0
Produced on 2018/ 1/11 12 hours
Session Starting on 2018/ 1/11  9:17:50 Ending on 2018/ 1/11  9:53:33 UTC
refraction applied: no     CofM applied: no     xcv amplitude applied: no 
Station system delay applied: yes    Satellite system delay applied: no 
Range type: 2-way    Data quality alert: good   

Predictions: Type: CPF Year: 18 Date/Time: 011109
             Provider: hts Sequence number: 1102

Error: Could not open targets.dat file
Station: Pad ID:9998  Sys Num:19  Occ num: 1  Name: [CHAL] time scale: 4
Network: [WPLTN]
Target: COSPAR: 7603901    SIC:1155    NORAD:     8820    Name: [lageos1]
        time scale: 0    target class: slr target location: earth orbit
Format version: 2    Data type: npt    Data release: 0
Produced on 2018/ 1/11 22 hours
Session Starting on 2018/ 1/11 12:48:47 Ending on 2018/ 1/11 13:19: 3 UTC
refraction applied: no     CofM applied: no     xcv amplitude applied: no 
Station system delay applied: yes    Satellite system delay applied: no 
Range type: 2-way    Data quality alert: good   

Predictions: Type: CPF Year: 18 Date/Time: 011112
             Provider: hts Sequence number: 1102

Error: Could not open targets.dat file
Station: Pad ID:9998  Sys Num:19  Occ num: 1  Name: [CHAL] time scale: 4
Network: [WPLTN]
Target: COSPAR: 7603901    SIC:1155    NORAD:     8820    Name: [lageos1]
        time scale: 0    target class: slr target location: earth orbit
Format version: 2    Data type: npt    Data release: 0
Produced on 2018/ 1/11 22 hours
Session Starting on 2018/ 1/11 16:20:46 Ending on 2018/ 1/11 16:38:42 UTC
refraction applied: no     CofM applied: no     xcv amplitude applied: no 
Station system delay applied: yes    Satellite system delay applied: no 
Range type: 2-way    Data quality alert: good   

Predictions: Type: CPF Year: 18 Date/Time: 011116
             Provider: hts Sequence number: 1102

Error: Could not open targets.dat file
Station: Pad ID:9998  Sys Num:19  Occ num: 1  Name: [CHAL] time scale: 4
Network: [WPLTN]
Target: COSPAR: 7603901    SIC:1155    NORAD:     8820    Name: [lageos1]
        time scale: 0    target class: slr target location: earth orbit
Format version: 2    Data type: npt    Data release: 0
Produced on 2018/ 1/11 22 hours
Session Starting on 2018/ 1/11 19:33:48 Ending on 2018/ 1/11 19:49:22 UTC
refraction applied: no     CofM applied: no     xcv amplitude applied: no 
Station system delay applied: yes    Satellite system delay applied: no 
Range type: 2-way    Data quality alert: good   

Predictions: Type: CPF Year: 18 Date/Time: 011119
             Provider: hts Sequence number: 1102

Error: Could not open targets.dat file
Station: Pad ID:9998  Sys Num:19  Occ num: 1  Name: [CHAL] time scale: 4
Network: [WPLTN]
Target: COSPAR: 7603901    SIC:1155    NORAD:     8820    Name: [lageos1]
        time scale: 0    target class: slr target location: earth orbit
Format version: 2    Data type: npt    Data release: 0
Produced on 2018/ 1/12 12 hours
Session Starting on 2018/ 1/12 11:30:29 Ending on 2018/ 1/12 11:49:31 UTC
refraction applied: no     CofM applied: no     xcv amplitude applied: no 
Station system delay applied: yes    Satellite system delay applied: no 
Range type: 2-way    Data quality alert: good   

Predictions: Type: CPF Year: 18 Date/Time: 011211
             Provider: hts Sequence number: 1202

Error: Could not open targets.dat file
Station: Pad ID:9998  Sys Num:19  Occ num: 1  Name: [CHAL] time scale: 4
Network: [WPLTN]
Target: COSPAR: 7603901    SIC:1155    NORAD:     8820    Name: [lageos1]
        time scale: 0    target class: slr target location: earth orbit
Format version: 2    Data type: npt    Data release: 0
Produced on 2018/ 1/12 16 hours
Session Starting on 2018/ 1/12 15: 6:11 Ending on 2018/ 1/12 15:24:40 UTC
refraction applied: no     CofM applied: no     xcv amplitude applied: no 
Station system delay applied: yes    Satellite system delay applied: no 
Range type: 2-way    Data quality alert: good   

Predictions: Type: CPF Year: 18 Date/Time: 011215
             Provider: hts Sequence number: 1202

Error: Could not open targets.dat file
Station: Pad ID:9998  Sys Num:19  Occ num: 1  Name: [CHAL] time scale: 4
Network: [WPLTN]
Target: COSPAR: 7603901    SIC:1155    NORAD:     8820    Name: [lageos1]
        time scale: 0    target class: slr target location: earth orbit
Format version: 2    Data type: npt    Data release: 0
Produced on 2018/ 1/12 22 hours
Session Starting on 2018/ 1/12 18:25:51 Ending on 2018/ 1/12 18:41:47 UTC
refraction applied: no     CofM applied: no     xcv amplitude applied: no 
Station system delay applied: yes    Satellite system delay applied: no 
Range type: 2-way    Data quality alert: good   

Predictions: Type: CPF Year: 18 Date/Time: 011218
             Provider: hts Sequence number: 1202

Error: Could not open targets.dat file
Station: Pad ID:9998  Sys Num:19  Occ num: 1  Name: [CHAL] time scale: 4
Network: [WPLTN]
Target: COSPAR: 7603901    SIC:1155    NORAD:     8820    Name: [lageos1]
        time scale: 0    target class: slr target location: earth orbit
Format version: 2    Data type: npt    Data release: 0
Produced on 2018/ 1/12 22 hours
Session Starting on 2018/ 1/12 21:49:28 Ending on 2018/ 1/12 22:19:10 UTC
refraction applied: no     CofM applied: no     xcv amplitude applied: no 
Station system delay applied: yes    Satellite system delay applied: no 
Range type: 2-way    Data quality alert: good   

Predictions: Type: CPF Year: 18 Date/Time: 011221
             Provider: hts Sequence number: 1202

Error: Could not open targets.dat file
Station: Pad ID:9998  Sys Num:19  Occ num: 1  Name: [CHAL] time scale: 4
Network: [WPLTN]
Target: COSPAR: 7603901    SIC:1155    NORAD:     8820    Name: [lageos1]
        time scale: 0    target class: slr target location: earth orbit
Format version: 2    Data type: npt    Data release: 0
Produced on 2018/ 1/14  1 hours
Session Starting on 2018/ 1/13 10: 4:17 Ending on 2018/ 1/13 10:35:19 UTC
refraction applied: no     CofM applied: no     xcv amplitude applied: no 
Station system delay applied: yes    Satellite system delay applied: no 
Range type: 2-way    Data quality alert: good   

Predictions: Type: CPF Year: 18 Date/Time: 011310
             Provider: hts Sequence number: 1302

Error: Could not open targets.dat file
Station: Pad ID:9998  Sys Num:19  Occ num: 1  Name: [CHAL] time scale: 4
Network: [WPLTN]
Target: COSPAR: 7603901    SIC:1155    NORAD:     8820    Name: [lageos1]
        time scale: 0    target class: slr target location: earth orbit
Format version: 2    Data type: npt    Data release: 0
Produced on 2018/ 1/14  1 hours
Session Starting on 2018/ 1/13 13:40: 2 Ending on 2018/ 1/13 14: 7:20 UTC
refraction applied: no     CofM applied: no     xcv amplitude applied: no 
Station system delay applied: yes    Satellite system delay applied: no 
Range type: 2-way    Data quality alert: good   

Predictions: Type: CPF Year: 18 Date/Time: 011313
             Provider: hts Sequence number: 1302

Error: Could not open targets.dat file
Station: Pad ID:9998  Sys Num:19  Occ num: 1  Name: [CHAL] time scale: 4
Network: [WPLTN]
Target: COSPAR: 7603901    SIC:1155    NORAD:     8820    Name: [lageos1]
        time scale: 0    target class: slr target location: earth orbit
Format version: 2    Data type: npt    Data release: 0
Produced on 2018/ 1/14  1 hours
Session Starting on 2018/ 1/13 16:59:59 Ending on 2018/ 1/13 17:24:16 UTC
refraction applied: no     CofM applied: no     xcv amplitude applied: no 
Station system delay applied: yes    Satellite system delay applied: no 
Range type: 2-way    Data quality alert: good   

Predictions: Type: CPF Year: 18 Date/Time: 011316
             Provider: hts Sequence number: 1302

Error: Could not open targets.dat file
Station: Pad ID:9998  Sys Num:19  Occ num: 1  Name: [CHAL] time scale: 4
Network: [WPLTN]
Target: COSPAR: 7603901    SIC:1155    NORAD:     8820    Name: [lageos1]
        time scale: 0    target class: slr target location: earth orbit
Format version: 2    Data type: npt    Data release: 0
Produced on 2018/ 1/14 21 hours
Session Starting on 2018/ 1/14 16: 3:16 Ending on 2018/ 1/14 16:11:14 UTC
refraction applied: no     CofM applied: no     xcv amplitude applied: no 
Station system delay applied: yes    Satellite system delay applied: no 
Range type: 2-way    Data quality alert: good   

Predictions: Type: CPF Year: 18 Date/Time: 011416
             Provider: hts Sequence number: 1402

Error: Could not open targets.dat file
Station: Pad ID:9998  Sys Num:19  Occ num: 1  Name: [CHAL] time scale: 4
Network: [WPLTN]
Target: COSPAR: 7603901    SIC:1155    NORAD:     8820    Name: [lageos1]
        time scale: 0    target class: slr target location: earth orbit
Format version: 2    Data type: npt    Data release: 0
Produced on 2018/ 1/14 21 hours
Session Starting on 2018/ 1/14 19: 4:21 Ending on 2018/ 1/14 19:39:37 UTC
refraction applied: no     CofM applied: no     xcv amplitude applied: no 
Station system delay applied: yes    Satellite system delay applied: no 
Range type: 2-way    Data quality alert: good   

Predictions: Type: CPF Year: 18 Date/Time: 011419
             Provider: hts Sequence number: 1402

Error: Could not open targets.dat file
Station: Pad ID:9998  Sys Num:19  Occ num: 1  Name: [CHAL] time scale: 4
Network: [WPLTN]
Target: COSPAR: 7603901    SIC:1155    NORAD:     8820    Name: [lageos1]
        time scale: 0    target class: slr target location: earth orbit
Format version: 2    Data type: npt    Data release: 0
Produced on 2018/ 1/14 23 hours
Session Starting on 2018/ 1/14 22:38:56 Ending on 2018/ 1/14 23: 6:35 UTC
refraction applied: no     CofM applied: no     xcv amplitude applied: no 
Station system delay applied: yes    Satellite system delay applied: no 
Range type: 2-way    Data quality alert: good   

Predictions: Type: CPF Year: 18 Date/Time: 011422
             Provider: hts Sequence number: 1402

Error: Could not open targets.dat file
Station: Pad ID:9998  Sys Num:19  Occ num: 1  Name: [CHAL] time scale: 4
Network: [WPLTN]
Target: COSPAR: 7603901    SIC:1155    NORAD:     8820    Name: [lageos1]
        time scale: 0    target class: slr target location: earth orbit
Format version: 2    Data type: npt    Data release: 0
Produced on 2018/ 1/17 16 hours
Session Starting on 2018/ 1/17 11:44:40 Ending on 2018/ 1/17 12:13: 9 UTC
refraction applied: no     CofM applied: no     xcv amplitude applied: no 
Station system delay applied: yes    Satellite system delay applied: no 
Range type: 2-way    Data quality alert: good   

Predictions: Type: CPF Year: 18 Date/Time: 011711
             Provider: hts Sequence number: 1702

Error: Could not open targets.dat file
Station: Pad ID:9998  Sys Num:19  Occ num: 1  Name: [CHAL] time scale: 4
Network: [WPLTN]
Target: COSPAR: 7603901    SIC:1155    NORAD:     8820    Name: [lageos1]
        time scale: 0    target class: slr target location: earth orbit
Format version: 2    Data type: npt    Data release: 0
Produced on 2018/ 1/17 22 hours
Session Starting on 2018/ 1/17 15:17:32 Ending on 2018/ 1/17 15:24:40 UTC
refraction applied: no     CofM applied: no     xcv amplitude applied: no 
Station system delay applied: yes    Satellite system delay applied: no 
Range type: 2-way    Data quality alert: good   

Predictions: Type: CPF Year: 18 Date/Time: 011715
             Provider: hts Sequence number: 1702

Error: Could not open targets.dat file
Station: Pad ID:9998  Sys Num:19  Occ num: 1  Name: [CHAL] time scale: 4
Network: [WPLTN]
Target: COSPAR: 7603901    SIC:1155    NORAD:     8820    Name: [lageos1]
        time scale: 0    target class: slr target location: earth orbit
Format version: 2    Data type: npt    Data release: 0
Produced on 2018/ 1/17 22 hours
Session Starting on 2018/ 1/17 22:12:24 Ending on 2018/ 1/17 22:19:28 UTC
refraction applied: no     CofM applied: no     xcv amplitude applied: no 
Station system delay applied: yes    Satellite system delay applied: no 
Range type: 2-way    Data quality alert: good   

Predictions: Type: CPF Year: 18 Date/Time: 011722
             Provider: hts Sequence number: 1702

Error: Could not open targets.dat file
Station: Pad ID:9998  Sys Num:19  Occ num: 1  Name: [CHAL] time scale: 4
Network: [WPLTN]
Target: COSPAR: 7603901    SIC:1155    NORAD:     8820    Name: [lageos1]
        time scale: 0    target class: slr target location: earth orbit
Format version: 2    Data type: npt    Data release: 0
Produced on 2018/ 1/18 18 hours
Session Starting on 2018/ 1/18 10:26:10 Ending on 2018/ 1/18 10:27:15 UTC
refraction applied: no     CofM applied: no     xcv amplitude applied: no 
Station system delay applied: yes    Satellite system delay applied: no 
Range type: 2-way    Data quality alert: good   

Predictions: Type: CPF Year: 18 Date/Time: 011810
             Provider: hts Sequence number: 1802

Error: Could not open targets.dat file
Station: Pad ID:9998  Sys Num:19  Occ num: 1  Name: [CHAL] time scale: 4
Network: [WPLTN]
Target: COSPAR: 7603901    SIC:1155    NORAD:     8820    Name: [lageos1]
        time scale: 0    target class: slr target location: earth orbit
Format version: 2    Data type: npt    Data release: 0
Produced on 2018/ 1/18 18 hours
Session Starting on 2018/ 1/18 13:49:47 Ending on 2018/ 1/18 14: 0:41 UTC
refraction applied: no     CofM applied: no     xcv amplitude applied: no 
Station system delay applied: yes    Satellite system delay applied: no 
Range type: 2-way    Data quality alert: good   

Predictions: Type: CPF Year: 18 Date/Time: 011813
             Provider: hts Sequence number: 1802

Error: Could not open targets.dat file
Station: Pad ID:9998  Sys Num:19  Occ num: 1  Name: [CHAL] time scale: 4
Network: [WPLTN]
Target: COSPAR: 7603901    SIC:1155    NORAD:     8820    Name: [lageos1]
        time scale: 0    target class: slr target location: earth orbit
Format version: 2    Data type: npt    Data release: 0
Produced on 2018/ 1/18 18 hours
Session Starting on 2018/ 1/18 17:13:23 Ending on 2018/ 1/18 17:47:16 UTC
refraction applied: no     CofM applied: no     xcv amplitude applied: no 
Station system delay applied: yes    Satellite system delay applied: no 
Range type: 2-way    Data quality alert: good   

Predictions: Type: CPF Year: 18 Date/Time: 011817
             Provider: hts Sequence number: 1802

Error: Could not open targets.dat file
Station: Pad ID:9998  Sys Num:19  Occ num: 1  Name: [CHAL] time scale: 4
Network: [WPLTN]
Target: COSPAR: 7603901    SIC:1155    NORAD:     8820    Name: [lageos1]
        time scale: 0    target class: slr target location: earth orbit
Format version: 2    Data type: npt    Data release: 0
Produced on 2018/ 1/19 10 hours
Session Starting on 2018/ 1/19  8:57:11 Ending on 2018/ 1/19  9:20:17 UTC
refraction applied: no     CofM applied: no     xcv amplitude applied: no 
Station system delay applied: yes    Satellite system delay applied: no 
Range type: 2-way    Data quality alert: good   

Predictions: Type: CPF Year: 18 Date/Time: 011908
             Provider: hts Sequence number: 1902

Error: Could not open targets.dat file
Station: Pad ID:9998  Sys Num:19  Occ num: 1  Name: [CHAL] time scale: 4
Network: [WPLTN]
Target: COSPAR: 7603901    SIC:1155    NORAD:     8820    Name: [lageos1]
        time scale: 0    target class: slr target location: earth orbit
Format version: 2    Data type: npt    Data release: 0
Produced on 2018/ 1/19 15 hours
Session Starting on 2018/ 1/19 12:30:11 Ending on 2018/ 1/19 13: 0:24 UTC
refraction applied: no     CofM applied: no     xcv amplitude applied: no 
Station system delay applied: yes    Satellite system delay applied: no 
Range type: 2-way    Data quality alert: good   

Predictions: Type: CPF Year: 18 Date/Time: 011912
             Provider: hts Sequence number: 1902

Error: Could not open targets.dat file
Station: Pad ID:9998  Sys Num:19  Occ num: 1  Name: [CHAL] time scale: 4
Network: [WPLTN]
Target: COSPAR: 7603901    SIC:1155    NORAD:     8820    Name: [lageos1]
        time scale: 0    target class: slr target location: earth orbit
Format version: 2    Data type: npt    Data release: 0
Produced on 2018/ 1/19 17 hours
Session Starting on 2018/ 1/19 15:50:53 Ending on 2018/ 1/19 16:11: 8 UTC
refraction applied: no     CofM applied: no     xcv amplitude applied: no 
Station system delay applied: yes    Satellite system delay applied: no 
Range type: 2-way    Data quality alert: good   

Predictions: Type: CPF Year: 18 Date/Time: 011915
             Provider: hts Sequence number: 1902

Error: Could not open targets.dat file
Station: Pad ID:9998  Sys Num:19  Occ num: 1  Name: [CHAL] time scale: 4
Network: [WPLTN]
Target: COSPAR: 7603901    SIC:1155    NORAD:     8820    Name: [lageos1]
        time scale: 0    target class: slr target location: earth orbit
Format version: 2    Data type: npt    Data release: 0
Produced on 2018/ 1/19 20 hours
Session Starting on 2018/ 1/19 19:17:31 Ending on 2018/ 1/19 19:54:52 UTC
refraction applied: no     CofM applied: no     xcv amplitude applied: no 
Station system delay applied: yes    Satellite system delay applied: no 
Range type: 2-way    Data quality alert: good   

Predictions: Type: CPF Year: 18 Date/Time: 011919
             Provider: hts Sequence number: 1902

Error: Could not open targets.dat file
Station: Pad ID:9998  Sys Num:19  Occ num: 1  Name: [CHAL] time scale: 4
Network: [WPLTN]
Target: COSPAR: 7603901    SIC:1155    NORAD:     8820    Name: [lageos1]
        time scale: 0    target class: slr target location: earth orbit
Format version: 2    Data type: npt    Data release: 0
Produced on 2018/ 1/20 12 hours
Session Starting on 2018/ 1/20 11: 9:36 Ending on 2018/ 1/20 11:41:35 UTC
refraction applied: no     CofM applied: no     xcv amplitude applied: no 
Station system delay applied: yes    Satellite system delay applied: no 
Range type: 2-way    Data quality alert: good   

Predictions: Type: CPF Year: 18 Date/Time: 012011
             Provider: hts Sequence number: 2002

Error: Could not open targets.dat file
Station: Pad ID:9998  Sys Num:19  Occ num: 1  Name: [CHAL] time scale: 4
Network: [WPLTN]
Target: COSPAR: 7603901    SIC:1155    NORAD:     8820    Name: [lageos1]
        time scale: 0    target class: slr target location: earth orbit
Format version: 2    Data type: npt    Data release: 0
Produced on 2018/ 1/20 15 hours
Session Starting on 2018/ 1/20 14:33:29 Ending on 2018/ 1/20 15: 6:39 UTC
refraction applied: no     CofM applied: no     xcv amplitude applied: no 
Station system delay applied: yes    Satellite system delay applied: no 
Range type: 2-way    Data quality alert: good   

Predictions: Type: CPF Year: 18 Date/Time: 012014
             Provider: hts Sequence number: 2002

Error: Could not open targets.dat file
Station: Pad ID:9998  Sys Num:19  Occ num: 1  Name: [CHAL] time scale: 4
Network: [WPLTN]
Target: COSPAR: 7603901    SIC:1155    NORAD:     8820    Name: [lageos1]
        time scale: 0    target class: slr target location: earth orbit
Format version: 2    Data type: npt    Data release: 0
Produced on 2018/ 1/20 19 hours
Session Starting on 2018/ 1/20 18: 0:24 Ending on 2018/ 1/20 18:26: 4 UTC
refraction applied: no     CofM applied: no     xcv amplitude applied: no 
Station system delay applied: yes    Satellite system delay applied: no 
Range type: 2-way    Data quality alert: good   

Predictions: Type: CPF Year: 18 Date/Time: 012018
             Provider: hts Sequence number: 2002

Error: Could not open targets.dat file
Station: Pad ID:9998  Sys Num:19  Occ num: 1  Name: [CHAL] time scale: 4
Network: [WPLTN]
Target: COSPAR: 7603901    SIC:1155    NORAD:     8820    Name: [lageos1]
        time scale: 0    target class: slr target location: earth orbit
Format version: 2    Data type: npt    Data release: 0
Produced on 2018/ 1/20 23 hours
Session Starting on 2018/ 1/20 21:32:50 Ending on 2018/ 1/20 21:56:27 UTC
refraction applied: no     CofM applied: no     xcv amplitude applied: no 
Station system delay applied: yes    Satellite system delay applied: no 
Range type: 2-way    Data quality alert: good   

Predictions: Type: CPF Year: 18 Date/Time: 012021
             Provider: hts Sequence number: 2002

Error: Could not open targets.dat file
Station: Pad ID:9998  Sys Num:19  Occ num: 1  Name: [CHAL] time scale: 4
Network: [WPLTN]
Target: COSPAR: 7603901    SIC:1155    NORAD:     8820    Name: [lageos1]
        time scale: 0    target class: slr target location: earth orbit
Format version: 2    Data type: npt    Data release: 0
Produced on 2018/ 1/21 23 hours
Session Starting on 2018/ 1/21  9:51:49 Ending on 2018/ 1/21  9:56: 5 UTC
refraction applied: no     CofM applied: no     xcv amplitude applied: no 
Station system delay applied: yes    Satellite system delay applied: no 
Range type: 2-way    Data quality alert: good   

Predictions: Type: CPF Year: 18 Date/Time: 012109
             Provider: hts Sequence number: 2102

Error: Could not open targets.dat file
Station: Pad ID:9998  Sys Num:19  Occ num: 1  Name: [CHAL] time scale: 4
Network: [WPLTN]
Target: COSPAR: 7603901    SIC:1155    NORAD:     8820    Name: [lageos1]
        time scale: 0    target class: slr target location: earth orbit
Format version: 2    Data type: npt    Data release: 1
Produced on 2018/ 1/24  2 hours
Session Starting on 2018/ 1/22  8:21:32 Ending on 2018/ 1/22  8:28:20 UTC
refraction applied: no     CofM applied: no     xcv amplitude applied: no 
Station system delay applied: yes    Satellite system delay applied: no 
Range type: 2-way    Data quality alert: good   

Predictions: Type: CPF Year: 18 Date/Time: 012208
             Provider: hts Sequence number: 2202

Error: Could not open targets.dat file
Station: Pad ID:9998  Sys Num:19  Occ num: 1  Name: [CHAL] time scale: 4
Network: [WPLTN]
Target: COSPAR: 7603901    SIC:1155    NORAD:     8820    Name: [lageos1]
        time scale: 0    target class: slr target location: earth orbit
Format version: 2    Data type: npt    Data release: 1
Produced on 2018/ 1/24  2 hours
Session Starting on 2018/ 1/22 12: 6:16 Ending on 2018/ 1/22 12:26:19 UTC
refraction applied: no     CofM applied: no     xcv amplitude applied: no 
Station system delay applied: yes    Satellite system delay applied: no 
Range type: 2-way    Data quality alert: good   

Predictions: Type: CPF Year: 18 Date/Time: 012212
             Provider: hts Sequence number: 2202

Error: Could not open targets.dat file
Station: Pad ID:9998  Sys Num:19  Occ num: 1  Name: [CHAL] time scale: 4
Network: [WPLTN]
Target: COSPAR: 7603901    SIC:1155    NORAD:     8820    Name: [lageos1]
        time scale: 0    target class: slr target location: earth orbit
Format version: 2    Data type: npt    Data release: 0
Produced on 2018/ 1/24  2 hours
Session Starting on 2018/ 1/22 15:24:18 Ending on 2018/ 1/22 15:41:46 UTC
refraction applied: no     CofM applied: no     xcv amplitude applied: no 
Station system delay applied: yes    Satellite system delay applied: no 
Range type: 2-way    Data quality alert: good   

Predictions: Type: CPF Year: 18 Date/Time: 012215
             Provider: hts Sequence number: 2202

Error: Could not open targets.dat file
Station: Pad ID:9998  Sys Num:19  Occ num: 1  Name: [CHAL] time scale: 4
Network: [WPLTN]
Target: COSPAR: 7603901    SIC:1155    NORAD:     8820    Name: [lageos1]
        time scale: 0    target class: slr target location: earth orbit
Format version: 2    Data type: npt    Data release: 0
Produced on 2018/ 1/23 21 hours
Session Starting on 2018/ 1/23 10:35:20 Ending on 2018/ 1/23 11:11:11 UTC
refraction applied: no     CofM applied: no     xcv amplitude applied: no 
Station system delay applied: yes    Satellite system delay applied: no 
Range type: 2-way    Data quality alert: good   

Predictions: Type: CPF Year: 18 Date/Time: 012310
             Provider: hts Sequence number: 2302

Error: Could not open targets.dat file
Station: Pad ID:9998  Sys Num:19  Occ num: 1  Name: [CHAL] time scale: 4
Network: [WPLTN]
Target: COSPAR: 7603901    SIC:1155    NORAD:     8820    Name: [lageos1]
        time scale: 0    target class: slr target location: earth orbit
Format version: 2    Data type: npt    Data release: 0
Produced on 2018/ 1/23 21 hours
Session Starting on 2018/ 1/23 14: 4:29 Ending on 2018/ 1/23 14:17: 5 UTC
refraction applied: no     CofM applied: no     xcv amplitude applied: no 
Station system delay applied: yes    Satellite system delay applied: no 
Range type: 2-way    Data quality alert: good   

Predictions: Type: CPF Year: 18 Date/Time: 012314
             Provider: hts Sequence number: 2302

Error: Could not open targets.dat file
Station: Pad ID:9998  Sys Num:19  Occ num: 1  Name: [CHAL] time scale: 4
Network: [WPLTN]
Target: COSPAR: 7603901    SIC:1155    NORAD:     8820    Name: [lageos1]
        time scale: 0    target class: slr target location: earth orbit
Format version: 2    Data type: npt    Data release: 0
Produced on 2018/ 1/23 22 hours
Session Starting on 2018/ 1/23 20:56:57 Ending on 2018/ 1/23 21:33:22 UTC
refraction applied: no     CofM applied: no     xcv amplitude applied: no 
Station system delay applied: yes    Satellite system delay applied: no 
Range type: 2-way    Data quality alert: good   

Predictions: Type: CPF Year: 18 Date/Time: 012320
             Provider: hts Sequence number: 2302

Error: Could not open targets.dat file
Station: Pad ID:9998  Sys Num:19  Occ num: 1  Name: [CHAL] time scale: 4
Network: [WPLTN]
Target: COSPAR: 7603901    SIC:1155    NORAD:     8820    Name: [lageos1]
        time scale: 0    target class: slr target location: earth orbit
Format version: 2    Data type: npt    Data release: 0
Produced on 2018/ 1/25  0 hours
Session Starting on 2018/ 1/24  9:26: 9 Ending on 2018/ 1/24  9:49:46 UTC
refraction applied: no     CofM applied: no     xcv amplitude applied: no 
Station system delay applied: yes    Satellite system delay applied: no 
Range type: 2-way    Data quality alert: good   

Predictions: Type: CPF Year: 18 Date/Time: 012409
             Provider: hts Sequence number: 2402

Error: Could not open targets.dat file
Station: Pad ID:9998  Sys Num:19  Occ num: 1  Name: [CHAL] time scale: 4
Network: [WPLTN]
Target: COSPAR: 7603901    SIC:1155    NORAD:     8820    Name: [lageos1]
        time scale: 0    target class: slr target location: earth orbit
Format version: 2    Data type: npt    Data release: 0
Produced on 2018/ 1/25  0 hours
Session Starting on 2018/ 1/24 12:43:34 Ending on 2018/ 1/24 13:15:50 UTC
refraction applied: no     CofM applied: no     xcv amplitude applied: no 
Station system delay applied: yes    Satellite system delay applied: no 
Range type: 2-way    Data quality alert: good   

Predictions: Type: CPF Year: 18 Date/Time: 012412
             Provider: hts Sequence number: 2402

Error: Could not open targets.dat file
Station: Pad ID:9998  Sys Num:19  Occ num: 1  Name: [CHAL] time scale: 4
Network: [WPLTN]
Target: COSPAR: 7603901    SIC:1155    NORAD:     8820    Name: [lageos1]
        time scale: 0    target class: slr target location: earth orbit
Format version: 2    Data type: npt    Data release: 0
Produced on 2018/ 1/25  0 hours
Session Starting on 2018/ 1/24 16:10: 3 Ending on 2018/ 1/24 16:33:15 UTC
refraction applied: no     CofM applied: no     xcv amplitude applied: no 
Station system delay applied: yes    Satellite system delay applied: no 
Range type: 2-way    Data quality alert: good   

Predictions: Type: CPF Year: 18 Date/Time: 012416
             Provider: hts Sequence number: 2402

Error: Could not open targets.dat file
Station: Pad ID:9998  Sys Num:19  Occ num: 1  Name: [CHAL] time scale: 4
Network: [WPLTN]
Target: COSPAR: 7603901    SIC:1155    NORAD:     8820    Name: [lageos1]
        time scale: 0    target class: slr target location: earth orbit
Format version: 2    Data type: npt    Data release: 0
Produced on 2018/ 1/25  0 hours
Session Starting on 2018/ 1/24 19:25:52 Ending on 2018/ 1/24 20: 2:42 UTC
refraction applied: no     CofM applied: no     xcv amplitude applied: no 
Station system delay applied: yes    Satellite system delay applied: no 
Range type: 2-way    Data quality alert: good   

Predictions: Type: CPF Year: 18 Date/Time: 012419
             Provider: hts Sequence number: 2402

Error: Could not open targets.dat file
Station: Pad ID:9998  Sys Num:19  Occ num: 1  Name: [CHAL] time scale: 4
Network: [WPLTN]
Target: COSPAR: 7603901    SIC:1155    NORAD:     8820    Name: [lageos1]
        time scale: 0    target class: slr target location: earth orbit
Format version: 2    Data type: npt    Data release: 0
Produced on 2018/ 1/25  9 hours
Session Starting on 2018/ 1/25  8: 3:38 Ending on 2018/ 1/25  8: 9:26 UTC
refraction applied: no     CofM applied: no     xcv amplitude applied: no 
Station system delay applied: yes    Satellite system delay applied: no 
Range type: 2-way    Data quality alert: good   

Predictions: Type: CPF Year: 18 Date/Time: 012508
             Provider: hts Sequence number: 2502

Error: Could not open targets.dat file
Station: Pad ID:9998  Sys Num:19  Occ num: 1  Name: [CHAL] time scale: 4
Network: [WPLTN]
Target: COSPAR: 7603901    SIC:1155    NORAD:     8820    Name: [lageos1]
        time scale: 0    target class: slr target location: earth orbit
Format version: 2    Data type: npt    Data release: 0
Produced on 2018/ 1/25 14 hours
Session Starting on 2018/ 1/25 11:18:35 Ending on 2018/ 1/25 11:51: 3 UTC
refraction applied: no     CofM applied: no     xcv amplitude applied: no 
Station system delay applied: yes    Satellite system delay applied: no 
Range type: 2-way    Data quality alert: good   

Predictions: Type: CPF Year: 18 Date/Time: 012511
             Provider: hts Sequence number: 2502

Error: Could not open targets.dat file
Station: Pad ID:9998  Sys Num:19  Occ num: 1  Name: [CHAL] time scale: 4
Network: [WPLTN]
Target: COSPAR: 7603901    SIC:1155    NORAD:     8820    Name: [lageos1]
        time scale: 0    target class: slr target location: earth orbit
Format version: 2    Data type: npt    Data release: 0
Produced on 2018/ 1/25 17 hours
Session Starting on 2018/ 1/25 14:49:54 Ending on 2018/ 1/25 15:13: 1 UTC
refraction applied: no     CofM applied: no     xcv amplitude applied: no 
Station system delay applied: yes    Satellite system delay applied: no 
Range type: 2-way    Data quality alert: good   

Predictions: Type: CPF Year: 18 Date/Time: 012514
             Provider: hts Sequence number: 2502

Error: Could not open targets.dat file
Station: Pad ID:9998  Sys Num:19  Occ num: 1  Name: [CHAL] time scale: 4
Network: [WPLTN]
Target: COSPAR: 7603901    SIC:1155    NORAD:     8820    Name: [lageos1]
        time scale: 0    target class: slr target location: earth orbit
Format version: 2    Data type: npt    Data release: 0
Produced on 2018/ 1/25 19 hours
Session Starting on 2018/ 1/25 18:11:37 Ending on 2018/ 1/25 18:44:37 UTC
refraction applied: no     CofM applied: no     xcv amplitude applied: no 
Station system delay applied: yes    Satellite system delay applied: no 
Range type: 2-way    Data quality alert: good   

Predictions: Type: CPF Year: 18 Date/Time: 012518
             Provider: hts Sequence number: 2502

Error: Could not open targets.dat file
Station: Pad ID:9998  Sys Num:19  Occ num: 1  Name: [CHAL] time scale: 4
Network: [WPLTN]
Target: COSPAR: 7603901    SIC:1155    NORAD:     8820    Name: [lageos1]
        time scale: 0    target class: slr target location: earth orbit
Format version: 2    Data type: npt    Data release: 0
Produced on 2018/ 1/25 23 hours
Session Starting on 2018/ 1/25 21:52:38 Ending on 2018/ 1/25 21:57: 6 UTC
refraction applied: no     CofM applied: no     xcv amplitude applied: no 
Station system delay applied: yes    Satellite system delay applied: no 
Range type: 2-way    Data quality alert: good   

Predictions: Type: CPF Year: 18 Date/Time: 012521
             Provider: hts Sequence number: 2502

Error: Could not open targets.dat file
Station: Pad ID:9998  Sys Num:19  Occ num: 1  Name: [CHAL] time scale: 4
Network: [WPLTN]
Target: COSPAR: 7603901    SIC:1155    NORAD:     8820    Name: [lageos1]
        time scale: 0    target class: slr target location: earth orbit
Format version: 2    Data type: npt    Data release: 0
Produced on 2018/ 1/26 17 hours
Session Starting on 2018/ 1/26 10:14: 9 Ending on 2018/ 1/26 10:38:59 UTC
refraction applied: no     CofM applied: no     xcv amplitude applied: no 
Station system delay applied: yes    Satellite system delay applied: no 
Range type: 2-way    Data quality alert: good   

Predictions: Type: CPF Year: 18 Date/Time: 012610
             Provider: hts Sequence number: 2602

Error: Could not open targets.dat file
Station: Pad ID:9998  Sys Num:19  Occ num: 1  Name: [CHAL] time scale: 4
Network: [WPLTN]
Target: COSPAR: 7603901    SIC:1155    NORAD:     8820    Name: [lageos1]
        time scale: 0    target class: slr target location: earth orbit
Format version: 2    Data type: npt    Data release: 0
Produced on 2018/ 1/26 17 hours
Session Starting on 2018/ 1/26 13:25:16 Ending on 2018/ 1/26 14: 4:36 UTC
refraction applied: no     CofM applied: no     xcv amplitude applied: no 
Station system delay applied: yes    Satellite system delay applied: no 
Range type: 2-way    Data quality alert: good   

Predictions: Type: CPF Year: 18 Date/Time: 012613
             Provider: hts Sequence number: 2602

Error: Could not open targets.dat file
Station: Pad ID:9998  Sys Num:19  Occ num: 1  Name: [CHAL] time scale: 4
Network: [WPLTN]
Target: COSPAR: 7603901    SIC:1155    NORAD:     8820    Name: [lageos1]
        time scale: 0    target class: slr target location: earth orbit
Format version: 2    Data type: npt    Data release: 0
Produced on 2018/ 1/27 16 hours
Session Starting on 2018/ 1/27 12: 8:31 Ending on 2018/ 1/27 12:43: 6 UTC
refraction applied: no     CofM applied: no     xcv amplitude applied: no 
Station system delay applied: yes    Satellite system delay applied: no 
Range type: 2-way    Data quality alert: good   

Predictions: Type: CPF Year: 18 Date/Time: 012712
             Provider: hts Sequence number: 2702

Error: Could not open targets.dat file
Station: Pad ID:9998  Sys Num:19  Occ num: 1  Name: [CHAL] time scale: 4
Network: [WPLTN]
Target: COSPAR: 7603901    SIC:1155    NORAD:     8820    Name: [lageos1]
        time scale: 0    target class: slr target location: earth orbit
Format version: 2    Data type: npt    Data release: 0
Produced on 2018/ 1/27 18 hours
Session Starting on 2018/ 1/27 15:35:46 Ending on 2018/ 1/27 15:45:32 UTC
refraction applied: no     CofM applied: no     xcv amplitude applied: no 
Station system delay applied: yes    Satellite system delay applied: no 
Range type: 2-way    Data quality alert: good   

Predictions: Type: CPF Year: 18 Date/Time: 012715
             Provider: hts Sequence number: 2702

Error: Could not open targets.dat file
Station: Pad ID:9998  Sys Num:19  Occ num: 1  Name: [CHAL] time scale: 4
Network: [WPLTN]
Target: COSPAR: 7603901    SIC:1155    NORAD:     8820    Name: [lageos1]
        time scale: 0    target class: slr target location: earth orbit
Format version: 2    Data type: npt    Data release: 0
Produced on 2018/ 1/27 23 hours
Session Starting on 2018/ 1/27 22:38: 7 Ending on 2018/ 1/27 22:50:54 UTC
refraction applied: no     CofM applied: no     xcv amplitude applied: no 
Station system delay applied: yes    Satellite system delay applied: no 
Range type: 2-way    Data quality alert: good   

Predictions: Type: CPF Year: 18 Date/Time: 012722
             Provider: hts Sequence number: 2702

Error: Could not open targets.dat file
Station: Pad ID:9998  Sys Num:19  Occ num: 1  Name: [CHAL] time scale: 4
Network: [WPLTN]
Target: COSPAR: 7603901    SIC:1155    NORAD:     8820    Name: [lageos1]
        time scale: 0    target class: slr target location: earth orbit
Format version: 2    Data type: npt    Data release: 0
Produced on 2018/ 1/29 20 hours
Session Starting on 2018/ 1/29  9:33:36 Ending on 2018/ 1/29 10: 1:26 UTC
refraction applied: no     CofM applied: no     xcv amplitude applied: no 
Station system delay applied: yes    Satellite system delay applied: no 
Range type: 2-way    Data quality alert: good   

Predictions: Type: CPF Year: 18 Date/Time: 012909
             Provider: hts Sequence number: 2902

Error: Could not open targets.dat file
Station: Pad ID:9998  Sys Num:19  Occ num: 1  Name: [CHAL] time scale: 4
Network: [WPLTN]
Target: COSPAR: 7603901    SIC:1155    NORAD:     8820    Name: [lageos1]
        time scale: 0    target class: slr target location: earth orbit
Format version: 2    Data type: npt    Data release: 0
Produced on 2018/ 1/29 20 hours
Session Starting on 2018/ 1/29 12:52:40 Ending on 2018/ 1/29 13:11:34 UTC
refraction applied: no     CofM applied: no     xcv amplitude applied: no 
Station system delay applied: yes    Satellite system delay applied: no 
Range type: 2-way    Data quality alert: good   

Predictions: Type: CPF Year: 18 Date/Time: 012912
             Provider: hts Sequence number: 2902

Error: Could not open targets.dat file
Station: Pad ID:9998  Sys Num:19  Occ num: 1  Name: [CHAL] time scale: 4
Network: [WPLTN]
Target: COSPAR: 7603901    SIC:1155    NORAD:     8820    Name: [lageos1]
        time scale: 0    target class: slr target location: earth orbit
Format version: 2    Data type: npt    Data release: 0
Produced on 2018/ 1/29 22 hours
Session Starting on 2018/ 1/29 19:42:57 Ending on 2018/ 1/29 20:21:26 UTC
refraction applied: no     CofM applied: no     xcv amplitude applied: no 
Station system delay applied: yes    Satellite system delay applied: no 
Range type: 2-way    Data quality alert: good   

Predictions: Type: CPF Year: 18 Date/Time: 012919
             Provider: hts Sequence number: 2902

Error: Could not open targets.dat file
Station: Pad ID:9998  Sys Num:19  Occ num: 1  Name: [CHAL] time scale: 4
Network: [WPLTN]
Target: COSPAR: 7603901    SIC:1155    NORAD:     8820    Name: [lageos1]
        time scale: 0    target class: slr target location: earth orbit
Format version: 2    Data type: npt    Data release: 0
Produced on 2018/ 1/30 15 hours
Session Starting on 2018/ 1/30 11:47:37 Ending on 2018/ 1/30 12: 4:22 UTC
refraction applied: no     CofM applied: no     xcv amplitude applied: no 
Station system delay applied: yes    Satellite system delay applied: no 
Range type: 2-way    Data quality alert: good   

Predictions: Type: CPF Year: 18 Date/Time: 013011
             Provider: hts Sequence number: 3002

Error: Could not open targets.dat file
Station: Pad ID:9998  Sys Num:19  Occ num: 1  Name: [CHAL] time scale: 4
Network: [WPLTN]
Target: COSPAR: 7603901    SIC:1155    NORAD:     8820    Name: [lageos1]
        time scale: 0    target class: slr target location: earth orbit
Format version: 2    Data type: npt    Data release: 0
Produced on 2018/ 1/30 23 hours
Session Starting on 2018/ 1/30 15: 0:31 Ending on 2018/ 1/30 15:21:24 UTC
refraction applied: no     CofM applied: no     xcv amplitude applied: no 
Station system delay applied: yes    Satellite system delay applied: no 
Range type: 2-way    Data quality alert: good   

Predictions: Type: CPF Year: 18 Date/Time: 013015
             Provider: hts Sequence number: 3002

Error: Could not open targets.dat file
Station: Pad ID:9998  Sys Num:19  Occ num: 1  Name: [CHAL] time scale: 4
Network: [WPLTN]
Target: COSPAR: 7603901    SIC:1155    NORAD:     8820    Name: [lageos1]
        time scale: 0    target class: slr target location: earth orbit
Format version: 2    Data type: npt    Data release: 0
Produced on 2018/ 1/30 23 hours
Session Starting on 2018/ 1/30 18:29:59 Ending on 2018/ 1/30 18:58:28 UTC
refraction applied: no     CofM applied: no     xcv amplitude applied: no 
Station system delay applied: yes    Satellite system delay applied: no 
Range type: 2-way    Data quality alert: good   

Predictions: Type: CPF Year: 18 Date/Time: 013018
             Provider: hts Sequence number: 3002

Error: Could not open targets.dat file
Station: Pad ID:9998  Sys Num:19  Occ num: 1  Name: [CHAL] time scale: 4
Network: [WPLTN]
Target: COSPAR: 7603901    SIC:1155    NORAD:     8820    Name: [lageos1]
        time scale: 0    target class: slr target location: earth orbit
Format version: 2    Data type: npt    Data release: 0
Produced on 2018/ 1/30 23 hours
Session Starting on 2018/ 1/30 22: 3:14 Ending on 2018/ 1/30 22:27:56 UTC
refraction applied: no     CofM applied: no     xcv amplitude applied: no 
Station system delay applied: yes    Satellite system delay applied: no 
Range type: 2-way    Data quality alert: good   

Predictions: Type: CPF Year: 18 Date/Time: 013022
             Provider: hts Sequence number: 3002

Error: Could not open targets.dat file
Station: Pad ID:9998  Sys Num:19  Occ num: 1  Name: [CHAL] time scale: 4
Network: [WPLTN]
Target: COSPAR: 7603901    SIC:1155    NORAD:     8820    Name: [lageos1]
        time scale: 0    target class: slr target location: earth orbit
Format version: 2    Data type: npt    Data release: 0
Produced on 2018/ 1/31 18 hours
Session Starting on 2018/ 1/31 10: 8:51 Ending on 2018/ 1/31 10:53: 8 UTC
refraction applied: no     CofM applied: no     xcv amplitude applied: no 
Station system delay applied: yes    Satellite system delay applied: no 
Range type: 2-way    Data quality alert: good   

Predictions: Type: CPF Year: 18 Date/Time: 013110
             Provider: hts Sequence number: 3102

Error: Could not open targets.dat file
Station: Pad ID:9998  Sys Num:19  Occ num: 1  Name: [CHAL] time scale: 4
Network: [WPLTN]
Target: COSPAR: 7603901    SIC:1155    NORAD:     8820    Name: [lageos1]
        time scale: 0    target class: slr target location: earth orbit
Format version: 2    Data type: npt    Data release: 0
Produced on 2018/ 1/31 18 hours
Session Starting on 2018/ 1/31 13:39:32 Ending on 2018/ 1/31 14:15:27 UTC
refraction applied: no     CofM applied: no     xcv amplitude applied: no 
Station system delay applied: yes    Satellite system delay applied: no 
Range type: 2-way    Data quality alert: good   

Predictions: Type: CPF Year: 18 Date/Time: 013113
             Provider: hts Sequence number: 3102

Error: Could not open targets.dat file
Station: Pad ID:9998  Sys Num:19  Occ num: 1  Name: [CHAL] time scale: 4
Network: [WPLTN]
Target: COSPAR: 7603901    SIC:1155    NORAD:     8820    Name: [lageos1]
        time scale: 0    target class: slr target location: earth orbit
Format version: 2    Data type: npt    Data release: 0
Produced on 2018/ 1/31 18 hours
Session Starting on 2018/ 1/31 17: 1: 2 Ending on 2018/ 1/31 17:37: 6 UTC
refraction applied: no     CofM applied: no     xcv amplitude applied: no 
Station system delay applied: yes    Satellite system delay applied: no 
Range type: 2-way    Data quality alert: good   

Predictions: Type: CPF Year: 18 Date/Time: 013117
             Provider: hts Sequence number: 3102

Error: Could not open targets.dat file
Station: Pad ID:9998  Sys Num:19  Occ num: 1  Name: [CHAL] time scale: 4
Network: [WPLTN]
Target: COSPAR: 7603901    SIC:1155    NORAD:     8820    Name: [lageos1]
        time scale: 0    target class: slr target location: earth orbit
Format version: 2    Data type: npt    Data release: 0
Produced on 2018/ 1/31 22 hours
Session Starting on 2018/ 1/31 20:29:44 Ending on 2018/ 1/31 21:12:28 UTC
refraction applied: no     CofM applied: no     xcv amplitude applied: no 
Station system delay applied: yes    Satellite system delay applied: no 
Range type: 2-way    Data quality alert: good   

Predictions: Type: CPF Year: 18 Date/Time: 013120
             Provider: hts Sequence number: 3102

Error: Could not open targets.dat file

Number of records -
 11 Normal Point Record: 570
 20 Meteorological Record: 81
 40 Calibration Record: 81
 41 Calibration Detail Record: 162
 50 Session Statistics Record: 81
 c0 System Configuration Records: 81
 c1 Laser Configuration Records: 81
 c2 Detector Configuration Records: 81
 c3 Timing Configuration Records: 81
 c5 Software Configuration Records: 81
 c6 Met Sensor Configuration Records: 81

Errors and Warnings -
Multi-pass file with: 81 H1 Records
Multi-pass file with: 81 H2 Records
Multi-pass file with: 81 H3 Records
Multi-pass file with: 81 H4 Records
Multi-pass file with: 81 H8 Records


