CRD Check Version: 2.00
CRD File name: lageos2_201802.npt.v2C

Station: Pad ID:9998  Sys Num:19  Occ num: 1  Name: [CHAL] time scale: 4
Network: [WPLTN]
Target: COSPAR: 9207002    SIC:5986    NORAD:    22195    Name: [lageos2]
        time scale: 0    target class: slr target location: earth orbit
Format version: 2    Data type: npt    Data release: 0
Produced on 2018/ 2/ 1 17 hours
Session Starting on 2018/ 2/ 1 15:14:58 Ending on 2018/ 2/ 1 15:48:57 UTC
refraction applied: no     CofM applied: no     xcv amplitude applied: no 
Station system delay applied: yes    Satellite system delay applied: no 
Range type: 2-way    Data quality alert: good   

Predictions: Type: CPF Year: 18 Date/Time: 020115
             Provider: hts Sequence number: 3202

Error: Could not open targets.dat file
Station: Pad ID:9998  Sys Num:19  Occ num: 1  Name: [CHAL] time scale: 4
Network: [WPLTN]
Target: COSPAR: 9207002    SIC:5986    NORAD:    22195    Name: [lageos2]
        time scale: 0    target class: slr target location: earth orbit
Format version: 2    Data type: npt    Data release: 0
Produced on 2018/ 2/ 1 20 hours
Session Starting on 2018/ 2/ 1 19:13:44 Ending on 2018/ 2/ 1 20: 0:34 UTC
refraction applied: no     CofM applied: no     xcv amplitude applied: no 
Station system delay applied: yes    Satellite system delay applied: no 
Range type: 2-way    Data quality alert: good   

Predictions: Type: CPF Year: 18 Date/Time: 020119
             Provider: hts Sequence number: 3202

Error: Could not open targets.dat file
Station: Pad ID:9998  Sys Num:19  Occ num: 1  Name: [CHAL] time scale: 4
Network: [WPLTN]
Target: COSPAR: 9207002    SIC:5986    NORAD:    22195    Name: [lageos2]
        time scale: 0    target class: slr target location: earth orbit
Format version: 2    Data type: npt    Data release: 0
Produced on 2018/ 2/ 2 13 hours
Session Starting on 2018/ 2/ 2  9:30:35 Ending on 2018/ 2/ 2  9:45: 1 UTC
refraction applied: no     CofM applied: no     xcv amplitude applied: no 
Station system delay applied: yes    Satellite system delay applied: no 
Range type: 2-way    Data quality alert: good   

Predictions: Type: CPF Year: 18 Date/Time: 020209
             Provider: hts Sequence number: 3302

Error: Could not open targets.dat file
Station: Pad ID:9998  Sys Num:19  Occ num: 1  Name: [CHAL] time scale: 4
Network: [WPLTN]
Target: COSPAR: 9207002    SIC:5986    NORAD:    22195    Name: [lageos2]
        time scale: 0    target class: slr target location: earth orbit
Format version: 2    Data type: npt    Data release: 0
Produced on 2018/ 2/ 3 21 hours
Session Starting on 2018/ 2/ 3 15:25: 1 Ending on 2018/ 2/ 3 16: 1:19 UTC
refraction applied: no     CofM applied: no     xcv amplitude applied: no 
Station system delay applied: yes    Satellite system delay applied: no 
Range type: 2-way    Data quality alert: good   

Predictions: Type: CPF Year: 18 Date/Time: 020315
             Provider: hts Sequence number: 3402

Error: Could not open targets.dat file
Station: Pad ID:9998  Sys Num:19  Occ num: 1  Name: [CHAL] time scale: 4
Network: [WPLTN]
Target: COSPAR: 9207002    SIC:5986    NORAD:    22195    Name: [lageos2]
        time scale: 0    target class: slr target location: earth orbit
Format version: 2    Data type: npt    Data release: 0
Produced on 2018/ 2/ 3 21 hours
Session Starting on 2018/ 2/ 3 19:32:17 Ending on 2018/ 2/ 3 20: 5: 1 UTC
refraction applied: no     CofM applied: no     xcv amplitude applied: no 
Station system delay applied: yes    Satellite system delay applied: no 
Range type: 2-way    Data quality alert: good   

Predictions: Type: CPF Year: 18 Date/Time: 020319
             Provider: hts Sequence number: 3402

Error: Could not open targets.dat file
Station: Pad ID:9998  Sys Num:19  Occ num: 1  Name: [CHAL] time scale: 4
Network: [WPLTN]
Target: COSPAR: 9207002    SIC:5986    NORAD:    22195    Name: [lageos2]
        time scale: 0    target class: slr target location: earth orbit
Format version: 2    Data type: npt    Data release: 0
Produced on 2018/ 2/ 4 16 hours
Session Starting on 2018/ 2/ 4  9:29:37 Ending on 2018/ 2/ 4  9:56:28 UTC
refraction applied: no     CofM applied: no     xcv amplitude applied: no 
Station system delay applied: yes    Satellite system delay applied: no 
Range type: 2-way    Data quality alert: good   

Predictions: Type: CPF Year: 18 Date/Time: 020409
             Provider: hts Sequence number: 3502

Error: Could not open targets.dat file
Station: Pad ID:9998  Sys Num:19  Occ num: 1  Name: [CHAL] time scale: 4
Network: [WPLTN]
Target: COSPAR: 9207002    SIC:5986    NORAD:    22195    Name: [lageos2]
        time scale: 0    target class: slr target location: earth orbit
Format version: 2    Data type: npt    Data release: 0
Produced on 2018/ 2/ 4 16 hours
Session Starting on 2018/ 2/ 4 13:35:32 Ending on 2018/ 2/ 4 14: 5:57 UTC
refraction applied: no     CofM applied: no     xcv amplitude applied: no 
Station system delay applied: yes    Satellite system delay applied: no 
Range type: 2-way    Data quality alert: good   

Predictions: Type: CPF Year: 18 Date/Time: 020413
             Provider: hts Sequence number: 3502

Error: Could not open targets.dat file
Station: Pad ID:9998  Sys Num:19  Occ num: 1  Name: [CHAL] time scale: 4
Network: [WPLTN]
Target: COSPAR: 9207002    SIC:5986    NORAD:    22195    Name: [lageos2]
        time scale: 0    target class: slr target location: earth orbit
Format version: 2    Data type: npt    Data release: 0
Produced on 2018/ 2/ 4 18 hours
Session Starting on 2018/ 2/ 4 17:35:49 Ending on 2018/ 2/ 4 18:19: 6 UTC
refraction applied: no     CofM applied: no     xcv amplitude applied: no 
Station system delay applied: yes    Satellite system delay applied: no 
Range type: 2-way    Data quality alert: good   

Predictions: Type: CPF Year: 18 Date/Time: 020417
             Provider: hts Sequence number: 3502

Error: Could not open targets.dat file
Station: Pad ID:9998  Sys Num:19  Occ num: 1  Name: [CHAL] time scale: 4
Network: [WPLTN]
Target: COSPAR: 9207002    SIC:5986    NORAD:    22195    Name: [lageos2]
        time scale: 0    target class: slr target location: earth orbit
Format version: 2    Data type: npt    Data release: 0
Produced on 2018/ 2/ 4 22 hours
Session Starting on 2018/ 2/ 4 21:54:20 Ending on 2018/ 2/ 4 22: 2:43 UTC
refraction applied: no     CofM applied: no     xcv amplitude applied: no 
Station system delay applied: yes    Satellite system delay applied: no 
Range type: 2-way    Data quality alert: good   

Predictions: Type: CPF Year: 18 Date/Time: 020421
             Provider: hts Sequence number: 3502

Error: Could not open targets.dat file
Station: Pad ID:9998  Sys Num:19  Occ num: 1  Name: [CHAL] time scale: 4
Network: [WPLTN]
Target: COSPAR: 9207002    SIC:5986    NORAD:    22195    Name: [lageos2]
        time scale: 0    target class: slr target location: earth orbit
Format version: 2    Data type: npt    Data release: 0
Produced on 2018/ 2/ 5 21 hours
Session Starting on 2018/ 2/ 5 11:25:58 Ending on 2018/ 2/ 5 12: 9:48 UTC
refraction applied: no     CofM applied: no     xcv amplitude applied: no 
Station system delay applied: yes    Satellite system delay applied: no 
Range type: 2-way    Data quality alert: good   

Predictions: Type: CPF Year: 18 Date/Time: 020511
             Provider: hts Sequence number: 3602

Error: Could not open targets.dat file
Station: Pad ID:9998  Sys Num:19  Occ num: 1  Name: [CHAL] time scale: 4
Network: [WPLTN]
Target: COSPAR: 9207002    SIC:5986    NORAD:    22195    Name: [lageos2]
        time scale: 0    target class: slr target location: earth orbit
Format version: 2    Data type: npt    Data release: 0
Produced on 2018/ 2/ 5 21 hours
Session Starting on 2018/ 2/ 5 15:37:45 Ending on 2018/ 2/ 5 16:18: 0 UTC
refraction applied: no     CofM applied: no     xcv amplitude applied: no 
Station system delay applied: yes    Satellite system delay applied: no 
Range type: 2-way    Data quality alert: good   

Predictions: Type: CPF Year: 18 Date/Time: 020515
             Provider: hts Sequence number: 3602

Error: Could not open targets.dat file
Station: Pad ID:9998  Sys Num:19  Occ num: 1  Name: [CHAL] time scale: 4
Network: [WPLTN]
Target: COSPAR: 9207002    SIC:5986    NORAD:    22195    Name: [lageos2]
        time scale: 0    target class: slr target location: earth orbit
Format version: 2    Data type: npt    Data release: 0
Produced on 2018/ 2/ 6 21 hours
Session Starting on 2018/ 2/ 6 14:17: 5 Ending on 2018/ 2/ 6 14:22:55 UTC
refraction applied: no     CofM applied: no     xcv amplitude applied: no 
Station system delay applied: yes    Satellite system delay applied: no 
Range type: 2-way    Data quality alert: good   

Predictions: Type: CPF Year: 18 Date/Time: 020614
             Provider: hts Sequence number: 3702

Error: Could not open targets.dat file
Station: Pad ID:9998  Sys Num:19  Occ num: 1  Name: [CHAL] time scale: 4
Network: [WPLTN]
Target: COSPAR: 9207002    SIC:5986    NORAD:    22195    Name: [lageos2]
        time scale: 0    target class: slr target location: earth orbit
Format version: 2    Data type: npt    Data release: 0
Produced on 2018/ 2/ 6 21 hours
Session Starting on 2018/ 2/ 6 17:54:26 Ending on 2018/ 2/ 6 18:28:48 UTC
refraction applied: no     CofM applied: no     xcv amplitude applied: no 
Station system delay applied: yes    Satellite system delay applied: no 
Range type: 2-way    Data quality alert: good   

Predictions: Type: CPF Year: 18 Date/Time: 020617
             Provider: hts Sequence number: 3702

Error: Could not open targets.dat file
Station: Pad ID:9998  Sys Num:19  Occ num: 1  Name: [CHAL] time scale: 4
Network: [WPLTN]
Target: COSPAR: 9207002    SIC:5986    NORAD:    22195    Name: [lageos2]
        time scale: 0    target class: slr target location: earth orbit
Format version: 2    Data type: npt    Data release: 0
Produced on 2018/ 2/ 7 15 hours
Session Starting on 2018/ 2/ 7 11:48: 2 Ending on 2018/ 2/ 7 12:24:43 UTC
refraction applied: no     CofM applied: no     xcv amplitude applied: no 
Station system delay applied: yes    Satellite system delay applied: no 
Range type: 2-way    Data quality alert: good   

Predictions: Type: CPF Year: 18 Date/Time: 020711
             Provider: hts Sequence number: 3802

Error: Could not open targets.dat file
Station: Pad ID:9998  Sys Num:19  Occ num: 1  Name: [CHAL] time scale: 4
Network: [WPLTN]
Target: COSPAR: 9207002    SIC:5986    NORAD:    22195    Name: [lageos2]
        time scale: 0    target class: slr target location: earth orbit
Format version: 2    Data type: npt    Data release: 0
Produced on 2018/ 2/ 7 22 hours
Session Starting on 2018/ 2/ 7 15:57:20 Ending on 2018/ 2/ 7 16:28:37 UTC
refraction applied: no     CofM applied: no     xcv amplitude applied: no 
Station system delay applied: yes    Satellite system delay applied: no 
Range type: 2-way    Data quality alert: good   

Predictions: Type: CPF Year: 18 Date/Time: 020715
             Provider: hts Sequence number: 3802

Error: Could not open targets.dat file
Station: Pad ID:9998  Sys Num:19  Occ num: 1  Name: [CHAL] time scale: 4
Network: [WPLTN]
Target: COSPAR: 9207002    SIC:5986    NORAD:    22195    Name: [lageos2]
        time scale: 0    target class: slr target location: earth orbit
Format version: 2    Data type: npt    Data release: 0
Produced on 2018/ 2/ 8 15 hours
Session Starting on 2018/ 2/ 8  9:50: 5 Ending on 2018/ 2/ 8 10: 7:10 UTC
refraction applied: no     CofM applied: no     xcv amplitude applied: no 
Station system delay applied: yes    Satellite system delay applied: no 
Range type: 2-way    Data quality alert: good   

Predictions: Type: CPF Year: 18 Date/Time: 020809
             Provider: hts Sequence number: 3902

Error: Could not open targets.dat file
Station: Pad ID:9998  Sys Num:19  Occ num: 1  Name: [CHAL] time scale: 4
Network: [WPLTN]
Target: COSPAR: 9207002    SIC:5986    NORAD:    22195    Name: [lageos2]
        time scale: 0    target class: slr target location: earth orbit
Format version: 2    Data type: npt    Data release: 0
Produced on 2018/ 2/ 8 15 hours
Session Starting on 2018/ 2/ 8 13:54:39 Ending on 2018/ 2/ 8 14:25: 8 UTC
refraction applied: no     CofM applied: no     xcv amplitude applied: no 
Station system delay applied: yes    Satellite system delay applied: no 
Range type: 2-way    Data quality alert: good   

Predictions: Type: CPF Year: 18 Date/Time: 020813
             Provider: hts Sequence number: 3902

Error: Could not open targets.dat file
Station: Pad ID:9998  Sys Num:19  Occ num: 1  Name: [CHAL] time scale: 4
Network: [WPLTN]
Target: COSPAR: 9207002    SIC:5986    NORAD:    22195    Name: [lageos2]
        time scale: 0    target class: slr target location: earth orbit
Format version: 2    Data type: npt    Data release: 0
Produced on 2018/ 2/ 9 18 hours
Session Starting on 2018/ 2/ 9 11:57:27 Ending on 2018/ 2/ 9 12:35: 8 UTC
refraction applied: no     CofM applied: no     xcv amplitude applied: no 
Station system delay applied: yes    Satellite system delay applied: no 
Range type: 2-way    Data quality alert: good   

Predictions: Type: CPF Year: 18 Date/Time: 020911
             Provider: hts Sequence number: 4002

Error: Could not open targets.dat file
Station: Pad ID:9998  Sys Num:19  Occ num: 1  Name: [CHAL] time scale: 4
Network: [WPLTN]
Target: COSPAR: 9207002    SIC:5986    NORAD:    22195    Name: [lageos2]
        time scale: 0    target class: slr target location: earth orbit
Format version: 2    Data type: npt    Data release: 0
Produced on 2018/ 2/ 9 19 hours
Session Starting on 2018/ 2/ 9 16:10:40 Ending on 2018/ 2/ 9 16:45: 9 UTC
refraction applied: no     CofM applied: no     xcv amplitude applied: no 
Station system delay applied: yes    Satellite system delay applied: no 
Range type: 2-way    Data quality alert: good   

Predictions: Type: CPF Year: 18 Date/Time: 020916
             Provider: hts Sequence number: 4002

Error: Could not open targets.dat file
Station: Pad ID:9998  Sys Num:19  Occ num: 1  Name: [CHAL] time scale: 4
Network: [WPLTN]
Target: COSPAR: 9207002    SIC:5986    NORAD:    22195    Name: [lageos2]
        time scale: 0    target class: slr target location: earth orbit
Format version: 2    Data type: npt    Data release: 0
Produced on 2018/ 2/11  2 hours
Session Starting on 2018/ 2/10 10:17:31 Ending on 2018/ 2/10 10:33:31 UTC
refraction applied: no     CofM applied: no     xcv amplitude applied: no 
Station system delay applied: yes    Satellite system delay applied: no 
Range type: 2-way    Data quality alert: good   

Predictions: Type: CPF Year: 18 Date/Time: 021010
             Provider: hts Sequence number: 4102

Error: Could not open targets.dat file
Station: Pad ID:9998  Sys Num:19  Occ num: 1  Name: [CHAL] time scale: 4
Network: [WPLTN]
Target: COSPAR: 9207002    SIC:5986    NORAD:    22195    Name: [lageos2]
        time scale: 0    target class: slr target location: earth orbit
Format version: 2    Data type: npt    Data release: 0
Produced on 2018/ 2/11  2 hours
Session Starting on 2018/ 2/10 14: 6:17 Ending on 2018/ 2/10 14:53:54 UTC
refraction applied: no     CofM applied: no     xcv amplitude applied: no 
Station system delay applied: yes    Satellite system delay applied: no 
Range type: 2-way    Data quality alert: good   

Predictions: Type: CPF Year: 18 Date/Time: 021014
             Provider: hts Sequence number: 4102

Error: Could not open targets.dat file
Station: Pad ID:9998  Sys Num:19  Occ num: 1  Name: [CHAL] time scale: 4
Network: [WPLTN]
Target: COSPAR: 9207002    SIC:5986    NORAD:    22195    Name: [lageos2]
        time scale: 0    target class: slr target location: earth orbit
Format version: 2    Data type: npt    Data release: 0
Produced on 2018/ 2/11  2 hours
Session Starting on 2018/ 2/10 18:17:29 Ending on 2018/ 2/10 18:57:12 UTC
refraction applied: no     CofM applied: no     xcv amplitude applied: no 
Station system delay applied: yes    Satellite system delay applied: no 
Range type: 2-way    Data quality alert: good   

Predictions: Type: CPF Year: 18 Date/Time: 021018
             Provider: hts Sequence number: 4102

Error: Could not open targets.dat file
Station: Pad ID:9998  Sys Num:19  Occ num: 1  Name: [CHAL] time scale: 4
Network: [WPLTN]
Target: COSPAR: 9207002    SIC:5986    NORAD:    22195    Name: [lageos2]
        time scale: 0    target class: slr target location: earth orbit
Format version: 2    Data type: npt    Data release: 0
Produced on 2018/ 2/11 16 hours
Session Starting on 2018/ 2/11 16:24: 6 Ending on 2018/ 2/11 16:36: 7 UTC
refraction applied: no     CofM applied: no     xcv amplitude applied: no 
Station system delay applied: yes    Satellite system delay applied: no 
Range type: 2-way    Data quality alert: good   

Predictions: Type: CPF Year: 18 Date/Time: 021116
             Provider: hts Sequence number: 4202

Error: Could not open targets.dat file
Station: Pad ID:9998  Sys Num:19  Occ num: 1  Name: [CHAL] time scale: 4
Network: [WPLTN]
Target: COSPAR: 9207002    SIC:5986    NORAD:    22195    Name: [lageos2]
        time scale: 0    target class: slr target location: earth orbit
Format version: 2    Data type: npt    Data release: 1
Produced on 2018/ 2/12 21 hours
Session Starting on 2018/ 2/12 10:13: 3 Ending on 2018/ 2/12 10:58: 6 UTC
refraction applied: no     CofM applied: no     xcv amplitude applied: no 
Station system delay applied: yes    Satellite system delay applied: no 
Range type: 2-way    Data quality alert: good   

Predictions: Type: CPF Year: 18 Date/Time: 021210
             Provider: hts Sequence number: 4302

Error: Could not open targets.dat file
Station: Pad ID:9998  Sys Num:19  Occ num: 1  Name: [CHAL] time scale: 4
Network: [WPLTN]
Target: COSPAR: 9207002    SIC:5986    NORAD:    22195    Name: [lageos2]
        time scale: 0    target class: slr target location: earth orbit
Format version: 2    Data type: npt    Data release: 1
Produced on 2018/ 2/12 21 hours
Session Starting on 2018/ 2/12 14:20: 4 Ending on 2018/ 2/12 15: 5:43 UTC
refraction applied: no     CofM applied: no     xcv amplitude applied: no 
Station system delay applied: yes    Satellite system delay applied: no 
Range type: 2-way    Data quality alert: good   

Predictions: Type: CPF Year: 18 Date/Time: 021214
             Provider: hts Sequence number: 4302

Error: Could not open targets.dat file
Station: Pad ID:9998  Sys Num:19  Occ num: 1  Name: [CHAL] time scale: 4
Network: [WPLTN]
Target: COSPAR: 9207002    SIC:5986    NORAD:    22195    Name: [lageos2]
        time scale: 0    target class: slr target location: earth orbit
Format version: 2    Data type: npt    Data release: 1
Produced on 2018/ 2/12 21 hours
Session Starting on 2018/ 2/12 18:29:47 Ending on 2018/ 2/12 19: 8:27 UTC
refraction applied: no     CofM applied: no     xcv amplitude applied: no 
Station system delay applied: yes    Satellite system delay applied: no 
Range type: 2-way    Data quality alert: good   

Predictions: Type: CPF Year: 18 Date/Time: 021218
             Provider: hts Sequence number: 4302

Error: Could not open targets.dat file
Station: Pad ID:9998  Sys Num:19  Occ num: 1  Name: [CHAL] time scale: 4
Network: [WPLTN]
Target: COSPAR: 9207002    SIC:5986    NORAD:    22195    Name: [lageos2]
        time scale: 0    target class: slr target location: earth orbit
Format version: 2    Data type: npt    Data release: 0
Produced on 2018/ 2/18 23 hours
Session Starting on 2018/ 2/18 11:23:37 Ending on 2018/ 2/18 11:40: 7 UTC
refraction applied: no     CofM applied: no     xcv amplitude applied: no 
Station system delay applied: yes    Satellite system delay applied: no 
Range type: 2-way    Data quality alert: good   

Predictions: Type: CPF Year: 18 Date/Time: 021811
             Provider: hts Sequence number: 4902

Error: Could not open targets.dat file
Station: Pad ID:9998  Sys Num:19  Occ num: 1  Name: [CHAL] time scale: 4
Network: [WPLTN]
Target: COSPAR: 9207002    SIC:5986    NORAD:    22195    Name: [lageos2]
        time scale: 0    target class: slr target location: earth orbit
Format version: 2    Data type: npt    Data release: 0
Produced on 2018/ 2/18 23 hours
Session Starting on 2018/ 2/18 15: 8:31 Ending on 2018/ 2/18 15:49:53 UTC
refraction applied: no     CofM applied: no     xcv amplitude applied: no 
Station system delay applied: yes    Satellite system delay applied: no 
Range type: 2-way    Data quality alert: good   

Predictions: Type: CPF Year: 18 Date/Time: 021815
             Provider: hts Sequence number: 4902

Error: Could not open targets.dat file
Station: Pad ID:9998  Sys Num:19  Occ num: 1  Name: [CHAL] time scale: 4
Network: [WPLTN]
Target: COSPAR: 9207002    SIC:5986    NORAD:    22195    Name: [lageos2]
        time scale: 0    target class: slr target location: earth orbit
Format version: 2    Data type: npt    Data release: 0
Produced on 2018/ 2/18 23 hours
Session Starting on 2018/ 2/18 19:24:35 Ending on 2018/ 2/18 19:35: 9 UTC
refraction applied: no     CofM applied: no     xcv amplitude applied: no 
Station system delay applied: yes    Satellite system delay applied: no 
Range type: 2-way    Data quality alert: good   

Predictions: Type: CPF Year: 18 Date/Time: 021819
             Provider: hts Sequence number: 4902

Error: Could not open targets.dat file
Station: Pad ID:9998  Sys Num:19  Occ num: 1  Name: [CHAL] time scale: 4
Network: [WPLTN]
Target: COSPAR: 9207002    SIC:5986    NORAD:    22195    Name: [lageos2]
        time scale: 0    target class: slr target location: earth orbit
Format version: 2    Data type: npt    Data release: 0
Produced on 2018/ 2/23  0 hours
Session Starting on 2018/ 2/22 11:21:49 Ending on 2018/ 2/22 12:12:50 UTC
refraction applied: no     CofM applied: no     xcv amplitude applied: no 
Station system delay applied: yes    Satellite system delay applied: no 
Range type: 2-way    Data quality alert: good   

Predictions: Type: CPF Year: 18 Date/Time: 022211
             Provider: hts Sequence number: 5302

Error: Could not open targets.dat file
Station: Pad ID:9998  Sys Num:19  Occ num: 1  Name: [CHAL] time scale: 4
Network: [WPLTN]
Target: COSPAR: 9207002    SIC:5986    NORAD:    22195    Name: [lageos2]
        time scale: 0    target class: slr target location: earth orbit
Format version: 2    Data type: npt    Data release: 0
Produced on 2018/ 2/23  0 hours
Session Starting on 2018/ 2/22 15:38: 3 Ending on 2018/ 2/22 15:39:11 UTC
refraction applied: no     CofM applied: no     xcv amplitude applied: no 
Station system delay applied: yes    Satellite system delay applied: no 
Range type: 2-way    Data quality alert: good   

Predictions: Type: CPF Year: 18 Date/Time: 022215
             Provider: hts Sequence number: 5302

Error: Could not open targets.dat file
Station: Pad ID:9998  Sys Num:19  Occ num: 1  Name: [CHAL] time scale: 4
Network: [WPLTN]
Target: COSPAR: 9207002    SIC:5986    NORAD:    22195    Name: [lageos2]
        time scale: 0    target class: slr target location: earth orbit
Format version: 2    Data type: npt    Data release: 0
Produced on 2018/ 2/23 17 hours
Session Starting on 2018/ 2/23 13:41:53 Ending on 2018/ 2/23 13:55:33 UTC
refraction applied: no     CofM applied: no     xcv amplitude applied: no 
Station system delay applied: yes    Satellite system delay applied: no 
Range type: 2-way    Data quality alert: good   

Predictions: Type: CPF Year: 18 Date/Time: 022313
             Provider: hts Sequence number: 5402

Error: Could not open targets.dat file
Station: Pad ID:9998  Sys Num:19  Occ num: 1  Name: [CHAL] time scale: 4
Network: [WPLTN]
Target: COSPAR: 9207002    SIC:5986    NORAD:    22195    Name: [lageos2]
        time scale: 0    target class: slr target location: earth orbit
Format version: 2    Data type: npt    Data release: 0
Produced on 2018/ 2/24 13 hours
Session Starting on 2018/ 2/24 11:39:59 Ending on 2018/ 2/24 12:12:52 UTC
refraction applied: no     CofM applied: no     xcv amplitude applied: no 
Station system delay applied: yes    Satellite system delay applied: no 
Range type: 2-way    Data quality alert: good   

Predictions: Type: CPF Year: 18 Date/Time: 022411
             Provider: hts Sequence number: 5502

Error: Could not open targets.dat file
Station: Pad ID:9998  Sys Num:19  Occ num: 1  Name: [CHAL] time scale: 4
Network: [WPLTN]
Target: COSPAR: 9207002    SIC:5986    NORAD:    22195    Name: [lageos2]
        time scale: 0    target class: slr target location: earth orbit
Format version: 2    Data type: npt    Data release: 0
Produced on 2018/ 2/25 10 hours
Session Starting on 2018/ 2/25  9:42: 2 Ending on 2018/ 2/25 10:19:53 UTC
refraction applied: no     CofM applied: no     xcv amplitude applied: no 
Station system delay applied: yes    Satellite system delay applied: no 
Range type: 2-way    Data quality alert: good   

Predictions: Type: CPF Year: 18 Date/Time: 022509
             Provider: hts Sequence number: 5602

Error: Could not open targets.dat file
Station: Pad ID:9998  Sys Num:19  Occ num: 1  Name: [CHAL] time scale: 4
Network: [WPLTN]
Target: COSPAR: 9207002    SIC:5986    NORAD:    22195    Name: [lageos2]
        time scale: 0    target class: slr target location: earth orbit
Format version: 2    Data type: npt    Data release: 0
Produced on 2018/ 2/25 15 hours
Session Starting on 2018/ 2/25 13:55:33 Ending on 2018/ 2/25 14:27:23 UTC
refraction applied: no     CofM applied: no     xcv amplitude applied: no 
Station system delay applied: yes    Satellite system delay applied: no 
Range type: 2-way    Data quality alert: good   

Predictions: Type: CPF Year: 18 Date/Time: 022513
             Provider: hts Sequence number: 5602

Error: Could not open targets.dat file
Station: Pad ID:9998  Sys Num:19  Occ num: 1  Name: [CHAL] time scale: 4
Network: [WPLTN]
Target: COSPAR: 9207002    SIC:5986    NORAD:    22195    Name: [lageos2]
        time scale: 0    target class: slr target location: earth orbit
Format version: 2    Data type: npt    Data release: 0
Produced on 2018/ 2/25 19 hours
Session Starting on 2018/ 2/25 18: 2:32 Ending on 2018/ 2/25 18:31:28 UTC
refraction applied: no     CofM applied: no     xcv amplitude applied: no 
Station system delay applied: yes    Satellite system delay applied: no 
Range type: 2-way    Data quality alert: good   

Predictions: Type: CPF Year: 18 Date/Time: 022518
             Provider: hts Sequence number: 5602

Error: Could not open targets.dat file
Station: Pad ID:9998  Sys Num:19  Occ num: 1  Name: [CHAL] time scale: 4
Network: [WPLTN]
Target: COSPAR: 9207002    SIC:5986    NORAD:    22195    Name: [lageos2]
        time scale: 0    target class: slr target location: earth orbit
Format version: 2    Data type: npt    Data release: 0
Produced on 2018/ 2/27 14 hours
Session Starting on 2018/ 2/27 14:10:10 Ending on 2018/ 2/27 14:39: 6 UTC
refraction applied: no     CofM applied: no     xcv amplitude applied: no 
Station system delay applied: yes    Satellite system delay applied: no 
Range type: 2-way    Data quality alert: good   

Predictions: Type: CPF Year: 18 Date/Time: 022714
             Provider: hts Sequence number: 5802

Error: Could not open targets.dat file

Number of records -
 11 Normal Point Record: 300
 20 Meteorological Record: 37
 40 Calibration Record: 37
 41 Calibration Detail Record: 74
 50 Session Statistics Record: 37
 c0 System Configuration Records: 37
 c1 Laser Configuration Records: 37
 c2 Detector Configuration Records: 37
 c3 Timing Configuration Records: 37
 c5 Software Configuration Records: 37
 c6 Met Sensor Configuration Records: 37

Errors and Warnings -
Multi-pass file with: 37 H1 Records
Multi-pass file with: 37 H2 Records
Multi-pass file with: 37 H3 Records
Multi-pass file with: 37 H4 Records
Multi-pass file with: 37 H8 Records


