GR EOS table P-1-0 17 0
GR EOS table P-1-0 17 1000
GR EOS table P-1-0 17 2000
GR EOS table P-1-0 17 3000
GR EOS table P-1-0 17 4000
GR EOS table P-1-0 17 5000
GR STRUCTURE P-1-0 17 4 {'classification': 'Counterexample candidate', 'parameters': [48.49328826849363, -3.6561530223160216e-05, -2.916912266223843e-11], 'interface_max': 1.2789769243681803e-13, 'radius_m': np.float64(68817132.48343913), 'mass_geom_m': np.float64(291.68717246172474), 'baryon_g': 3.925101446571372e+32, 'EOS_calls': 2991202, 'direct_calls': 78626, 'physical_EOS_certified': False, 'boundary': 'Nonzero photospheric pressure; exterior is a boundary normalization, not a solved radiating atmosphere.'}
GR EOS table P-2-0 17 0
GR EOS table P-2-0 17 1000
GR EOS table P-2-0 17 2000
GR EOS table P-2-0 17 3000
GR EOS table P-2-0 17 4000
GR EOS table P-2-0 17 5000
GR STRUCTURE P-2-0 17 4 {'classification': 'Counterexample candidate', 'parameters': [48.49328830879805, -1.840589528455043e-05, -2.914942909392488e-11], 'interface_max': 1.9184653865522705e-13, 'radius_m': np.float64(68818381.91351609), 'mass_geom_m': np.float64(291.6871724617305), 'baryon_g': 3.925101446571372e+32, 'EOS_calls': 2991202, 'direct_calls': 78626, 'physical_EOS_certified': False, 'boundary': 'Nonzero photospheric pressure; exterior is a boundary normalization, not a solved radiating atmosphere.'}
P-2-1 PASS import {'logrho': 1.0658141036401503e-14, 'logT': 5.329070518200751e-15, 'X_absolute': 3.3306690738754696e-16, 'dm_relative': 5.995204332975845e-15}
TRACE P-2-1 5735 native calls
EOS DIRECTIONS 0
EOS DIRECTIONS 1000
EOS DIRECTIONS 2000
EOS DIRECTIONS 3000
EOS DIRECTIONS 4000
EOS DIRECTIONS 5000
GR EOS table P-2-1 17 0
GR EOS table P-2-1 17 1000
GR EOS table P-2-1 17 2000
GR EOS table P-2-1 17 3000
GR EOS table P-2-1 17 4000
GR EOS table P-2-1 17 5000
GR STRUCTURE P-2-1 17 4 {'classification': 'Counterexample candidate', 'parameters': [48.49328826849622, -3.656141489067936e-05, -2.9165192063733864e-11], 'interface_max': 5.684341886080801e-13, 'radius_m': np.float64(68817132.49137598), 'mass_geom_m': np.float64(291.6871724617259), 'baryon_g': 3.925101446571372e+32, 'EOS_calls': 2991202, 'direct_calls': 78626, 'physical_EOS_certified': False, 'boundary': 'Nonzero photospheric pressure; exterior is a boundary normalization, not a solved radiating atmosphere.'}
GR EOS table P-4-0 17 0
GR EOS table P-4-0 17 1000
GR EOS table P-4-0 17 2000
GR EOS table P-4-0 17 3000
GR EOS table P-4-0 17 4000
GR EOS table P-4-0 17 5000
GR STRUCTURE P-4-0 17 4 {'classification': 'Counterexample candidate', 'parameters': [48.49328832895194, -9.256699219967453e-06, -2.914978317304156e-11], 'interface_max': 4.618527782440651e-13, 'radius_m': np.float64(68819011.54926538), 'mass_geom_m': np.float64(291.68717246173037), 'baryon_g': 3.925101446571372e+32, 'EOS_calls': 2991202, 'direct_calls': 78626, 'physical_EOS_certified': False, 'boundary': 'Nonzero photospheric pressure; exterior is a boundary normalization, not a solved radiating atmosphere.'}
P-4-1 PASS import {'logrho': 7.105427357601002e-15, 'logT': 5.329070518200751e-15, 'X_absolute': 3.3306690738754696e-16, 'dm_relative': 5.995204332975845e-15}
TRACE P-4-1 5735 native calls
EOS DIRECTIONS 0
EOS DIRECTIONS 1000
EOS DIRECTIONS 2000
EOS DIRECTIONS 3000
EOS DIRECTIONS 4000
EOS DIRECTIONS 5000
GR EOS table P-4-1 17 0
GR EOS table P-4-1 17 1000
GR EOS table P-4-1 17 2000
GR EOS table P-4-1 17 3000
GR EOS table P-4-1 17 4000
GR EOS table P-4-1 17 5000
GR STRUCTURE P-4-1 17 4 {'classification': 'Counterexample candidate', 'parameters': [48.493288308799094, -1.8405865768838867e-05, -2.915271154065893e-11], 'interface_max': 6.323830348264892e-13, 'radius_m': np.float64(68818381.91554731), 'mass_geom_m': np.float64(291.6871724617295), 'baryon_g': 3.925101446571372e+32, 'EOS_calls': 2991202, 'direct_calls': 78626, 'physical_EOS_certified': False, 'boundary': 'Nonzero photospheric pressure; exterior is a boundary normalization, not a solved radiating atmosphere.'}
P-4-2 PASS import {'logrho': 7.105427357601002e-15, 'logT': 5.329070518200751e-15, 'X_absolute': 3.3306690738754696e-16, 'dm_relative': 5.995204332975845e-15}
TRACE P-4-2 5735 native calls
EOS DIRECTIONS 0
EOS DIRECTIONS 1000
EOS DIRECTIONS 2000
EOS DIRECTIONS 3000
EOS DIRECTIONS 4000
EOS DIRECTIONS 5000
GR EOS table P-4-2 17 0
GR EOS table P-4-2 17 1000
GR EOS table P-4-2 17 2000
GR EOS table P-4-2 17 3000
GR EOS table P-4-2 17 4000
GR EOS table P-4-2 17 5000
GR STRUCTURE P-4-2 17 4 {'classification': 'Counterexample candidate', 'parameters': [48.49328828864679, -2.7507394947536863e-05, -2.9157424538987855e-11], 'interface_max': 2.2026824808563106e-13, 'radius_m': np.float64(68817755.56588666), 'mass_geom_m': np.float64(291.68717246172815), 'baryon_g': 3.925101446571372e+32, 'EOS_calls': 2991202, 'direct_calls': 78626, 'physical_EOS_certified': False, 'boundary': 'Nonzero photospheric pressure; exterior is a boundary normalization, not a solved radiating atmosphere.'}
P-4-3 PASS import {'logrho': 7.105427357601002e-15, 'logT': 5.329070518200751e-15, 'X_absolute': 3.3306690738754696e-16, 'dm_relative': 5.995204332975845e-15}
TRACE P-4-3 5735 native calls
EOS DIRECTIONS 0
EOS DIRECTIONS 1000
EOS DIRECTIONS 2000
EOS DIRECTIONS 3000
EOS DIRECTIONS 4000
EOS DIRECTIONS 5000
GR EOS table P-4-3 17 0
GR EOS table P-4-3 17 1000
GR EOS table P-4-3 17 2000
GR EOS table P-4-3 17 3000
GR EOS table P-4-3 17 4000
GR EOS table P-4-3 17 5000
GR STRUCTURE P-4-3 17 4 {'classification': 'Counterexample candidate', 'parameters': [48.493288268495995, -3.656135704509177e-05, -2.916390900939827e-11], 'interface_max': 4.476419235288631e-13, 'radius_m': np.float64(68817132.49535675), 'mass_geom_m': np.float64(291.6871724617263), 'baryon_g': 3.925101446571372e+32, 'EOS_calls': 2991202, 'direct_calls': 78626, 'physical_EOS_certified': False, 'boundary': 'Nonzero photospheric pressure; exterior is a boundary normalization, not a solved radiating atmosphere.'}
EVOLUTION 4 energy 1.0988423703785734e-07 refinement {'composition_score': 3.3802963496853096, 'lnT_difference': 4.308527401519768e-08, 'passed': False}
