X-ne18-1e-06 PASS import {'logrho': 7.105427357601002e-15, 'logT': 5.329070518200751e-15, 'X_absolute': 3.3306690738754696e-16, 'dm_relative': 5.995204332975845e-15}
TRACE X-ne18-1e-06 5735 native calls
X-ne18-5e-07 PASS import {'logrho': 7.105427357601002e-15, 'logT': 5.329070518200751e-15, 'X_absolute': 3.3306690738754696e-16, 'dm_relative': 5.995204332975845e-15}
TRACE X-ne18-5e-07 5735 native calls
X-ne19-1e-06 PASS import {'logrho': 7.105427357601002e-15, 'logT': 5.329070518200751e-15, 'X_absolute': 3.3306690738754696e-16, 'dm_relative': 5.995204332975845e-15}
TRACE X-ne19-1e-06 5735 native calls
X-ne19-5e-07 PASS import {'logrho': 7.105427357601002e-15, 'logT': 5.329070518200751e-15, 'X_absolute': 3.3306690738754696e-16, 'dm_relative': 5.995204332975845e-15}
TRACE X-ne19-5e-07 5735 native calls
X-ne20-1e-06 PASS import {'logrho': 7.105427357601002e-15, 'logT': 5.329070518200751e-15, 'X_absolute': 3.3306690738754696e-16, 'dm_relative': 5.995204332975845e-15}
TRACE X-ne20-1e-06 5735 native calls
X-ne20-5e-07 PASS import {'logrho': 7.105427357601002e-15, 'logT': 5.329070518200751e-15, 'X_absolute': 3.3306690738754696e-16, 'dm_relative': 5.995204332975845e-15}
TRACE X-ne20-5e-07 5735 native calls
X-mg22-1e-06 PASS import {'logrho': 7.105427357601002e-15, 'logT': 5.329070518200751e-15, 'X_absolute': 3.3306690738754696e-16, 'dm_relative': 5.995204332975845e-15}
TRACE X-mg22-1e-06 5735 native calls
X-mg22-5e-07 PASS import {'logrho': 7.105427357601002e-15, 'logT': 5.329070518200751e-15, 'X_absolute': 3.3306690738754696e-16, 'dm_relative': 5.995204332975845e-15}
TRACE X-mg22-5e-07 5735 native calls
X-mg24-1e-06 PASS import {'logrho': 7.105427357601002e-15, 'logT': 5.329070518200751e-15, 'X_absolute': 3.3306690738754696e-16, 'dm_relative': 5.995204332975845e-15}
TRACE X-mg24-1e-06 5735 native calls
X-mg24-5e-07 PASS import {'logrho': 7.105427357601002e-15, 'logT': 5.329070518200751e-15, 'X_absolute': 3.3306690738754696e-16, 'dm_relative': 5.995204332975845e-15}
TRACE X-mg24-5e-07 5735 native calls
X-ca40-1e-06 PASS import {'logrho': 7.105427357601002e-15, 'logT': 5.329070518200751e-15, 'X_absolute': 3.3306690738754696e-16, 'dm_relative': 5.995204332975845e-15}
TRACE X-ca40-1e-06 5735 native calls
X-ca40-5e-07 PASS import {'logrho': 7.105427357601002e-15, 'logT': 5.329070518200751e-15, 'X_absolute': 3.3306690738754696e-16, 'dm_relative': 5.995204332975845e-15}
TRACE X-ca40-5e-07 5735 native calls
