INTEGRAL CONTROL 0 4.6525927333007644e-08
INTEGRAL CONTROL 358 5.2246655890542115e-09
INTEGRAL CONTROL 716 2.803260068517943e-09
INTEGRAL CONTROL 1075 2.1631045843406582e-09
INTEGRAL CONTROL 1433 2.1319812582021314e-09
INTEGRAL CONTROL 1613 1.898637691510885e-09
INTEGRAL CONTROL 1717 1.8425503345298466e-09
INTEGRAL CONTROL 1718 1.8415815539185587e-09
INTEGRAL CONTROL 1791 1.806124805270315e-09
INTEGRAL CONTROL 1895 1.7844359323504477e-09
INTEGRAL CONTROL 1984 1.8033574633591343e-09
INTEGRAL CONTROL 2150 1.8973507209807394e-09
INTEGRAL CONTROL 2415 2.096889994973594e-09
INTEGRAL CONTROL 2508 2.1875572464580273e-09
INTEGRAL CONTROL 2590 2.2737309812725925e-09
INTEGRAL CONTROL 2591 2.27043650546932e-09
INTEGRAL CONTROL 2592 2.2685473499706177e-09
INTEGRAL CONTROL 2634 2.2552464340463985e-09
INTEGRAL CONTROL 2638 2.2430133306272637e-09
INTEGRAL CONTROL 2639 2.2426114298923494e-09
INTEGRAL CONTROL 2867 2.39746911212535e-09
INTEGRAL CONTROL 2956 2.8344506741717623e-09
INTEGRAL CONTROL 2972 8.597316948577571e-06
INTEGRAL CONTROL 3054 3.3735891857844535e-09
INTEGRAL CONTROL 3225 3.962761452314112e-09
INTEGRAL CONTROL 3583 4.2308114789335605e-09
INTEGRAL CONTROL 3760 4.260097163921728e-09
INTEGRAL CONTROL 3806 4.2752656970179714e-09
INTEGRAL CONTROL 3833 4.275797049757557e-09
INTEGRAL CONTROL 3942 4.2847283499014566e-09
INTEGRAL CONTROL 3951 4.290426458553043e-09
INTEGRAL CONTROL 4300 4.6951357745391536e-09
INTEGRAL CONTROL 4484 4.856156689519785e-09
INTEGRAL CONTROL 4658 5.210433945354036e-09
INTEGRAL CONTROL 5017 6.110471117866201e-09
INTEGRAL CONTROL 5375 6.627606115034967e-09
INTEGRAL CONTROL 5734 7.210151823867037e-09
