GR EOS table E-1-0-predictor 17 0
GR EOS table E-1-0-predictor 17 1000
GR EOS table E-1-0-predictor 17 2000
GR EOS table E-1-0-predictor 17 3000
GR EOS table E-1-0-predictor 17 4000
GR EOS table E-1-0-predictor 17 5000
GR STRUCTURE E-1-0-predictor 17 4 {'classification': 'Counterexample candidate', 'parameters': [48.493288268493686, -3.6561530221195486e-05, -2.916906892065628e-11], 'interface_max': 5.194455976464951e-14, 'radius_m': np.float64(68817132.48343927), 'mass_geom_m': np.float64(291.68717246172474), 'baryon_g': 3.925101446571372e+32, 'EOS_calls': 2991202, 'direct_calls': 78626, 'physical_EOS_certified': False, 'boundary': 'Nonzero photospheric pressure; exterior is a boundary normalization, not a solved radiating atmosphere.'}
E-1-0-predictor PASS import {'logrho': 7.105427357601002e-15, 'logT': 5.329070518200751e-15, 'X_absolute': 3.3306690738754696e-16, 'dm_relative': 5.995204332975845e-15}
TRACE E-1-0-predictor 5735 native calls
CHART SOURCE E-1-0-predictor 0
CHART SOURCE E-1-0-predictor 1000
CHART SOURCE E-1-0-predictor 2000
CHART SOURCE E-1-0-predictor 3000
CHART SOURCE E-1-0-predictor 4000
CHART SOURCE E-1-0-predictor 5000
GR EOS table E-1-0-corrector 17 0
GR EOS table E-1-0-corrector 17 1000
GR EOS table E-1-0-corrector 17 2000
GR EOS table E-1-0-corrector 17 3000
GR EOS table E-1-0-corrector 17 4000
GR EOS table E-1-0-corrector 17 5000
GR STRUCTURE E-1-0-corrector 17 4 {'classification': 'Counterexample candidate', 'parameters': [48.493288268497075, -3.6561301963228223e-05, -2.916162097328525e-11], 'interface_max': 5.684341886080802e-14, 'radius_m': np.float64(68817132.49914733), 'mass_geom_m': np.float64(291.6871724617269), 'baryon_g': 3.925101446571372e+32, 'EOS_calls': 1594870, 'direct_calls': 41862, 'physical_EOS_certified': False, 'boundary': 'Nonzero photospheric pressure; exterior is a boundary normalization, not a solved radiating atmosphere.'}
ENTHALPY PATH 1 energy 9.951855847420947e-07
