create eosDT_data
bzip2 -d eosDT_data.tar.bz2
eosDT_data/
eosDT_data/._COPIES_OF_HIGH_Z_WITH_RADIATION
eosDT_data/COPIES_OF_HIGH_Z_WITH_RADIATION
eosDT_data/mesa-eosDT_00z00x.data
eosDT_data/mesa-eosDT_00z100x.data
eosDT_data/._mesa-eosDT_00z20x.data
eosDT_data/mesa-eosDT_00z20x.data
eosDT_data/mesa-eosDT_00z40x.data
eosDT_data/mesa-eosDT_00z60x.data
eosDT_data/._mesa-eosDT_00z80x.data
eosDT_data/mesa-eosDT_00z80x.data
eosDT_data/mesa-eosDT_01z00x.data
eosDT_data/._mesa-eosDT_02z00x.data
eosDT_data/mesa-eosDT_02z00x.data
eosDT_data/._mesa-eosDT_02z20x.data
eosDT_data/mesa-eosDT_02z20x.data
eosDT_data/mesa-eosDT_02z40x.data
eosDT_data/mesa-eosDT_02z60x.data
eosDT_data/mesa-eosDT_02z80x.data
eosDT_data/mesa-eosDT_04z00x.data
eosDT_data/mesa-eosDT_04z20x.data
eosDT_data/mesa-eosDT_04z40x.data
eosDT_data/mesa-eosDT_04z60x.data
eosDT_data/._mesa-eosDT_04z80x.data
eosDT_data/mesa-eosDT_04z80x.data
eosDT_data/._mesa-no-rad-eosDT_00z00x.data
eosDT_data/mesa-no-rad-eosDT_00z00x.data
eosDT_data/mesa-no-rad-eosDT_00z100x.data
eosDT_data/mesa-no-rad-eosDT_00z20x.data
eosDT_data/mesa-no-rad-eosDT_00z40x.data
eosDT_data/mesa-no-rad-eosDT_00z60x.data
eosDT_data/mesa-no-rad-eosDT_00z80x.data
eosDT_data/mesa-no-rad-eosDT_02z00x.data
eosDT_data/mesa-no-rad-eosDT_02z20x.data
eosDT_data/mesa-no-rad-eosDT_02z40x.data
eosDT_data/._mesa-no-rad-eosDT_02z60x.data
eosDT_data/mesa-no-rad-eosDT_02z60x.data
eosDT_data/mesa-no-rad-eosDT_02z80x.data
eosDT_data/._mesa-no-rad-eosDT_04z00x.data
eosDT_data/mesa-no-rad-eosDT_04z00x.data
eosDT_data/mesa-no-rad-eosDT_04z20x.data
eosDT_data/mesa-no-rad-eosDT_04z40x.data
eosDT_data/mesa-no-rad-eosDT_04z60x.data
eosDT_data/mesa-no-rad-eosDT_04z80x.data
eosDT_data/._mesa-no-rad-eosDT_100z00x_CO_0.data
eosDT_data/mesa-no-rad-eosDT_100z00x_CO_0.data
eosDT_data/._mesa-no-rad-eosDT_100z00x_CO_1.data
eosDT_data/mesa-no-rad-eosDT_100z00x_CO_1.data
eosDT_data/mesa-no-rad-eosDT_20z00x.data
eosDT_data/mesa-no-rad-eosDT_20z20x.data
eosDT_data/mesa-no-rad-eosDT_20z40x.data
eosDT_data/mesa-no-rad-eosDT_20z60x.data
eosDT_data/mesa-no-rad-eosDT_20z80x.data
eosDT_highZ/
eosDT_highZ/mesa-eosDT_100z00x.data
eosDT_highZ/._mesa-eosDT_100z00x_CO_0.data
eosDT_highZ/mesa-eosDT_100z00x_CO_0.data
eosDT_highZ/._mesa-eosDT_100z00x_CO_1.data
eosDT_highZ/mesa-eosDT_100z00x_CO_1.data
eosDT_highZ/mesa-eosDT_20z00x.data
eosDT_highZ/mesa-eosDT_20z20x.data
eosDT_highZ/mesa-eosDT_20z40x.data
eosDT_highZ/mesa-eosDT_20z60x.data
eosDT_highZ/mesa-eosDT_20z80x.data
helm_table.dat
export macdonald_eosDT data
bzip2 -d eosDT_macdonald_data.tar.bz2
eosDT_macdonald_data/
eosDT_macdonald_data/macdonald-eosDT_00z00x.data
eosDT_macdonald_data/macdonald-eosDT_00z100x.data
eosDT_macdonald_data/macdonald-eosDT_00z20x.data
eosDT_macdonald_data/macdonald-eosDT_00z40x.data
eosDT_macdonald_data/macdonald-eosDT_00z60x.data
eosDT_macdonald_data/macdonald-eosDT_00z80x.data
eosDT_macdonald_data/macdonald-eosDT_02z00x.data
eosDT_macdonald_data/macdonald-eosDT_02z20x.data
eosDT_macdonald_data/macdonald-eosDT_02z40x.data
eosDT_macdonald_data/macdonald-eosDT_02z60x.data
eosDT_macdonald_data/macdonald-eosDT_02z80x.data
eosDT_macdonald_data/macdonald-eosDT_04z00x.data
eosDT_macdonald_data/macdonald-eosDT_04z20x.data
eosDT_macdonald_data/macdonald-eosDT_04z40x.data
eosDT_macdonald_data/macdonald-eosDT_04z60x.data
eosDT_macdonald_data/macdonald-eosDT_04z80x.data
eosDT_macdonald_data/macdonald-eosDT_100z00x.data
eosDT_macdonald_data/macdonald-eosDT_100z00x_CO_0.data
eosDT_macdonald_data/macdonald-eosDT_100z00x_CO_1.data
eosDT_macdonald_data/macdonald-eosDT_20z00x.data
eosDT_macdonald_data/macdonald-eosDT_20z20x.data
eosDT_macdonald_data/macdonald-eosDT_20z40x.data
eosDT_macdonald_data/macdonald-eosDT_20z60x.data
eosDT_macdonald_data/macdonald-eosDT_20z80x.data
create eosPT_data
eosPT_data/
eosPT_data/mesa-eosPT_00z00x.data
eosPT_data/mesa-eosPT_00z100x.data
eosPT_data/mesa-eosPT_00z20x.data
eosPT_data/mesa-eosPT_00z40x.data
eosPT_data/mesa-eosPT_00z60x.data
eosPT_data/mesa-eosPT_00z80x.data
eosPT_data/mesa-eosPT_02z00x.data
eosPT_data/mesa-eosPT_02z20x.data
eosPT_data/mesa-eosPT_02z40x.data
eosPT_data/mesa-eosPT_02z60x.data
eosPT_data/mesa-eosPT_02z80x.data
eosPT_data/mesa-eosPT_04z00x.data
eosPT_data/mesa-eosPT_04z20x.data
eosPT_data/mesa-eosPT_04z40x.data
eosPT_data/mesa-eosPT_04z60x.data
eosPT_data/mesa-eosPT_04z80x.data
eosPT_highZ/
eosPT_highZ/._mesa-eosPT_100z00x.data
eosPT_highZ/mesa-eosPT_100z00x.data
eosPT_highZ/._mesa-eosPT_100z00x_CO_0.data
eosPT_highZ/mesa-eosPT_100z00x_CO_0.data
eosPT_highZ/._mesa-eosPT_100z00x_CO_1.data
eosPT_highZ/mesa-eosPT_100z00x_CO_1.data
eosPT_highZ/mesa-eosPT_20z00x.data
eosPT_highZ/mesa-eosPT_20z20x.data
eosPT_highZ/mesa-eosPT_20z40x.data
eosPT_highZ/mesa-eosPT_20z60x.data
eosPT_highZ/mesa-eosPT_20z80x.data
export macdonald_eosPT data
bzip2 -d eosPT_macdonald_data.tar.bz2
eosPT_macdonald_data/
eosPT_macdonald_data/macdonald-eosPT_00z00x.data
eosPT_macdonald_data/macdonald-eosPT_00z100x.data
eosPT_macdonald_data/macdonald-eosPT_00z20x.data
eosPT_macdonald_data/macdonald-eosPT_00z40x.data
eosPT_macdonald_data/macdonald-eosPT_00z60x.data
eosPT_macdonald_data/macdonald-eosPT_00z80x.data
eosPT_macdonald_data/macdonald-eosPT_02z00x.data
eosPT_macdonald_data/macdonald-eosPT_02z20x.data
eosPT_macdonald_data/macdonald-eosPT_02z40x.data
eosPT_macdonald_data/macdonald-eosPT_02z60x.data
eosPT_macdonald_data/macdonald-eosPT_02z80x.data
eosPT_macdonald_data/macdonald-eosPT_04z00x.data
eosPT_macdonald_data/macdonald-eosPT_04z20x.data
eosPT_macdonald_data/macdonald-eosPT_04z40x.data
eosPT_macdonald_data/macdonald-eosPT_04z60x.data
eosPT_macdonald_data/macdonald-eosPT_04z80x.data
eosPT_macdonald_data/macdonald-eosPT_100z00x.data
eosPT_macdonald_data/macdonald-eosPT_100z00x_CO_0.data
eosPT_macdonald_data/macdonald-eosPT_100z00x_CO_1.data
eosPT_macdonald_data/macdonald-eosPT_20z00x.data
eosPT_macdonald_data/macdonald-eosPT_20z20x.data
eosPT_macdonald_data/macdonald-eosPT_20z40x.data
eosPT_macdonald_data/macdonald-eosPT_20z60x.data
eosPT_macdonald_data/macdonald-eosPT_20z80x.data
create eosDE_data
eosDE_data/
eosDE_data/mesa-eosDE_00z00x.data
eosDE_data/mesa-eosDE_00z100x.data
eosDE_data/mesa-eosDE_00z20x.data
eosDE_data/mesa-eosDE_00z40x.data
eosDE_data/mesa-eosDE_00z60x.data
eosDE_data/mesa-eosDE_00z80x.data
eosDE_data/mesa-eosDE_02z00x.data
eosDE_data/mesa-eosDE_02z20x.data
eosDE_data/mesa-eosDE_02z40x.data
eosDE_data/mesa-eosDE_02z60x.data
eosDE_data/mesa-eosDE_02z80x.data
eosDE_data/mesa-eosDE_04z00x.data
eosDE_data/mesa-eosDE_04z20x.data
eosDE_data/mesa-eosDE_04z40x.data
eosDE_data/mesa-eosDE_04z60x.data
eosDE_data/mesa-eosDE_04z80x.data
done
