create ionization_data
bzip2 -d ionization_data.tar.bz2
ionization_data/
ionization_data/cache/
ionization_data/ion_00z00x.data
ionization_data/ion_00z100x.data
ionization_data/ion_00z20x.data
ionization_data/ion_00z40x.data
ionization_data/ion_00z60x.data
ionization_data/ion_00z80x.data
ionization_data/ion_02z00x.data
ionization_data/ion_02z20x.data
ionization_data/ion_02z40x.data
ionization_data/ion_02z60x.data
ionization_data/ion_02z80x.data
ionization_data/ion_04z00x.data
ionization_data/ion_04z20x.data
ionization_data/ion_04z40x.data
ionization_data/ion_04z60x.data
ionization_data/ion_04z80x.data
ionization_data/ion_100z00x.data
ionization_data/ion_100z00x_CO_0.data
ionization_data/._ion_100z00x_CO_1.data
ionization_data/ion_100z00x_CO_1.data
ionization_data/ion_20z00x.data
ionization_data/ion_20z20x.data
ionization_data/ion_20z40x.data
ionization_data/ion_20z60x.data
ionization_data/ion_20z80x.data
ionization_data/._log_ne_fe56_he4.data
ionization_data/log_ne_fe56_he4.data
ionization_data/._logT_fe56_he4.data
ionization_data/logT_fe56_he4.data
ionization_data/._z_fe56_he4.data
ionization_data/z_fe56_he4.data
done
