

 read inlist_project
 read  /home/lpaiu/work/thermal-restart19/mesa-r7624/data/eosDT_data/helm_table.dat
 write /home/lpaiu/work/thermal-restart19/mesa-r7624/data/eosDT_data/cache/helm_table.bin
                                         version_number        7623
 read photos1/19000
create rate data for r34_pp2
create rate data for r34_pp3
create rate data for r_c12_ag_o16
create rate data for r_c12_ap_n15
create rate data for r_c12_pg_n13
create rate data for r_c13_pg_n14
create rate data for r_f17_ap_ne20
create rate data for r_f17_gp_o16
create rate data for r_f17_pa_o14
create rate data for r_f17_pg_ne18
create rate data for r_f17_wk_o17
create rate data for r_f18_gp_o17
create rate data for r_f18_pa_o15
create rate data for r_f18_pg_ne19
create rate data for r_f18_wk_o18
create rate data for r_f19_gp_o18
create rate data for r_f19_pa_o16
create rate data for r_f19_pg_ne20
create rate data for r_h1_he3_wk_he4
create rate data for r_he3_he3_to_h1_h1_he4
create rate data for r_he4_he4_he4_to_c12
create rate data for r_mg22_ga_ne18
create rate data for r_n13_ap_o16
create rate data for r_n13_gp_c12
create rate data for r_n13_pg_o14
create rate data for r_n13_wk_c13
create rate data for r_n14_ag_f18
create rate data for r_n14_ap_o17
create rate data for r_n14_gp_c13
create rate data for r_n14_pg_o15
create rate data for r_n15_ag_f19
create rate data for r_n15_ap_o18
create rate data for r_n15_pa_c12
create rate data for r_n15_pg_o16
create rate data for r_ne18_ag_mg22
create rate data for r_ne18_gp_f17
create rate data for r_ne18_wk_f18
create rate data for r_ne19_ga_o15
create rate data for r_ne19_gp_f18
create rate data for r_ne19_wk_f19
create rate data for r_ne20_ag_mg24
create rate data for r_ne20_gp_f19
create rate data for r_o14_ag_ne18
create rate data for r_o14_ap_f17
create rate data for r_o14_gp_n13
create rate data for r_o14_wk_n14
create rate data for r_o15_ag_ne19
create rate data for r_o15_ap_f18
create rate data for r_o15_gp_n14
create rate data for r_o15_wk_n15
create rate data for r_o16_ag_ne20
create rate data for r_o16_ap_f19
create rate data for r_o16_gp_n15
create rate data for r_o16_pg_f17
create rate data for r_o17_pa_n14
create rate data for r_o17_pg_f18
create rate data for r_o18_pa_n15
create rate data for r_o18_pg_f19
create rate data for rbe7ec_li7_aux
create rate data for rbe7pg_b8_aux
create rate data for rc12ap_aux
create rate data for rn14pg_aux
create rate data for rna23pa_aux
create rate data for rna23pg_aux
create rate data for rne18ap_to_mg22
create rate data for rne19pg_to_mg22
create rate data for rne20ap_aux
create rate data for rne20ap_to_mg24
create rate data for rne20pg_to_mg22
create rate data for ro16gp_aux
create rate data for rpep_to_he3
create rate data for rpp_to_he3
                       number being added to net cache:          72
write /home/lpaiu/work/thermal-restart19/mesa-r7624/data/rates_data/cache/r34_pp2_1.bin
write /home/lpaiu/work/thermal-restart19/mesa-r7624/data/rates_data/cache/r34_pp3_1.bin
write /home/lpaiu/work/thermal-restart19/mesa-r7624/data/rates_data/cache/r_c12_ag_o16_1.bin
write /home/lpaiu/work/thermal-restart19/mesa-r7624/data/rates_data/cache/r_c12_ap_n15_1.bin
write /home/lpaiu/work/thermal-restart19/mesa-r7624/data/rates_data/cache/r_c12_pg_n13_1.bin
write /home/lpaiu/work/thermal-restart19/mesa-r7624/data/rates_data/cache/r_c13_pg_n14_1.bin
write /home/lpaiu/work/thermal-restart19/mesa-r7624/data/rates_data/cache/r_f17_ap_ne20_1.bin
write /home/lpaiu/work/thermal-restart19/mesa-r7624/data/rates_data/cache/r_f17_gp_o16_1.bin
write /home/lpaiu/work/thermal-restart19/mesa-r7624/data/rates_data/cache/r_f17_pa_o14_1.bin
write /home/lpaiu/work/thermal-restart19/mesa-r7624/data/rates_data/cache/r_f17_pg_ne18_1.bin
write /home/lpaiu/work/thermal-restart19/mesa-r7624/data/rates_data/cache/r_f17_wk_o17_1.bin
write /home/lpaiu/work/thermal-restart19/mesa-r7624/data/rates_data/cache/r_f18_gp_o17_1.bin
write /home/lpaiu/work/thermal-restart19/mesa-r7624/data/rates_data/cache/r_f18_pa_o15_1.bin
write /home/lpaiu/work/thermal-restart19/mesa-r7624/data/rates_data/cache/r_f18_pg_ne19_1.bin
write /home/lpaiu/work/thermal-restart19/mesa-r7624/data/rates_data/cache/r_f18_wk_o18_1.bin
write /home/lpaiu/work/thermal-restart19/mesa-r7624/data/rates_data/cache/r_f19_gp_o18_1.bin
write /home/lpaiu/work/thermal-restart19/mesa-r7624/data/rates_data/cache/r_f19_pa_o16_1.bin
write /home/lpaiu/work/thermal-restart19/mesa-r7624/data/rates_data/cache/r_f19_pg_ne20_1.bin
write /home/lpaiu/work/thermal-restart19/mesa-r7624/data/rates_data/cache/r_h1_he3_wk_he4_1.bin
write /home/lpaiu/work/thermal-restart19/mesa-r7624/data/rates_data/cache/r_he3_he3_to_h1_h1_he4_1.bin
write /home/lpaiu/work/thermal-restart19/mesa-r7624/data/rates_data/cache/r_he4_he4_he4_to_c12_1.bin
write /home/lpaiu/work/thermal-restart19/mesa-r7624/data/rates_data/cache/r_mg22_ga_ne18_1.bin
write /home/lpaiu/work/thermal-restart19/mesa-r7624/data/rates_data/cache/r_n13_ap_o16_1.bin
write /home/lpaiu/work/thermal-restart19/mesa-r7624/data/rates_data/cache/r_n13_gp_c12_1.bin
write /home/lpaiu/work/thermal-restart19/mesa-r7624/data/rates_data/cache/r_n13_pg_o14_1.bin
write /home/lpaiu/work/thermal-restart19/mesa-r7624/data/rates_data/cache/r_n13_wk_c13_1.bin
write /home/lpaiu/work/thermal-restart19/mesa-r7624/data/rates_data/cache/r_n14_ag_f18_1.bin
write /home/lpaiu/work/thermal-restart19/mesa-r7624/data/rates_data/cache/r_n14_ap_o17_1.bin
write /home/lpaiu/work/thermal-restart19/mesa-r7624/data/rates_data/cache/r_n14_gp_c13_1.bin
write /home/lpaiu/work/thermal-restart19/mesa-r7624/data/rates_data/cache/r_n14_pg_o15_1.bin
write /home/lpaiu/work/thermal-restart19/mesa-r7624/data/rates_data/cache/r_n15_ag_f19_1.bin
write /home/lpaiu/work/thermal-restart19/mesa-r7624/data/rates_data/cache/r_n15_ap_o18_1.bin
write /home/lpaiu/work/thermal-restart19/mesa-r7624/data/rates_data/cache/r_n15_pa_c12_1.bin
write /home/lpaiu/work/thermal-restart19/mesa-r7624/data/rates_data/cache/r_n15_pg_o16_1.bin
write /home/lpaiu/work/thermal-restart19/mesa-r7624/data/rates_data/cache/r_ne18_ag_mg22_1.bin
write /home/lpaiu/work/thermal-restart19/mesa-r7624/data/rates_data/cache/r_ne18_gp_f17_1.bin
write /home/lpaiu/work/thermal-restart19/mesa-r7624/data/rates_data/cache/r_ne18_wk_f18_1.bin
write /home/lpaiu/work/thermal-restart19/mesa-r7624/data/rates_data/cache/r_ne19_ga_o15_1.bin
write /home/lpaiu/work/thermal-restart19/mesa-r7624/data/rates_data/cache/r_ne19_gp_f18_1.bin
write /home/lpaiu/work/thermal-restart19/mesa-r7624/data/rates_data/cache/r_ne19_wk_f19_1.bin
write /home/lpaiu/work/thermal-restart19/mesa-r7624/data/rates_data/cache/r_ne20_ag_mg24_1.bin
write /home/lpaiu/work/thermal-restart19/mesa-r7624/data/rates_data/cache/r_ne20_gp_f19_1.bin
write /home/lpaiu/work/thermal-restart19/mesa-r7624/data/rates_data/cache/r_o14_ag_ne18_1.bin
write /home/lpaiu/work/thermal-restart19/mesa-r7624/data/rates_data/cache/r_o14_ap_f17_1.bin
write /home/lpaiu/work/thermal-restart19/mesa-r7624/data/rates_data/cache/r_o14_gp_n13_1.bin
write /home/lpaiu/work/thermal-restart19/mesa-r7624/data/rates_data/cache/r_o14_wk_n14_1.bin
write /home/lpaiu/work/thermal-restart19/mesa-r7624/data/rates_data/cache/r_o15_ag_ne19_1.bin
write /home/lpaiu/work/thermal-restart19/mesa-r7624/data/rates_data/cache/r_o15_ap_f18_1.bin
write /home/lpaiu/work/thermal-restart19/mesa-r7624/data/rates_data/cache/r_o15_gp_n14_1.bin
write /home/lpaiu/work/thermal-restart19/mesa-r7624/data/rates_data/cache/r_o15_wk_n15_1.bin
write /home/lpaiu/work/thermal-restart19/mesa-r7624/data/rates_data/cache/r_o16_ag_ne20_1.bin
write /home/lpaiu/work/thermal-restart19/mesa-r7624/data/rates_data/cache/r_o16_ap_f19_1.bin
write /home/lpaiu/work/thermal-restart19/mesa-r7624/data/rates_data/cache/r_o16_gp_n15_1.bin
write /home/lpaiu/work/thermal-restart19/mesa-r7624/data/rates_data/cache/r_o16_pg_f17_1.bin
write /home/lpaiu/work/thermal-restart19/mesa-r7624/data/rates_data/cache/r_o17_pa_n14_1.bin
write /home/lpaiu/work/thermal-restart19/mesa-r7624/data/rates_data/cache/r_o17_pg_f18_1.bin
write /home/lpaiu/work/thermal-restart19/mesa-r7624/data/rates_data/cache/r_o18_pa_n15_1.bin
write /home/lpaiu/work/thermal-restart19/mesa-r7624/data/rates_data/cache/r_o18_pg_f19_1.bin
write /home/lpaiu/work/thermal-restart19/mesa-r7624/data/rates_data/cache/rbe7ec_li7_aux_1.bin
write /home/lpaiu/work/thermal-restart19/mesa-r7624/data/rates_data/cache/rbe7pg_b8_aux_1.bin
write /home/lpaiu/work/thermal-restart19/mesa-r7624/data/rates_data/cache/rc12ap_aux_1.bin
write /home/lpaiu/work/thermal-restart19/mesa-r7624/data/rates_data/cache/rn14pg_aux_1.bin
write /home/lpaiu/work/thermal-restart19/mesa-r7624/data/rates_data/cache/rna23pa_aux_1.bin
write /home/lpaiu/work/thermal-restart19/mesa-r7624/data/rates_data/cache/rna23pg_aux_1.bin
write /home/lpaiu/work/thermal-restart19/mesa-r7624/data/rates_data/cache/rne18ap_to_mg22_1.bin
write /home/lpaiu/work/thermal-restart19/mesa-r7624/data/rates_data/cache/rne19pg_to_mg22_1.bin
write /home/lpaiu/work/thermal-restart19/mesa-r7624/data/rates_data/cache/rne20ap_aux_1.bin
write /home/lpaiu/work/thermal-restart19/mesa-r7624/data/rates_data/cache/rne20ap_to_mg24_1.bin
write /home/lpaiu/work/thermal-restart19/mesa-r7624/data/rates_data/cache/rne20pg_to_mg22_1.bin
write /home/lpaiu/work/thermal-restart19/mesa-r7624/data/rates_data/cache/ro16gp_aux_1.bin
write /home/lpaiu/work/thermal-restart19/mesa-r7624/data/rates_data/cache/rpep_to_he3_1.bin
write /home/lpaiu/work/thermal-restart19/mesa-r7624/data/rates_data/cache/rpp_to_he3_1.bin
write /home/lpaiu/work/thermal-restart19/mesa-r7624/data/eosDT_data/cache/mesa-eosDT_00z00x.bin
write /home/lpaiu/work/thermal-restart19/mesa-r7624/data/eosDT_data/cache/mesa-eosDT_00z20x.bin
write /home/lpaiu/work/thermal-restart19/mesa-r7624/data/eosDT_data/cache/mesa-eosDT_00z40x.bin
write /home/lpaiu/work/thermal-restart19/mesa-r7624/data/eosDT_data/cache/mesa-eosDT_00z60x.bin
write /home/lpaiu/work/thermal-restart19/mesa-r7624/data/eosDT_data/cache/mesa-eosDT_00z80x.bin
write /home/lpaiu/work/thermal-restart19/mesa-r7624/data/eosDT_data/cache/mesa-eosDT_00z100x.bin
write /home/lpaiu/work/thermal-restart19/mesa-r7624/data/eosDT_data/cache/mesa-eosDT_02z00x.bin
write /home/lpaiu/work/thermal-restart19/mesa-r7624/data/eosDT_data/cache/mesa-eosDT_02z20x.bin
write /home/lpaiu/work/thermal-restart19/mesa-r7624/data/eosDT_data/cache/mesa-eosDT_02z40x.bin
write /home/lpaiu/work/thermal-restart19/mesa-r7624/data/eosDT_data/cache/mesa-eosDT_02z60x.bin
write /home/lpaiu/work/thermal-restart19/mesa-r7624/data/eosDT_data/cache/mesa-eosDT_02z80x.bin
write /home/lpaiu/work/thermal-restart19/mesa-r7624/data/eosDT_data/cache/mesa-eosDT_04z00x.bin
write /home/lpaiu/work/thermal-restart19/mesa-r7624/data/eosDT_data/cache/mesa-eosDT_04z20x.bin
write /home/lpaiu/work/thermal-restart19/mesa-r7624/data/eosDT_data/cache/mesa-eosDT_04z40x.bin
write /home/lpaiu/work/thermal-restart19/mesa-r7624/data/eosDT_data/cache/mesa-eosDT_04z60x.bin
write /home/lpaiu/work/thermal-restart19/mesa-r7624/data/eosDT_data/cache/mesa-eosDT_04z80x.bin
write /home/lpaiu/work/thermal-restart19/mesa-r7624/data/eosDT_data/cache/mesa-eosDT_20z00x.bin
write /home/lpaiu/work/thermal-restart19/mesa-r7624/data/eosDT_data/cache/mesa-eosDT_20z20x.bin
write /home/lpaiu/work/thermal-restart19/mesa-r7624/data/eosDT_data/cache/mesa-eosDT_20z40x.bin
write /home/lpaiu/work/thermal-restart19/mesa-r7624/data/eosDT_data/cache/mesa-eosDT_20z60x.bin
write /home/lpaiu/work/thermal-restart19/mesa-r7624/data/eosDT_data/cache/mesa-eosDT_20z80x.bin
write /home/lpaiu/work/thermal-restart19/mesa-r7624/data/eosDT_data/cache/mesa-eosDT_100z00x_CO_1.bin
 change to cno_extras.net
 number of species =          21
 new_rotation_flag = T
 net name cno_extras.net
 extra_terminal_output_file: log1
 rotation_flag = T
                                               tau_base    2.5118800000000000D+01
 kappa_file_prefix gn93
 kappa_lowT_prefix lowT_fa05_gs98
   eos_file_prefix mesa
                                        OMP_NUM_THREADS           1


__________________________________________________________________________________________________________________________________________________

       step    lg_Tcntr    Teff       lg_LH     lg_Lnuc     Mass       H_rich     H_cntr     N_cntr     Y_surf     X_avg     eta_cntr  zones retry
   lg_dt_yr    lg_Dcntr    lg_R       lg_L3a    lg_Lneu     lg_Mdot    He_core    He_cntr    O_cntr     Z_surf     Y_avg     gam_cntr  iters bckup
     age_yr    lg_Pcntr    lg_L       lg_LZ     lg_Psurf    lg_Dsurf   C_core     C_cntr     Ne_cntr    Z_cntr     Z_avg     v_div_cs     dt_limit
__________________________________________________________________________________________________________________________________________________

 central hydrogen    1.0000658822842177E-099
save profile for model number        19000
save LOGS1/profile1.data for model 19000


write /home/lpaiu/work/thermal-restart19/mesa-r7624/data/eosDE_data/cache/mesa-eosDE_00z00x.bin
write /home/lpaiu/work/thermal-restart19/mesa-r7624/data/eosDE_data/cache/mesa-eosDE_00z20x.bin
write /home/lpaiu/work/thermal-restart19/mesa-r7624/data/eosDE_data/cache/mesa-eosDE_00z40x.bin
write /home/lpaiu/work/thermal-restart19/mesa-r7624/data/eosDE_data/cache/mesa-eosDE_00z60x.bin
write /home/lpaiu/work/thermal-restart19/mesa-r7624/data/eosDE_data/cache/mesa-eosDE_00z80x.bin
write /home/lpaiu/work/thermal-restart19/mesa-r7624/data/eosDE_data/cache/mesa-eosDE_00z100x.bin
write /home/lpaiu/work/thermal-restart19/mesa-r7624/data/eosDE_data/cache/mesa-eosDE_02z00x.bin
write /home/lpaiu/work/thermal-restart19/mesa-r7624/data/eosDE_data/cache/mesa-eosDE_02z20x.bin
write /home/lpaiu/work/thermal-restart19/mesa-r7624/data/eosDE_data/cache/mesa-eosDE_02z40x.bin
write /home/lpaiu/work/thermal-restart19/mesa-r7624/data/eosDE_data/cache/mesa-eosDE_02z60x.bin
write /home/lpaiu/work/thermal-restart19/mesa-r7624/data/eosDE_data/cache/mesa-eosDE_02z80x.bin
write /home/lpaiu/work/thermal-restart19/mesa-r7624/data/eosDE_data/cache/mesa-eosDE_04z00x.bin
write /home/lpaiu/work/thermal-restart19/mesa-r7624/data/eosDE_data/cache/mesa-eosDE_04z20x.bin
write /home/lpaiu/work/thermal-restart19/mesa-r7624/data/eosDE_data/cache/mesa-eosDE_04z40x.bin
write /home/lpaiu/work/thermal-restart19/mesa-r7624/data/eosDE_data/cache/mesa-eosDE_04z60x.bin
write /home/lpaiu/work/thermal-restart19/mesa-r7624/data/eosDE_data/cache/mesa-eosDE_04z80x.bin
 star_info_older_arrays failed for xa_older
 action           2
 check_sizes failed for s older
 check_sizes failed
                star               model                 age                mass             lg_mdot           (r-rl)/rl          last photo
                   1               19001     5.744503808E+09     1.979610631E-01    -9.900000000E+01    -9.457799171E-01        photos1/19000
hydro_newton_step returned ierr
       retry cnt, step, log10(dt/yr), retry_factor     1 19001        0.098192        0.500000
 star_info_older_arrays failed for xa_older
 action           2
 check_sizes failed for s older
 check_sizes failed
                star               model                 age                mass             lg_mdot           (r-rl)/rl          last photo
                   1               19001     5.744503808E+09     1.979610631E-01    -9.900000000E+01    -9.457799171E-01        photos1/19000
hydro_newton_step returned ierr
       retry cnt, step, log10(dt/yr), retry_factor     2 19001       -0.202838        0.500000
 star_info_older_arrays failed for xa_older
 action           2
 check_sizes failed for s older
 check_sizes failed
                star               model                 age                mass             lg_mdot           (r-rl)/rl          last photo
                   1               19001     5.744503808E+09     1.979610631E-01    -9.900000000E+01    -9.457799171E-01        photos1/19000
 have reached retry limit so now backup
 bad dimensions for xa_old          22          21        3095        3095
                star               model                 age                mass             lg_mdot           (r-rl)/rl          last photo
                   1               19000     5.744503808E+09     1.979610631E-01    -9.900000000E+01    -9.458230509E-01        photos1/19000
same interpolation x values at     3    4 for p_dkap_dlnrho_at_face
                                0.5d0*(dq(k-2)+dq(k-1))    3.3146576885920855-310
                                  0.5d0*(dq(k-1)+dq(k))    2.0219244070303959-315
                                  0.5d0*(dq(k)+dq(k+1))    0.0000000000000000D+00
                                                dq(k-2)           1    6.6292749386960303-310
                                                dq(k-1)           2    4.0438488140607917-315
STOP interp_val_to_pt
                                                  dq(k)           3    0.0000000000000000D+00
                                                dq(k+1)           4    0.0000000000000000D+00
