-- The Fortran compiler identification is GNU 11.4.0
-- Detecting Fortran compiler ABI info
-- Detecting Fortran compiler ABI info - done
-- Check for working Fortran compiler: /usr/bin/f95 - skipped
-- Could NOT find LAPACK (missing: LAPACK_DIR)
-- Looking for Fortran sgemm
-- Looking for Fortran sgemm - not found
-- Looking for Fortran dgemm
-- Looking for Fortran dgemm - found
-- Found BLAS: /usr/lib/x86_64-linux-gnu/libblas.so;/usr/lib/x86_64-linux-gnu/libf77blas.so;/usr/lib/x86_64-linux-gnu/libatlas.so  
-- Looking for Fortran cheev
-- Looking for Fortran cheev - not found
-- Looking for Fortran cheev
-- Looking for Fortran cheev - found
-- Found LAPACK: /usr/lib/x86_64-linux-gnu/liblapack.so;/usr/lib/x86_64-linux-gnu/libblas.so;/usr/lib/x86_64-linux-gnu/libf77blas.so;/usr/lib/x86_64-linux-gnu/libatlas.so  
-- LAPACK_LINKER_FLAGS = 
-- LAPACK_LIBRARIES = /usr/lib/x86_64-linux-gnu/liblapack.so;/usr/lib/x86_64-linux-gnu/libblas.so;/usr/lib/x86_64-linux-gnu/libf77blas.so;/usr/lib/x86_64-linux-gnu/libatlas.so
-- LAPACK_RPATH = /usr/lib/x86_64-linux-gnu
-- Configuring done
-- Generating done

Summary of CMake-based build system results for FreeEOS

Install location variables which can be set by the user.  N.B. These
variables are ordered by decreasing degree of generality, with the
_default_ values of the later ones in the list determined by the
values of variables earlier in the list.  So, for example, it is
usually sufficient in the vast majority of cases to just set
CMAKE_INSTALL_PREFIX, and the rest of these variables are adjusted
accordingly (at least for a fresh configuration), and it is rare
indeed that is is necessary for a user to set any variable here
that appears late in this list.


CMAKE_INSTALL_PREFIX: /usr/local
CMAKE_INSTALL_EXEC_PREFIX: /usr/local
CMAKE_INSTALL_BINDIR: /usr/local/bin
CMAKE_INSTALL_DATADIR: /usr/local/share
CMAKE_INSTALL_LIBDIR: /usr/local/lib
CMAKE_INSTALL_INFODIR: /usr/local/share/info
CMAKE_INSTALL_MANDIR: /usr/local/share/man
CMAKE_INSTALL_MODDIR: /usr/local/lib/fortran/modules/free_eos
CMAKE_INSTALL_DOCDIR: /usr/local/share/doc/free_eos


Other important CMake variables:

CMake information:
CMAKE_VERSION:		3.22.1
CMAKE_SYSTEM_NAME:	Linux
CMAKE_BUILD_TYPE:	Release

CMake system information:
UNIX:			1
WIN32:			
APPLE:			
MSVC:			
(MSVC_VERSION:		)
MINGW:			
MSYS:			
CYGWIN:			

CMake compiler information:
CMAKE_Fortran_COMPILER:	/usr/bin/f95
CMAKE_Fortran_FLAGS:	

CMake linker information:
BUILD_SHARED_LIBS:	ON

FreeEOS version:
FREE_EOS_VERSION:	3.0.0

CMake Error at cmake/modules/free_eos_functions.cmake:180 (add_executable):
  Target "free_eos_compare" links to target "FreeEOS::free_eos_utils" but the
  target was not found.  Perhaps a find_package() call is missing for an
  IMPORTED target, or an ALIAS target is missing?
Call Stack (most recent call first):
  document_FreeEOS/figure_utils/CMakeLists.txt:69 (configure_executable_build)


CMake Error at cmake/modules/free_eos_functions.cmake:180 (add_executable):
  Target "free_eos_grid" links to target "FreeEOS::free_eos_utils" but the
  target was not found.  Perhaps a find_package() call is missing for an
  IMPORTED target, or an ALIAS target is missing?
Call Stack (most recent call first):
  document_FreeEOS/figure_utils/CMakeLists.txt:69 (configure_executable_build)


CMake Error at cmake/modules/free_eos_functions.cmake:180 (add_executable):
  Target "free_eos_model" links to target "FreeEOS::free_eos_utils" but the
  target was not found.  Perhaps a find_package() call is missing for an
  IMPORTED target, or an ALIAS target is missing?
Call Stack (most recent call first):
  document_FreeEOS/figure_utils/CMakeLists.txt:69 (configure_executable_build)


CMake Error at cmake/modules/free_eos_functions.cmake:180 (add_executable):
  Target "free_eos_opal_model" links to target "FreeEOS::free_eos_utils" but
  the target was not found.  Perhaps a find_package() call is missing for an
  IMPORTED target, or an ALIAS target is missing?
Call Stack (most recent call first):
  document_FreeEOS/figure_utils/CMakeLists.txt:69 (configure_executable_build)


CMake Generate step failed.  Build files cannot be regenerated correctly.
