SELF ENERGY 64 16
SELF ENERGY 64 32
SELF ENERGY 64 48
SELF ENERGY 64 64
SELF ENERGY 128 16
SELF ENERGY 128 32
SELF ENERGY 128 48
SELF ENERGY 128 64
SELF ENERGY 128 80
SELF ENERGY 128 96
SELF ENERGY 128 112
SELF ENERGY 128 128
SELF CONTROL 2529 9.120260102690736e-12
SELF CONTROL 3330 7.654987754790454e-12
SELF CONTROL 4132 6.63140540257956e-08
SELF CONTROL 4933 1.8322313832808135e-06
SELF CONTROL 5734 3.4468947343047063e-06
Traceback (most recent call last):
  File "/mnt/e/lab/self-mass-unobservability/verification/gr_polarization_self_energy.py", line 133, in <module>
    if __name__=='__main__':globals()[sys.argv[1]]()
  File "/mnt/e/lab/self-mass-unobservability/verification/gr_polarization_self_energy.py", line 120, in run
    verify()
  File "/mnt/e/lab/self-mass-unobservability/verification/gr_polarization_self_energy.py", line 127, in verify
    assert r['passed'] and r['cells']==len(a['cells'])==3206
AssertionError
