patched ['def_native_cold_population.py', 'def_native_hydrogen_exchange.py']
modules 861 identical except the two library constants: ['def_native_cold_population.py', 'def_native_hydrogen_exchange.py']
copied grid-independent inputs 43
2026-09-27 12:31:56 bank start
cells 27
geometry bitwise vs PL/MHD 2x: {'r': True, 'a': True, 'B': True, 'rho': True, 'T': True, 'phi': True, 'edges': True, 'face_a': True, 'face_B': True, 'face_T': True, 'face_L': True, 'Einf': True, 'num': True, 'cx': True}
y0 cells 0-26 max relative change per cell [17.1064, 15.7029, 14.2796, 12.7636, 11.0428, 8.9531, 6.3756, 3.6511, 2.0219, 1.2265, 0.6625, 0.3083, 0.1198, 0.038, 0.0109, 0.0048, 0.0039, 0.0038, 0.0038, 0.0038, 0.0038, 0.0038, 0.0038, 0.0038, 0.0038, 0.0038, 0.0038]
thermo cells 0-26 max relative change per cell [17.1065, 148.5714, 29.3535, 13.6835, 11.043, 8.9536, 6.3757, 3.6511, 2.0219, 143.5294, 71.1686, 0.8475, 13.4766, 9.5677, 0.876, 3.8657, 3.2766, 4.6314, 3.5452, 2.1711, 1.3716, 1.7874, 1.346, 1.7828, 1.971, 2.1846, 2.1461]
raw cells 0-26 max relative change per cell [0.111, 0.066, 0.0356, 0.0176, 0.0089, 0.005, 0.0076, 0.0437, 0.077, 0.0573, 0.0298, 0.0102, 0.0031, 0.002, 0.0007, 0.0003, 0.0003, 0.0002, 0.0001, 0.0, 0.0, 0.0, 0.0, 0.0, 0.0, 0.0, 0.0]
coeff cells 0-26 max relative change per cell [5132.2723, 4449.006, 3830.0883, 29502.5752, 2719.5174, 2187.691, 1651.4243, 1148.3212, 839.2977, 670.6183, 528.8518, 411.4697, 316.4291, 241.6599, 190.1224, 164.8435, 158.2772, 157.1268, 156.9326, 156.8963, 156.8884, 156.8864, 156.8858, 156.8856, 156.8855, 156.8855, 156.8855]
native derivative errors (PL-off) [1.7e-09, 1.7e-09, 1.7e-09, 1.7e-09, 1.7e-09, 1.7e-09, 1.7e-09, 1.7e-09, 1.6e-09, 1.6e-09, 1.7e-09, 1.7e-09, 1.8e-09, 1.8e-09, 1.8e-09, 1.8e-09, 1.7e-09, 1.7e-09, 1.7e-09, 1.6e-09, 1.7e-09, 1.7e-09, 1.7e-09, 1.7e-09, 1.7e-09, 1.6e-09, 1.7e-09]
2026-09-27 12:32:47 thermal start
rates cells 0-26 max relative change per cell vs PL/MHD 2x [7499.7206, 6462.0892, 5536.593, 4694.747, 3905.913, 3135.5397, 2362.9824, 1640.4535, 1197.3915, 955.8431, 753.0711, 585.5367, 449.9188, 343.269, 267.0933, 230.1117, 220.6717, 219.0186, 218.7377, 218.6847, 218.6731, 218.6701, 218.6692, 218.6689, 218.6688, 218.6688, 218.6688]
2026-09-27 12:33:08 initial start
initial state (539,) anchors 27 native err 2.980002620185185e-07 inventory 2.9419825950394163e-16 matched True
2026-09-27 12:33:16 template and undriven start
cells 539 deep 27
{"classification": "Counterexample candidate", "steps": 128, "completed": 128, "seconds": 191.41958329699997, "local_steps": 484, "conserved_Killing_balance": 9.666117452749568e-13, "prior_state_change": null, "prior_source_change": null, "exact_owner_port_relative": 0.0, "complete": true, "passed": true, "full_source_error_enclosed": false, "final_charge_solved": false, "construct_seconds": 0.9024464710000046}
191.54 s 749152 KB
2026-09-27 12:36:29 phase-150 bank start
cells 539
2026-09-27 12:36:43 photon bank points: 17
2026-09-27 12:36:43 born and placeholders start (plan JSON set aside, sha256 ccb73f069081c5b3af2e3e952c30a8f9bdffae4df3a336d73953ad26a770fdc4)
{"cells": 539, "files": 9}
2026-09-27 12:36:57 smoke start
self-created alias accepted: retained-motion-return151-work/immutable-coupled-128.npz -> /home/lpaiu/work/native-eos269-runtime/retained-native-return150-work/immutable-coupled-128.npz
existence checks 53 disagreements []
{"label": "smoke-01", "limit": 1, "restart": null, "construct_seconds": 7.415649712000004, "passed": true, "fallbacks": 0, "nonlinear_exception": null, "nonlinear_exceptions": [], "vector_gate_exception": null, "vector_gate_exceptions": [], "vector_gate_exception_max": null, "seconds": 153.02329447300002, "peak_RSS_bytes": 2251628544}
2026-09-27 12:39:26 prepared
