CONSERVATIVE TWO CARRIER STEP 1 {"classification": "Counterexample candidate", "step": 0, "time_seconds": 0.0, "elapsed_seconds": 4.1087993609999955, "maximum_changes": [0.0, 0.0, 0.0, 0.0, 0.0], "maximum_local_energy_defect": 0.0, "maximum_local_baryon_defect": 0.0, "maximum_isotope_inventory_defect": 0.0, "isotope_inventory_defects": [0.0, 0.0, 0.0, 0.0, 0.0, 0.0, 0.0, 0.0, 0.0, 0.0, 0.0, 0.0, 0.0, 0.0, 0.0, 0.0, 0.0, 0.0, 0.0, 0.0, 0.0, 0.0, 0.0, 0.0, 0.0, 0.0], "total_energy_defect_over_initial_heat_capacity": 0.0, "relative_total_baryon_defect": 0.0, "maximum_local_rest_characteristic_speed_over_c": 0.32270080250607924, "maximum_characteristic_imaginary_part": 0.0, "sampled_cone_inside_light_cone": true}
NATIVE COMPOSITION RESPONSES 9454
CONSERVATIVE NATIVE STAGE 1 1 0 35280885.25103955
CONSERVATIVE NATIVE STAGE 1 1 1 9643699.533095343
CONSERVATIVE NATIVE STAGE 1 1 2 223785.16923623945
CONSERVATIVE NATIVE STAGE 1 1 3 78.99294791564947
CONSERVATIVE NATIVE STAGE 1 1 4 7.172184563926931
CONSERVATIVE NATIVE STAGE 1 1 5 0.002277186412318468
CONSERVATIVE TWO CARRIER STEP 1 {"classification": "Counterexample candidate", "step": 1, "time_seconds": 0.0002056500044464883, "elapsed_seconds": 162.381553548, "maximum_changes": [6.585052181220881e-10, 0.027531203515376905, 2.2779200758653668e-10, 3.7393695879977134e-11, 3.7393695794112303e-11], "maximum_local_energy_defect": 8.280558413146851e-13, "maximum_local_baryon_defect": 3.5348367651616896e-21, "maximum_isotope_inventory_defect": 5.796685092556654e-29, "isotope_inventory_defects": [-5.796685092556654e-29, -1.919680972269354e-46, -9.736699698438172e-34, 5.755350229259776e-29, -2.7055993575025014e-43, 3.3346444989596926e-36, 1.082756333471173e-41, -1.4743985381514235e-31, -4.05075293524798e-32, -2.813462010966008e-38, 2.7429384360888664e-30, 2.7822363277974923e-34, 8.489921283033292e-47, -1.957386479282234e-41, -3.591824724108793e-32, 3.602811413788592e-31, 1.571760057483127e-35, 1.572897062295272e-40, 3.7289427325065584e-40, 2.2669142816818996e-35, 5.665833248082837e-54, 2.683059723471843e-49, -2.5497128897718235e-32, 3.5225607057728624e-34, 6.209218774339042e-31, 8.28137782876176e-33], "total_energy_defect_over_initial_heat_capacity": 1.1168807967851902e-17, "relative_total_baryon_defect": 3.069409943859644e-30, "maximum_local_rest_characteristic_speed_over_c": 0.2962497667150492, "maximum_characteristic_imaginary_part": 0.0, "sampled_cone_inside_light_cone": true}
NATIVE COMPOSITION RESPONSES 9454
CONSERVATIVE NATIVE STAGE 1 2 0 86088467.28279182
CONSERVATIVE NATIVE STAGE 1 2 1 1161014.666909727
CONSERVATIVE NATIVE STAGE 1 2 2 79602.49366124954
CONSERVATIVE NATIVE STAGE 1 2 3 18.987196200230134
CONSERVATIVE NATIVE STAGE 1 2 4 0.7301809944532642
CONSERVATIVE TWO CARRIER STEP 1 {"classification": "Counterexample candidate", "step": 2, "time_seconds": 0.0004113000088929766, "elapsed_seconds": 302.871754477, "maximum_changes": [1.983296791835058e-09, 0.04717065946648239, 5.756639270892313e-10, 1.0960356031145065e-10, 1.0960356002187257e-10], "maximum_local_energy_defect": 1.9844786202787492e-10, "maximum_local_baryon_defect": 4.713115650143063e-21, "maximum_isotope_inventory_defect": 8.565587401172633e-29, "isotope_inventory_defects": [-8.263811224738178e-29, -3.0619556647781e-46, -1.3567902910187063e-33, 8.565587401172633e-29, -4.320705242640454e-43, 4.9526152046098555e-36, 1.6298114751811694e-41, -2.0496370741519276e-31, -5.651386576020381e-32, -4.755728314420855e-38, 3.882082789062468e-30, 3.871838482127128e-34, 1.2663428056707258e-46, -9.359248239995376e-40, -2.8900185237236812e-33, 4.992822641975527e-31, 1.9312436180726357e-35, 2.381262204524902e-40, 4.904155275646344e-40, 3.13765278379756e-35, 8.44312493851394e-54, 4.040711670364626e-49, 1.1333073297797136e-32, 3.3049245630497288e-34, 9.154859935062747e-31, 1.2523039043127198e-32], "total_energy_defect_over_initial_heat_capacity": 1.7428095812195973e-17, "relative_total_baryon_defect": 8.073517813499402e-30, "maximum_local_rest_characteristic_speed_over_c": 0.2708234908127014, "maximum_characteristic_imaginary_part": 0.0, "sampled_cone_inside_light_cone": true}
NATIVE COMPOSITION RESPONSES 9454
CONSERVATIVE NATIVE STAGE 1 3 0 241871907.87800485
CONSERVATIVE NATIVE STAGE 1 3 1 380415.9838453557
CONSERVATIVE NATIVE STAGE 1 3 2 8018.235684129009
CONSERVATIVE NATIVE STAGE 1 3 3 0.681989420621047
CONSERVATIVE TWO CARRIER STEP 1 {"classification": "Counterexample candidate", "step": 3, "time_seconds": 0.0006169500133394648, "elapsed_seconds": 426.91706969700004, "maximum_changes": [4.389493085546446e-09, 0.0559885650708414, 1.0276145333017535e-09, 1.9607411507667024e-10, 1.9607411456867218e-10], "maximum_local_energy_defect": 2.072273416218026e-10, "maximum_local_baryon_defect": 5.105875208391615e-21, "maximum_isotope_inventory_defect": 9.642178573780263e-29, "isotope_inventory_defects": [-9.642178573780263e-29, -3.812603902227486e-46, -1.7887122325713682e-33, 8.737462693240907e-29, -4.984726768334138e-43, 5.625644643375329e-36, 1.8401372586238323e-41, -2.303914830820229e-31, -6.331708262906725e-32, -5.330768900043518e-38, 4.132147064792636e-30, 4.26051337423701e-34, 1.4455035692760436e-46, -9.112757549311395e-40, -7.247116375058369e-32, 5.468492045760776e-31, 1.825827299668631e-35, 2.7006588297648803e-40, 5.543445587037994e-40, 3.1098582389571326e-35, 9.454584912121799e-54, 4.566537801118791e-49, 1.1722078811441468e-33, 2.888780622973927e-34, 9.960559211220388e-31, 1.2977014791782868e-32], "total_energy_defect_over_initial_heat_capacity": 1.1794426278214887e-17, "relative_total_baryon_defect": -3.725155972572243e-30, "maximum_local_rest_characteristic_speed_over_c": 0.25750655414395623, "maximum_characteristic_imaginary_part": 0.0, "sampled_cone_inside_light_cone": true}
NATIVE COMPOSITION RESPONSES 9454
CONSERVATIVE NATIVE STAGE 1 4 0 454542396.80527693
CONSERVATIVE NATIVE STAGE 1 4 1 72787.80080519259
CONSERVATIVE NATIVE STAGE 1 4 2 125.93034020357585
CONSERVATIVE NATIVE STAGE 1 4 3 0.027384035032047574
CONSERVATIVE TWO CARRIER STEP 1 {"classification": "Counterexample candidate", "step": 4, "time_seconds": 0.0008226000177859532, "elapsed_seconds": 546.7551338159999, "maximum_changes": [8.084670098174093e-09, 0.05408880050380638, 1.522703342714399e-09, 2.6732059431919176e-10, 2.6732059369279885e-10], "maximum_local_energy_defect": 2.511476628741645e-10, "maximum_local_baryon_defect": 5.23679520789357e-21, "maximum_isotope_inventory_defect": 1.0704664800182482e-28, "isotope_inventory_defects": [-1.0704664800182482e-28, -4.463896238340739e-46, -1.8846611978102985e-33, 9.652505879160732e-29, -5.128523726651421e-43, 5.952392617473698e-36, 1.9248626371509263e-41, -2.4799210964822685e-31, -6.778845372126657e-32, -5.655708571546637e-38, 4.225301301751963e-30, 4.490123837388024e-34, 1.4872103871997212e-46, -1.1873098446771009e-39, -1.3343803263077532e-31, 5.823004844224682e-31, 2.102099312261567e-35, 2.81767560010607e-40, 5.87020270644778e-40, 2.9818068755610726e-35, 9.799311440018753e-54, 4.764290615966798e-49, -1.651238952723563e-32, 8.655541733369571e-34, 1.0417241286478492e-30, 1.2071853386457513e-32], "total_energy_defect_over_initial_heat_capacity": 1.548013451495988e-17, "relative_total_baryon_defect": -5.1264358016005255e-30, "maximum_local_rest_characteristic_speed_over_c": 0.2690141620443717, "maximum_characteristic_imaginary_part": 0.0, "sampled_cone_inside_light_cone": true}
NATIVE COMPOSITION RESPONSES 9454
CONSERVATIVE NATIVE STAGE 1 5 0 690158022.8864223
CONSERVATIVE NATIVE STAGE 1 5 1 114028.18824992217
CONSERVATIVE NATIVE STAGE 1 5 2 1533.0697136223548
CONSERVATIVE NATIVE STAGE 1 5 3 1.7670134217253952
CONSERVATIVE NATIVE STAGE 1 5 4 0.0008865099870180963
CONSERVATIVE TWO CARRIER STEP 1 {"classification": "Counterexample candidate", "step": 5, "time_seconds": 0.0010282500222324414, "elapsed_seconds": 680.465527501, "maximum_changes": [1.3077072752781943e-08, 0.04395790124096542, 1.997730193710769e-09, 2.993614694760194e-10, 2.9936146889550825e-10], "maximum_local_energy_defect": 2.6983704861882304e-10, "maximum_local_baryon_defect": 5.280435189414355e-21, "maximum_isotope_inventory_defect": 1.1212976891904036e-28, "isotope_inventory_defects": [-1.1212976891904036e-28, -4.785208444867462e-46, -1.4375142239285315e-33, 1.0146843809330353e-28, -5.26908157908555e-43, 6.126021360082242e-36, 1.968558192232089e-41, -2.5582681535612804e-31, -6.989258167365654e-32, -6.207946172242932e-38, 4.322029101122068e-30, 4.607447636901763e-34, 1.4716239198568535e-46, -2.2339170473972698e-39, -1.4100650784204756e-31, 5.974015031935682e-31, 2.0498081493856665e-35, 2.866423699722072e-40, 5.700221156513455e-40, 2.972019329214242e-35, 9.93520781725405e-54, 4.8462681081169315e-49, -8.291989860939145e-33, 1.0171797840960444e-33, 1.0799610807489833e-30, 1.2201683972260202e-32], "total_energy_defect_over_initial_heat_capacity": 1.7309975826972085e-17, "relative_total_baryon_defect": -5.124658671581155e-30, "maximum_local_rest_characteristic_speed_over_c": 0.28107039705987724, "maximum_characteristic_imaginary_part": 0.0, "sampled_cone_inside_light_cone": true}
NATIVE COMPOSITION RESPONSES 9454
CONSERVATIVE NATIVE STAGE 1 6 0 914344957.6951993
CONSERVATIVE NATIVE STAGE 1 6 1 430314.0464295827
CONSERVATIVE NATIVE STAGE 1 6 2 20965.568816382096
CONSERVATIVE NATIVE STAGE 1 6 3 1.3504881744642432
CONSERVATIVE NATIVE STAGE 1 6 4 0.11288716569594459
CONSERVATIVE TWO CARRIER STEP 1 {"classification": "Counterexample candidate", "step": 6, "time_seconds": 0.0012339000266789297, "elapsed_seconds": 823.864704091, "maximum_changes": [1.921683262522666e-08, 0.03797455298240346, 2.409578153099761e-09, 2.8045883188351754e-10, 2.8045883150889184e-10], "maximum_local_energy_defect": 2.823904551374759e-10, "maximum_local_baryon_defect": 5.2949819020571694e-21, "maximum_isotope_inventory_defect": 1.1376401293949546e-28, "isotope_inventory_defects": [-1.1376401293949546e-28, -4.9670162052039535e-46, -9.43229734583266e-34, 1.0230732860841834e-28, -5.278241532924108e-43, 6.263318705382215e-36, 1.9974644195052174e-41, -2.57835271652694e-31, -7.020267929264124e-32, -6.340059975800243e-38, 4.334075054986872e-30, 4.6513965196147035e-34, 1.4838817196703291e-46, -2.4096714004305725e-39, -1.4605491961665386e-31, 5.971097469861926e-31, 1.907946161213651e-35, 2.903380717097778e-40, 5.823948747719795e-40, 2.878879732846593e-35, 1.0084815397851922e-53, 4.9094587473260996e-49, -3.803258505320479e-33, 1.1440814220057905e-33, 1.0933525272265434e-30, 1.205356367044086e-32], "total_energy_defect_over_initial_heat_capacity": 2.2021392861287427e-17, "relative_total_baryon_defect": -5.89726962767864e-30, "maximum_local_rest_characteristic_speed_over_c": 0.28877779546021376, "maximum_characteristic_imaginary_part": 0.0, "sampled_cone_inside_light_cone": true}
NATIVE COMPOSITION RESPONSES 9454
CONSERVATIVE NATIVE STAGE 1 7 0 1102074114.7639587
CONSERVATIVE NATIVE STAGE 1 7 1 551838.2019223226
CONSERVATIVE NATIVE STAGE 1 7 2 25854.682569802488
CONSERVATIVE NATIVE STAGE 1 7 3 5.988187035032202
CONSERVATIVE NATIVE STAGE 1 7 4 0.06289800784236949
CONSERVATIVE TWO CARRIER STEP 1 {"classification": "Counterexample candidate", "step": 7, "time_seconds": 0.0014395500311254182, "elapsed_seconds": 955.070087216, "maximum_changes": [2.6267537457478953e-08, 0.03323832894694078, 2.744945260593052e-09, 2.1806153643365117e-10, 2.1806153634911491e-10], "maximum_local_energy_defect": 2.8425778621605395e-10, "maximum_local_baryon_defect": 5.299830869693311e-21, "maximum_isotope_inventory_defect": 1.1293768740672848e-28, "isotope_inventory_defects": [-1.1293768740672848e-28, -4.9820878804235966e-46, -5.951123845126862e-34, 1.0693431150147177e-28, -5.233809561693332e-43, 6.336992300754821e-36, 2.012346787036278e-41, -2.588949668552343e-31, -7.043524103060356e-32, -6.404257018920387e-38, 4.41217556166496e-30, 4.70761256014013e-34, 1.4948782240028142e-46, -2.4987528371043773e-39, -1.1901829986572134e-31, 5.998135790848003e-31, 1.9080569016639206e-35, 2.9237068564337117e-40, 5.908748667502991e-40, 2.9223424128438307e-35, 1.0144545890232767e-53, 4.9437036841594455e-49, 1.3045264948204121e-32, 1.2368760575171825e-33, 1.1342144281376632e-30, 1.2609644413430042e-32], "total_energy_defect_over_initial_heat_capacity": 2.6524231069163162e-17, "relative_total_baryon_defect": -2.786994037523674e-31, "maximum_local_rest_characteristic_speed_over_c": 0.2893975481101188, "maximum_characteristic_imaginary_part": 0.0, "sampled_cone_inside_light_cone": true}
NATIVE COMPOSITION RESPONSES 9454
CONSERVATIVE NATIVE STAGE 1 8 0 1242731490.1145692
CONSERVATIVE NATIVE STAGE 1 8 1 308239.2791946552
CONSERVATIVE NATIVE STAGE 1 8 2 6405.340928228916
CONSERVATIVE NATIVE STAGE 1 8 3 1.3970095311193018
CONSERVATIVE NATIVE STAGE 1 8 4 0.0014783631592763709
CONSERVATIVE TWO CARRIER STEP 1 {"classification": "Counterexample candidate", "step": 8, "time_seconds": 0.0016452000355719064, "elapsed_seconds": 1083.3543718009998, "maximum_changes": [3.398564594738657e-08, 0.028882574991635816, 3.0187132118712172e-09, 1.4680513134304219e-10, 1.4680513111618927e-10], "maximum_local_energy_defect": 2.8518089659102385e-10, "maximum_local_baryon_defect": 5.301447218974642e-21, "maximum_isotope_inventory_defect": 1.1232884003891204e-28, "isotope_inventory_defects": [-1.1232884003891204e-28, -4.980420964150479e-46, -3.9745746119345985e-34, 1.0821582357363163e-28, -5.234345481988274e-43, 6.368227914727708e-36, 2.0197055903360352e-41, -2.592332881136496e-31, -7.049715805203495e-32, -6.418163968393907e-38, 4.4347072784015716e-30, 4.7259375043410435e-34, 1.502025955484656e-46, -2.4918544531805267e-39, -1.0590478798326656e-31, 6.008459299246503e-31, 1.924093312313882e-35, 2.9349608027645778e-40, 5.9502964481683326e-40, 2.949033803183618e-35, 1.0171986349844383e-53, 4.9613740501759405e-49, 1.8630645121339734e-32, 1.2653414583516011e-33, 1.1483672339453654e-30, 1.2797172498978497e-32], "total_energy_defect_over_initial_heat_capacity": 3.0465895622601183e-17, "relative_total_baryon_defect": 1.66809129321749e-30, "maximum_local_rest_characteristic_speed_over_c": 0.29574781248849025, "maximum_characteristic_imaginary_part": 0.0, "sampled_cone_inside_light_cone": true}
CONSERVATIVE TWO CARRIER STEP 2 {"classification": "Counterexample candidate", "step": 0, "time_seconds": 0.0, "elapsed_seconds": 4.30347470699985, "maximum_changes": [0.0, 0.0, 0.0, 0.0, 0.0], "maximum_local_energy_defect": 0.0, "maximum_local_baryon_defect": 0.0, "maximum_isotope_inventory_defect": 0.0, "isotope_inventory_defects": [0.0, 0.0, 0.0, 0.0, 0.0, 0.0, 0.0, 0.0, 0.0, 0.0, 0.0, 0.0, 0.0, 0.0, 0.0, 0.0, 0.0, 0.0, 0.0, 0.0, 0.0, 0.0, 0.0, 0.0, 0.0, 0.0], "total_energy_defect_over_initial_heat_capacity": 0.0, "relative_total_baryon_defect": 0.0, "maximum_local_rest_characteristic_speed_over_c": 0.32270080250607924, "maximum_characteristic_imaginary_part": 0.0, "sampled_cone_inside_light_cone": true}
NATIVE COMPOSITION RESPONSES 9454
CONSERVATIVE NATIVE STAGE 2 1 0 17640442.625519775
CONSERVATIVE NATIVE STAGE 2 1 1 1638789.5768933096
CONSERVATIVE NATIVE STAGE 2 1 2 299.1048025896988
CONSERVATIVE NATIVE STAGE 2 1 3 0.3903185105563034
CONSERVATIVE TWO CARRIER STEP 2 {"classification": "Counterexample candidate", "step": 1, "time_seconds": 0.00010282500222324415, "elapsed_seconds": 114.30387039999982, "maximum_changes": [9.511074904925702e-11, 0.01654211219281484, 6.471396661767254e-11, 8.601138423319237e-12, 8.601138400901566e-12], "maximum_local_energy_defect": 2.44020382346101e-10, "maximum_local_baryon_defect": 5.221602682383606e-22, "maximum_isotope_inventory_defect": 2.0883006081478863e-29, "isotope_inventory_defects": [-2.0883006081478863e-29, -1.3479960430956281e-46, 2.248361641250242e-34, 1.8433745056142782e-29, -1.205757111981221e-44, 3.3338000638216283e-37, 1.4324375548151097e-42, -4.5402787724764313e-32, -1.2707237757422813e-32, -9.411121791623836e-39, 8.220870943730342e-31, 7.9432260265859e-35, 6.93589119314968e-47, -2.797220787917856e-39, 6.562975943445035e-33, 9.316546993622811e-32, -5.980152534100689e-36, 2.1779434013687293e-41, 4.189783964083792e-40, 7.442443154039711e-36, 1.3745217700582946e-54, 1.6484059564022392e-49, 1.029416219636416e-32, 5.489556576989487e-34, 2.0753270130591135e-31, 2.888180277440505e-33], "total_energy_defect_over_initial_heat_capacity": 5.336637738234748e-19, "relative_total_baryon_defect": -1.3639854589727961e-30, "maximum_local_rest_characteristic_speed_over_c": 0.3102139574264487, "maximum_characteristic_imaginary_part": 0.0, "sampled_cone_inside_light_cone": true}
NATIVE COMPOSITION RESPONSES 9454
CONSERVATIVE NATIVE STAGE 2 2 0 10191262.039216066
CONSERVATIVE NATIVE STAGE 2 2 1 319216.8001597893
CONSERVATIVE NATIVE STAGE 2 2 2 16220.041562706916
CONSERVATIVE NATIVE STAGE 2 2 3 4.374825261125548
CONSERVATIVE NATIVE STAGE 2 2 4 0.012054123286878214
CONSERVATIVE TWO CARRIER STEP 2 {"classification": "Counterexample candidate", "step": 2, "time_seconds": 0.0002056500044464883, "elapsed_seconds": 233.80046612899991, "maximum_changes": [2.9491815681689865e-10, 0.03157085477580471, 1.7292891267809543e-10, 2.1936390325425646e-11, 2.1936390283724146e-11], "maximum_local_energy_defect": 3.236792166049364e-10, "maximum_local_baryon_defect": 6.962136713133895e-22, "maximum_isotope_inventory_defect": 3.166490026850651e-29, "isotope_inventory_defects": [-3.166490026850651e-29, -2.048698178446532e-46, 2.80826965668676e-34, 2.3547941073094768e-29, -1.5266550592755565e-44, 5.038852922762561e-37, 2.0362899556216582e-42, -6.385030634580264e-32, -1.7878909454662136e-32, -1.4920946326756174e-38, 1.1336272331500305e-30, 1.1113181637055562e-34, 8.940377026409073e-47, -4.212264245564254e-39, -2.1013522455347197e-32, 1.319264412016472e-31, -7.47079149004285e-36, 3.018166887699277e-41, 5.599693513113884e-40, 9.573240173192195e-36, 1.86312081588947e-54, 2.2178993114603487e-49, 6.257890133252747e-33, 7.0810763490194434e-34, 2.738305288278628e-31, 3.726940115146396e-33], "total_energy_defect_over_initial_heat_capacity": -9.952602343924055e-18, "relative_total_baryon_defect": -6.669230246253624e-30, "maximum_local_rest_characteristic_speed_over_c": 0.29558571515014803, "maximum_characteristic_imaginary_part": 0.0, "sampled_cone_inside_light_cone": true}
NATIVE COMPOSITION RESPONSES 9454
CONSERVATIVE NATIVE STAGE 2 3 0 26729334.71899541
CONSERVATIVE NATIVE STAGE 2 3 1 318991.97150922054
CONSERVATIVE NATIVE STAGE 2 3 2 12745.466600459953
CONSERVATIVE NATIVE STAGE 2 3 3 3.3697639116172433
CONSERVATIVE NATIVE STAGE 2 3 4 0.01409656898961637
CONSERVATIVE TWO CARRIER STEP 2 {"classification": "Counterexample candidate", "step": 3, "time_seconds": 0.0003084750066697324, "elapsed_seconds": 359.0690861879998, "maximum_changes": [6.832231215940307e-10, 0.04411615046442268, 3.326475970966434e-10, 6.096486346358787e-11, 6.096486329567279e-11], "maximum_local_energy_defect": 3.4744012102850206e-10, "maximum_local_baryon_defect": 7.542314566567379e-22, "maximum_isotope_inventory_defect": 3.8737201935550014e-29, "isotope_inventory_defects": [-3.8737201935550014e-29, -2.471673185715279e-46, 2.528003298880688e-34, 2.1631233535258692e-29, -1.4499527364666813e-44, 5.713677554488668e-37, 2.2387655311640114e-42, -7.315106453530055e-32, -2.0481465141950283e-32, -1.8276773872299766e-38, 1.220461831662948e-30, 1.2345971411036763e-34, 9.536639483549225e-47, -5.062966760639029e-39, -6.403499939416605e-32, 1.4789010508437843e-31, -1.0257727432471698e-35, 3.243326247503452e-41, 5.957506945710115e-40, 9.741542266105039e-36, 2.023582180369343e-54, 2.4038814972394197e-49, -6.923235710555659e-33, 7.73637889297785e-34, 2.861864417944219e-31, 3.8438674509552034e-33], "total_energy_defect_over_initial_heat_capacity": -2.261352908881448e-17, "relative_total_baryon_defect": -1.5611026990552147e-29, "maximum_local_rest_characteristic_speed_over_c": 0.28023234555151433, "maximum_characteristic_imaginary_part": 0.0, "sampled_cone_inside_light_cone": true}
NATIVE COMPOSITION RESPONSES 9454
CONSERVATIVE NATIVE STAGE 2 4 0 64821873.355751015
CONSERVATIVE NATIVE STAGE 2 4 1 251923.81602665863
CONSERVATIVE NATIVE STAGE 2 4 2 6585.738763761388
CONSERVATIVE NATIVE STAGE 2 4 3 0.8184821585413325
CONSERVATIVE TWO CARRIER STEP 2 {"classification": "Counterexample candidate", "step": 4, "time_seconds": 0.0004113000088929766, "elapsed_seconds": 466.13834560099986, "maximum_changes": [1.3316273218888245e-09, 0.053526194525966915, 5.384077328792558e-10, 1.1238859870752615e-10, 1.1238859837860349e-10], "maximum_local_energy_defect": 2.692585949525311e-10, "maximum_local_baryon_defect": 8.095213866654217e-22, "maximum_isotope_inventory_defect": 4.0869347016674906e-29, "isotope_inventory_defects": [-4.0869347016674906e-29, -2.6301738150513353e-46, 2.850921653624305e-34, 2.1765201976190984e-29, -1.2708971030774264e-44, 6.053476898922341e-37, 2.3137848786440846e-42, -7.671219673969461e-32, -2.1479126575778607e-32, -2.015389768678921e-38, 1.26202504072563e-30, 1.2859845142517985e-34, 9.61886945111755e-47, -5.5297066156569034e-39, -7.182283798178475e-32, 1.5439931531912912e-31, -1.0611104221026054e-35, 3.2984388211247817e-41, 6.0507931886521375e-40, 1.0003897911209835e-35, 2.0722136465588205e-54, 2.4617461502308064e-49, -8.256521309589093e-33, 7.915267008504081e-34, 2.9725535622398817e-31, 3.9272603857238266e-33], "total_energy_defect_over_initial_heat_capacity": -1.8581943126132795e-17, "relative_total_baryon_defect": -1.7563603554469883e-29, "maximum_local_rest_characteristic_speed_over_c": 0.26590178973403433, "maximum_characteristic_imaginary_part": 0.0, "sampled_cone_inside_light_cone": true}
NATIVE COMPOSITION RESPONSES 9454
CONSERVATIVE NATIVE STAGE 2 5 0 114548390.08068752
CONSERVATIVE NATIVE STAGE 2 5 1 149319.31434098477
CONSERVATIVE NATIVE STAGE 2 5 2 2181.5206488989525
CONSERVATIVE NATIVE STAGE 2 5 3 0.030665212720259447
CONSERVATIVE TWO CARRIER STEP 2 {"classification": "Counterexample candidate", "step": 5, "time_seconds": 0.0005141250111162207, "elapsed_seconds": 568.9714069229999, "maximum_changes": [2.297198251110532e-09, 0.05944812655983917, 7.793663474971394e-10, 1.6898375237816318e-10, 1.6898375188660658e-10], "maximum_local_energy_defect": 2.440288762441103e-10, "maximum_local_baryon_defect": 1.0793617457148616e-21, "maximum_isotope_inventory_defect": 4.2061942111653015e-29, "isotope_inventory_defects": [-4.2061942111653015e-29, -2.7212707214503e-46, 2.67612795502782e-34, 1.9816201428230564e-29, -1.2290599793099786e-44, 6.147784119234731e-37, 2.334334387796569e-42, -7.908985286973171e-32, -2.2134494529870302e-32, -2.1014556841591133e-38, 1.2681358003787488e-30, 1.3134542988621301e-34, 9.627401894057046e-47, -5.7462123054849405e-39, -8.033062645378961e-32, 1.5923873647058582e-31, -1.0493270840513015e-35, 3.300809349597742e-41, 6.058365478675326e-40, 1.0264740540818927e-35, 2.0864296432177512e-54, 2.479066442933576e-49, -1.5383105537007746e-32, 7.785502613149175e-34, 2.9369671623265683e-31, 3.9073376392100364e-33], "total_energy_defect_over_initial_heat_capacity": -8.656806578247912e-18, "relative_total_baryon_defect": -2.0716522297291244e-29, "maximum_local_rest_characteristic_speed_over_c": 0.2538315441782389, "maximum_characteristic_imaginary_part": 0.0, "sampled_cone_inside_light_cone": true}
NATIVE COMPOSITION RESPONSES 9454
CONSERVATIVE NATIVE STAGE 2 6 0 173227062.28399783
CONSERVATIVE NATIVE STAGE 2 6 1 49899.58833858198
CONSERVATIVE NATIVE STAGE 2 6 2 266.63000699608347
CONSERVATIVE NATIVE STAGE 2 6 3 0.005071135366294094
CONSERVATIVE TWO CARRIER STEP 2 {"classification": "Counterexample candidate", "step": 6, "time_seconds": 0.0006169500133394648, "elapsed_seconds": 677.1815319329999, "maximum_changes": [3.6196370042197692e-09, 0.061797172353259294, 1.0427001538904577e-09, 2.241165490880045e-10, 2.2411654845930178e-10], "maximum_local_energy_defect": 2.355298332216841e-10, "maximum_local_baryon_defect": 1.169308573839077e-21, "maximum_isotope_inventory_defect": 4.4481734853952663e-29, "isotope_inventory_defects": [-4.4481734853952663e-29, -2.8601145699162586e-46, 2.102860077681705e-34, 1.486058779198595e-29, -1.8988335565765809e-44, 6.148779562291035e-37, 2.3632944038870464e-42, -8.149496452937833e-32, -2.2773375941466104e-32, -2.194256675992851e-38, 1.2397771088412558e-30, 1.329966061681131e-34, 9.635883515160584e-47, -5.945490988260892e-39, -1.0886452742305278e-31, 1.6186228745114379e-31, -1.1486277073890217e-35, 3.319953735235773e-41, 5.980742809622946e-40, 9.749054583696069e-36, 2.100870660943269e-54, 2.489275114442426e-49, -2.839851600423954e-32, 7.661671855796e-34, 2.7767847392812425e-31, 3.718053843675731e-33], "total_energy_defect_over_initial_heat_capacity": -3.3827646941439807e-18, "relative_total_baryon_defect": -2.8178534218579415e-29, "maximum_local_rest_characteristic_speed_over_c": 0.25751998011255206, "maximum_characteristic_imaginary_part": 0.0, "sampled_cone_inside_light_cone": true}
NATIVE COMPOSITION RESPONSES 9454
CONSERVATIVE NATIVE STAGE 2 7 0 237662287.18125772
CONSERVATIVE NATIVE STAGE 2 7 1 26483.35062584846
CONSERVATIVE NATIVE STAGE 2 7 2 32.85599808556435
CONSERVATIVE NATIVE STAGE 2 7 3 0.0019206719591411084
CONSERVATIVE TWO CARRIER STEP 2 {"classification": "Counterexample candidate", "step": 7, "time_seconds": 0.0007197750155627091, "elapsed_seconds": 794.6307311599999, "maximum_changes": [5.319955487443564e-09, 0.06073521084090687, 1.3153822557755727e-09, 2.7213380905327156e-10, 2.721338083327372e-10], "maximum_local_energy_defect": 2.3266700033153475e-10, "maximum_local_baryon_defect": 1.1992908805051332e-21, "maximum_isotope_inventory_defect": 4.630751207036168e-29, "isotope_inventory_defects": [-4.630751207036168e-29, -2.955538503142024e-46, 2.290193657092715e-34, 1.1352046066470525e-29, -2.3314344873560193e-44, 6.100046938086828e-37, 2.367032823206323e-42, -8.31949204861464e-32, -2.3233433558387557e-32, -2.2470434924405194e-38, 1.2177252574360308e-30, 1.3389944109604838e-34, 9.623260052113322e-47, -6.069186005932141e-39, -1.3036455942712614e-31, 1.6392569995191208e-31, -1.2391449258467594e-35, 3.308658041043993e-41, 5.921289475346527e-40, 9.475899190161814e-36, 2.103477323820291e-54, 2.4905493987447807e-49, -3.8558113722533455e-32, 7.602465169401734e-34, 2.65245645990174e-31, 3.5744759083907126e-33], "total_energy_defect_over_initial_heat_capacity": 2.995945787222144e-18, "relative_total_baryon_defect": -3.35792250592778e-29, "maximum_local_rest_characteristic_speed_over_c": 0.2651079239799775, "maximum_characteristic_imaginary_part": 0.0, "sampled_cone_inside_light_cone": true}
NATIVE COMPOSITION RESPONSES 9454
CONSERVATIVE NATIVE STAGE 2 8 0 304514116.1715186
CONSERVATIVE NATIVE STAGE 2 8 1 38041.989962786494
CONSERVATIVE NATIVE STAGE 2 8 2 138.58844024282743
CONSERVATIVE NATIVE STAGE 2 8 3 0.012105072321343903
CONSERVATIVE TWO CARRIER STEP 2 {"classification": "Counterexample candidate", "step": 8, "time_seconds": 0.0008226000177859532, "elapsed_seconds": 915.427993623, "maximum_changes": [7.4007860924709425e-09, 0.05665132084701865, 1.5853391433442008e-09, 3.0835735795718213e-10, 3.083573572030421e-10], "maximum_local_energy_defect": 2.2744505707846264e-10, "maximum_local_baryon_defect": 1.2092850022020511e-21, "maximum_isotope_inventory_defect": 4.770076744229373e-29, "isotope_inventory_defects": [-4.770076744229373e-29, -3.024731093345479e-46, 2.51130834807417e-34, 8.732011627786597e-30, -2.600148035732933e-44, 6.030045266653093e-37, 2.3607337120878433e-42, -8.45674078937096e-32, -2.3614229600957037e-32, -2.3275488113514498e-38, 1.1992773047159689e-30, 1.3492464319487066e-34, 9.583283788366054e-47, -6.26723123957197e-39, -1.4409132720315755e-31, 1.6461020829828916e-31, -1.3572398776043755e-35, 3.269373413490594e-41, 5.83303697830056e-40, 9.183592176597374e-36, 2.1008999964166302e-54, 2.487339663241187e-49, -4.326709598543006e-32, 7.5542329827746224e-34, 2.6440083062073183e-31, 3.646110697562689e-33], "total_energy_defect_over_initial_heat_capacity": 1.2909087430792648e-17, "relative_total_baryon_defect": -3.7631223700874913e-29, "maximum_local_rest_characteristic_speed_over_c": 0.2732497636599549, "maximum_characteristic_imaginary_part": 0.0, "sampled_cone_inside_light_cone": true}
NATIVE COMPOSITION RESPONSES 9454
CONSERVATIVE NATIVE STAGE 2 9 0 370589676.5966926
CONSERVATIVE NATIVE STAGE 2 9 1 54831.41820562869
CONSERVATIVE NATIVE STAGE 2 9 2 134.54162883062673
CONSERVATIVE NATIVE STAGE 2 9 3 0.015841651054775745
CONSERVATIVE TWO CARRIER STEP 2 {"classification": "Counterexample candidate", "step": 9, "time_seconds": 0.0009254250200091973, "elapsed_seconds": 1028.074381853, "maximum_changes": [9.848106328366312e-09, 0.05013519768749714, 1.8423078770897202e-09, 3.290727419015757e-10, 3.290727411784146e-10], "maximum_local_energy_defect": 2.362655100086709e-10, "maximum_local_baryon_defect": 1.212616403455081e-21, "maximum_isotope_inventory_defect": 4.9227788114126414e-29, "isotope_inventory_defects": [-4.9227788114126414e-29, -3.108477948863982e-46, 2.3400911207200128e-34, 6.20434064317414e-30, -2.7668290958681743e-44, 5.984522377452675e-37, 2.3587954402409804e-42, -8.630373632602451e-32, -2.4092862248951765e-32, -2.3738957518538593e-38, 1.1876033754360777e-30, 1.363443815691137e-34, 9.565090221646967e-47, -6.382304938223454e-39, -1.6040579968295033e-31, 1.6664519298440195e-31, -1.4435880349216516e-35, 3.2499696949352107e-41, 5.780923282296623e-40, 9.075100462968518e-36, 2.0997426028300263e-54, 2.4858614190568545e-49, -5.061971844114832e-32, 7.48331509478351e-34, 2.577791663989413e-31, 3.6259268207558964e-33], "total_energy_defect_over_initial_heat_capacity": 1.8960196623050978e-17, "relative_total_baryon_defect": -4.172810192006639e-29, "maximum_local_rest_characteristic_speed_over_c": 0.28102064709288765, "maximum_characteristic_imaginary_part": 0.0, "sampled_cone_inside_light_cone": true}
NATIVE COMPOSITION RESPONSES 9454
CONSERVATIVE NATIVE STAGE 2 10 0 433082108.38098276
CONSERVATIVE NATIVE STAGE 2 10 1 74428.81996245681
CONSERVATIVE NATIVE STAGE 2 10 2 1076.676231504133
CONSERVATIVE NATIVE STAGE 2 10 3 0.2750738665226488
CONSERVATIVE TWO CARRIER STEP 2 {"classification": "Counterexample candidate", "step": 10, "time_seconds": 0.0010282500222324414, "elapsed_seconds": 1139.0744463, "maximum_changes": [1.2634107278682246e-08, 0.042032181349497474, 2.078488235808871e-09, 3.3170839792575806e-10, 3.317083972978003e-10], "maximum_local_energy_defect": 1.012926571419401e-10, "maximum_local_baryon_defect": 1.7363298339226492e-20, "maximum_isotope_inventory_defect": 5.172967589758729e-29, "isotope_inventory_defects": [-5.172967589758729e-29, -3.238045457144402e-46, 1.7560050653475393e-34, 8.438117824101007e-31, -3.4716339356047943e-44, 5.879312521310536e-37, 2.3474336329930884e-42, -8.746811939019387e-32, -2.4403120253455648e-32, -2.407349548065416e-38, 1.1322169779210527e-30, 1.3497868634383073e-34, 9.530512180478526e-47, -6.467089071356566e-39, -1.9508874847818972e-31, 1.654238354101717e-31, -1.6215115293486587e-35, 3.2190784094610215e-41, 5.7130268863608895e-40, 8.271816120351785e-36, 2.0951699934183105e-54, 2.481418241866541e-49, -6.438495159774108e-32, 7.372685411021502e-34, 2.3382488720647136e-31, 3.311131314875123e-33], "total_energy_defect_over_initial_heat_capacity": 2.3177635941215247e-17, "relative_total_baryon_defect": -4.9721391592010526e-29, "maximum_local_rest_characteristic_speed_over_c": 0.2874727074761235, "maximum_characteristic_imaginary_part": 0.0, "sampled_cone_inside_light_cone": true}
NATIVE COMPOSITION RESPONSES 9454
CONSERVATIVE NATIVE STAGE 2 11 0 489759657.88420194
CONSERVATIVE NATIVE STAGE 2 11 1 127292.73903871984
CONSERVATIVE NATIVE STAGE 2 11 2 3388.92218387767
CONSERVATIVE NATIVE STAGE 2 11 3 0.32237369445050523
CONSERVATIVE TWO CARRIER STEP 2 {"classification": "Counterexample candidate", "step": 11, "time_seconds": 0.0011310750244556856, "elapsed_seconds": 1256.5097099659997, "maximum_changes": [1.5720903790379626e-08, 0.03965205494921337, 2.289003663114995e-09, 3.152667290118487e-10, 3.1526672853562034e-10], "maximum_local_energy_defect": 9.170346457773629e-11, "maximum_local_baryon_defect": 2.3151064214440625e-20, "maximum_isotope_inventory_defect": 5.190103422051815e-29, "isotope_inventory_defects": [-5.190103422051815e-29, -3.2540690767224717e-46, 1.9772954145422116e-34, 9.172316566207096e-31, -3.5663545578977053e-44, 5.863448665487904e-37, 2.3451503295394255e-42, -8.792717916721244e-32, -2.449940887345038e-32, -2.417105553426162e-38, 1.1271504029574446e-30, 1.3536933683394748e-34, 9.521206179661638e-47, -6.492195765638032e-39, -1.9734910561722742e-31, 1.6522155592932377e-31, -1.638515311650919e-35, 3.211619735920507e-41, 5.699326407093517e-40, 8.041245377166435e-36, 2.0939879564103486e-54, 2.4803557013354474e-49, -6.430595788801362e-32, 7.433136327744951e-34, 2.3507778954587316e-31, 3.2495112618132184e-33], "total_energy_defect_over_initial_heat_capacity": 3.143257665984633e-17, "relative_total_baryon_defect": -4.9826116073387717e-29, "maximum_local_rest_characteristic_speed_over_c": 0.2917115979936495, "maximum_characteristic_imaginary_part": 0.0, "sampled_cone_inside_light_cone": true}
NATIVE COMPOSITION RESPONSES 9454
CONSERVATIVE NATIVE STAGE 2 12 0 539097378.0408328
CONSERVATIVE NATIVE STAGE 2 12 1 177294.67592597022
CONSERVATIVE NATIVE STAGE 2 12 2 5179.24113974512
CONSERVATIVE NATIVE STAGE 2 12 3 0.12756810617911096
CONSERVATIVE TWO CARRIER STEP 2 {"classification": "Counterexample candidate", "step": 12, "time_seconds": 0.0012339000266789297, "elapsed_seconds": 1366.10314905, "maximum_changes": [1.9064739981378803e-08, 0.036824927934127664, 2.4721378442064293e-09, 2.809110373042058e-10, 2.809110370206823e-10], "maximum_local_energy_defect": 6.885835676688283e-11, "maximum_local_baryon_defect": 2.5080319613216283e-20, "maximum_isotope_inventory_defect": 5.359470278385038e-29, "isotope_inventory_defects": [-5.359470278385038e-29, -3.3429466947004208e-46, 1.4647075854115967e-34, -2.654727925800064e-30, -4.298232831634079e-44, 5.871691345351719e-37, 2.381276447604514e-42, -8.852111682271399e-32, -2.4652942812642105e-32, -2.4148950527859147e-38, 1.0844619754225946e-30, 1.3394976776815606e-34, 9.578840082722617e-47, -6.448851095482439e-39, -2.2209721192347273e-31, 1.6380387357568624e-31, -1.7575516679344782e-35, 3.278989229992262e-41, 5.678255641463686e-40, 7.364016230938066e-36, 2.1089874646303915e-54, 2.4901135481254503e-49, -7.361671537315392e-32, 7.328698226265339e-34, 2.1756523956922773e-31, 2.984461480586824e-33], "total_energy_defect_over_initial_heat_capacity": 4.0264890710049905e-17, "relative_total_baryon_defect": -5.518849921160157e-29, "maximum_local_rest_characteristic_speed_over_c": 0.2931185413910246, "maximum_characteristic_imaginary_part": 0.0, "sampled_cone_inside_light_cone": true}
NATIVE COMPOSITION RESPONSES 9454
CONSERVATIVE NATIVE STAGE 2 13 0 580341362.3149153
CONSERVATIVE NATIVE STAGE 2 13 1 184789.74203233642
CONSERVATIVE NATIVE STAGE 2 13 2 4319.297352841252
CONSERVATIVE NATIVE STAGE 2 13 3 0.12097594012198584
CONSERVATIVE TWO CARRIER STEP 2 {"classification": "Counterexample candidate", "step": 13, "time_seconds": 0.001336725028902174, "elapsed_seconds": 1466.591430735, "maximum_changes": [2.262029640514688e-08, 0.033830462661476345, 2.6292819895976827e-09, 2.3241728381059574e-10, 2.3241728373790508e-10], "maximum_local_energy_defect": 5.212539904930312e-11, "maximum_local_baryon_defect": 2.5723404876965255e-20, "maximum_isotope_inventory_defect": 5.505536003585258e-29, "isotope_inventory_defects": [-5.505536003585258e-29, -3.4212875713605354e-46, 1.0984180973349833e-34, -6.7916734636156e-30, -4.853473155541444e-44, 5.802086831715644e-37, 2.384717088741411e-42, -8.90704698797744e-32, -2.4800652258885405e-32, -2.4285648889095677e-38, 1.0367618804526089e-30, 1.3222219500786634e-34, 9.573526031661618e-47, -6.470820459605107e-39, -2.4444596198451973e-31, 1.6248103073428613e-31, -1.8640692132075047e-35, 3.281946093548727e-41, 5.636144651523159e-40, 6.813659939332321e-36, 2.1105553048421417e-54, 2.4900508224503796e-49, -8.366826827220362e-32, 7.160516451785414e-34, 1.98655973183141e-31, 2.7189812187387657e-33], "total_energy_defect_over_initial_heat_capacity": 5.0266301807927485e-17, "relative_total_baryon_defect": -6.088745360252203e-29, "maximum_local_rest_characteristic_speed_over_c": 0.29161048888524443, "maximum_characteristic_imaginary_part": 0.0, "sampled_cone_inside_light_cone": true}
NATIVE COMPOSITION RESPONSES 9454
CONSERVATIVE NATIVE STAGE 2 14 0 613497556.1753508
CONSERVATIVE NATIVE STAGE 2 14 1 147543.1853572977
CONSERVATIVE NATIVE STAGE 2 14 2 2398.7648429086544
CONSERVATIVE NATIVE STAGE 2 14 3 0.1143622679963562
CONSERVATIVE TWO CARRIER STEP 2 {"classification": "Counterexample candidate", "step": 14, "time_seconds": 0.0014395500311254182, "elapsed_seconds": 1567.512844067, "maximum_changes": [2.6344682731763512e-08, 0.030915487761322972, 2.764537772396988e-09, 1.760874410314808e-10, 1.7608744116015157e-10], "maximum_local_energy_defect": 4.492784109838514e-11, "maximum_local_baryon_defect": 2.5937766795672587e-20, "maximum_isotope_inventory_defect": 5.732460737235016e-29, "isotope_inventory_defects": [-5.732460737235016e-29, -3.534377401743695e-46, 4.810231821722512e-35, -1.1624484825210835e-29, -5.498080548116662e-44, 5.693272974127832e-37, 2.377292096423937e-42, -8.942385202863407e-32, -2.4900781131740104e-32, -2.455887669326584e-38, 9.77551085046262e-31, 1.307704627736083e-34, 9.550847867653581e-47, -6.535934045632991e-39, -2.765268422936159e-31, 1.5924983344088016e-31, -2.0622276200216942e-35, 3.2608271793624866e-41, 5.574781442409932e-40, 5.9332419105137744e-36, 2.1081385256446856e-54, 2.487074533843327e-49, -9.347857047687156e-32, 6.882042923095593e-34, 1.8495323203291417e-31, 2.6175628089818023e-33], "total_energy_defect_over_initial_heat_capacity": 5.483153609194548e-17, "relative_total_baryon_defect": -6.810819714166087e-29, "maximum_local_rest_characteristic_speed_over_c": 0.288228138301077, "maximum_characteristic_imaginary_part": 0.0, "sampled_cone_inside_light_cone": true}
NATIVE COMPOSITION RESPONSES 9454
CONSERVATIVE NATIVE STAGE 2 15 0 639244897.6976012
CONSERVATIVE NATIVE STAGE 2 15 1 85649.88625455106
CONSERVATIVE NATIVE STAGE 2 15 2 790.9957110683553
CONSERVATIVE NATIVE STAGE 2 15 3 0.037163009499823325
CONSERVATIVE TWO CARRIER STEP 2 {"classification": "Counterexample candidate", "step": 15, "time_seconds": 0.0015423750333486623, "elapsed_seconds": 1665.4993394379999, "maximum_changes": [3.02007358466437e-08, 0.02828654089805567, 2.8839887559895727e-09, 1.5021914562192457e-10, 1.5021914538526443e-10], "maximum_local_energy_defect": 5.627379875522404e-11, "maximum_local_baryon_defect": 2.600922077571087e-20, "maximum_isotope_inventory_defect": 5.777473139580353e-29, "isotope_inventory_defects": [-5.777473139580353e-29, -3.568899736439536e-46, 7.005807605121248e-35, -1.3692685425958614e-29, -5.853654804221453e-44, 5.646956423588636e-37, 2.3739604682322348e-42, -8.959636385721024e-32, -2.494898731762791e-32, -2.47062791190993e-38, 9.529689060154288e-31, 1.3013826583512058e-34, 9.532831314009897e-47, -6.571865187151112e-39, -2.8381142601785187e-31, 1.5827006001885634e-31, -2.1138872093312129e-35, 3.249639899481653e-41, 5.544048573085269e-40, 5.769528996885627e-36, 2.1056758963977934e-54, 2.4850998287356743e-49, -9.710474928224555e-32, 6.737964241595614e-34, 1.800419730613563e-31, 2.580662112087893e-33], "total_energy_defect_over_initial_heat_capacity": 6.81892808835694e-17, "relative_total_baryon_defect": -7.066815735487944e-29, "maximum_local_rest_characteristic_speed_over_c": 0.2996319185884886, "maximum_characteristic_imaginary_part": 0.0, "sampled_cone_inside_light_cone": true}
NATIVE COMPOSITION RESPONSES 9454
CONSERVATIVE NATIVE STAGE 2 16 0 658785711.8737011
CONSERVATIVE NATIVE STAGE 2 16 1 30450.882498325023
CONSERVATIVE NATIVE STAGE 2 16 2 100.28232295029778
CONSERVATIVE NATIVE STAGE 2 16 3 0.011717363155540601
CONSERVATIVE TWO CARRIER STEP 2 {"classification": "Counterexample candidate", "step": 16, "time_seconds": 0.0016452000355719064, "elapsed_seconds": 1761.1093249769997, "maximum_changes": [3.415935271667884e-08, 0.026588999236157956, 2.9947478114004716e-09, 1.479399980827825e-10, 1.4793999785674888e-10], "maximum_local_energy_defect": 6.0657993233141e-11, "maximum_local_baryon_defect": 2.6033038857065672e-20, "maximum_isotope_inventory_defect": 5.868789916788605e-29, "isotope_inventory_defects": [-5.868789916788605e-29, -3.623476598309595e-46, 6.355564485061739e-35, -1.570450313070118e-29, -6.289692573003932e-44, 5.5692375667099235e-37, 2.3667357382553044e-42, -8.983158438943613e-32, -2.5014024050081254e-32, -2.483616182780928e-38, 9.299088645202857e-31, 1.2938824008047257e-34, 9.513768821622274e-47, -6.60374532747103e-39, -2.970534407693904e-31, 1.57321104062948e-31, -2.183914392791884e-35, 3.2332176733681253e-41, 5.506465321968834e-40, 5.4469351588033625e-36, 2.1027710206502077e-54, 2.482422896811142e-49, -1.0197461114162152e-31, 6.656251196330813e-34, 1.7131296848671374e-31, 2.4715305164663927e-33], "total_energy_defect_over_initial_heat_capacity": 7.997008582501025e-17, "relative_total_baryon_defect": -7.364441910364847e-29, "maximum_local_rest_characteristic_speed_over_c": 0.3084926174881942, "maximum_characteristic_imaginary_part": 0.0, "sampled_cone_inside_light_cone": true}
CONSERVATIVE TWO CARRIER STEP 4 {"classification": "Counterexample candidate", "step": 0, "time_seconds": 0.0, "elapsed_seconds": 3.9335394120003, "maximum_changes": [0.0, 0.0, 0.0, 0.0, 0.0], "maximum_local_energy_defect": 0.0, "maximum_local_baryon_defect": 0.0, "maximum_isotope_inventory_defect": 0.0, "isotope_inventory_defects": [0.0, 0.0, 0.0, 0.0, 0.0, 0.0, 0.0, 0.0, 0.0, 0.0, 0.0, 0.0, 0.0, 0.0, 0.0, 0.0, 0.0, 0.0, 0.0, 0.0, 0.0, 0.0, 0.0, 0.0, 0.0, 0.0], "total_energy_defect_over_initial_heat_capacity": 0.0, "relative_total_baryon_defect": 0.0, "maximum_local_rest_characteristic_speed_over_c": 0.32270080250607924, "maximum_characteristic_imaginary_part": 0.0, "sampled_cone_inside_light_cone": true}
NATIVE COMPOSITION RESPONSES 9454
CONSERVATIVE NATIVE STAGE 4 1 0 8820221.312759887
CONSERVATIVE NATIVE STAGE 4 1 1 232496.1851357575
CONSERVATIVE NATIVE STAGE 4 1 2 422.8843614028819
CONSERVATIVE NATIVE STAGE 4 1 3 0.05648676878436141
CONSERVATIVE TWO CARRIER STEP 4 {"classification": "Counterexample candidate", "step": 1, "time_seconds": 5.1412501111622075e-05, "elapsed_seconds": 97.7622735330001, "maximum_changes": [1.2945312158568649e-11, 0.008734541890862353, 1.942024218457687e-11, 7.419862684782564e-12, 7.419862643072925e-12], "maximum_local_energy_defect": 5.6486768784353516e-11, "maximum_local_baryon_defect": 5.529438638531691e-23, "maximum_isotope_inventory_defect": 6.168269393614481e-30, "isotope_inventory_defects": [-5.1793443533253264e-30, -3.163599681850958e-47, 2.1233193787979598e-35, 6.168269393614481e-30, -3.349181958166519e-45, 6.424755083164802e-38, 2.7649284410144506e-43, -2.290036596770454e-33, -5.006914787877906e-34, -3.547228895161298e-39, 8.585906597110045e-32, 8.936534292884003e-36, 1.6198874330559069e-47, -1.0210328648822722e-39, -3.089758653651616e-33, 4.550725386687046e-33, 6.549439558600328e-37, 6.648208203407292e-42, 2.6096161324732444e-40, -1.0147305675221831e-36, 3.7209832204725176e-55, 7.898728845442796e-50, 2.8857219194144236e-32, -6.136030322557986e-35, 6.557318671806168e-32, 4.7763174694537266e-34], "total_energy_defect_over_initial_heat_capacity": 7.212193343295723e-19, "relative_total_baryon_defect": 1.1683308921745957e-30, "maximum_local_rest_characteristic_speed_over_c": 0.31749962417850836, "maximum_characteristic_imaginary_part": 0.0, "sampled_cone_inside_light_cone": true}
NATIVE COMPOSITION RESPONSES 9454
CONSERVATIVE NATIVE STAGE 4 2 0 10895984.43522508
CONSERVATIVE NATIVE STAGE 4 2 1 57224.63836243107
CONSERVATIVE NATIVE STAGE 4 2 2 311.800677317989
CONSERVATIVE NATIVE STAGE 4 2 3 0.021375634604201783
CONSERVATIVE TWO CARRIER STEP 4 {"classification": "Counterexample candidate", "step": 2, "time_seconds": 0.00010282500222324415, "elapsed_seconds": 189.6791576149999, "maximum_changes": [3.8479768706018803e-11, 0.017265032861330177, 4.3297832670938387e-11, 8.447318843170833e-12, 8.447318788000752e-12], "maximum_local_energy_defect": 8.956611478173859e-11, "maximum_local_baryon_defect": 7.372579923905693e-23, "maximum_isotope_inventory_defect": 9.277655232413892e-30, "isotope_inventory_defects": [-7.238884358180876e-30, -4.610123169158964e-47, 9.458015712078043e-35, 9.277655232413892e-30, -3.900838139724535e-45, 1.0045178349440977e-37, 3.986455490444877e-43, -3.363616969657485e-33, -7.5966662349405264e-34, -6.261159907682487e-39, 1.3028744919371963e-31, 1.2980516921441082e-35, 1.8149861772579567e-47, -1.7045179740590986e-39, 1.723556793109865e-33, 7.735816029664838e-33, 1.669978215280571e-36, 8.72536615666682e-42, 3.4502912079117364e-40, -1.1620205098069245e-36, 4.898943576983317e-55, 1.0498665835182162e-49, 4.236452867813574e-32, -1.2186050723636705e-34, 9.406596823509598e-32, 6.354711078853594e-34], "total_energy_defect_over_initial_heat_capacity": 7.789013870590555e-18, "relative_total_baryon_defect": 2.3114466816756326e-30, "maximum_local_rest_characteristic_speed_over_c": 0.31125787070534033, "maximum_characteristic_imaginary_part": 0.0, "sampled_cone_inside_light_cone": true}
NATIVE COMPOSITION RESPONSES 9454
CONSERVATIVE NATIVE STAGE 4 3 0 7707421.828676722
CONSERVATIVE NATIVE STAGE 4 3 1 61230.761236986815
CONSERVATIVE NATIVE STAGE 4 3 2 1001.1945111671001
CONSERVATIVE NATIVE STAGE 4 3 3 0.06462588637787536
CONSERVATIVE TWO CARRIER STEP 4 {"classification": "Counterexample candidate", "step": 3, "time_seconds": 0.0001542375033348662, "elapsed_seconds": 281.5728493249999, "maximum_changes": [8.877617517449636e-11, 0.025424490091880227, 8.685962148101395e-11, 1.255173359812224e-11, 1.2551733564802662e-11], "maximum_local_energy_defect": 1.0404687455932721e-10, "maximum_local_baryon_defect": 7.986959014575512e-23, "maximum_isotope_inventory_defect": 9.251726020697099e-30, "isotope_inventory_defects": [-8.294282975355362e-30, -5.406506489310212e-47, 1.4245244724871824e-34, 9.251726020697099e-30, -7.095017253910159e-45, 1.1332857437376387e-37, 4.667947976031058e-43, -4.2018697014521456e-33, -9.771384407074874e-34, -7.207911917457432e-39, 1.3694490267252536e-31, 1.4416605901833314e-35, 1.9260708372650653e-47, -1.9214685340765137e-39, -1.2189012245781527e-33, 9.216943248173939e-33, 1.778189487394033e-36, 9.81509722958438e-42, 3.720354204436097e-40, -1.20428764755548e-36, 5.5373041846011415e-55, 1.1448629165064952e-49, 4.37160580165739e-32, -1.454408171119756e-34, 9.97445291230348e-32, 6.376854620892615e-34], "total_energy_defect_over_initial_heat_capacity": 1.611164649484379e-17, "relative_total_baryon_defect": 1.2413173616550683e-30, "maximum_local_rest_characteristic_speed_over_c": 0.3039920409619342, "maximum_characteristic_imaginary_part": 0.0, "sampled_cone_inside_light_cone": true}
NATIVE COMPOSITION RESPONSES 9454
CONSERVATIVE NATIVE STAGE 4 4 0 4508190.707947674
CONSERVATIVE NATIVE STAGE 4 4 1 65164.73649335955
CONSERVATIVE NATIVE STAGE 4 4 2 1336.7250628313882
CONSERVATIVE NATIVE STAGE 4 4 3 0.13180173591432245
CONSERVATIVE TWO CARRIER STEP 4 {"classification": "Counterexample candidate", "step": 4, "time_seconds": 0.0002056500044464883, "elapsed_seconds": 373.392061648, "maximum_changes": [1.77622911470833e-10, 0.03305158527069514, 1.4667985279828375e-10, 1.7752604151436208e-11, 1.7752604105430684e-11], "maximum_local_energy_defect": 1.3376228383309513e-10, "maximum_local_baryon_defect": 8.191752044799e-23, "maximum_isotope_inventory_defect": 1.1157171797843845e-29, "isotope_inventory_defects": [-7.863222677972844e-30, -5.424526058917432e-47, 2.2502236415251e-34, 1.1157171797843845e-29, -4.876429637226474e-45, 1.2468415971379545e-37, 4.988106647489936e-43, -4.4450395860731434e-33, -1.0471883635027976e-33, -8.092272697732916e-39, 1.6373446018401523e-31, 1.5977971111827034e-35, 1.9207361532901444e-47, -2.122583700251174e-39, 1.2410566108467093e-32, 1.0784676542860747e-32, 2.426388819689354e-36, 1.0122769871325761e-41, 3.7832707611049315e-40, -8.383697411992687e-37, 5.782700729488294e-55, 1.1763098587658017e-49, 5.00248783007794e-32, -1.5430817394515798e-34, 1.1257734578207784e-31, 7.940509955782533e-34], "total_energy_defect_over_initial_heat_capacity": 2.6806700242934878e-17, "relative_total_baryon_defect": 3.63887126465393e-30, "maximum_local_rest_characteristic_speed_over_c": 0.29601865957775364, "maximum_characteristic_imaginary_part": 0.0, "sampled_cone_inside_light_cone": true}
NATIVE COMPOSITION RESPONSES 9454
CONSERVATIVE NATIVE STAGE 4 5 0 10631084.660463445
CONSERVATIVE NATIVE STAGE 4 5 1 72680.62650170301
CONSERVATIVE NATIVE STAGE 4 5 2 1382.3684735859194
CONSERVATIVE NATIVE STAGE 4 5 3 0.13023382532794814
CONSERVATIVE TWO CARRIER STEP 4 {"classification": "Counterexample candidate", "step": 5, "time_seconds": 0.00025706250555811036, "elapsed_seconds": 465.2446653410002, "maximum_changes": [3.1522944239674936e-10, 0.040007190731994505, 2.2202917850563665e-10, 3.167200246416985e-11, 3.1672002384879815e-11], "maximum_local_energy_defect": 1.687405113054492e-10, "maximum_local_baryon_defect": 8.260016388204059e-23, "maximum_isotope_inventory_defect": 1.382888552738586e-29, "isotope_inventory_defects": [-6.61773505808369e-30, -3.593537164763094e-47, 3.2699158719744832e-34, 1.382888552738586e-29, 2.839976799247832e-45, 1.3581041226044242e-37, 5.14764046218827e-43, -4.5213921651938746e-33, -1.0740721211709203e-33, -8.651226494300484e-39, 1.9962600801598874e-31, 1.7786471155973188e-35, 1.9001170121989676e-47, -2.2536670841347834e-39, 3.46125867998302e-32, 1.2704156815546541e-32, 3.4421711540069315e-36, 1.0203621497897357e-41, 3.803686518772736e-40, -2.1801134356407945e-37, 5.860271974501593e-55, 1.1867175638636319e-49, 5.80821814906229e-32, -1.5417114715843503e-34, 1.2872141858161864e-31, 1.0242582247990198e-33], "total_energy_defect_over_initial_heat_capacity": 4.0745445227944086e-17, "relative_total_baryon_defect": 7.640519570500598e-30, "maximum_local_rest_characteristic_speed_over_c": 0.28771839689867634, "maximum_characteristic_imaginary_part": 0.0, "sampled_cone_inside_light_cone": true}
NATIVE COMPOSITION RESPONSES 9454
CONSERVATIVE NATIVE STAGE 4 6 0 19891815.245788094
CONSERVATIVE NATIVE STAGE 4 6 1 72911.72947713848
CONSERVATIVE NATIVE STAGE 4 6 2 1196.3884221426724
CONSERVATIVE NATIVE STAGE 4 6 3 0.09204647945190503
CONSERVATIVE TWO CARRIER STEP 4 {"classification": "Counterexample candidate", "step": 6, "time_seconds": 0.0003084750066697324, "elapsed_seconds": 557.2571563250003, "maximum_changes": [5.12101908327896e-10, 0.046180081916069204, 3.116453928416376e-10, 5.614279590224126e-11, 5.6142795739208776e-11], "maximum_local_energy_defect": 1.9568820188883143e-10, "maximum_local_baryon_defect": 9.019914465963766e-23, "maximum_isotope_inventory_defect": 1.6629981140289107e-29, "isotope_inventory_defects": [-5.693630260998552e-30, -2.801918225809196e-47, 3.892030082438202e-34, 1.6629981140289107e-29, 6.125288621430095e-45, 1.4096280066492002e-37, 5.347001003847639e-43, -4.394540761066081e-33, -1.03926915377971e-33, -8.809946744116595e-39, 2.3328103352297325e-31, 1.9314637648182607e-35, 1.909840777716209e-47, -2.282562070082613e-39, 5.025987875971988e-32, 1.3895599684269588e-32, 4.181964140384617e-36, 1.039426623104265e-41, 3.815389093612679e-40, 1.7841954276087675e-37, 6.0206111321038685e-55, 1.193454496191449e-49, 6.517669091327234e-32, -1.4438419127946584e-34, 1.4257255822649893e-31, 1.2061070723518761e-33], "total_energy_defect_over_initial_heat_capacity": 5.104226598333006e-17, "relative_total_baryon_defect": 1.1437577563276422e-29, "maximum_local_rest_characteristic_speed_over_c": 0.27943946496473293, "maximum_characteristic_imaginary_part": 0.0, "sampled_cone_inside_light_cone": true}
NATIVE COMPOSITION RESPONSES 9454
CONSERVATIVE NATIVE STAGE 4 7 0 30917371.067315534
CONSERVATIVE NATIVE STAGE 4 7 1 67141.04383044232
CONSERVATIVE NATIVE STAGE 4 7 2 914.956314689618
CONSERVATIVE NATIVE STAGE 4 7 3 0.04986226297675818
CONSERVATIVE TWO CARRIER STEP 4 {"classification": "Counterexample candidate", "step": 7, "time_seconds": 0.00035988750778135454, "elapsed_seconds": 649.3112261629999, "maximum_changes": [7.777640207601155e-10, 0.05148659425679362, 4.139860395885683e-10, 8.405838382419752e-11, 8.405838356861336e-11], "maximum_local_energy_defect": 2.112145551049351e-10, "maximum_local_baryon_defect": 1.2026557776186807e-22, "maximum_isotope_inventory_defect": 1.7207782849060733e-29, "isotope_inventory_defects": [-5.582398186136186e-30, -2.749780995869284e-47, 4.3021662961124856e-34, 1.7207782849060733e-29, 5.3172620538828495e-45, 1.3860111696754613e-37, 5.375081021453369e-43, -4.413099412648418e-33, -1.041019327333021e-33, -8.90244044375675e-39, 2.3992668127780655e-31, 1.9702062690023213e-35, 1.905971517270492e-47, -2.3018580937489435e-39, 5.246227337558877e-32, 1.4022229434287233e-32, 4.270713147137302e-36, 1.038249592155277e-41, 3.803064295537351e-40, 2.3558917629210894e-37, 6.061773975610231e-55, 1.1944762011879391e-49, 6.655373842159916e-32, -1.4120200842112344e-34, 1.4533254969747719e-31, 1.233816067664455e-33], "total_energy_defect_over_initial_heat_capacity": 6.240621341947808e-17, "relative_total_baryon_defect": 1.213977518636579e-29, "maximum_local_rest_characteristic_speed_over_c": 0.27146405479699826, "maximum_characteristic_imaginary_part": 0.0, "sampled_cone_inside_light_cone": true}
NATIVE COMPOSITION RESPONSES 9454
CONSERVATIVE NATIVE STAGE 4 8 0 43523337.26661973
CONSERVATIVE NATIVE STAGE 4 8 1 57034.70186098644
CONSERVATIVE NATIVE STAGE 4 8 2 620.539821270329
CONSERVATIVE NATIVE STAGE 4 8 3 0.02047501668253304
CONSERVATIVE TWO CARRIER STEP 4 {"classification": "Counterexample candidate", "step": 8, "time_seconds": 0.0004113000088929766, "elapsed_seconds": 743.2758432720002, "maximum_changes": [1.1206019435598954e-09, 0.05586799555387486, 5.273428188562672e-10, 1.1421711495127965e-10, 1.1421711459985643e-10], "maximum_local_energy_defect": 2.1833854861140846e-10, "maximum_local_baryon_defect": 1.3028766292409764e-22, "maximum_isotope_inventory_defect": 1.9309342536382148e-29, "isotope_inventory_defects": [-4.768645350118074e-30, -2.4597487423599813e-47, 5.161222041782499e-34, 1.9309342536382148e-29, 6.43120274457335e-45, 1.385745655475943e-37, 5.3868553619750225e-43, -4.7785796967302925e-33, -1.1288263580773432e-33, -9.222123633790421e-39, 2.5769184412199256e-31, 2.0960943513370816e-35, 1.876566502965365e-47, -2.3764441939710108e-39, 6.519775221833931e-32, 1.560592614824205e-32, 5.093062797689951e-36, 1.0275741029509763e-41, 3.781569001986081e-40, 5.143836989302172e-37, 6.067691969258475e-55, 1.1935055539470712e-49, 7.171427395316099e-32, -1.332256864239842e-34, 1.5736195769919067e-31, 1.3119634905562834e-33], "total_energy_defect_over_initial_heat_capacity": 7.657243851461562e-17, "relative_total_baryon_defect": 1.5104083097250026e-29, "maximum_local_rest_characteristic_speed_over_c": 0.2640052728232059, "maximum_characteristic_imaginary_part": 0.0, "sampled_cone_inside_light_cone": true}
NATIVE COMPOSITION RESPONSES 9454
CONSERVATIVE NATIVE STAGE 4 9 0 57503361.07915252
CONSERVATIVE NATIVE STAGE 4 9 1 44313.106578232495
CONSERVATIVE NATIVE STAGE 4 9 2 364.89393781527133
CONSERVATIVE NATIVE STAGE 4 9 3 0.005808927105437639
CONSERVATIVE TWO CARRIER STEP 4 {"classification": "Counterexample candidate", "step": 9, "time_seconds": 0.00046271251000459866, "elapsed_seconds": 838.0309459610003, "maximum_changes": [1.547762319685211e-09, 0.059287653132678066, 6.49907751822505e-10, 1.4551661003076902e-10, 1.4551660958498723e-10], "maximum_local_energy_defect": 2.2105689847555465e-10, "maximum_local_baryon_defect": 1.3362830219225072e-22, "maximum_isotope_inventory_defect": 2.0747270373604314e-29, "isotope_inventory_defects": [-3.98685557575362e-30, -2.26334979101134e-47, 5.999858600678707e-34, 2.0747270373604314e-29, 6.723072798313796e-45, 1.367863960722441e-37, 5.363290115475977e-43, -4.8089109541574686e-33, -1.1327785997848082e-33, -9.364212969544846e-39, 2.72283866447661e-31, 2.1737219369877543e-35, 1.8596833513601696e-47, -2.410802369383031e-39, 7.65136617471154e-32, 1.6420701350784536e-32, 5.675962216576144e-36, 1.0181201702761197e-41, 3.76801261133398e-40, 8.151588664890614e-37, 6.059391777716267e-55, 1.1921990539415138e-49, 7.565147867873702e-32, -1.2903058867547726e-34, 1.6570855632167027e-31, 1.397706453188497e-33], "total_energy_defect_over_initial_heat_capacity": 9.387251637485747e-17, "relative_total_baryon_defect": 1.7362948396446283e-29, "maximum_local_rest_characteristic_speed_over_c": 0.25721749965442575, "maximum_characteristic_imaginary_part": 0.0, "sampled_cone_inside_light_cone": true}
NATIVE COMPOSITION RESPONSES 9454
CONSERVATIVE NATIVE STAGE 4 10 0 72636669.64332142
CONSERVATIVE NATIVE STAGE 4 10 1 30579.226991048206
CONSERVATIVE NATIVE STAGE 4 10 2 175.26307070587822
CONSERVATIVE NATIVE STAGE 4 10 3 0.0007710404456875355
CONSERVATIVE TWO CARRIER STEP 4 {"classification": "Counterexample candidate", "step": 10, "time_seconds": 0.0005141250111162207, "elapsed_seconds": 931.5875429130001, "maximum_changes": [2.065088469659025e-09, 0.06172882528959407, 7.798211636163285e-10, 1.769593705778493e-10, 1.7695937004323607e-10], "maximum_local_energy_defect": 2.2197576867338378e-10, "maximum_local_baryon_defect": 1.347417861763599e-22, "maximum_isotope_inventory_defect": 2.402027569002028e-29, "isotope_inventory_defects": [-2.5751982696614323e-30, -1.7244518641711148e-47, 6.89624614984056e-34, 2.402027569002028e-29, 9.2503901038623e-45, 1.400041379433139e-37, 5.433617302473863e-43, -4.7500010533424115e-33, -1.1140769023502573e-33, -9.378615598814627e-39, 3.119194384115545e-31, 2.3627988765685656e-35, 1.8716843193981313e-47, -2.410938839116205e-39, 9.824455069035297e-32, 1.8307019167279738e-32, 6.717461569015332e-36, 1.0295968283071217e-41, 3.7800286215153335e-40, 1.46353353926284e-36, 6.097142477998126e-55, 1.1942773802368468e-49, 8.33715099779125e-32, -1.178065318876809e-34, 1.8244149380141985e-31, 1.6262002403825228e-33], "total_energy_defect_over_initial_heat_capacity": 1.1185691682097979e-16, "relative_total_baryon_defect": 2.213572731500851e-29, "maximum_local_rest_characteristic_speed_over_c": 0.2512105258117462, "maximum_characteristic_imaginary_part": 0.0, "sampled_cone_inside_light_cone": true}
NATIVE COMPOSITION RESPONSES 9454
CONSERVATIVE NATIVE STAGE 4 11 0 88693456.26211897
CONSERVATIVE NATIVE STAGE 4 11 1 17233.066281946132
CONSERVATIVE NATIVE STAGE 4 11 2 58.78681309903355
CONSERVATIVE NATIVE STAGE 4 11 3 0.00010365102323767887
CONSERVATIVE TWO CARRIER STEP 4 {"classification": "Counterexample candidate", "step": 11, "time_seconds": 0.0005655375122278428, "elapsed_seconds": 1024.2293146530005, "maximum_changes": [2.677086551416244e-09, 0.06319317395002043, 9.152117281211538e-10, 2.076486271526554e-10, 2.0764862653812516e-10], "maximum_local_energy_defect": 2.2226878934209157e-10, "maximum_local_baryon_defect": 1.3511286685452698e-22, "maximum_isotope_inventory_defect": 2.872417437256398e-29, "isotope_inventory_defects": [-1.3512757141401377e-30, -1.3221232466003921e-47, 8.006113738265598e-34, 2.872417437256398e-29, 1.2245531040111387e-44, 1.4270165226749789e-37, 5.46731436818694e-43, -4.303832992429703e-33, -9.860890133606777e-34, -9.778923388726487e-39, 3.657038578309094e-31, 2.5873675220711114e-35, 1.7384522193052223e-47, -2.504051854613631e-39, 1.230282529263513e-31, 2.014742378571393e-32, 8.11148558866364e-36, 1.0107132867635307e-41, 3.7880052302568665e-40, 2.1327728279156777e-36, 6.059809382130847e-55, 1.1918467992613508e-49, 9.372992369463444e-32, -7.935086936654628e-36, 2.0174198757139066e-31, 1.8473116548478096e-33], "total_energy_defect_over_initial_heat_capacity": 1.2968736459418663e-16, "relative_total_baryon_defect": 2.8174636422305847e-29, "maximum_local_rest_characteristic_speed_over_c": 0.2542800148323052, "maximum_characteristic_imaginary_part": 0.0, "sampled_cone_inside_light_cone": true}
NATIVE COMPOSITION RESPONSES 9454
CONSERVATIVE NATIVE STAGE 4 12 0 105439386.44615015
CONSERVATIVE NATIVE STAGE 4 12 1 5429.256577320643
CONSERVATIVE NATIVE STAGE 4 12 2 7.18169236701672
CONSERVATIVE NATIVE STAGE 4 12 3 7.839523295617721e-05
CONSERVATIVE TWO CARRIER STEP 4 {"classification": "Counterexample candidate", "step": 12, "time_seconds": 0.0006169500133394648, "elapsed_seconds": 1116.4966997510005, "maximum_changes": [3.3869175941877544e-09, 0.0636997679537419, 1.0542321724424074e-09, 2.3677948242216034e-10, 2.367794817394231e-10], "maximum_local_energy_defect": 2.2237238695453556e-10, "maximum_local_baryon_defect": 1.3523648950149635e-22, "maximum_isotope_inventory_defect": 3.203895484475161e-29, "isotope_inventory_defects": [2.544810223748157e-31, -7.095019907442037e-48, 9.099325655136881e-34, 3.203895484475161e-29, 1.5427080987202459e-44, 1.4555913823537024e-37, 5.488021445898686e-43, -3.9370334769836116e-33, -8.831048614229007e-34, -9.904738174945879e-39, 4.038085119486243e-31, 2.7412318681879315e-35, 1.6942823060755629e-47, -2.533926316899739e-39, 1.4795941115781548e-31, 2.160692966826931e-32, 9.349724061712504e-36, 1.0059755096990173e-41, 3.801116219599729e-40, 2.8102438350387624e-36, 6.047811221644204e-55, 1.1911773748509597e-49, 1.0235972778789878e-31, 3.2107780942463586e-35, 2.183672816700128e-31, 2.060915285888447e-33], "total_energy_defect_over_initial_heat_capacity": 1.4573219742579834e-16, "relative_total_baryon_defect": 3.318576025112578e-29, "maximum_local_rest_characteristic_speed_over_c": 0.25804619844886045, "maximum_characteristic_imaginary_part": 0.0, "sampled_cone_inside_light_cone": true}
NATIVE COMPOSITION RESPONSES 9454
CONSERVATIVE NATIVE STAGE 4 13 0 122639769.83109297
CONSERVATIVE NATIVE STAGE 4 13 1 6769.148939803543
CONSERVATIVE NATIVE STAGE 4 13 2 3.238979299051659
CONSERVATIVE NATIVE STAGE 4 13 3 3.914491260663244e-05
CONSERVATIVE TWO CARRIER STEP 4 {"classification": "Counterexample candidate", "step": 13, "time_seconds": 0.000668362514451087, "elapsed_seconds": 1208.1629562120002, "maximum_changes": [4.196413357334089e-09, 0.06328428418209738, 1.1950919332620942e-09, 2.636285743451968e-10, 2.6362857360822784e-10], "maximum_local_energy_defect": 2.224091363533088e-10, "maximum_local_baryon_defect": 1.3527770032107992e-22, "maximum_isotope_inventory_defect": 3.22034117297692e-29, "isotope_inventory_defects": [2.256235427485606e-31, -8.375228445218338e-48, 9.394350871416025e-34, 3.22034117297692e-29, 1.4198297000267746e-44, 1.4157169336681853e-37, 5.441906292510601e-43, -3.9253079194917495e-33, -8.750997138686451e-34, -1.0002726895401143e-38, 4.055383764844097e-31, 2.7543092692583925e-35, 1.6687831153317906e-47, -2.558094244475071e-39, 1.4817515530418955e-31, 2.1574866672042523e-32, 9.368985824406459e-36, 9.937758015943696e-42, 3.784649715999474e-40, 2.8260183964660677e-36, 6.024851708769166e-55, 1.1891517422786447e-49, 1.0256812962461605e-31, 4.3945914096021086e-35, 2.187443929524921e-31, 2.0563779485669095e-33], "total_energy_defect_over_initial_heat_capacity": 1.5814697310232949e-16, "relative_total_baryon_defect": 3.332391539309428e-29, "maximum_local_rest_characteristic_speed_over_c": 0.2621590119652636, "maximum_characteristic_imaginary_part": 0.0, "sampled_cone_inside_light_cone": true}
NATIVE COMPOSITION RESPONSES 9454
CONSERVATIVE NATIVE STAGE 4 14 0 140063610.58568966
CONSERVATIVE NATIVE STAGE 4 14 1 10264.336793290015
CONSERVATIVE NATIVE STAGE 4 14 2 19.154485294856645
CONSERVATIVE NATIVE STAGE 4 14 3 0.00028967532684425
CONSERVATIVE TWO CARRIER STEP 4 {"classification": "Counterexample candidate", "step": 14, "time_seconds": 0.0007197750155627091, "elapsed_seconds": 1300.0036412200002, "maximum_changes": [5.106114806616707e-09, 0.06199819271051889, 1.3360872140526129e-09, 2.875446419998983e-10, 2.8754464122445665e-10], "maximum_local_energy_defect": 2.2246314288921183e-10, "maximum_local_baryon_defect": 1.352913614426308e-22, "maximum_isotope_inventory_defect": 3.6332049864354577e-29, "isotope_inventory_defects": [2.169279969442183e-30, 5.705540629113009e-49, 1.0394210366692022e-33, 3.6332049864354577e-29, 1.9124862894056076e-44, 1.4879210672817936e-37, 5.5058893332398736e-43, -3.457103012048639e-33, -7.447573998952462e-34, -9.940925276321429e-39, 4.530441799482309e-31, 2.9404972846445744e-35, 1.6762738891163744e-47, -2.5432422516864795e-39, 1.7699080148380464e-31, 2.321801942778799e-32, 1.0716142648484755e-35, 1.0057597247034776e-41, 3.818381655525034e-40, 3.566389979465379e-36, 6.042506196627104e-55, 1.1910136712933964e-49, 1.1340908066955777e-31, 6.125960441109014e-35, 2.3976996202818117e-31, 2.3399259386720045e-33], "total_energy_defect_over_initial_heat_capacity": 1.7498050357050978e-16, "relative_total_baryon_defect": 3.950704438882595e-29, "maximum_local_rest_characteristic_speed_over_c": 0.26649154083150356, "maximum_characteristic_imaginary_part": 0.0, "sampled_cone_inside_light_cone": true}
NATIVE COMPOSITION RESPONSES 9454
CONSERVATIVE NATIVE STAGE 4 15 0 157487585.60666195
CONSERVATIVE NATIVE STAGE 4 15 1 13190.69736860876
CONSERVATIVE NATIVE STAGE 4 15 2 35.80413799025433
CONSERVATIVE NATIVE STAGE 4 15 3 0.0005032975737076846
CONSERVATIVE TWO CARRIER STEP 4 {"classification": "Counterexample candidate", "step": 15, "time_seconds": 0.0007711875166743311, "elapsed_seconds": 1393.4690381309997, "maximum_changes": [6.115332202342982e-09, 0.0599078351210492, 1.4756285714506997e-09, 3.079418566949373e-10, 3.0794185589811654e-10], "maximum_local_energy_defect": 2.2263792886914572e-10, "maximum_local_baryon_defect": 1.3529592302897216e-22, "maximum_isotope_inventory_defect": 3.600178479930242e-29, "isotope_inventory_defects": [2.1685523351511386e-30, -1.2037379169127152e-49, 1.0638473951342377e-33, 3.600178479930242e-29, 1.827112969803604e-44, 1.4435401345474022e-37, 5.442253731636672e-43, -3.5013952799976796e-33, -7.563121429054224e-34, -1.0020186857852337e-38, 4.494311235966703e-31, 2.929524313081728e-35, 1.6601802601815762e-47, -2.564234091103081e-39, 1.7674601095763904e-31, 2.3150645160766752e-32, 1.069172039918608e-35, 9.922569061332712e-42, 3.80077048980779e-40, 3.580092957367535e-36, 6.017899789664919e-55, 1.1887360639783486e-49, 1.1279278873937187e-31, 6.037159393181097e-35, 2.3870043244326267e-31, 2.3245136470818473e-33], "total_energy_defect_over_initial_heat_capacity": 1.8059607964670108e-16, "relative_total_baryon_defect": 3.9170392783952386e-29, "maximum_local_rest_characteristic_speed_over_c": 0.27091851139102896, "maximum_characteristic_imaginary_part": 0.0, "sampled_cone_inside_light_cone": true}
NATIVE COMPOSITION RESPONSES 9454
CONSERVATIVE NATIVE STAGE 4 16 0 174699916.3911932
CONSERVATIVE NATIVE STAGE 4 16 1 14968.252006420165
CONSERVATIVE NATIVE STAGE 4 16 2 40.80939669841281
CONSERVATIVE NATIVE STAGE 4 16 3 0.0007106270788008226
CONSERVATIVE TWO CARRIER STEP 4 {"classification": "Counterexample candidate", "step": 16, "time_seconds": 0.0008226000177859532, "elapsed_seconds": 1488.5766660220002, "maximum_changes": [7.222225658409798e-09, 0.057093403779015846, 1.6122660413416336e-09, 3.242973682785665e-10, 3.2429736747836045e-10], "maximum_local_energy_defect": 2.2304918863399797e-10, "maximum_local_baryon_defect": 1.3529743582725822e-22, "maximum_isotope_inventory_defect": 3.479433592521023e-29, "isotope_inventory_defects": [1.8803444156747603e-30, -2.410810442501864e-48, 1.0778160522835797e-33, 3.479433592521023e-29, 1.6567999189141673e-44, 1.395124700898284e-37, 5.376402160154295e-43, -3.6427019929854634e-33, -7.94814254766405e-34, -1.0112321424126518e-38, 4.3577172622926855e-31, 2.87967141359176e-35, 1.6426174347548334e-47, -2.5882511535382864e-39, 1.719437989593446e-31, 2.2800593457022155e-32, 1.045342285149788e-35, 9.77925732486414e-42, 3.77866418480356e-40, 3.484987659294611e-36, 5.99146558800266e-55, 1.1862734517932595e-49, 1.100737175748725e-31, 5.487024668769757e-35, 2.336221828914856e-31, 2.255398136822874e-33], "total_energy_defect_over_initial_heat_capacity": 1.8706596557660335e-16, "relative_total_baryon_defect": 3.7647885686078685e-29, "maximum_local_rest_characteristic_speed_over_c": 0.27531402201697347, "maximum_characteristic_imaginary_part": 0.0, "sampled_cone_inside_light_cone": true}
NATIVE COMPOSITION RESPONSES 9454
CONSERVATIVE NATIVE STAGE 4 17 0 191504058.72385275
CONSERVATIVE NATIVE STAGE 4 17 1 17264.980931467155
CONSERVATIVE NATIVE STAGE 4 17 2 22.6960222432418
CONSERVATIVE NATIVE STAGE 4 17 3 0.0007778275165288896
CONSERVATIVE TWO CARRIER STEP 4 {"classification": "Counterexample candidate", "step": 17, "time_seconds": 0.0008740125188975753, "elapsed_seconds": 1582.8386493379999, "maximum_changes": [8.42390472309561e-09, 0.05364786496984838, 1.7447117723665686e-09, 3.3615415259106665e-10, 3.361541518059326e-10], "maximum_local_energy_defect": 2.2364089928448504e-10, "maximum_local_baryon_defect": 1.352978541659352e-22, "maximum_isotope_inventory_defect": 3.776034441008121e-29, "isotope_inventory_defects": [3.4148646803509286e-30, 3.824449696529599e-48, 1.1664475744564314e-33, 3.776034441008121e-29, 1.9832046963139508e-44, 1.4321372960702331e-37, 5.395197773508746e-43, -3.24575744888213e-33, -6.871514107045235e-34, -1.0081863432438448e-38, 4.700455623491063e-31, 3.018039463628676e-35, 1.645724353074898e-47, -2.582087090262548e-39, 1.9412184471027587e-31, 2.3848522556969788e-32, 1.1458488380713072e-35, 9.817416217937473e-42, 3.797140008881829e-40, 4.064269008127717e-36, 5.995365248480453e-55, 1.1867779224287869e-49, 1.1843092435796983e-31, 6.477712541247824e-35, 2.50234574739446e-31, 2.497619301947498e-33], "total_energy_defect_over_initial_heat_capacity": 2.0152481477235946e-16, "relative_total_baryon_defect": 4.223173215859768e-29, "maximum_local_rest_characteristic_speed_over_c": 0.2795491076197702, "maximum_characteristic_imaginary_part": 0.0, "sampled_cone_inside_light_cone": true}
NATIVE COMPOSITION RESPONSES 9454
CONSERVATIVE NATIVE STAGE 4 18 0 207722116.8244796
CONSERVATIVE NATIVE STAGE 4 18 1 18198.03480995437
CONSERVATIVE NATIVE STAGE 4 18 2 44.21464635654617
CONSERVATIVE NATIVE STAGE 4 18 3 0.0014768272002482887
CONSERVATIVE TWO CARRIER STEP 4 {"classification": "Counterexample candidate", "step": 18, "time_seconds": 0.0009254250200091973, "elapsed_seconds": 1675.7734134690004, "maximum_changes": [9.716545143916925e-09, 0.049675829957397055, 1.8718600952433345e-09, 3.4312989916039576e-10, 3.431298984087997e-10], "maximum_local_energy_defect": 2.2285358479363243e-10, "maximum_local_baryon_defect": 1.3529796120354978e-22, "maximum_isotope_inventory_defect": 4.0719379630863355e-29, "isotope_inventory_defects": [4.4864306871181824e-30, 8.33393312651459e-48, 1.2259677895872509e-33, 4.0719379630863355e-29, 2.2236847995799736e-44, 1.4543952345591549e-37, 5.403608679776289e-43, -2.9018413399882016e-33, -5.933803903383954e-34, -1.0050092312390412e-38, 5.042464556287827e-31, 3.1529106457982257e-35, 1.648784518768462e-47, -2.5753720401049086e-39, 2.105926245658513e-31, 2.474247777996368e-32, 1.220789060513603e-35, 9.840601585976984e-42, 3.810477766862709e-40, 4.478558045424726e-36, 5.997456826146255e-55, 1.187068237207301e-49, 1.2584800074020275e-31, 7.727972945871997e-35, 2.6452133194961057e-31, 2.6969434958725856e-33], "total_energy_defect_over_initial_heat_capacity": 2.1251818570178487e-16, "relative_total_baryon_defect": 4.6336314323650904e-29, "maximum_local_rest_characteristic_speed_over_c": 0.28349047084978407, "maximum_characteristic_imaginary_part": 0.0, "sampled_cone_inside_light_cone": true}
NATIVE COMPOSITION RESPONSES 9454
CONSERVATIVE NATIVE STAGE 4 19 0 223197885.48758808
CONSERVATIVE NATIVE STAGE 4 19 1 21334.833384040263
CONSERVATIVE NATIVE STAGE 4 19 2 137.6024141408212
CONSERVATIVE NATIVE STAGE 4 19 3 0.006233102535254503
CONSERVATIVE TWO CARRIER STEP 4 {"classification": "Counterexample candidate", "step": 19, "time_seconds": 0.0009768375211208194, "elapsed_seconds": 1767.622318786, "maximum_changes": [1.1095520559967843e-08, 0.04529228321436206, 1.992804870139176e-09, 3.4493224135306355e-10, 3.449322406529944e-10], "maximum_local_energy_defect": 2.2674654826946387e-10, "maximum_local_baryon_defect": 1.3529793176820578e-22, "maximum_isotope_inventory_defect": 4.4082548535268986e-29, "isotope_inventory_defects": [5.68107739218563e-30, 1.2664438188520526e-47, 1.3103361529735146e-33, 4.4082548535268986e-29, 2.404482598177393e-44, 1.4521437006233376e-37, 5.381782066271573e-43, -2.5136857713602883e-33, -4.86927519024985e-34, -1.0033069879228249e-38, 5.4305814397248495e-31, 3.3049705953376385e-35, 1.6475263283911019e-47, -2.5728979725584887e-39, 2.2891013443715544e-31, 2.569918569712018e-32, 1.3035056593114637e-35, 9.809683086621981e-42, 3.816400072405506e-40, 4.949122373364961e-36, 5.990185657987737e-55, 1.1865003883136246e-49, 1.3414633761941974e-31, 9.167557907011798e-35, 2.803277681996807e-31, 2.9131281711473652e-33], "total_energy_defect_over_initial_heat_capacity": 2.276521075346213e-16, "relative_total_baryon_defect": 5.097713296546038e-29, "maximum_local_rest_characteristic_speed_over_c": 0.28700184155311537, "maximum_characteristic_imaginary_part": 0.0, "sampled_cone_inside_light_cone": true}
NATIVE COMPOSITION RESPONSES 9454
CONSERVATIVE NATIVE STAGE 4 20 0 237799427.9743636
CONSERVATIVE NATIVE STAGE 4 20 1 24224.93875840644
CONSERVATIVE NATIVE STAGE 4 20 2 34.09991321976552
CONSERVATIVE NATIVE STAGE 4 20 3 0.0012944615714582238
CONSERVATIVE TWO CARRIER STEP 4 {"classification": "Counterexample candidate", "step": 20, "time_seconds": 0.0010282500222324414, "elapsed_seconds": 1861.3727119910004, "maximum_changes": [1.2555546438378877e-08, 0.042024265508419374, 2.1068537914467874e-09, 3.413799818104845e-10, 3.413799811789291e-10], "maximum_local_energy_defect": 2.2731027930707987e-10, "maximum_local_baryon_defect": 1.7802671253820809e-22, "maximum_isotope_inventory_defect": 4.646645586371763e-29, "isotope_inventory_defects": [6.674615928431864e-30, 1.6442056303751397e-47, 1.3771559998654727e-33, 4.646645586371763e-29, 2.558071837943072e-44, 1.4587475693624974e-37, 5.3792189219266676e-43, -2.235310374686792e-33, -4.103955686834548e-34, -1.001253938564799e-38, 5.70566230709017e-31, 3.4125038033448705e-35, 1.6489310254507053e-47, -2.5686716460786828e-39, 2.43702783648272e-31, 2.64704448448206e-32, 1.370902217710269e-35, 9.812160236035896e-42, 3.823740597689742e-40, 5.3356948566387205e-36, 5.9892598054241804e-55, 1.1864957647041395e-49, 1.402347855806536e-31, 1.0085053496401092e-34, 2.920043990271888e-31, 3.0724270764875236e-33], "total_energy_defect_over_initial_heat_capacity": 2.3873054729236327e-16, "relative_total_baryon_defect": 5.441600818798069e-29, "maximum_local_rest_characteristic_speed_over_c": 0.28994908680478837, "maximum_characteristic_imaginary_part": 0.0, "sampled_cone_inside_light_cone": true}
NATIVE COMPOSITION RESPONSES 9454
CONSERVATIVE NATIVE STAGE 4 21 0 251421104.0377218
CONSERVATIVE NATIVE STAGE 4 21 1 26986.845719844885
CONSERVATIVE NATIVE STAGE 4 21 2 277.54148131523755
CONSERVATIVE NATIVE STAGE 4 21 3 0.012362250194690493
CONSERVATIVE TWO CARRIER STEP 4 {"classification": "Counterexample candidate", "step": 21, "time_seconds": 0.0010796625233440635, "elapsed_seconds": 1953.6895511839998, "maximum_changes": [1.4090833144675906e-08, 0.040766086769831435, 2.2135390938595318e-09, 3.324289977766161e-10, 3.324289972289943e-10], "maximum_local_energy_defect": 2.2401980974462256e-10, "maximum_local_baryon_defect": 1.9286221760001628e-22, "maximum_isotope_inventory_defect": 4.7325925953549867e-29, "isotope_inventory_defects": [7.062578017884255e-30, 1.7358540157325352e-47, 1.41945092128981e-33, 4.7325925953549867e-29, 2.535575904585884e-44, 1.4234232973351166e-37, 5.333991250046365e-43, -2.1392871813082537e-33, -3.839915564746674e-34, -1.0051722326116548e-38, 5.806530032458922e-31, 3.4536130412912286e-35, 1.640987614124698e-47, -2.5792167592973686e-39, 2.4939865625582655e-31, 2.6725815430974074e-32, 1.3955465878567794e-35, 9.724666178487272e-42, 3.81317053440523e-40, 5.497039676869458e-36, 5.974192499686117e-55, 1.1850697148023057e-49, 1.4248884430179315e-31, 1.040810315449577e-34, 2.9634972730626295e-31, 3.131976720068133e-33], "total_energy_defect_over_initial_heat_capacity": 2.481129179643786e-16, "relative_total_baryon_defect": 5.568630610946142e-29, "maximum_local_rest_characteristic_speed_over_c": 0.2922093202304618, "maximum_characteristic_imaginary_part": 0.0, "sampled_cone_inside_light_cone": true}
NATIVE COMPOSITION RESPONSES 9454
CONSERVATIVE NATIVE STAGE 4 22 0 263984969.1613887
CONSERVATIVE NATIVE STAGE 4 22 1 36274.49122741457
CONSERVATIVE NATIVE STAGE 4 22 2 471.6481487176507
CONSERVATIVE NATIVE STAGE 4 22 3 0.01635449863505568
CONSERVATIVE TWO CARRIER STEP 4 {"classification": "Counterexample candidate", "step": 22, "time_seconds": 0.0011310750244556856, "elapsed_seconds": 2045.5244327799996, "maximum_changes": [1.5695244616801277e-08, 0.039364937914263404, 2.3126238400400024e-09, 3.1820018815165434e-10, 3.182001877012237e-10], "maximum_local_energy_defect": 2.2068574392461494e-10, "maximum_local_baryon_defect": 1.9780744713340815e-22, "maximum_isotope_inventory_defect": 4.9523411452627844e-29, "isotope_inventory_defects": [8.147590654091188e-30, 2.141467291597221e-47, 1.4968831290424316e-33, 4.9523411452627844e-29, 2.6599876782281985e-44, 1.404243066629337e-37, 5.299249158594016e-43, -1.8682928450855902e-33, -3.082939027747004e-34, -1.0077517867672428e-38, 6.058725893872002e-31, 3.555406922185029e-35, 1.634934089964002e-47, -2.586898743226168e-39, 2.6516996131784992e-31, 2.7481304388966563e-32, 1.4658065256038086e-35, 9.657775352952163e-42, 3.810971740880229e-40, 5.916316785162848e-36, 5.961644441931141e-55, 1.1839511262043452e-49, 1.484221827331748e-31, 1.1281989023160328e-34, 3.0795133556873013e-31, 3.292592172715212e-33], "total_energy_defect_over_initial_heat_capacity": 2.6297471767365846e-16, "relative_total_baryon_defect": 5.902868122163579e-29, "maximum_local_rest_characteristic_speed_over_c": 0.29368299712744655, "maximum_characteristic_imaginary_part": 0.0, "sampled_cone_inside_light_cone": true}
NATIVE COMPOSITION RESPONSES 9454
CONSERVATIVE NATIVE STAGE 4 23 0 275441473.749125
CONSERVATIVE NATIVE STAGE 4 23 1 43500.59172293218
CONSERVATIVE NATIVE STAGE 4 23 2 575.2293643691079
CONSERVATIVE NATIVE STAGE 4 23 3 0.014018230999310464
CONSERVATIVE TWO CARRIER STEP 4 {"classification": "Counterexample candidate", "step": 23, "time_seconds": 0.0011824875255673076, "elapsed_seconds": 2135.442156613, "maximum_changes": [1.736245872176956e-08, 0.037861325993882984, 2.4041027678922596e-09, 2.9900534183098725e-10, 2.990053414882409e-10], "maximum_local_energy_defect": 2.1907410063524128e-10, "maximum_local_baryon_defect": 1.994559158042719e-22, "maximum_isotope_inventory_defect": 5.148986672413285e-29, "isotope_inventory_defects": [9.213508989936212e-30, 2.537314125350268e-47, 1.5750300851823558e-33, 5.148986672413285e-29, 2.747300437913951e-44, 1.36956509399757e-37, 5.242414424298533e-43, -1.6390760877892283e-33, -2.4490200750086824e-34, -1.0138727860926031e-38, 6.287258484526246e-31, 3.6473146696264405e-35, 1.6217742326467798e-47, -2.6037358211680878e-39, 2.805418363451893e-31, 2.8248208272246796e-32, 1.5350120268876773e-35, 9.540514928949613e-42, 3.801516381132512e-40, 6.335132681067437e-36, 5.938388933573134e-55, 1.1818722815108576e-49, 1.5387377819452315e-31, 1.1909573717408972e-34, 3.185957181154049e-31, 3.4389999999759445e-33], "total_energy_defect_over_initial_heat_capacity": 2.775757373374878e-16, "relative_total_baryon_defect": 6.211666843333648e-29, "maximum_local_rest_characteristic_speed_over_c": 0.29430673299405125, "maximum_characteristic_imaginary_part": 0.0, "sampled_cone_inside_light_cone": true}
NATIVE COMPOSITION RESPONSES 9454
CONSERVATIVE NATIVE STAGE 4 24 0 285769403.34810174
CONSERVATIVE NATIVE STAGE 4 24 1 47766.203408433445
CONSERVATIVE NATIVE STAGE 4 24 2 596.283154101675
CONSERVATIVE NATIVE STAGE 4 24 3 0.008548727488618724
CONSERVATIVE TWO CARRIER STEP 4 {"classification": "Counterexample candidate", "step": 24, "time_seconds": 0.0012339000266789297, "elapsed_seconds": 2228.829403299, "maximum_changes": [1.9086125059126675e-08, 0.03629414733527495, 2.4881966362706182e-09, 2.7536559613373584e-10, 2.7536559590583145e-10], "maximum_local_energy_defect": 2.1911080258996692e-10, "maximum_local_baryon_defect": 2.0000550026781813e-22, "maximum_isotope_inventory_defect": 5.578032538961818e-29, "isotope_inventory_defects": [1.1411386398763663e-29, 3.479384990446568e-47, 1.670023450518118e-33, 5.578032538961818e-29, 3.181114587518751e-44, 1.4067727061019668e-37, 5.2635472882783176e-43, -1.1251297679571568e-33, -1.025818215306397e-34, -1.0084010388197684e-38, 6.781023639942197e-31, 3.8397925468400963e-35, 1.628836155709223e-47, -2.5916381962423048e-39, 3.122678256490141e-31, 2.9934105380626207e-32, 1.6813099747478783e-35, 9.592867455610325e-42, 3.825615835560629e-40, 7.166813936287726e-36, 5.944789680108552e-55, 1.1826737555640756e-49, 1.6543505125892403e-31, 1.3271499751434528e-34, 3.4102295667782676e-31, 3.7454739037699934e-33], "total_energy_defect_over_initial_heat_capacity": 2.975966621933016e-16, "relative_total_baryon_defect": 6.872285709241335e-29, "maximum_local_rest_characteristic_speed_over_c": 0.29406388046476734, "maximum_characteristic_imaginary_part": 0.0, "sampled_cone_inside_light_cone": true}
NATIVE COMPOSITION RESPONSES 9454
CONSERVATIVE NATIVE STAGE 4 25 0 294975022.8601522
CONSERVATIVE NATIVE STAGE 4 25 1 48530.66949388965
CONSERVATIVE NATIVE STAGE 4 25 2 546.7351744895011
CONSERVATIVE NATIVE STAGE 4 25 3 0.003287186862320721
CONSERVATIVE TWO CARRIER STEP 4 {"classification": "Counterexample candidate", "step": 25, "time_seconds": 0.001285312527790552, "elapsed_seconds": 2321.3913435730005, "maximum_changes": [2.0860015806636412e-08, 0.034699993990807775, 2.5653392143632977e-09, 2.480167725912591e-10, 2.480167724815296e-10], "maximum_local_energy_defect": 2.1993821557997342e-10, "maximum_local_baryon_defect": 2.0018874685623204e-22, "maximum_isotope_inventory_defect": 6.087176544240346e-29, "isotope_inventory_defects": [1.3561485755494832e-29, 4.4391004801389825e-47, 1.7650573581893575e-33, 6.087176544240346e-29, 3.6773585575477895e-44, 1.4913116431438203e-37, 5.3490177406800175e-43, -5.233266443195143e-34, 6.318207428878633e-35, -9.947322529255307e-39, 7.36514540014601e-31, 4.0644733506191846e-35, 1.650451975434205e-47, -2.557958560176002e-39, 3.4420966305440282e-31, 3.170044206192699e-32, 1.829700303973988e-35, 9.780232272966685e-42, 3.867161451726461e-40, 7.977201092593902e-36, 5.974552949011081e-55, 1.1856411749740623e-49, 1.784268995612077e-31, 1.5181728621182033e-34, 3.6592628127443784e-31, 4.0847669676930685e-33], "total_energy_defect_over_initial_heat_capacity": 3.1600751173701564e-16, "relative_total_baryon_defect": 7.609563743589315e-29, "maximum_local_rest_characteristic_speed_over_c": 0.2929901386374045, "maximum_characteristic_imaginary_part": 0.0, "sampled_cone_inside_light_cone": true}
NATIVE COMPOSITION RESPONSES 9454
CONSERVATIVE NATIVE STAGE 4 26 0 303090422.4360376
CONSERVATIVE NATIVE STAGE 4 26 1 45732.69418924749
CONSERVATIVE NATIVE STAGE 4 26 2 446.66056852402113
CONSERVATIVE NATIVE STAGE 4 26 3 0.0008975544479502052
CONSERVATIVE TWO CARRIER STEP 4 {"classification": "Counterexample candidate", "step": 26, "time_seconds": 0.001336725028902174, "elapsed_seconds": 2413.5337787089998, "maximum_changes": [2.2678165258903167e-08, 0.03311267819124873, 2.636156533023228e-09, 2.178967938043095e-10, 2.17896793811912e-10], "maximum_local_energy_defect": 2.208123894232814e-10, "maximum_local_baryon_defect": 2.0024981336533005e-22, "maximum_isotope_inventory_defect": 6.165445439961328e-29, "isotope_inventory_defects": [1.3695144378922106e-29, 4.441276266386483e-47, 1.7849814565146484e-33, 6.165445439961328e-29, 3.6298091411467925e-44, 1.4772462877502375e-37, 5.332405560394566e-43, -4.378530431761897e-34, 8.675251680643931e-35, -9.947674996187385e-39, 7.455648303572195e-31, 4.100463518115744e-35, 1.6488341557252014e-47, -2.558411751886267e-39, 3.466341069137838e-31, 3.180875270571391e-32, 1.8395331542721674e-35, 9.75335242168436e-42, 3.863028266229232e-40, 8.038198682340662e-36, 5.968671723980152e-55, 1.1851549385258401e-49, 1.8012660533839225e-31, 1.5628829022960183e-34, 3.690613816515822e-31, 4.126943731850389e-33], "total_energy_defect_over_initial_heat_capacity": 3.2922179825728687e-16, "relative_total_baryon_defect": 7.702857889942284e-29, "maximum_local_rest_characteristic_speed_over_c": 0.29117264698028233, "maximum_characteristic_imaginary_part": 0.0, "sampled_cone_inside_light_cone": true}
NATIVE COMPOSITION RESPONSES 9454
CONSERVATIVE NATIVE STAGE 4 27 0 310171109.8023981
CONSERVATIVE NATIVE STAGE 4 27 1 39832.50708524914
CONSERVATIVE NATIVE STAGE 4 27 2 322.7280802219342
CONSERVATIVE NATIVE STAGE 4 27 3 0.000959426649849006
CONSERVATIVE TWO CARRIER STEP 4 {"classification": "Counterexample candidate", "step": 27, "time_seconds": 0.001388137530013796, "elapsed_seconds": 2505.3812458160005, "maximum_changes": [2.453499404982696e-08, 0.03156297111557034, 2.701438695882845e-09, 1.8611271431519104e-10, 1.8611271443494733e-10], "maximum_local_energy_defect": 2.2140989764996453e-10, "maximum_local_baryon_defect": 2.0027014376909882e-22, "maximum_isotope_inventory_defect": 5.936897455942252e-29, "isotope_inventory_defects": [1.275733994671436e-29, 3.904049447586852e-47, 1.7699281878448167e-33, 5.936897455942252e-29, 3.245400466945231e-44, 1.3959208083697477e-37, 5.249002006446474e-43, -7.064251298096422e-34, 1.3150935213206032e-35, -1.0044705749641056e-38, 7.194927381451163e-31, 4.0026224189942084e-35, 1.6324345360331463e-47, -2.5827160468064406e-39, 3.3249496676689486e-31, 3.092944396457642e-32, 1.771511594659848e-35, 9.584784826529577e-42, 3.828864626325885e-40, 7.699417005475145e-36, 5.941178786901428e-55, 1.182501843110338e-49, 1.7432817559760982e-31, 1.479636209441705e-34, 3.579632949732704e-31, 3.975929420895283e-33], "total_energy_defect_over_initial_heat_capacity": 3.3589637697250075e-16, "relative_total_baryon_defect": 7.37467890087526e-29, "maximum_local_rest_characteristic_speed_over_c": 0.28874268715711615, "maximum_characteristic_imaginary_part": 0.0, "sampled_cone_inside_light_cone": true}
NATIVE COMPOSITION RESPONSES 9454
CONSERVATIVE NATIVE STAGE 4 28 0 316292947.7526425
CONSERVATIVE NATIVE STAGE 4 28 1 31749.252054336786
CONSERVATIVE NATIVE STAGE 4 28 2 202.01458354646687
CONSERVATIVE NATIVE STAGE 4 28 3 0.0008775120646612132
CONSERVATIVE TWO CARRIER STEP 4 {"classification": "Counterexample candidate", "step": 28, "time_seconds": 0.0014395500311254182, "elapsed_seconds": 2597.2427319089998, "maximum_changes": [2.6425414694995092e-08, 0.03007853355216224, 2.762105307797491e-09, 1.538882566113571e-10, 1.538882568338257e-10], "maximum_local_energy_defect": 2.217286674477317e-10, "maximum_local_baryon_defect": 2.0027693468869101e-22, "maximum_isotope_inventory_defect": 5.895348176565928e-29, "isotope_inventory_defects": [1.2338128925624379e-29, 3.608076861971561e-47, 1.776341589290502e-33, 5.895348176565928e-29, 3.0198531700797725e-44, 1.3393886924596594e-37, 5.180345998036354e-43, -7.640380111034939e-34, -2.7517496972227448e-36, -1.0105957804499937e-38, 7.14864670476174e-31, 3.9867584560555594e-35, 1.6195209973598315e-47, -2.5989540740783654e-39, 3.268009484990265e-31, 3.0556002388502856e-32, 1.7426520071326658e-35, 9.451189687165523e-42, 3.806481063270444e-40, 7.560105665212878e-36, 5.9176032306701086e-55, 1.1803054164025188e-49, 1.729078732641839e-31, 1.4834438268925805e-34, 3.550715038793649e-31, 3.9358240778758425e-33], "total_energy_defect_over_initial_heat_capacity": 3.4242183286118664e-16, "relative_total_baryon_defect": 7.28969700700739e-29, "maximum_local_rest_characteristic_speed_over_c": 0.2929089757513474, "maximum_characteristic_imaginary_part": 0.0, "sampled_cone_inside_light_cone": true}
NATIVE COMPOSITION RESPONSES 9454
CONSERVATIVE NATIVE STAGE 4 29 0 321548587.4636794
CONSERVATIVE NATIVE STAGE 4 29 1 22697.55102605082
CONSERVATIVE NATIVE STAGE 4 29 2 105.08447082856466
CONSERVATIVE NATIVE STAGE 4 29 3 0.0004840113754490827
CONSERVATIVE TWO CARRIER STEP 4 {"classification": "Counterexample candidate", "step": 29, "time_seconds": 0.0014909625322370402, "elapsed_seconds": 2688.973226402, "maximum_changes": [2.834491600648615e-08, 0.02868400100013366, 2.819166262535677e-09, 1.5133647721084973e-10, 1.5133647696939705e-10], "maximum_local_energy_defect": 2.2186846606106698e-10, "maximum_local_baryon_defect": 2.002792500957869e-22, "maximum_isotope_inventory_defect": 5.896409359153012e-29, "isotope_inventory_defects": [1.2540653817054775e-29, 3.5502572536104484e-47, 1.824432056308709e-33, 5.896409359153012e-29, 2.8922888882568666e-44, 1.2800637166567382e-37, 5.101576992684986e-43, -7.583739384214562e-34, -1.010870859505916e-36, -1.019151244273705e-38, 7.152301708079959e-31, 3.991104441134927e-35, 1.602241750509377e-47, -2.621645249307338e-39, 3.2926472580060835e-31, 3.0563939199226665e-32, 1.7516873838703965e-35, 9.290525331600773e-42, 3.784189998299199e-40, 7.656253277989013e-36, 5.888163922772757e-55, 1.1775816630369889e-49, 1.732651061451689e-31, 1.4733436044942275e-34, 3.5584017776468656e-31, 3.9467380516999646e-33], "total_energy_defect_over_initial_heat_capacity": 3.5348835783032244e-16, "relative_total_baryon_defect": 7.311413567996177e-29, "maximum_local_rest_characteristic_speed_over_c": 0.29905688457042795, "maximum_characteristic_imaginary_part": 0.0, "sampled_cone_inside_light_cone": true}
NATIVE COMPOSITION RESPONSES 9454
CONSERVATIVE NATIVE STAGE 4 30 0 326043588.3144709
CONSERVATIVE NATIVE STAGE 4 30 1 13959.190059767065
CONSERVATIVE NATIVE STAGE 4 30 2 41.56973955823315
CONSERVATIVE NATIVE STAGE 4 30 3 0.0004031639336420867
CONSERVATIVE TWO CARRIER STEP 4 {"classification": "Counterexample candidate", "step": 30, "time_seconds": 0.0015423750333486623, "elapsed_seconds": 2782.5215065529997, "maximum_changes": [3.028962503447052e-08, 0.02740117573773789, 2.873680103045106e-09, 1.5064998511705573e-10, 1.5064998488026569e-10], "maximum_local_energy_defect": 2.2193551533725344e-10, "maximum_local_baryon_defect": 2.0028000777981626e-22, "maximum_isotope_inventory_defect": 5.573548894790792e-29, "isotope_inventory_defects": [1.1322277742278444e-29, 2.8265830904059317e-47, 1.81644276994174e-33, 5.573548894790792e-29, 2.4039831328527913e-44, 1.1639883128795111e-37, 4.9671000655188446e-43, -1.1272111753164191e-33, -1.0210212424693692e-34, -1.0352504334613806e-38, 6.783186759700815e-31, 3.8520218335286226e-35, 1.5719316688927719e-47, -2.662917378673352e-39, 3.1065331937961765e-31, 2.9370748649833914e-32, 1.6621536263155252e-35, 9.012666517737917e-42, 3.73439181435054e-40, 7.217129749746299e-36, 5.838597890537823e-55, 1.1729220480606661e-49, 1.65258118097101e-31, 1.3475278215758516e-34, 3.4051856076273755e-31, 3.738052024156655e-33], "total_energy_defect_over_initial_heat_capacity": 3.6106743422065097e-16, "relative_total_baryon_defect": 6.858640823561968e-29, "maximum_local_rest_characteristic_speed_over_c": 0.3045239605081272, "maximum_characteristic_imaginary_part": 0.0, "sampled_cone_inside_light_cone": true}
NATIVE COMPOSITION RESPONSES 9454
CONSERVATIVE NATIVE STAGE 4 31 0 329892435.16765
CONSERVATIVE NATIVE STAGE 4 31 1 9979.195923239364
CONSERVATIVE NATIVE STAGE 4 31 2 15.076050996825552
CONSERVATIVE NATIVE STAGE 4 31 3 0.00032021256980114973
CONSERVATIVE TWO CARRIER STEP 4 {"classification": "Counterexample candidate", "step": 31, "time_seconds": 0.0015937875344602843, "elapsed_seconds": 2877.4793905480005, "maximum_changes": [3.2256346356403465e-08, 0.026551750346503, 2.926712344100108e-09, 1.4950827829699487e-10, 1.4950827806567288e-10], "maximum_local_energy_defect": 2.2195585077209085e-10, "maximum_local_baryon_defect": 2.0028029014653526e-22, "maximum_isotope_inventory_defect": 5.409111489681191e-29, "isotope_inventory_defects": [1.0711183426076855e-29, 2.36858552810445e-47, 1.8358309807265725e-33, 5.409111489681191e-29, 2.038140029422563e-44, 1.0712289519435895e-37, 4.862890162909616e-43, -1.3198203079425693e-33, -1.549291297971417e-34, -1.0482105266377575e-38, 6.597222034637369e-31, 3.78404825593145e-35, 1.5480565194151212e-47, -2.6957941686214146e-39, 3.0128317430337972e-31, 2.870708381111919e-32, 1.615272594541393e-35, 8.795831532731956e-42, 3.695409881666829e-40, 7.012191436858708e-36, 5.8007842543250024e-55, 1.1692909504330264e-49, 1.6121984256075316e-31, 1.28416111689432e-34, 3.3278687627036184e-31, 3.632854864493179e-33], "total_energy_defect_over_initial_heat_capacity": 3.685620663244015e-16, "relative_total_baryon_defect": 6.629020047235616e-29, "maximum_local_rest_characteristic_speed_over_c": 0.3091309259040417, "maximum_characteristic_imaginary_part": 0.0, "sampled_cone_inside_light_cone": true}
NATIVE COMPOSITION RESPONSES 9454
CONSERVATIVE NATIVE STAGE 4 32 0 333214660.86757684
CONSERVATIVE NATIVE STAGE 4 32 1 14300.606614983968
CONSERVATIVE NATIVE STAGE 4 32 2 3.2793646292535326
CONSERVATIVE NATIVE STAGE 4 32 3 6.944467155317294e-05
CONSERVATIVE TWO CARRIER STEP 4 {"classification": "Counterexample candidate", "step": 32, "time_seconds": 0.0016452000355719064, "elapsed_seconds": 2971.8109334430005, "maximum_changes": [3.4242579634026494e-08, 0.02584354893539045, 2.9792960199829567e-09, 1.4792280878162797e-10, 1.4792280855653478e-10], "maximum_local_energy_defect": 2.2196260556003317e-10, "maximum_local_baryon_defect": 2.0028043132989477e-22, "maximum_isotope_inventory_defect": 5.278125637694982e-29, "isotope_inventory_defects": [1.0659703890069827e-29, 2.1513028298882464e-47, 1.8815115185046507e-33, 5.278125637694982e-29, 1.8184401918666684e-44, 1.007865507481596e-37, 4.784877394047626e-43, -1.458931106335365e-33, -1.929870011221344e-34, -1.0598530407708724e-38, 6.450066082863652e-31, 3.73072570427839e-35, 1.5274531817058038e-47, -2.7255643573555644e-39, 2.9921364878093483e-31, 2.8409511773261885e-32, 1.603003653628731e-35, 8.625080480549567e-42, 3.6675086228142392e-40, 7.013156274167705e-36, 5.770327646745794e-55, 1.1664408423195235e-49, 1.5868090280878524e-31, 1.203276957224852e-34, 3.281629657168337e-31, 3.571324641171674e-33], "total_energy_defect_over_initial_heat_capacity": 3.82614601147545e-16, "relative_total_baryon_defect": 6.490441522638973e-29, "maximum_local_rest_characteristic_speed_over_c": 0.3127340923893177, "maximum_characteristic_imaginary_part": 0.0, "sampled_cone_inside_light_cone": true}
CONSERVATIVE FULL TIME COMPARISON {"classification": "Counterexample candidate", "passed": false, "endpoint_maximum_differences": [[4.3794151272312453e-10, 0.003218262335158916, 1.020713782548862e-10, 6.797542323588201e-11, 6.797542300742918e-11], [1.2443325714200222e-10, 0.0011067816731101885, 3.636948544275604e-11, 2.6662748706340564e-11, 2.6662748634082027e-11]], "observed_orders": [1.8153660856014167, 1.5399112713981484, 1.4887779583495437, 1.3501877110573821, 1.3501877101185888], "paths": [{"refinement": 1, "steps": 8, "duration_seconds": 0.0016452000355719064, "maximum_path_speed_over_c": 0.32270080250607924, "maximum_path_local_energy_defect": 2.8518089659102385e-10, "maximum_path_local_baryon_defect": 5.301447218974642e-21, "maximum_path_isotope_inventory_defect": 1.1376401293949546e-28}, {"refinement": 2, "steps": 16, "duration_seconds": 0.0016452000355719064, "maximum_path_speed_over_c": 0.32270080250607924, "maximum_path_local_energy_defect": 3.4744012102850206e-10, "maximum_path_local_baryon_defect": 2.6033038857065672e-20, "maximum_path_isotope_inventory_defect": 5.868789916788605e-29}, {"refinement": 4, "steps": 32, "duration_seconds": 0.0016452000355719064, "maximum_path_speed_over_c": 0.32270080250607924, "maximum_path_local_energy_defect": 2.2731027930707987e-10, "maximum_path_local_baryon_defect": 2.0028043132989477e-22, "maximum_path_isotope_inventory_defect": 6.165445439961328e-29}], "rigorous_time_error_bound": false, "physical_EOS_certified": false, "physical_exterior_match": false, "observational_closure": false}
Traceback (most recent call last):
  File "/mnt/e/lab/self-mass-unobservability/verification/gr_compatible_equilibrium_evolution.py", line 187, in <module>
    compare()
  File "/mnt/e/lab/self-mass-unobservability/verification/gr_conservative_two_carrier.py", line 539, in compare
    assert passed,'The frozen full-time convergence gate failed.'
AssertionError: The frozen full-time convergence gate failed.
