   98.5s transit to 0.500 s with dt 1e-05 done
  100.0s transit to 1.500 s with dt 1e-04 done
  100.2s stored I (10301, 6005)
  100.2s validation q(T) -2.316202e-51  rel -8.058e-03  static 3.622e-54
  102.4s transit max |q| 3.489e-36 at 0.463 s, sign changes 1108
  133.5s eigh done, omega^2 range 1.249e-03 .. 4.982e+06
  136.8s relaxation first q -1.924e-44, rms 8.110e-45, max 1.987e-44, mean(9000-1e4 s) -4.709e-47
  136.8s done
	Command being timed: "python3 .phase278-transit.py .phase278-transit.json"
	User time (seconds): 599.13
	System time (seconds): 1.95
	Percent of CPU this job got: 446%
	Elapsed (wall clock) time (h:mm:ss or m:ss): 2:14.74
	Average shared text size (kbytes): 0
	Average unshared data size (kbytes): 0
	Average stack size (kbytes): 0
	Average total size (kbytes): 0
	Maximum resident set size (kbytes): 2852916
	Average resident set size (kbytes): 0
	Major (requiring I/O) page faults: 642
	Minor (reclaiming a frame) page faults: 184743
	Voluntary context switches: 2778
	Involuntary context switches: 1317
	Swaps: 0
	File system inputs: 204992
	File system outputs: 168
	Socket messages sent: 0
	Socket messages received: 0
	Signals delivered: 0
	Page size (bytes): 4096
	Exit status: 0
exit 0
