Traceback (most recent call last):
  File "/home/lpaiu/work/native-retained-tail-runtime/.phase251-reader-launch.py", line 14, in <module>
    runpy.run_path(sys.argv[0],run_name='__main__')
  File "/usr/lib/python3.10/runpy.py", line 289, in run_path
    return _run_module_code(code, init_globals, run_name,
  File "/usr/lib/python3.10/runpy.py", line 96, in _run_module_code
    _run_code(code, mod_globals, init_globals,
  File "/usr/lib/python3.10/runpy.py", line 86, in _run_code
    exec(code, run_globals)
  File "verification/continue_returned_krylov.py", line 71, in <module>
    evolve(64 if action=='coarse' else 128) if action in ['coarse','fine'] else globals()[action]()
  File "verification/continue_returned_krylov.py", line 55, in evolve
    bind(prior.evolve,OUT=OUT,initialize=initialize)(n)
  File "/home/lpaiu/work/native-retained-tail-runtime/verification/continue_returned_linear_refinement.py", line 98, in evolve
    exec(compile(source,__file__,'exec'),ns);ns['evolve'](n)
  File "/home/lpaiu/work/native-retained-tail-runtime/verification/continue_returned_linear_refinement.py", line 21, in evolve
    assert read(prior.ROOT/'controller-status.json')['state']=='failed'
  File "/home/lpaiu/work/native-retained-tail-runtime/verification/continue_full_material_front.py", line 39, in run
    
  File "/home/lpaiu/work/native-retained-tail-runtime/verification/continue_returned_linear_refinement.py", line 10, in observed
    
  File "/home/lpaiu/work/native-retained-tail-runtime/verification/couple_full_incident_fluid.py", line 21, in stages
    CAPS['check_chain']=30
  File "/home/lpaiu/work/native-retained-tail-runtime/verification/continue_returned_linear_refinement.py", line 72, in solve
    value=ns['solve'](m,op,P,rhs,guess)
  File "/home/lpaiu/work/native-retained-tail-runtime/verification/continue_returned_linear_refinement.py", line 11, in solve
    ROOT=Path('native-returned-refinement253-work');OUT=ROOT
AssertionError: ('Four-moment linear residual', 9.500747175713496e-11, [np.longdouble('2.4558336450717363559e-11'), np.longdouble('1.6358285324042575907e-12'), np.longdouble('3.270318642073331495e-20'), np.longdouble('5.9456067159316770725e-19')])
