range complete 1375174421 1389436192
range complete 1360912649 1375174420
range complete 773213013 838560565
range complete 642517907 707865459
Traceback (most recent call last):
  File "/mnt/e/lab/self-mass-unobservability/verification/thermal_wd.py", line 162, in <module>
    if __name__ == '__main__': globals()[sys.argv[1]]()
  File "/mnt/e/lab/self-mass-unobservability/verification/thermal_wd.py", line 144, in archive_fetch
    with ThreadPoolExecutor(max_workers=4) as pool: records = list(pool.map(part,ranges))
  File "/usr/lib/python3.10/concurrent/futures/_base.py", line 621, in result_iterator
    yield _result_or_cancel(fs.pop())
  File "/usr/lib/python3.10/concurrent/futures/_base.py", line 319, in _result_or_cancel
    return fut.result(timeout)
  File "/usr/lib/python3.10/concurrent/futures/_base.py", line 458, in result
    return self.__get_result()
  File "/usr/lib/python3.10/concurrent/futures/_base.py", line 403, in __get_result
    raise self._exception
  File "/usr/lib/python3.10/concurrent/futures/thread.py", line 58, in run
    result = self.fn(*self.args, **self.kwargs)
  File "/mnt/e/lab/self-mass-unobservability/verification/thermal_wd.py", line 137, in part
    with urllib.request.urlopen(req,timeout=60) as r:
  File "/usr/lib/python3.10/urllib/request.py", line 216, in urlopen
    return opener.open(url, data, timeout)
  File "/usr/lib/python3.10/urllib/request.py", line 525, in open
    response = meth(req, response)
  File "/usr/lib/python3.10/urllib/request.py", line 634, in http_response
    response = self.parent.error(
  File "/usr/lib/python3.10/urllib/request.py", line 563, in error
    return self._call_chain(*args)
  File "/usr/lib/python3.10/urllib/request.py", line 496, in _call_chain
    result = func(*args)
  File "/usr/lib/python3.10/urllib/request.py", line 643, in http_error_default
    raise HTTPError(req.full_url, code, msg, hdrs, fp)
urllib.error.HTTPError: HTTP Error 502: Bad Gateway
