{
  "profile": 387,
  "model": 18950,
  "cells": 3088,
  "mass_source_units": 0.19796106308724848,
  "mass_solar": 0.19803972636431988,
  "mass_relative_target": 0.0025480928819145987,
  "Teff_K": 16409.42869436178,
  "radius_m": 61581483.95836354,
  "radius_solar": 0.08848168619552794,
  "central_temperature_K": 20860824.096878253,
  "central_density_kg_m3": 134133711.30454601,
  "total_hydrogen_solar": 0.0019154354313098453,
  "max_pressure_rest_energy_ratio": 9.112011137789443e-06,
  "max_rotation_ratio": 0.012733055446037877,
  "density_reconstruction_relative_quantiles": [
    -0.013014838446913535,
    -2.503552920529728e-14,
    0.028883568987777997
  ],
  "density_reconstruction_mass_weighted_absolute_relative": 1.5412349259260155e-12,
  "susceptibility_m": "1169.8595217839451491265508955063238691211016271356718862406585037805238360425261",
  "susceptibility_interval_m": "[1169.85952178394514912655089550632386912110162713567188624065849843998391411, 1169.85952178394514912655089550632386912110162713567188624065850913446554864]",
  "interval_width_m": 1.0694481634539243e-59,
  "eta": "0.00016543800245205879651501367063432204438319089544462366907844956432320759359653716",
  "eta_interval": "[0.000165438002452058796515013670634322044383190895444623669078449564323204722311, 0.000165438002452058796515013670634322044383190895444623669078449564323210466123]",
  "born_charge_m": "1169.7216739126006359583698213100433349609375",
  "fractional_structure_correction": 0.00011784672748981899,
  "coarsening_relative_changes": [
    -1.0088477061336748e-10,
    -4.908493755016613e-10
  ],
  "dynamic": [
    {
      "omega_s": 4.463110809664546e-05,
      "response_real_m": 1169.8595217831028,
      "response_imag_m": 2.037437968496275e-07,
      "relative_static_difference": 1.7416239701025743e-10,
      "conditional_relative_bound": 2.0221909720862737e-10,
      "conditional_bound_interval": "[0.00000000020221909720862737298953763607405079619432341312343239257448423414268229852, 0.000000000202219097208627372989537636074050796194323413123432392574484234142682319605]",
      "bound_upper_rounded_outward": 2.0221909720862737e-10
    },
    {
      "omega_s": 2.222181980447808e-07,
      "response_real_m": 1169.8595217839452,
      "response_imag_m": 1.014439957456362e-09,
      "relative_static_difference": 8.671468144520399e-13,
      "conditional_relative_bound": 8.680262456832752e-13,
      "conditional_bound_interval": "[0.000000000000868026245683275208358039527757029682542384793360963544415662646771249352669, 0.000000000000868026245683275208358039527757029682542384793360963544415662646771249426794]",
      "bound_upper_rounded_outward": 8.680262456832752e-13
    },
    {
      "omega_s": 0.01,
      "response_real_m": 1169.8594794917078,
      "response_imag_m": 4.5650621462819165e-05,
      "relative_static_difference": 5.3194693654549566e-08,
      "conditional_relative_bound": 1.4457565634023805e-06,
      "conditional_bound_interval": "[0.0000014457565634023805539241956449659584428857482844211686109729804819324251332, 0.00000144575656340238055392419564496595844288574828442116861097298048193242530592]",
      "bound_upper_rounded_outward": 1.4457565634023807e-06
    },
    {
      "omega_s": 1.0,
      "response_real_m": 1169.43672923851,
      "response_imag_m": 0.004561763404044254,
      "relative_static_difference": 0.00036142557858617476,
      "conditional_relative_bound": 0.014071162412771026,
      "conditional_bound_interval": "[0.0140711624127710263646194229960925556627770778396437749088213507908787120893, 0.0140711624127710263646194229960925556627770778396437749088213507908787133627]",
      "bound_upper_rounded_outward": 0.014071162412771027
    }
  ],
  "input_gzip_sha256": "f4a5f5504bac066b1badfa6d4accf49663c9b78dc8ece68fb8f78d0b6873d18c"
}
{
  "profile": 388,
  "model": 19000,
  "cells": 3095,
  "mass_source_units": 0.19796106308724848,
  "mass_solar": 0.19803972636431988,
  "mass_relative_target": 0.0025480928819145987,
  "Teff_K": 14576.54123660871,
  "radius_m": 64452328.633069254,
  "radius_solar": 0.09260658155847762,
  "central_temperature_K": 20800596.64833495,
  "central_density_kg_m3": 133516920.82765177,
  "total_hydrogen_solar": 0.001914562925297981,
  "max_pressure_rest_energy_ratio": 9.085317416832427e-06,
  "max_rotation_ratio": 0.012337787921020867,
  "density_reconstruction_relative_quantiles": [
    -0.013014838512287907,
    5.551115123125783e-15,
    0.028883568947154714
  ],
  "density_reconstruction_mass_weighted_absolute_relative": 1.5366965066163313e-12,
  "susceptibility_m": "1169.8589347391651880938098277828274538415694530940547255368427084110435615680527",
  "susceptibility_interval_m": "[1169.85893473916518809380982778282745384156945309405472553684270280381454273, 1169.85893473916518809380982778282745384156945309405472553684271400852417103]",
  "interval_width_m": 1.1204709628304552e-59,
  "eta": "0.00016499896590914609968006467648122955164783903257110223696995989339514277030948017",
  "eta_interval": "[0.00016499896590914609968006467648122955164783903257110223696995989339513988222, 0.000164998965909146099680064676481229551647839032571102236969959893395145639297]",
  "born_charge_m": "1169.7216739126006359583698213100433349609375",
  "fractional_structure_correction": 0.00011734486042771915,
  "coarsening_relative_changes": [
    -9.79274166686293e-11,
    -4.828693941505882e-10
  ],
  "dynamic": [
    {
      "omega_s": 4.463110809664546e-05,
      "response_real_m": 1169.8589347382967,
      "response_imag_m": 2.0374359236916566e-07,
      "relative_static_difference": 1.741624026220433e-10,
      "conditional_relative_bound": 2.048924376100159e-10,
      "conditional_bound_interval": "[0.00000000020489243761001590599291908887252130539875055045978862551493403314120895391, 0.000000000204892437610015905992919088872521305398750550459788625514934033141208974995]",
      "bound_upper_rounded_outward": 2.0489243761001593e-10
    },
    {
      "omega_s": 2.222181980447808e-07,
      "response_real_m": 1169.858934739165,
      "response_imag_m": 1.014438939348596e-09,
      "relative_static_difference": 8.671463793223759e-13,
      "conditional_relative_bound": 8.68091761004075e-13,
      "conditional_bound_interval": "[0.000000000000868091761004074944539113014329668310668407325469375502614175284389177123899, 0.000000000000868091761004074944539113014329668310668407325469375502614175284389177189788]",
      "bound_upper_rounded_outward": 8.68091761004075e-13
    },
    {
      "omega_s": 0.01,
      "response_real_m": 1169.8588911459005,
      "response_imag_m": 4.565057554560356e-05,
      "relative_static_difference": 5.39566680060827e-08,
      "conditional_relative_bound": 1.5799723694073953e-06,
      "conditional_bound_interval": "[0.00000157997236940739534677502269824720044079838089027334510111138791460305138676, 0.0000015799723694073953467750226982472004407983808902733451011113879146030516113]",
      "bound_upper_rounded_outward": 1.5799723694073955e-06
    },
    {
      "omega_s": 1.0,
      "response_real_m": 1169.4231556755976,
      "response_imag_m": 0.004561657508579091,
      "relative_static_difference": 0.00037252605872457753,
      "conditional_relative_bound": 0.01541332081216736,
      "conditional_bound_interval": "[0.0154133208121673603726417496889112023441927258289892373474621211943576628569, 0.0154133208121673603726417496889112023441927258289892373474621211943576644133]",
      "bound_upper_rounded_outward": 0.01541332081216736
    }
  ],
  "input_gzip_sha256": "21f2a3961f82fa74cef66f64ee0b7cb3f80b56c756bb11675f28ccd39adaed6c"
}
