Scanning dependencies of target free_eos
[  8%] Building Fortran object src/CMakeFiles/free_eos.dir/mod_free_eos_types.f90.o
[  4%] Building Fortran object src/CMakeFiles/free_eos.dir/mod_statistical_weight_data.f90.o
[ 12%] Building Fortran object src/CMakeFiles/free_eos.dir/mod_info_data.f90.o
[ 12%] Building Fortran object src/CMakeFiles/free_eos.dir/mod_flow_data.f90.o
[ 16%] Building Fortran object src/CMakeFiles/free_eos.dir/mod_isotopic_mass_data.f90.o
[ 16%] Building Fortran object src/CMakeFiles/free_eos.dir/mod_fermi_dirac_integrator.f90.o
[ 20%] Building Fortran object src/CMakeFiles/free_eos.dir/mod_ionization_data.f90.o
[ 25%] Building Fortran object src/CMakeFiles/free_eos.dir/mod_pl.f90.o
[ 33%] Building Fortran object src/CMakeFiles/free_eos.dir/mod_bfgs.f90.o
[ 29%] Building Fortran object src/CMakeFiles/free_eos.dir/mod_aux_scale.f90.o
[ 37%] Building Fortran object src/CMakeFiles/free_eos.dir/mod_free_eos_constants.f90.o
[ 41%] Building Fortran object src/CMakeFiles/free_eos.dir/mod_free_eos_debug.f90.o
[ 45%] Building Fortran object src/CMakeFiles/free_eos.dir/mod_diagnostics.f90.o
[ 45%] Building Fortran object src/CMakeFiles/free_eos.dir/mod_excitation_block.f90.o
[ 50%] Building Fortran object src/CMakeFiles/free_eos.dir/mod_helium1_data.f90.o
[ 54%] Building Fortran object src/CMakeFiles/free_eos.dir/mod_poly_sum.f90.o
[ 58%] Building Fortran object src/CMakeFiles/free_eos.dir/mod_nuvar.f90.o
[ 62%] Building Fortran object src/CMakeFiles/free_eos.dir/mod_lapack.f90.o
[ 62%] Building Fortran object src/CMakeFiles/free_eos.dir/mod_pi_fit.f90.o
[ 62%] Building Fortran object src/CMakeFiles/free_eos.dir/mod_molecular_hydrogen.f90.o
[ 66%] Building Fortran object src/CMakeFiles/free_eos.dir/mod_fermi_dirac.f90.o
[ 70%] Building Fortran object src/CMakeFiles/free_eos.dir/mod_pi.f90.o
[ 70%] Building Fortran object src/CMakeFiles/free_eos.dir/mod_coulomb.f90.o
[ 75%] Building Fortran object src/CMakeFiles/free_eos.dir/mod_excitation.f90.o
[ 79%] Building Fortran object src/CMakeFiles/free_eos.dir/mod_exchange.f90.o
[ 83%] Building Fortran object src/CMakeFiles/free_eos.dir/mod_eos_calc.f90.o
[ 87%] Building Fortran object src/CMakeFiles/free_eos.dir/mod_eos_jacobian.f90.o
[ 91%] Building Fortran object src/CMakeFiles/free_eos.dir/mod_eos_bfgs.f90.o
[ 91%] Building Fortran object src/CMakeFiles/free_eos.dir/mod_free_eos_detailed.f90.o
[ 95%] Building Fortran object src/CMakeFiles/free_eos.dir/mod_free_eos.f90.o
[100%] Linking Fortran shared library libfree_eos_direct24_pi_trace.so
[100%] Built target free_eos
