declared Teff 15898.3 K log g 5.7396; kernel charge -2.337287e-51; face/background deviation max 7.3e-03, kernel-weighted 4.7e-03
kramers (a=1/2, b=1.25)
  declared atmosphere                charge -2.3373e-51  ratio 1.000  sign kept True
  Kaplan central                     charge -7.8536e-51  ratio 3.360  sign kept True
  log g -1 sigma                     charge -3.8364e-51  ratio 1.641  sign kept True
  log g +1 sigma                     charge -1.5179e-50  ratio 6.494  sign kept True
  log g -2 sigma                     charge -1.7663e-51  ratio 0.756  sign kept True
  log g +2 sigma                     charge -2.7809e-50  ratio 11.898  sign kept True
  Teff -1 sigma                      charge -8.0662e-51  ratio 3.451  sign kept True
  Teff +1 sigma                      charge -7.6467e-51  ratio 3.272  sign kept True
  Kaplan central, gray T(tau) -10%   charge -1.3647e-50  ratio 5.839  sign kept True
  Kaplan central, gray T(tau) +10%   charge -4.5709e-51  ratio 1.956  sign kept True
constant opacity (a=1, b=-1)
  declared atmosphere                charge -2.3373e-51  ratio 1.000  sign kept True
  Kaplan central                     charge -8.7361e-51  ratio 3.738  sign kept True
  log g -1 sigma                     charge -4.0287e-51  ratio 1.724  sign kept True
  log g +1 sigma                     charge -1.7886e-50  ratio 7.652  sign kept True
  log g -2 sigma                     charge -1.7511e-51  ratio 0.749  sign kept True
  log g +2 sigma                     charge -3.4709e-50  ratio 14.850  sign kept True
  Teff -1 sigma                      charge -9.1016e-51  ratio 3.894  sign kept True
  Teff +1 sigma                      charge -8.3860e-51  ratio 3.588  sign kept True
  Kaplan central, gray T(tau) -10%   charge -1.5180e-50  ratio 6.495  sign kept True
  Kaplan central, gray T(tau) +10%   charge -5.0845e-51  ratio 2.175  sign kept True
1-sigma ratio range 1.641 .. 7.652 ; sign kept everywhere True
exit 0
