{"classification": "Counterexample candidate", "kind": "native", "variant": "identity", "directory": "/home/lpaiu/work/direct-eos-gr33/native-cold-population-identity", "patches": {}, "seconds": 4.1244488669999555, "outputs": {"/home/lpaiu/work/direct-eos-gr33/native-cold-population-identity/libfree_eos_native_cold_stable.so": "34c98dd962486631eb12e6315a00f6d0ea1d8fd5e8a33e19243aef842a155974", "/home/lpaiu/work/direct-eos-gr33/native-cold-population-identity/stable/gas.so": "5b075578d8f786c637e0e789b2924e0c9c11a348866c3681245ca709d5c2ef1a", "/home/lpaiu/work/direct-eos-gr33/native-cold-population-identity/gas-stable-verbose.so": "209ee5c1e3a02ae2abfd955c6419255992c3fab14860d86a4bf6d97b8ef6ce
{"classification": "Counterexample candidate", "kind": "native", "variant": "ploff", "directory": "/home/lpaiu/work/direct-eos-gr33/native-cold-population-ploff", "patches": {"mod_free_eos.f90": "ifpi 3 -> -3 in (ifoption 3, ifmodified 11): Planck-Larkin off, MDH kept", "free_eos_detailed.f90": "PL arrays zeroed before first use"}, "seconds": 3.2045008290000396, "outputs": {"/home/lpaiu/work/direct-eos-gr33/native-cold-population-ploff/libfree_eos_native_cold_stable.so": "71c937a32c9a9904b7594441086fab8fa8d66e06df48752ca19aedeaff23e1f2", "/home/lpaiu/work/direct-eos-gr33/native-cold-population-ploff/stable/gas.so": "ec248325381f8ce7fca3da6692cbd8853b62a208fce1b0482d4b5d7d3cd39c1c", "/home/lp
{"classification": "Counterexample candidate", "kind": "levels", "variant": "identity", "directory": "/home/lpaiu/work/direct-eos-gr33/photon-eos-levels-identity", "patches": {}, "seconds": 0.6435405890000538, "outputs": {"/home/lpaiu/work/direct-eos-gr33/photon-eos-levels-identity/levels.so": "f5ebb8b31b67cfb8591cad491abd7930738d22e3eb9eebe90bed1519dd610b31"}, "objects": {}}
{"classification": "Counterexample candidate", "kind": "levels", "variant": "ploff", "directory": "/home/lpaiu/work/direct-eos-gr33/photon-eos-levels-ploff", "patches": {"bridge.F90": "qstar_calc PL flag off (MDH kept)"}, "seconds": 0.7632639839999911, "outputs": {"/home/lpaiu/work/direct-eos-gr33/photon-eos-levels-ploff/levels.so": "4a8d94b6c22cc133be72ba6b83c5ef7c3441d251c183a35bdd53090815bba1a7"}, "objects": {}}
== identity vs original (must be bitwise)
{"identical": true, "differing": [], "compared": 76}
== PL-off patch vs phase-68 MHD-only build
8 P +4.16e-06 u +5.17e-06 s -2.34e-08 chi_rho +4.17e-06 chi_T -3.09e-05 du_dlnrho +5.40e-03 du_dlnT -3.15e-04 Gamma1 +1.05e-04 cvT -3.15e-04
9 P +1.71e-06 u +1.06e-06 s -1.00e-06 chi_rho -1.16e-06 chi_T +2.89e-05 du_dlnrho -1.55e-03 du_dlnT +2.77e-04 Gamma1 -8.33e-05 cvT +2.77e-04
10 P -2.70e-08 u -5.06e-06 s -2.26e-06 chi_rho +2.94e-07 chi_T -3.75e-06 du_dlnrho +4.62e-05 du_dlnT -1.27e-05 Gamma1 +1.74e-06 cvT -1.27e-05
11 P +2.06e-07 u -4.06e-06 s -1.79e-06 chi_rho +1.85e-07 chi_T -1.73e-06 du_dlnrho +1.45e-05 du_dlnT -2.61e-05 Gamma1 +6.68e-06 cvT -2.61e-05
12 P +6.59e-08 u -3.77e-06 s -1.57e-06 chi_rho +6.19e-08 chi_T -6.68e-07 du_dlnrho +1.21e-05 du_dlnT -3.09e-05 Gamma1 +9.53e-06 cvT -3.09e-05
13 P +1.60e-08 u -3.78e-06 s -1.47e-06 chi_rho +3.93e-09 chi_T +3.67e-08 du_dlnrho -6.27e-07 du_dlnT -2.19e-05 Gamma1 +6.21e-06 cvT -2.19e-05
14 P +4.52e-08 u -3.58e-06 s -1.33e-06 chi_rho -4.36e-08 chi_T +1.14e-06 du_dlnrho -1.58e-05 du_dlnT -9.81e-06 Gamma1 +3.16e-06 cvT -9.81e-06
15 P +2.65e-07 u -2.70e-06 s -1.04e-06 chi_rho -2.46e-07 chi_T +6.83e-06 du_dlnrho -2.73e-04 du_dlnT +6.38e-05 Gamma1 -1.69e-05 cvT +6.38e-05
{"max_abs_relative_cells_9_13": {"P": 1.714057085265572e-06, "u": 5.055643401656233e-06, "s": 2.2628036845739893e-06, "chi_rho": 1.1595834890877181e-06, "chi_T": 2.8856380511327118e-05, "du_dlnrho": 0.0015476004782753235, "du_dlnT": 0.00027699901366196543, "Gamma1": 8.332928088545961e-05, "cvT": 0.00027699901366196543}}
8 identity du/dlnrho=(P/rho)(1-chi_T) ratio 1.000000000000  (P/rho-du/dlnrho) rel -2.67e-05  neutral H 1.0232e-03 rel +6.17e-06  He stages [0.00713, 0.99249, 0.00037] rel [0.023366, -0.000168, -0.000179]  ground_logw max |diff| nan (first 3: [0.0, -0.0, -0.0] vs [nan, nan, nan])
9 identity du/dlnrho=(P/rho)(1-chi_T) ratio 1.000000000000  (P/rho-du/dlnrho) rel +3.06e-05  neutral H 1.7102e-03 rel +3.04e-06  He stages [0.06049, 0.9395, 0.0] rel [0.00269, -0.000173, -0.000178]  ground_logw max |diff| nan (first 3: [0.0, -0.0, -0.0] vs [nan, nan, nan])
10 identity du/dlnrho=(P/rho)(1-chi_T) ratio 1.000000000000  (P/rho-du/dlnrho) rel -3.78e-06  neutral H 5.5002e-03 rel -5.86e-08  He stages [0.59999, 0.40001, 0.0] rel [3.7e-05, -5.6e-05, -5.6e-05]  ground_logw max |diff| nan (first 3: [0.0, -0.0, -0.0] vs [nan, nan, nan])
11 identity du/dlnrho=(P/rho)(1-chi_T) ratio 1.000000000000  (P/rho-du/dlnrho) rel -1.52e-06  neutral H 2.0801e-02 rel +4.14e-07  He stages [0.9776, 0.0224, 0.0] rel [0.0, -2e-06, -2e-06]  ground_logw max |diff| nan (first 3: [0.0, -0.0, -0.0] vs [nan, nan, nan])
12 identity du/dlnrho=(P/rho)(1-chi_T) ratio 1.000000000000  (P/rho-du/dlnrho) rel -6.02e-07  neutral H 6.8316e-03 rel +1.33e-07  He stages [0.95889, 0.04111, 0.0] rel [0.0, -1e-06, -1e-06]  ground_logw max |diff| nan (first 3: [0.0, -0.0, -0.0] vs [nan, nan, nan])
13 identity du/dlnrho=(P/rho)(1-chi_T) ratio 1.000000000000  (P/rho-du/dlnrho) rel +5.27e-08  neutral H 1.0585e-03 rel +3.24e-08  He stages [0.78532, 0.21468, 0.0] rel [0.0, -0.0, -0.0]  ground_logw max |diff| nan (first 3: [0.0, -0.0, -0.0] vs [nan, nan, nan])
14 identity du/dlnrho=(P/rho)(1-chi_T) ratio 1.000000000000  (P/rho-du/dlnrho) rel +1.18e-06  neutral H 1.6126e-04 rel +9.08e-08  He stages [0.3578, 0.6422, 0.0] rel [0.0, -0.0, -0.0]  ground_logw max |diff| nan (first 3: [0.0, -0.0, -0.0] vs [nan, nan, nan])
15 identity du/dlnrho=(P/rho)(1-chi_T) ratio 1.000000000000  (P/rho-du/dlnrho) rel +7.10e-06  neutral H 2.6202e-05 rel +5.31e-07  He stages [0.08301, 0.91699, 0.0] rel [1e-06, -0.0, -1e-06]  ground_logw max |diff| nan (first 3: [0.0, -0.0, -0.0] vs [nan, nan, nan])
8  L 9.739709e-01 -> 9.739688e-01 (-2.11e-06)
9  L 3.933239e-01 -> 3.933236e-01 (-8.78e-07)
10  L 7.194127e-02 -> 7.194127e-02 (+5.08e-09)
11  L 7.756960e-03 -> 7.756960e-03 (-1.02e-08)
12  L 4.401466e-03 -> 4.401466e-03 (-5.11e-10)
13  L 4.320898e-03 -> 4.320898e-03 (-2.12e-11)
14  L 4.318961e-03 -> 4.318961e-03 (-1.02e-11)
15  L 4.318940e-03 -> 4.318940e-03 (-9.57e-12)
== lineage baseline: phase-66 PL/MHD vs chain PL/MHD
8 P +4.57e-06 u +6.02e-06 s +3.15e-08 chi_rho +2.43e-06 chi_T -3.14e-05 du_dlnrho +5.87e-03 du_dlnT -3.15e-04 Gamma1 +1.04e-04 cvT -3.15e-04
9 P +3.00e-06 u +1.43e-06 s -1.03e-06 chi_rho -1.64e-06 chi_T +2.98e-05 du_dlnrho -1.63e-03 du_dlnT +2.94e-04 Gamma1 -8.90e-05 cvT +2.94e-04
10 P +1.43e-07 u -6.30e-06 s -2.62e-06 chi_rho -2.28e-09 chi_T +8.63e-07 du_dlnrho -1.08e-05 du_dlnT -1.48e-05 Gamma1 +4.95e-06 cvT -1.48e-05
11 P +1.98e-07 u -4.11e-06 s -1.80e-06 chi_rho +1.77e-07 chi_T -1.72e-06 du_dlnrho +1.45e-05 du_dlnT -2.84e-05 Gamma1 +7.33e-06 cvT -2.84e-05
12 P +6.45e-08 u -3.79e-06 s -1.58e-06 chi_rho +6.01e-08 chi_T -6.57e-07 du_dlnrho +1.19e-05 du_dlnT -3.20e-05 Gamma1 +9.88e-06 cvT -3.20e-05
13 P +1.69e-08 u -3.79e-06 s -1.47e-06 chi_rho +3.05e-09 chi_T +7.20e-08 du_dlnrho -1.22e-06 du_dlnT -2.22e-05 Gamma1 +6.32e-06 cvT -2.22e-05
14 P +4.66e-08 u -3.58e-06 s -1.33e-06 chi_rho -4.32e-08 chi_T +1.16e-06 du_dlnrho -1.61e-05 du_dlnT -9.76e-06 Gamma1 +3.16e-06 cvT -9.76e-06
15 P +2.65e-07 u -2.70e-06 s -1.04e-06 chi_rho -2.46e-07 chi_T +6.84e-06 du_dlnrho -2.73e-04 du_dlnT +6.38e-05 Gamma1 -1.69e-05 cvT +6.38e-05
{"max_abs_relative_cells_9_13": {"P": 2.9996446134406198e-06, "u": 6.301633808342939e-06, "s": 2.6201346154389727e-06, "chi_rho": 1.6402189280091495e-06, "chi_T": 2.9839186590997726e-05, "du_dlnrho": 0.001630766803214639, "du_dlnT": 0.00029441370877398367, "Gamma1": 8.89746919962777e-05, "cvT": 0.00029441370877398367}}
8 identity du/dlnrho=(P/rho)(1-chi_T) ratio 1.000000000000  (P/rho-du/dlnrho) rel -2.68e-05  neutral H 3.9439e-04 rel +9.11e-06  He stages [0.00669, 0.99294, 0.00037] rel [3.2e-05, -0.0, -9e-06]  ground_logw max |diff| nan (first 3: [0.0, -0.000794, 0.0] vs [nan, nan, nan])
9 identity du/dlnrho=(P/rho)(1-chi_T) ratio 1.000000000000  (P/rho-du/dlnrho) rel +3.28e-05  neutral H 1.1704e-03 rel +5.99e-06  He stages [0.06021, 0.93979, 0.0] rel [1e-05, -1e-06, -7e-06]  ground_logw max |diff| nan (first 3: [0.0, -7.4e-05, 0.0] vs [nan, nan, nan])
10 identity du/dlnrho=(P/rho)(1-chi_T) ratio 1.000000000000  (P/rho-du/dlnrho) rel +1.01e-06  neutral H 5.1441e-03 rel +2.88e-07  He stages [0.60004, 0.39996, 0.0] rel [0.0, -0.0, -1e-06]  ground_logw max |diff| nan (first 3: [0.0, -2e-06, 0.0] vs [nan, nan, nan])
== PL effect in the chain lineage: original vs PL-off
8 P -2.28e-04 u -1.22e-04 s -8.99e-06 chi_rho -1.18e-04 chi_T +3.71e-04 du_dlnrho -6.96e-02 du_dlnT +2.12e-04 Gamma1 +4.85e-05 cvT +2.12e-04
9 P -2.23e-04 u -8.75e-05 s -7.22e-06 chi_rho -1.48e-04 chi_T +3.41e-04 du_dlnrho -1.83e-02 du_dlnT +5.96e-05 Gamma1 +5.96e-05 cvT +5.96e-05
10 P -1.61e-04 u -4.10e-05 s -2.70e-06 chi_rho -1.34e-04 chi_T +2.05e-04 du_dlnrho -2.37e-03 du_dlnT +4.50e-06 Gamma1 -2.13e-05 cvT +4.50e-06
11 P -6.65e-05 u -1.21e-05 s -5.43e-07 chi_rho -5.97e-05 chi_T +4.92e-05 du_dlnrho -3.53e-04 du_dlnT -1.22e-04 Gamma1 +1.39e-06 cvT -1.22e-04
12 P -1.26e-05 u -2.65e-06 s -2.52e-07 chi_rho -1.23e-05 chi_T +1.70e-05 du_dlnrho -2.98e-04 du_dlnT -2.72e-06 Gamma1 -6.43e-07 cvT -2.72e-06
13 P -1.93e-06 u -3.93e-07 s -3.42e-08 chi_rho -1.93e-06 chi_T +2.98e-06 du_dlnrho -4.78e-05 du_dlnT +2.17e-06 Gamma1 -8.56e-07 cvT +2.17e-06
14 P -2.96e-07 u -5.72e-08 s -4.35e-09 chi_rho -2.93e-07 chi_T +3.86e-07 du_dlnrho -5.05e-06 du_dlnT -1.45e-07 Gamma1 -5.22e-08 cvT -1.45e-07
15 P -4.87e-08 u -1.06e-08 s -1.00e-09 chi_rho -4.84e-08 chi_T +7.47e-08 du_dlnrho -2.93e-06 du_dlnT -1.92e-08 Gamma1 +8.04e-09 cvT -1.92e-08
{"max_abs_relative_cells_9_13": {"P": 0.0002228372051966314, "u": 8.754004497927297e-05, "s": 7.219192259529457e-06, "chi_rho": 0.00014788762777586748, "chi_T": 0.0003405682713980294, "du_dlnrho": 0.018321785491644715, "du_dlnT": 0.00012168939690872219, "Gamma1": 5.957368623483192e-05, "cvT": 0.00012168939690872219}}
8 identity du/dlnrho=(P/rho)(1-chi_T) ratio 1.000000000000  (P/rho-du/dlnrho) rel +1.43e-04  neutral H 3.9440e-04 rel +1.59e+00  He stages [0.00669, 0.99294, 0.00037] rel [0.09146, -0.000616, -0.000306]  ground_logw max |diff| nan (first 3: [nan, nan, nan] vs [nan, nan, nan])
9 identity du/dlnrho=(P/rho)(1-chi_T) ratio 1.000000000000  (P/rho-du/dlnrho) rel +1.18e-04  neutral H 1.1704e-03 rel +4.61e-01  He stages [0.06021, 0.93979, 0.0] rel [0.007449, -0.000477, -0.000109]  ground_logw max |diff| nan (first 3: [nan, nan, nan] vs [nan, nan, nan])
10 identity du/dlnrho=(P/rho)(1-chi_T) ratio 1.000000000000  (P/rho-du/dlnrho) rel +4.40e-05  neutral H 5.1441e-03 rel +6.92e-02  He stages [0.60004, 0.39996, 0.0] rel [-3.5e-05, 5.2e-05, 0.000355]  ground_logw max |diff| nan (first 3: [nan, nan, nan] vs [nan, nan, nan])
11 identity du/dlnrho=(P/rho)(1-chi_T) ratio 1.000000000000  (P/rho-du/dlnrho) rel -1.73e-05  neutral H 2.0665e-02 rel +6.62e-03  He stages [0.9776, 0.0224, 0.0] rel [-3e-06, 0.00013, 0.000264]  ground_logw max |diff| nan (first 3: [nan, nan, nan] vs [nan, nan, nan])
12 identity du/dlnrho=(P/rho)(1-chi_T) ratio 1.000000000000  (P/rho-du/dlnrho) rel +4.39e-06  neutral H 6.8059e-03 rel +3.78e-03  He stages [0.95889, 0.04111, 0.0] rel [-1e-06, 2.4e-05, 4.9e-05]  ground_logw max |diff| nan (first 3: [nan, nan, nan] vs [nan, nan, nan])
13 identity du/dlnrho=(P/rho)(1-chi_T) ratio 1.000000000000  (P/rho-du/dlnrho) rel +1.05e-06  neutral H 1.0545e-03 rel +3.75e-03  He stages [0.78532, 0.21468, 0.0] rel [-1e-06, 2e-06, 6e-06]  ground_logw max |diff| nan (first 3: [nan, nan, nan] vs [nan, nan, nan])
14 identity du/dlnrho=(P/rho)(1-chi_T) ratio 1.000000000000  (P/rho-du/dlnrho) rel +9.03e-08  neutral H 1.6065e-04 rel +3.76e-03  He stages [0.3578, 0.6422, 0.0] rel [0.0, -0.0, 0.0]  ground_logw max |diff| nan (first 3: [nan, nan, nan] vs [nan, nan, nan])
15 identity du/dlnrho=(P/rho)(1-chi_T) ratio 1.000000000000  (P/rho-du/dlnrho) rel +2.60e-08  neutral H 2.6104e-05 rel +3.76e-03  He stages [0.08301, 0.91699, 0.0] rel [1e-06, -0.0, 0.0]  ground_logw max |diff| nan (first 3: [nan, nan, nan] vs [nan, nan, nan])
8  L 5.298082e-02 -> 9.739688e-01 (+1.74e+01)  H level fractions n=1..4 [0.9484 0.0289 0.0097 0.005 ] -> [0.3776 0.0295 0.032  0.044 ]
9  L 2.270659e-02 -> 3.933236e-01 (+1.63e+01)  H level fractions n=1..4 [0.9775 0.0131 0.004  0.002 ] -> [0.6748 0.018  0.016  0.0205]
10  L 5.883932e-03 -> 7.194127e-02 (+1.12e+01)  H level fractions n=1..4 [9.9413e-01 3.6407e-03 9.6165e-04 4.6065e-04] -> [0.9306 0.0053 0.0035 0.0041]
11  L 1.056128e-03 -> 7.756960e-03 (+6.34e+00)  H level fractions n=1..4 [9.9894e-01 7.0807e-04 1.5498e-04 7.0529e-05] -> [9.9227e-01 9.1635e-04 4.3732e-04 4.5179e-04]
12  L 6.742932e-04 -> 4.401466e-03 (+5.53e+00)  H level fractions n=1..4 [9.9933e-01 4.6081e-04 9.5873e-05 4.3043e-05] -> [9.9561e-01 5.7924e-04 2.5377e-04 2.5445e-04]
13  L 6.635809e-04 -> 4.320898e-03 (+5.51e+00)  H level fractions n=1..4 [9.9934e-01 4.5375e-04 9.4231e-05 4.2285e-05] -> [9.9569e-01 5.6979e-04 2.4887e-04 2.4927e-04]
14  L 6.631870e-04 -> 4.318961e-03 (+5.51e+00)  H level fractions n=1..4 [9.9934e-01 4.5349e-04 9.4169e-05 4.2257e-05] -> [9.9569e-01 5.6943e-04 2.4868e-04 2.4908e-04]
15  L 6.631601e-04 -> 4.318940e-03 (+5.51e+00)  H level fractions n=1..4 [9.9934e-01 4.5347e-04 9.4164e-05 4.2255e-05] -> [9.9569e-01 5.6941e-04 2.4867e-04 2.4906e-04]
