Traceback (most recent call last):
  File "/home/lpaiu/work/native-retained-tail-runtime/verification/continue_returned_short_krylov.py", line 72, in solve
    try:answer=short(m,op,P,rhs,guess)
  File "/home/lpaiu/work/native-retained-tail-runtime/verification/finish_returned_material_accuracy.py", line 10, in solve
    import finish_returned_right_residual as prior
AssertionError: ('Four-moment linear residual', 1.7478058689174708e-11, [np.longdouble('1.7348699396339637928e-06'), np.longdouble('1.5748990223073222228e-07'), np.longdouble('5.6423709362745085865e-13'), np.longdouble('5.323469926067406991e-13')])

During handling of the above exception, another exception occurred:

Traceback (most recent call last):
  File "/home/lpaiu/work/native-retained-tail-runtime/.phase251-reader-launch.py", line 14, in <module>
    runpy.run_path(sys.argv[0],run_name='__main__')
  File "/usr/lib/python3.10/runpy.py", line 289, in run_path
    return _run_module_code(code, init_globals, run_name,
  File "/usr/lib/python3.10/runpy.py", line 96, in _run_module_code
    _run_code(code, mod_globals, init_globals,
  File "/usr/lib/python3.10/runpy.py", line 86, in _run_code
    exec(code, run_globals)
  File "verification/apply_photon_geometric_boundary_hgate.py", line 124, in <module>
    elif action in ['coarse','fine']:first.evolve(64 if action=='coarse' else 128)
  File "/home/lpaiu/work/native-retained-tail-runtime/verification/apply_photon_geometric_boundary.py", line 130, in evolve
    def evolve(n):bind(live.evolve,OUT=OUT,initialize=initialize)(n)
  File "/home/lpaiu/work/native-retained-tail-runtime/verification/repair_returned_metric_endpoint.py", line 119, in evolve
    exec(compile(source,__file__,'exec'),ns);ns['evolve'](n)
  File "/home/lpaiu/work/native-retained-tail-runtime/verification/repair_returned_metric_endpoint.py", line 17, in evolve
    base=prior.base;joint=prior.joint
  File "/home/lpaiu/work/native-retained-tail-runtime/verification/continue_full_material_front.py", line 39, in run
    
  File "/home/lpaiu/work/native-retained-tail-runtime/verification/repair_returned_metric_endpoint.py", line 6, in observed
    """
  File "/home/lpaiu/work/native-retained-tail-runtime/verification/finish_returned_material_accuracy.py", line 21, in stages
    assert read(FAILED/'source-64-check.json')['passed']
  File "/home/lpaiu/work/native-retained-tail-runtime/verification/continue_returned_short_krylov.py", line 80, in solve
    answer=full(m,op,P,rhs,last)
  File "/home/lpaiu/work/native-retained-tail-runtime/verification/finish_returned_material_accuracy.py", line 10, in solve
    import finish_returned_right_residual as prior
AssertionError: ('Four-moment linear residual', 1.2530147313933198e-12, [np.longdouble('5.6475004603113942324e-09'), np.longdouble('4.917325293662642833e-10'), np.longdouble('1.2443124362216265468e-16'), np.longdouble('5.269052490594295137e-16')])
