8 P -2.27e-04 u -1.21e-04 s -8.94e-06 chi_rho -1.20e-04 chi_T +3.70e-04 du_dlnrho -6.91e-02 du_dlnT +2.12e-04 Gamma1 +4.72e-05 cvT +2.12e-04
9 P -2.22e-04 u -8.72e-05 s -7.25e-06 chi_rho -1.48e-04 chi_T +3.42e-04 du_dlnrho -1.84e-02 du_dlnT +7.70e-05 Gamma1 +5.39e-05 cvT +7.70e-05
10 P -1.61e-04 u -4.22e-05 s -3.06e-06 chi_rho -1.34e-04 chi_T +2.10e-04 du_dlnrho -2.43e-03 du_dlnT +2.40e-06 Gamma1 -1.81e-05 cvT +2.40e-06
11 P -6.65e-05 u -1.21e-05 s -5.60e-07 chi_rho -5.97e-05 chi_T +4.92e-05 du_dlnrho -3.53e-04 du_dlnT -1.24e-04 Gamma1 +2.04e-06 cvT -1.24e-04
12 P -1.26e-05 u -2.67e-06 s -2.58e-07 chi_rho -1.23e-05 chi_T +1.70e-05 du_dlnrho -2.98e-04 du_dlnT -3.78e-06 Gamma1 -2.97e-07 cvT -3.78e-06
13 P -1.93e-06 u -4.05e-07 s -3.75e-08 chi_rho -1.93e-06 chi_T +3.02e-06 du_dlnrho -4.84e-05 du_dlnT +1.85e-06 Gamma1 -7.47e-07 cvT +1.85e-06
14 P -2.95e-07 u -5.93e-08 s -4.96e-09 chi_rho -2.92e-07 chi_T +4.07e-07 du_dlnrho -5.33e-06 du_dlnT -9.13e-08 Gamma1 -5.50e-08 cvT -9.13e-08
15 P -4.83e-08 u -1.06e-08 s -1.02e-09 chi_rho -4.80e-08 chi_T +7.58e-08 du_dlnrho -2.97e-06 du_dlnT -8.43e-09 Gamma1 +5.59e-09 cvT -8.43e-09
{"max_abs_relative_cells_9_13": {"P": 0.00022155190634826375, "u": 8.716675777908529e-05, "s": 7.2491095120599695e-06, "chi_rho": 0.00014836819269200917, "chi_T": 0.0003415513838212015, "du_dlnrho": 0.01840634470826561, "du_dlnT": 0.00012397236192250935, "Gamma1": 5.3927468310784324e-05, "cvT": 0.00012397236192250935}}
8 identity du/dlnrho=(P/rho)(1-chi_T) ratio 1.000000000000  (P/rho-du/dlnrho) rel +1.43e-04  neutral H 3.9439e-04 rel +1.59e+00  He stages [0.00669, 0.99294, 0.00037] rel [0.066573, -0.000448, -0.000136]  ground_logw max |diff| 3.819e-01 (first 3: [0.0, -0.000794, 0.0] vs [0.0, -0.0, -0.0])
9 identity du/dlnrho=(P/rho)(1-chi_T) ratio 1.000000000000  (P/rho-du/dlnrho) rel +1.20e-04  neutral H 1.1704e-03 rel +4.61e-01  He stages [0.06021, 0.93979, 0.0] rel [0.004757, -0.000305, 6.2e-05]  ground_logw max |diff| 2.212e-01 (first 3: [0.0, -7.4e-05, 0.0] vs [0.0, -0.0, -0.0])
10 identity du/dlnrho=(P/rho)(1-chi_T) ratio 1.000000000000  (P/rho-du/dlnrho) rel +4.88e-05  neutral H 5.1441e-03 rel +6.92e-02  He stages [0.60004, 0.39996, 0.0] rel [-7.2e-05, 0.000108, 0.00041]  ground_logw max |diff| 1.020e-01 (first 3: [0.0, -2e-06, 0.0] vs [0.0, -0.0, -0.0])
11 identity du/dlnrho=(P/rho)(1-chi_T) ratio 1.000000000000  (P/rho-du/dlnrho) rel -1.73e-05  neutral H 2.0665e-02 rel +6.62e-03  He stages [0.9776, 0.0224, 0.0] rel [-3e-06, 0.000131, 0.000265]  ground_logw max |diff| 4.060e-02 (first 3: [0.0, -0.0, 0.0] vs [0.0, -0.0, -0.0])
12 identity du/dlnrho=(P/rho)(1-chi_T) ratio 1.000000000000  (P/rho-du/dlnrho) rel +4.40e-06  neutral H 6.8059e-03 rel +3.78e-03  He stages [0.95889, 0.04111, 0.0] rel [-1e-06, 2.4e-05, 5e-05]  ground_logw max |diff| 3.206e-02 (first 3: [0.0, -0.0, 0.0] vs [0.0, -0.0, -0.0])
13 identity du/dlnrho=(P/rho)(1-chi_T) ratio 1.000000000000  (P/rho-du/dlnrho) rel +1.09e-06  neutral H 1.0545e-03 rel +3.75e-03  He stages [0.78532, 0.21468, 0.0] rel [-1e-06, 3e-06, 6e-06]  ground_logw max |diff| 3.179e-02 (first 3: [0.0, -0.0, 0.0] vs [0.0, -0.0, -0.0])
14 identity du/dlnrho=(P/rho)(1-chi_T) ratio 1.000000000000  (P/rho-du/dlnrho) rel +1.12e-07  neutral H 1.6065e-04 rel +3.76e-03  He stages [0.3578, 0.6422, 0.0] rel [0.0, -0.0, 1e-06]  ground_logw max |diff| 3.178e-02 (first 3: [0.0, -0.0, 0.0] vs [0.0, -0.0, -0.0])
15 identity du/dlnrho=(P/rho)(1-chi_T) ratio 1.000000000000  (P/rho-du/dlnrho) rel +2.75e-08  neutral H 2.6104e-05 rel +3.76e-03  He stages [0.08301, 0.91699, 0.0] rel [0.0, -0.0, 0.0]  ground_logw max |diff| 3.178e-02 (first 3: [0.0, -0.0, 0.0] vs [0.0, -0.0, -0.0])
8 chain raw[:4] [4.6904847296e-08 2.1435325479e+05 1.9139572561e+13 3.3022767457e+09] shared eos[:4] [4.6904847296e-08 2.1435227514e+05 1.9139457273e+13 3.3022766418e+09]
9 chain raw[:4] [2.3287060591e-08 8.3463551951e+04 1.7616263995e+13 3.3515390680e+09] shared eos[:4] [2.3287060591e-08 8.3463301591e+04 1.7616238739e+13 3.3515425247e+09]
10 chain raw[:4] [9.0528059920e-09 2.4574711434e+04 1.5923912274e+13 3.4118710624e+09] shared eos[:4] [9.0528059920e-09 2.4574707916e+04 1.5924012622e+13 3.4118800020e+09]
11 chain raw[:4] [2.3238965777e-09 4.8744831691e+03 1.4579725327e+13 3.5311230853e+09] shared eos[:4] [2.3238965777e-09 4.8744822054e+03 1.4579785271e+13 3.5311294522e+09]
12 chain raw[:4] [3.6921307490e-10 7.3969271952e+02 1.4614183945e+13 3.8078236417e+09] shared eos[:4] [3.6921307490e-10 7.3969267181e+02 1.4614239334e+13 3.8078296440e+09]
13 chain raw[:4] [5.4773324757e-11 1.1015867620e+02 1.4804380978e+13 4.1082952069e+09] shared eos[:4] [5.4773324757e-11 1.1015867434e+02 1.4804437050e+13 4.1083012511e+09]
14 chain raw[:4] [8.2102009198e-12 1.6624895879e+01 1.5107920866e+13 4.4174424502e+09] shared eos[:4] [8.2102009198e-12 1.6624895105e+01 1.5107974931e+13 4.4174483370e+09]
15 chain raw[:4] [1.3224587887e-12 2.6889870284e+00 1.5297289058e+13 4.7088406153e+09] shared eos[:4] [1.3224587887e-12 2.6889863145e+00 1.5297330405e+13 4.7088455160e+09]
