NATIVE COMPOSITION RESPONSES 46
NONSTATIONARY minus 12 1 0.01861637011333317
NATIVE COMPOSITION RESPONSES 46
NONSTATIONARY minus 12 2 0.6469237349307748
NATIVE COMPOSITION RESPONSES 46
NONSTATIONARY minus 12 3 0.00036806329333672526
NATIVE COMPOSITION RESPONSES 46
NONSTATIONARY minus 12 4 0.000444321775027124
NATIVE COMPOSITION RESPONSES 46
NONSTATIONARY minus 12 5 0.0005035992137007959
NATIVE COMPOSITION RESPONSES 46
NONSTATIONARY minus 12 6 0.0006525698554612223
NATIVE COMPOSITION RESPONSES 46
NONSTATIONARY undriven 12 1 0.018615970344670496
NATIVE COMPOSITION RESPONSES 46
NONSTATIONARY undriven 12 2 0.6471722228455146
NATIVE COMPOSITION RESPONSES 46
NONSTATIONARY undriven 12 3 0.0002612351542048214
NATIVE COMPOSITION RESPONSES 46
NONSTATIONARY undriven 12 4 0.00043921547881178895
NATIVE COMPOSITION RESPONSES 46
NONSTATIONARY undriven 12 5 0.0006235601726146813
NATIVE COMPOSITION RESPONSES 46
NONSTATIONARY undriven 12 6 0.0007261301226792373
NATIVE COMPOSITION RESPONSES 46
NONSTATIONARY plus 12 3 0.00046924513704979965
NATIVE COMPOSITION RESPONSES 46
NONSTATIONARY plus 12 4 0.00038189915390197753
NATIVE COMPOSITION RESPONSES 46
NONSTATIONARY plus 12 5 0.00040125127651516757
NATIVE COMPOSITION RESPONSES 46
NONSTATIONARY plus 12 6 0.0006177878377625634
NATIVE COMPOSITION RESPONSES 46
NONSTATIONARY minus 24 1 0.0002680202028976247
NATIVE COMPOSITION RESPONSES 46
NONSTATIONARY minus 24 2 0.13792682844112025
NATIVE COMPOSITION RESPONSES 46
NONSTATIONARY minus 24 3 3.11717921601612e-05
NATIVE COMPOSITION RESPONSES 46
NONSTATIONARY minus 24 4 0.3400690418986519
NATIVE COMPOSITION RESPONSES 46
NONSTATIONARY minus 24 5 0.41239313160202923
NATIVE COMPOSITION RESPONSES 46
NONSTATIONARY minus 24 6 0.47823408393691585
NATIVE COMPOSITION RESPONSES 46
NONSTATIONARY minus 24 7 0.5394631558136123
NATIVE COMPOSITION RESPONSES 46
NONSTATIONARY minus 24 8 0.600671781273213
NATIVE COMPOSITION RESPONSES 46
NONSTATIONARY minus 24 9 0.663185858956297
NATIVE COMPOSITION RESPONSES 46
NONSTATIONARY minus 24 10 0.7220203852166978
NATIVE COMPOSITION RESPONSES 46
NONSTATIONARY minus 24 11 0.7727666225959263
NATIVE COMPOSITION RESPONSES 46
NONSTATIONARY minus 24 12 0.8168139337617752
NATIVE COMPOSITION RESPONSES 46
NONSTATIONARY undriven 24 1 0.00026786873369820553
NATIVE COMPOSITION RESPONSES 46
NONSTATIONARY undriven 24 2 0.1379271235240066
NATIVE COMPOSITION RESPONSES 46
NONSTATIONARY undriven 24 3 0.00020312328314551941
NATIVE COMPOSITION RESPONSES 46
NONSTATIONARY undriven 24 4 0.34076694108364347
NATIVE COMPOSITION RESPONSES 46
NONSTATIONARY undriven 24 5 0.41507887674776706
NATIVE COMPOSITION RESPONSES 46
NONSTATIONARY undriven 24 6 0.4848856318638219
NATIVE COMPOSITION RESPONSES 46
NONSTATIONARY undriven 24 7 0.5502459696665537
NATIVE COMPOSITION RESPONSES 46
NONSTATIONARY undriven 24 8 0.6112404385527371
NATIVE COMPOSITION RESPONSES 46
NONSTATIONARY undriven 24 9 0.6679543441544205
NATIVE COMPOSITION RESPONSES 46
NONSTATIONARY undriven 24 10 0.7204972508111028
NATIVE COMPOSITION RESPONSES 46
NONSTATIONARY undriven 24 11 0.7690057948121937
NATIVE COMPOSITION RESPONSES 46
NONSTATIONARY undriven 24 12 0.8136031981495864
NATIVE COMPOSITION RESPONSES 46
NONSTATIONARY plus 24 1 0.0002680367297770319
NATIVE COMPOSITION RESPONSES 46
NONSTATIONARY plus 24 2 0.1379277966738282
NATIVE COMPOSITION RESPONSES 46
NONSTATIONARY plus 24 3 7.161765452739827e-05
NATIVE COMPOSITION RESPONSES 46
NONSTATIONARY plus 24 4 0.34146122386303007
NATIVE COMPOSITION RESPONSES 46
NONSTATIONARY plus 24 5 0.4177401526162471
NATIVE COMPOSITION RESPONSES 46
NONSTATIONARY plus 24 6 0.49146368262132
NATIVE COMPOSITION RESPONSES 46
NONSTATIONARY plus 24 7 0.5607856188884336
NATIVE COMPOSITION RESPONSES 46
NONSTATIONARY plus 24 8 0.6215244781720956
NATIVE COMPOSITION RESPONSES 46
NONSTATIONARY plus 24 9 0.6722453056620745
NATIVE COMPOSITION RESPONSES 46
NONSTATIONARY plus 24 10 0.7182149447242531
NATIVE COMPOSITION RESPONSES 46
NONSTATIONARY plus 24 11 0.7644666200793765
NATIVE COMPOSITION RESPONSES 46
NONSTATIONARY plus 24 12 0.8120664525397987
NATIVE COMPOSITION RESPONSES 46
NONSTATIONARY minus 48 1 0.8204070846821827
NATIVE COMPOSITION RESPONSES 46
NONSTATIONARY minus 48 2 0.00013380764134854226
NATIVE COMPOSITION RESPONSES 46
NONSTATIONARY minus 48 3 0.0032132471768077284
NATIVE COMPOSITION RESPONSES 46
NONSTATIONARY minus 48 4 0.02172935796689729
NATIVE COMPOSITION RESPONSES 46
NONSTATIONARY minus 48 5 0.08599362661662585
NATIVE COMPOSITION RESPONSES 46
NONSTATIONARY minus 48 6 0.2523515828579061
NATIVE COMPOSITION RESPONSES 46
NONSTATIONARY minus 48 7 0.6114536898221566
NATIVE COMPOSITION RESPONSES 46
NONSTATIONARY minus 48 8 5.0864572532817427e-05
NATIVE COMPOSITION RESPONSES 46
NONSTATIONARY minus 48 9 6.87546134428943e-05
NATIVE COMPOSITION RESPONSES 46
NONSTATIONARY minus 48 10 0.00020314178421876336
NATIVE COMPOSITION RESPONSES 46
NONSTATIONARY minus 48 11 0.00011098793839056115
NATIVE COMPOSITION RESPONSES 46
NONSTATIONARY minus 48 12 6.971436086647128e-05
NATIVE COMPOSITION RESPONSES 46
NONSTATIONARY minus 48 13 0.2757871345690979
NATIVE COMPOSITION RESPONSES 46
NONSTATIONARY minus 48 14 0.29470691590327097
NATIVE COMPOSITION RESPONSES 46
NONSTATIONARY minus 48 15 0.31414717301653206
NATIVE COMPOSITION RESPONSES 46
NONSTATIONARY minus 48 16 0.33409733545621806
NATIVE COMPOSITION RESPONSES 46
NONSTATIONARY minus 48 17 0.3542772341592834
NATIVE COMPOSITION RESPONSES 46
NONSTATIONARY minus 48 18 0.3742716555729055
NATIVE COMPOSITION RESPONSES 46
NONSTATIONARY minus 48 19 0.39368931188231093
NATIVE COMPOSITION RESPONSES 46
NONSTATIONARY minus 48 20 0.4123294348576862
NATIVE COMPOSITION RESPONSES 46
NONSTATIONARY minus 48 21 0.4301846583785793
NATIVE COMPOSITION RESPONSES 46
NONSTATIONARY minus 48 22 0.44740560548474806
NATIVE COMPOSITION RESPONSES 46
NONSTATIONARY minus 48 23 0.4641778769054314
NATIVE COMPOSITION RESPONSES 46
NONSTATIONARY minus 48 24 0.48063192502906726
NATIVE COMPOSITION RESPONSES 46
NONSTATIONARY undriven 48 1 0.8204070390759209
NATIVE COMPOSITION RESPONSES 46
NONSTATIONARY undriven 48 2 0.00013382589317728112
NATIVE COMPOSITION RESPONSES 46
NONSTATIONARY undriven 48 3 0.003214076667645114
NATIVE COMPOSITION RESPONSES 46
NONSTATIONARY undriven 48 4 0.02172963224549608
NATIVE COMPOSITION RESPONSES 46
NONSTATIONARY undriven 48 5 0.08599381738669788
NATIVE COMPOSITION RESPONSES 46
NONSTATIONARY undriven 48 6 0.2523514244539442
NATIVE COMPOSITION RESPONSES 46
NONSTATIONARY undriven 48 7 0.6114537097173494
NATIVE COMPOSITION RESPONSES 46
NONSTATIONARY undriven 48 8 4.9596707102362744e-05
NATIVE COMPOSITION RESPONSES 46
NONSTATIONARY undriven 48 9 0.00021379840240728866
NATIVE COMPOSITION RESPONSES 46
NONSTATIONARY undriven 48 10 3.976805693790819e-05
NATIVE COMPOSITION RESPONSES 46
NONSTATIONARY undriven 48 11 4.3958550027666826e-05
NATIVE COMPOSITION RESPONSES 46
NONSTATIONARY undriven 48 12 9.874022790305466e-05
NATIVE COMPOSITION RESPONSES 46
NONSTATIONARY undriven 48 13 0.28122409609594545
NATIVE COMPOSITION RESPONSES 46
NONSTATIONARY undriven 48 14 0.3006891658005119
NATIVE COMPOSITION RESPONSES 46
NONSTATIONARY undriven 48 15 0.31985078508416315
NATIVE COMPOSITION RESPONSES 46
NONSTATIONARY undriven 48 16 0.33870943500040157
NATIVE COMPOSITION RESPONSES 46
NONSTATIONARY undriven 48 17 0.35726410967641026
NATIVE COMPOSITION RESPONSES 46
NONSTATIONARY undriven 48 18 0.37552956892468176
NATIVE COMPOSITION RESPONSES 46
NONSTATIONARY undriven 48 19 0.3934870784007943
NATIVE COMPOSITION RESPONSES 46
NONSTATIONARY undriven 48 20 0.4111535863837112
NATIVE COMPOSITION RESPONSES 46
NONSTATIONARY undriven 48 21 0.4285285866754794
NATIVE COMPOSITION RESPONSES 46
NONSTATIONARY undriven 48 22 0.44560830587483014
NATIVE COMPOSITION RESPONSES 46
NONSTATIONARY undriven 48 23 0.4623966125428044
NATIVE COMPOSITION RESPONSES 46
NONSTATIONARY undriven 48 24 0.4788837498180958
NATIVE COMPOSITION RESPONSES 46
NONSTATIONARY plus 48 1 0.8204078386482115
NATIVE COMPOSITION RESPONSES 46
NONSTATIONARY plus 48 2 0.00013376598615319566
NATIVE COMPOSITION RESPONSES 46
NONSTATIONARY plus 48 3 0.003213263657066883
NATIVE COMPOSITION RESPONSES 46
NONSTATIONARY plus 48 4 0.021729887468066787
NATIVE COMPOSITION RESPONSES 46
NONSTATIONARY plus 48 5 0.08599399629191572
NATIVE COMPOSITION RESPONSES 46
NONSTATIONARY plus 48 6 0.252351958267487
NATIVE COMPOSITION RESPONSES 46
NONSTATIONARY plus 48 7 0.6114532592258523
NATIVE COMPOSITION RESPONSES 46
NONSTATIONARY plus 48 8 9.602057013619142e-05
NATIVE COMPOSITION RESPONSES 46
NONSTATIONARY plus 48 9 6.658151064460191e-05
NATIVE COMPOSITION RESPONSES 46
NONSTATIONARY plus 48 10 7.339375755881915e-05
NATIVE COMPOSITION RESPONSES 46
NONSTATIONARY plus 48 11 6.812294320309824e-05
NATIVE COMPOSITION RESPONSES 46
NONSTATIONARY plus 48 12 0.00021118975107988923
NATIVE COMPOSITION RESPONSES 46
NONSTATIONARY plus 48 13 0.2865707953634689
NATIVE COMPOSITION RESPONSES 46
NONSTATIONARY plus 48 14 0.30655612100405266
NATIVE COMPOSITION RESPONSES 46
NONSTATIONARY plus 48 15 0.32541924552744966
NATIVE COMPOSITION RESPONSES 46
NONSTATIONARY plus 48 16 0.3431490543356275
NATIVE COMPOSITION RESPONSES 46
NONSTATIONARY plus 48 17 0.36001623864766774
NATIVE COMPOSITION RESPONSES 46
NONSTATIONARY plus 48 18 0.37647477514180605
NATIVE COMPOSITION RESPONSES 46
NONSTATIONARY plus 48 19 0.39292308579571045
NATIVE COMPOSITION RESPONSES 46
NONSTATIONARY plus 48 20 0.40958917370918047
NATIVE COMPOSITION RESPONSES 46
NONSTATIONARY plus 48 21 0.4264589191643708
NATIVE COMPOSITION RESPONSES 46
NONSTATIONARY plus 48 22 0.4433837716628471
NATIVE COMPOSITION RESPONSES 46
NONSTATIONARY plus 48 23 0.46017438583306713
NATIVE COMPOSITION RESPONSES 46
NONSTATIONARY plus 48 24 0.4767198643241822
FINAL {"classification": "Counterexample candidate", "completed": true, "passed": false, "comparisons": [{"readout": "temperature", "odd_rms": [1.5830101406136505e-06, 3.172828180882292e-07, 1.329058348437884e-07], "even_rms": [6.976060074065299e-09, 1.0496317915726463e-09, 3.8891485701881165e-10], "time_differences": [1.3143542631209646e-06, 2.898457117715071e-07], "time_order": 2.1809971369916625, "signal_over_last_difference": 0.4585399384778945, "passed": false}, {"readout": "velocity", "odd_rms": [1.0610808905933363e-08, 9.677266446872769e-09, 7.546438369868425e-09], "even_rms": [1.9252889769924394e-11, 2.670785512405783e-11, 3.719814478747137e-11], "time_differences": [2.488294799985533e-09, 3.552110527801493e-09], "time_order": -0.5135190549597618, "signal_over_last_difference": 2.1244942438599006, "passed": false}, {"readout": "scalar", "odd_rms": [4.830081776549043e-06, 2.8479933906498183e-06, 2.060684009473365e-06], "even_rms": [4.9450605054750606e-18, 8.371212028354998e-18, 6.01959662866157e-18], "time_differences": [2.364655055195258e-06, 1.3511824222423137e-06], "time_order": 0.8074072802039787, "signal_over_last_difference": 1.5250968156125209, "passed": false}], "undriven_rms_drift": [{"temperature": 0.0022829517299652003, "velocity": 3.6170834179279134e-05, "scalar": 7.0586363073016895e-12}, {"temperature": 0.0021967595107309514, "velocity": 3.6332792981957175e-05, "scalar": 6.5905940780151965e-12}, {"temperature": 0.0021529864304206006, "velocity": 3.64139262336541e-05, "scalar": 6.352984496807912e-12}], "total_steps": 126, "native_calls": 22202, "production_seconds": 428.003685943, "full_dynamic_charge_solved": false, "free_surface_evolved": false, "radiative_boundary_connected": false, "stationary_transfer_solved": false, "symbolic": {"classification": "Proven", "passed": true, "scope": "Removing the three reference momentum terms recovers the unprojected finite-volume radial momentum balance. Nonzero heat flux requires evolving mass at zero material velocity. No continuum error certificate."}}
