SELF ENERGY 256 16
SELF ENERGY 256 32
SELF ENERGY 256 48
SELF ENERGY 256 64
SELF ENERGY 256 80
SELF ENERGY 256 96
SELF ENERGY 256 112
SELF ENERGY 256 128
SELF ENERGY 256 144
SELF ENERGY 256 160
SELF ENERGY 256 176
SELF ENERGY 256 192
SELF ENERGY 256 208
SELF ENERGY 256 224
SELF ENERGY 256 240
SELF ENERGY 256 256
SELF ENERGY 512 16
SELF ENERGY 512 32
SELF ENERGY 512 48
SELF ENERGY 512 64
SELF ENERGY 512 80
SELF ENERGY 512 96
SELF ENERGY 512 112
SELF ENERGY 512 128
SELF ENERGY 512 144
SELF ENERGY 512 160
SELF ENERGY 512 176
SELF ENERGY 512 192
SELF ENERGY 512 208
SELF ENERGY 512 224
SELF ENERGY 512 240
SELF ENERGY 512 256
SELF ENERGY 512 272
SELF ENERGY 512 288
SELF ENERGY 512 304
SELF ENERGY 512 320
SELF ENERGY 512 336
SELF ENERGY 512 352
SELF ENERGY 512 368
SELF ENERGY 512 384
SELF ENERGY 512 400
SELF ENERGY 512 416
SELF ENERGY 512 432
SELF ENERGY 512 448
SELF ENERGY 512 464
SELF ENERGY 512 480
SELF ENERGY 512 496
Traceback (most recent call last):
  File "/mnt/e/lab/self-mass-unobservability/verification/gr_polarization_self_refinement.py", line 47, in <module>
    if __name__=='__main__':globals()[sys.argv[1]]()
  File "/mnt/e/lab/self-mass-unobservability/verification/gr_polarization_self_refinement.py", line 37, in run
    ns['run']()
  File "/mnt/e/lab/self-mass-unobservability/verification/gr_polarization_self_energy.py", line 92, in run
    assert np.all(r>0)
AssertionError
