trial False 48.28649708149893 0.18894241051581598
trial False 48.586497081498926 0.1999900941189913
trial False 48.519866585004095 0.19734793160046107
trial False 48.5246190421088 0.19753309964260862
trial False 48.52470325803214 0.197536355000074
trial False 48.52470404204288 0.19753638877540275
trial False 48.52470396153249 0.19753639701317133
trial False 48.524703609782314 0.19753637881131403
trial False 48.52470373531119 0.1975363777592673
trial False 48.52470384842184 0.19753637722004821
trial False 48.52470390497716 0.1975363803418036
trial False 48.52470393325483 0.1975363853336591
trial False 48.52470393310381 0.19753639430697323
trial False 48.52470391497735 0.19753637645545
trial False 48.52470392404058 0.19753638793374492
trial False 48.52470392196651 0.19753637263205837
trial False 48.52470392368454 0.19753639425212474
trial False 48.52470392282552 0.1975363871456826
trial False 48.5247039226502 0.19753638203666346
trial True 48.28649708149893 0.18892758516857394
trial True 48.586497081498926 0.1999724222627814
trial True 48.52032941596426 0.1973489753879825
trial True 48.52505620382437 0.19753311150022004
trial True 48.525140129901985 0.1975363504265508
trial True 48.52514103367968 0.19753640363761188
trial True 48.525140722338435 0.19753639791741393
trial True 48.52514042612021 0.19753639159897676
trial True 48.525140278011094 0.19753643407750873
trial True 48.52514019165994 0.19753638475565935
trial True 48.52514019264071 0.1975363520269077
trial True 48.52514023532591 0.19753639489141353
trial True 48.525140225781584 0.19753638628190265
trial True 48.52514022473159 0.19753640730383537
trial True 48.52514020868615 0.19753637836212629
trial True 48.52514021253643 0.1975363680578904
trial True 48.52514021863401 0.1975363794863902
trial True 48.525140220935384 0.19753638941347126
trial True 48.52514021998339 0.19753636758924903
trial True 48.525140220756256 0.19753634977468165
{
  "newtonian": {
    "classification": "Counterexample candidate",
    "GR": false,
    "central_pressure_cgs": 1.1857991908808325e+21,
    "mass_GM_solar": 0.19753637348888448,
    "mass_relative_residual": -5.982753781275107e-08,
    "proper_baryon_mass_GM_solar": 0.1973987967967938,
    "photospheric_radius_m": 62902852.45321179,
    "photospheric_radius_source_Rsun": 0.09038025870457742,
    "vacuum_radius_m": 63003176.8911179,
    "atmosphere_mass_fraction": 7.60024326551085e-15,
    "atmosphere_thickness_m": 100324.4379061088,
    "conditional_Teff_K": 16562.346517299044,
    "surface_logg_cgs": 5.821218030788194,
    "optical_cut_passed": false,
    "rtol": 2e-09,
    "r0_m": 50.0,
    "nfev": 11380,
    "closure": "Prescribed T(P), X(P); independently evaluated FreeEOS; finite polytropic atmosphere; no GR evolution or transport."
  },
  "gr": {
    "classification": "Counterexample candidate",
    "GR": true,
    "central_pressure_cgs": 1.1863166657049235e+21,
    "mass_GM_solar": 0.19753637289536133,
    "mass_relative_residual": -6.283216480440501e-08,
    "proper_baryon_mass_GM_solar": 0.19740030773741227,
    "photospheric_radius_m": 62878331.49348956,
    "photospheric_radius_source_Rsun": 0.09034502642818697,
    "vacuum_radius_m": 62978576.73459966,
    "atmosphere_mass_fraction": 7.600243288346747e-15,
    "atmosphere_thickness_m": 100245.24111009389,
    "conditional_Teff_K": 16565.575650732968,
    "surface_logg_cgs": 5.821558705854824,
    "optical_cut_passed": false,
    "rtol": 2e-09,
    "r0_m": 50.0,
    "nfev": 11644,
    "closure": "Prescribed T(P), X(P); independently evaluated FreeEOS; finite polytropic atmosphere; no GR evolution or transport."
  }
}
