
 INPUT KEYWORD PARAMETERS:
 -------------------------
 ND=1                                                                            
 IFMOL=0                                                                         
 TMOLIM=10000.                                                                   
                               *******************************************
                               I                                         I
                               I   S Y N T H E T I C   S P E C T R U M   I
                               I                                         I
                               I        FOR MODEL ATMOSPHERE WITH        I
                               I                                         I
                               I              TEFF  = 18828.             I
                               I              LOG G =   4.00             I
                               I                                         I
                               *******************************************
0

 CHEMICAL ELEMENTS INCLUDED
 --------------------------

 NUMBER  ELEMENT           ABUNDANCE
                 A=N(ELEM)/N(H)  A/A(SOLAR)

    1     H        1.00E+00      1.00E+00   EXPLICIT: IAT=  1  N0A=  0  NKA=  0
    2     He       3.02E-02      3.55E-01   EXPLICIT: IAT=  2  N0A=  0  NKA=  0
    6     C        2.51E-06      1.02E-02   EXPLICIT: IAT=  3  N0A=  0  NKA=  0
    7     N        1.14E-04      1.88E+00   EXPLICIT: IAT=  4  N0A=  0  NKA=  0
    8     O        8.57E-05      1.87E-01   EXPLICIT: IAT=  5  N0A=  0  NKA=  0
    9     F        2.61E-09      7.18E-02
   10     Ne       2.29E-05      3.31E-01   EXPLICIT: IAT=  6  N0A=  0  NKA=  0
   12     Mg       4.26E-05      1.26E+00   EXPLICIT: IAT=  7  N0A=  0  NKA=  0
   20     Ca       2.24E-07      1.10E-01   EXPLICIT: IAT=  8  N0A=  0  NKA=  0



 YTOT   =    1.03046
 WMY    =    1.13314E+00
 WMM    =    1.82601E-24


 EXPLICIT IONS INCLUDED
 ----------------------

 ION     N0    N1    NK    IZ

H 1      1     9    10     1
He 1    11    34    35     1
He 2    35    54    55     2
Z06     56    95    96     1
Z06     96   117   118     2
Z06    118   163   164     3
Z07    165   198   199     1
Z07    199   240   241     2
Z07    241   272   273     3
Z08    274   306   307     1
Z08    307   354   355     2
Z08    355   395   396     3
Z10    397   431   432     1
Z10    432   463   464     2
Z10    464   497   498     3
Z12    499   523   524     2
Z20    525   590   591     1
Z20    591   614   615     2


 BASIC INPUT PARAMETERS
 ----------------------
 INMOD  =    1
 ND     =    1
 IDSTD  =    0
 INTRPL =    0
 ICHANG =    0
 NATOM  =    8
 NION   =   18
 NLEVEL =  615
 IELH   =    1
 IELHM  =    0
 IATH   =    1


 EXPLICIT ENERGY LEVELS INCLUDED
 -------------------------------

 NO.    LEVEL    ION   ION.EN.(ERG)        G   NQUANT  IEL  ILK  IAT

   1   (N=1)    H 1   2.1785304E-11      2.00    1    1    0    1
   2   (N=2)    H 1   5.4463260E-12      8.00    2    1    0    1
   3   (N=3)    H 1   2.4205893E-12     18.00    3    1    0    1
   4   (N=4)    H 1   1.3615815E-12     32.00    4    1    0    1
   5   (N=5)    H 1   8.7141216E-13     50.00    5    1    0    1
   6   (N=6)    H 1   6.0514734E-13     72.00    6    1    0    1
   7   (N=7)    H 1   4.4459804E-13     98.00    7    1    0    1
   8   (N=8)    H 1   3.4039538E-13    128.00    8    1    0    1
   9   (N=9)    H 1   0.0000000E+00    162.00    9    1    0    1
  10  H 2       H 1   0.0000000E+00      1.00    1    1    1    1
  11  1 sing S  He 1  3.9389425E-11      1.00    1    2    0    2
  12  2 trip S  He 1  7.6371443E-12      3.00    2    2    0    2
  13  2 sing S  He 1  6.3615396E-12      1.00    2    2    0    2
  14  2 trip P  He 1  5.8035865E-12      9.00    2    2    0    2
  15  2 sing P  He 1  5.3967912E-12      3.00    2    2    0    2
  16  3 trip S  He 1  2.9929647E-12      3.00    3    2    0    2
  17  3 sing S  He 1  2.6695942E-12      1.00    3    2    0    2
  18  3 trip P  He 1  2.5305528E-12      9.00    3    2    0    2
  19  3 trip D  He 1  2.4238882E-12     15.00    3    2    0    2
  20  3 sing D  He 1  2.4232925E-12      5.00    3    2    0    2
  21  3 sing P  He 1  2.4024361E-12      3.00    3    2    0    2
  22  4 trip S  He 1  1.5904346E-12      3.00    4    2    0    2
  23  4 sing S  He 1  1.4629139E-12      1.00    4    2    0    2
  24  4 trip P  He 1  1.4078932E-12      9.00    4    2    0    2
  25  4 trip D  He 1  1.3626054E-12     15.00    4    2    0    2
  26  4 sing D  He 1  1.3622081E-12      5.00    4    2    0    2
  27  4 trip F  He 1  1.3612149E-12     21.00    4    2    0    2
  28  4 sing F  He 1  1.3612143E-12      7.00    4    2    0    2
  29  4 sing P  He 1  1.3530711E-12      3.00    4    2    0    2
  30  <5 trip>  He 1  8.7141283E-13     75.00    5    2    0    2
  31  <5 sing>  He 1  8.7141150E-13     25.00    5    2    0    2
  32  <n=6>     He 1  6.0514733E-13    144.00    6    2    0    2
  33  <n=7>     He 1  4.4459804E-13    196.00    7    2    0    2
  34  <n=8>     He 1  3.4039537E-13    256.00    8    2    0    2
  35   (N=1)    He 2  8.7176979E-11      2.00    1    3    2    2
  36   (N=2)    He 2  2.1794245E-11      8.00    2    3    0    2
  37   (N=3)    He 2  9.6863310E-12     18.00    3    3    0    2
  38   (N=4)    He 2  5.4485612E-12     32.00    4    3    0    2
  39   (N=5)    He 2  3.4870792E-12     50.00    5    3    0    2
  40   (N=6)    He 2  2.4215828E-12     72.00    6    3    0    2
  41   (N=7)    He 2  1.7791220E-12     98.00    7    3    0    2
  42   (N=8)    He 2  1.3621403E-12    128.00    8    3    0    2
  43   (N=9)    He 2  1.0762590E-12    162.00    9    3    0    2
  44   (N=10)   He 2  8.7176979E-13    200.00   10    3    0    2
  45   (N=11)   He 2  7.2047090E-13    242.00   11    3    0    2
  46   (N=12)   He 2  6.0539569E-13    288.00   12    3    0    2
  47   (N=13)   He 2  5.1584011E-13    338.00   13    3    0    2
  48   (N=14)   He 2  4.4478051E-13    392.00   14    3    0    2
  49   (N=15)   He 2  3.8745324E-13    450.00   15    3    0    2
  50   (N=16)   He 2  3.4053508E-13    512.00   16    3    0    2
  51   (N=17)   He 2  3.0165045E-13    578.00   17    3    0    2
  52   (N=18)   He 2  2.6906475E-13    648.00   18    3    0    2
  53   (N=19)   He 2  2.4148748E-13    722.00   19    3    0    2
  54   (N=20)   He 2  2.1794245E-13    800.00   20    3    0    2
  55  He 3      He 2  0.0000000E+00      1.00    1    3    3    2
  56  C I  3Pe 1Z06   1.8033008E-11      9.00    2    4    0    3
  57  C I  1De 1Z06   1.6014400E-11      5.00    2    4    0    3
  58  C I  1Se 1Z06   1.3739116E-11      1.00    2    4    0    3
  59  C I  5So 1Z06   1.1338355E-11      5.00    2    4    0    3
  60  C I  3Po 1Z06   6.0475049E-12      9.00    3    4    0    3
  61  C I  1Po 1Z06   5.7279722E-12      3.00    3    4    0    3
  62  C I  3Do 1Z06   5.3094639E-12     15.00    3    4    0    3
  63  C I  1Pe 1Z06   4.3625500E-12      3.00    3    4    0    3
  64  C I  3De 1Z06   4.1905998E-12     15.00    3    4    0    3
  65  C I  3Se 1Z06   3.9876116E-12      3.00    3    4    0    3
  66  C I  3Pe 2Z06   3.8623069E-12      9.00    3    4    0    3
  67  C I  1De 2Z06   3.6168368E-12      5.00    3    4    0    3
  68  C I  1Se 2Z06   3.3456704E-12      1.00    4    4    0    3
  69  C I  3Po 2Z06   3.0916360E-12      9.00    4    4    0    3
  70  C I  1Do 1Z06   2.6100066E-12      5.00    4    4    0    3
  71  C I  3Po 3Z06   2.5200315E-12      9.00    4    4    0    3
  72  C I  3Fo 1Z06   2.5014613E-12     21.00    4    4    0    3
  73  C I  3Do 2Z06   2.4848957E-12     15.00    4    4    0    3
  74  C I  1Po 2Z06   2.4788142E-12      3.00    4    4    0    3
  75  C I  1Fo 1Z06   2.4412173E-12      7.00    4    4    0    3
  76  C I  1Po 3Z06   2.4011560E-12      3.00    4    4    0    3
  77  C I  3Po 4Z06   2.2852426E-12      9.00    4    4    0    3
  78  C I  1Pe 2Z06   2.0373751E-12      3.00    4    4    0    3
  79  C I  3De 2Z06   1.9876723E-12     15.00    4    4    0    3
  80  C I  3Se 2Z06   1.9296755E-12      3.00    4    4    0    3
  81  C I  3Pe 3Z06   1.8841565E-12      9.00    4    4    0    3
  82  C I  1De 3Z06   1.7976497E-12      5.00    4    4    0    3
  83  C I  1Se 3Z06   1.7019284E-12      1.00    5    4    0    3
  84  C I +3__ 1Z06   1.3387092E-12    144.00    5    4    0    3
  85  C I +1__ 2Z06   1.3362636E-12     48.00    5    4    0    3
  86  C I +3__ 3Z06   8.6188109E-13    225.00    6    4    0    3
  87  C I +1__ 4Z06   8.6032464E-13     75.00    6    4    0    3
  88  C I +1__ 5Z06   6.0619243E-13     99.00    7    4    0    3
  89  C I +3__ 6Z06   6.0041044E-13    324.00    7    4    0    3
  90  C I +1__ 7Z06   4.4929447E-13    135.00    8    4    0    3
  91  C I +3__ 8Z06   4.4148582E-13    396.00    8    4    0    3
  92  C I +1__ 9Z06   3.4167708E-13    109.00    9    4    0    3
  93  C I +3__10Z06   3.3748101E-13    306.00    9    4    0    3
  94  C I +1__11Z06   2.5015963E-13    239.00   10    4    0    3
  95  C I +3__12Z06   2.4444589E-13    588.00   10    4    0    3
  96  C II 2Po 1Z06   3.9053536E-11      6.00    2    5    4    3
  97  C II 4Pe 1Z06   3.0514008E-11     12.00    3    5    0    3
  98  C II 2De 1Z06   2.4178729E-11     10.00    3    5    0    3
  99  C II 2Se 1Z06   1.9896017E-11      2.00    3    5    0    3
 100  C II 2Pe 1Z06   1.7083939E-11      6.00    3    5    0    3
 101  C II 2Se 2Z06   1.5914856E-11      2.00    3    5    0    3
 102  C II 2Po 2Z06   1.2896977E-11      6.00    4    5    0    3
 103  C II 4So 1Z06   1.0852126E-11      4.00    4    5    0    3
 104  C II 2De 2Z06   1.0152360E-11     10.00    4    5    0    3
 105  C II 2Do 1Z06   9.1764355E-12     10.00    4    5    0    3
 106  C II 2Se 3Z06   7.8316759E-12      2.00    4    5    0    3
 107  C II 2Po 3Z06   6.7813174E-12      6.00    5    5    0    3
 108  C II 4Po 1Z06   5.8901151E-12     12.00    5    5    0    3
 109  C II 2De 3Z06   5.6686853E-12     10.00    5    5    0    3
 110  C II 2Po 4Z06   5.5459536E-12      6.00    5    5    0    3
 111  C II 2Fo 1Z06   5.4990240E-12     14.00    5    5    0    3
 112  C II 2Se 4Z06   4.6311451E-12      2.00    5    5    0    3
 113  C II+2__ 1Z06   3.6698199E-12     54.00    6    5    0    3
 114  C II+4_e 2Z06   2.6929923E-12     36.00    7    5    0    3
 115  C II+2__ 3Z06   2.5279552E-12     78.00    7    5    0    3
 116  C II+2__ 4Z06   1.8221309E-12     72.00    8    5    0    3
 117  C II+2__ 5Z06   1.4305650E-12     60.00    9    5    0    3
 118  CIII 1Se 1Z06   7.6715823E-11      1.00    2    6    5    3
 119  CIII 3Po 1Z06   6.6304222E-11      9.00    2    6    0    3
 120  CIII 1Po 1Z06   5.6386519E-11      3.00    2    6    0    3
 121  CIII 3Pe 1Z06   4.9409778E-11      9.00    2    6    0    3
 122  CIII 1De 1Z06   4.7741715E-11      5.00    2    6    0    3
 123  CIII 1Se 2Z06   4.0463311E-11      1.00    2    6    0    3
 124  CIII 3Se 1Z06   2.9401529E-11      3.00    3    6    0    3
 125  CIII 1Se 3Z06   2.7622526E-11      1.00    3    6    0    3
 126  CIII 1Po 2Z06   2.5286411E-11      3.00    3    6    0    3
 127  CIII 3Po 2Z06   2.5130132E-11      9.00    3    6    0    3
 128  CIII 3De 1Z06   2.3085429E-11     15.00    3    6    0    3
 129  CIII 1De 2Z06   2.1800326E-11      5.00    3    6    0    3
 130  CIII 3Po 3Z06   1.5492969E-11      9.00    4    6    0    3
 131  CIII 3Se 2Z06   1.5250920E-11      3.00    4    6    0    3
 132  CIII 1Po 4Z06   1.5141834E-11      3.00    4    6    0    3
 133  CIII 1Se 4Z06   1.4801183E-11      1.00    4    6    0    3
 134  CIII 3Po 4Z06   1.3594062E-11      9.00    4    6    0    3
 135  CIII 1Pe 1Z06   1.3212437E-11      3.00    4    6    0    3
 136  CIII 3De 2Z06   1.2871960E-11     15.00    4    6    0    3
 137  CIII 3Fo 1Z06   1.2757307E-11     21.00    4    6    0    3
 138  CIII 1Po 3Z06   1.2679363E-11      3.00    4    6    0    3
 139  CIII 1Fo 1Z06   1.2620207E-11      7.00    4    6    0    3
 140  CIII 3De 3Z06   1.2538260E-11     15.00    4    6    0    3
 141  CIII 1De 3Z06   1.2320183E-11      5.00    4    6    0    3
 142  CIII 3Se 3Z06   1.1711262E-11      3.00    4    6    0    3
 143  CIII 3Pe 2Z06   1.1212047E-11      9.00    4    6    0    3
 144  CIII 1Do 1Z06   1.0636125E-11      5.00    4    6    0    3
 145  CIII 1De 4Z06   1.0551316E-11      5.00    4    6    0    3
 146  CIII 3Fo 2Z06   1.0491180E-11     21.00    4    6    0    3
 147  CIII 3Do 1Z06   9.6462055E-12     15.00    5    6    0    3
 148  CIII 1Se 5Z06   9.4795299E-12      1.00    5    6    0    3
 149  CIII 3Se 4Z06   9.1974250E-12      3.00    5    6    0    3
 150  CIII 3Po 5Z06   9.1616344E-12      9.00    5    6    0    3
 151  CIII 1Fo 2Z06   8.9121542E-12      7.00    5    6    0    3
 152  CIII+3__ 1Z06   7.9579082E-12     72.00    5    6    0    3
 153  CIII+1__ 2Z06   7.8697102E-12     28.00    5    6    0    3
 154  CIII+3__ 3Z06   5.5328346E-12    108.00    6    6    0    3
 155  CIII+1__ 4Z06   5.5143311E-12     36.00    6    6    0    3
 156  CIII+3__ 5Z06   4.0774438E-12    147.00    7    6    0    3
 157  CIII+1__ 6Z06   4.0543534E-12     49.00    7    6    0    3
 158  CIII+3__ 7Z06   3.1153522E-12    192.00    8    6    0    3
 159  CIII+1__ 8Z06   3.1031799E-12     64.00    8    6    0    3
 160  CIII+3__ 9Z06   2.4579534E-12    243.00    9    6    0    3
 161  CIII+1__10Z06   2.4513737E-12     81.00    9    6    0    3
 162  CIII+3__11Z06   1.9882481E-12    300.00   10    6    0    3
 163  CIII+1__12Z06   1.9865474E-12    100.00   10    6    0    3
 164  top       Z06   0.0000000E+00      2.00    1    6    6    3
 165  N I  4So 1Z07   2.3283712E-11      4.00    2    7    0    4
 166  N I  2Do 1Z07   1.9464514E-11     10.00    2    7    0    4
 167  N I  2Po 1Z07   1.7555504E-11      6.00    2    7    0    4
 168  N I  4Pe 1Z07   6.7312953E-12     12.00    3    7    0    4
 169  N I  2Pe 1Z07   6.1639147E-12      6.00    3    7    0    4
 170  N I  4Pe 2Z07   5.7743273E-12     12.00    3    7    0    4
 171  N I  2So 1Z07   4.6962155E-12      2.00    3    7    0    4
 172  N I  4Do 1Z07   4.4466904E-12     20.00    3    7    0    4
 173  N I  4Po 1Z07   4.3132105E-12     12.00    3    7    0    4
 174  N I  4So 2Z07   4.0667147E-12      4.00    3    7    0    4
 175  N I  2Do 2Z07   4.0503027E-12     10.00    3    7    0    4
 176  N I  2Po 2Z07   3.8595417E-12      6.00    3    7    0    4
 177  N I  2De 1Z07   3.4881755E-12     10.00    3    7    0    4
 178  N I  4Pe 3Z07   2.6876835E-12     12.00    4    7    0    4
 179  N I  2Pe 2Z07   2.5879431E-12      6.00    4    7    0    4
 180  N I  2Pe 3Z07   2.5020665E-12      6.00    4    7    0    4
 181  N I  4Fe 1Z07   2.4839537E-12     28.00    4    7    0    4
 182  N I  4Pe 4Z07   2.4586704E-12     12.00    4    7    0    4
 183  N I  2Fe 1Z07   2.4578634E-12     14.00    4    7    0    4
 184  N I  4De 1Z07   2.4268026E-12     20.00    4    7    0    4
 185  N I  2De 2Z07   2.4016075E-12     10.00    4    7    0    4
 186  N I  2So 2Z07   2.1347165E-12      2.00    4    7    0    4
 187  N I  4Do 2Z07   2.0660864E-12     20.00    4    7    0    4
 188  N I  4Po 2Z07   2.0282240E-12     12.00    4    7    0    4
 189  N I  2Do 3Z07   1.9863099E-12     10.00    4    7    0    4
 190  N I  4So 3Z07   1.9424870E-12      4.00    4    7    0    4
 191  N I  2Po 3Z07   1.9088425E-12      6.00    4    7    0    4
 192  N I +4__ 1Z07   1.3757740E-12    156.00    5    7    0    4
 193  N I +2__ 2Z07   1.3445827E-12    110.00    5    7    0    4
 194  N I +4_o 3Z07   1.1820161E-12     36.00    5    7    0    4
 195  N I +2__ 4Z07   8.7547024E-13    144.00    6    7    0    4
 196  N I +4__ 5Z07   8.5996932E-13    256.00    6    7    0    4
 197  N I +4__ 6Z07   5.9669850E-13    292.00    7    7    0    4
 198  N I +2__ 7Z07   5.9434287E-13    146.00    7    7    0    4
 199  N II 3Pe 1Z07   4.7403528E-11      9.00    2    8    7    4
 200  N II 1De 1Z07   4.4379068E-11      5.00    2    8    0    4
 201  N II 1Se 1Z07   4.0928494E-11      1.00    2    8    0    4
 202  N II 5So 1Z07   3.8205042E-11      5.00    3    8    0    4
 203  N II 3Do 1Z07   2.9099409E-11     15.00    3    8    0    4
 204  N II 3Po 1Z07   2.5728170E-11      9.00    3    8    0    4
 205  N II 1Do 1Z07   1.8782267E-11      5.00    3    8    0    4
 206  N II 3Po 2Z07   1.7824036E-11      9.00    3    8    0    4
 207  N II 1Po 1Z07   1.7789182E-11      3.00    3    8    0    4
 208  N II 3So 1Z07   1.6609590E-11      3.00    3    8    0    4
 209  N II 1Pe 1Z07   1.4725840E-11      3.00    3    8    0    4
 210  N II 3De 1Z07   1.4327710E-11     15.00    3    8    0    4
 211  N II 1Po 2Z07   1.4297825E-11      3.00    3    8    0    4
 212  N II 3Se 1Z07   1.3875456E-11      3.00    4    8    0    4
 213  N II 3Pe 2Z07   1.3529004E-11      9.00    4    8    0    4
 214  N II 1De 2Z07   1.2818813E-11      5.00    4    8    0    4
 215  N II 1Se 2Z07   1.2012131E-11      1.00    4    8    0    4
 216  N II 3Fo 1Z07   1.0359904E-11     21.00    4    8    0    4
 217  N II 1Do 2Z07   1.0260688E-11      5.00    4    8    0    4
 218  N II 3Do 2Z07   1.0185295E-11     15.00    4    8    0    4
 219  N II 3Po 3Z07   9.9047109E-12      9.00    4    8    0    4
 220  N II 1Fo 1Z07   9.8150170E-12      7.00    4    8    0    4
 221  N II 1Po 3Z07   9.6590857E-12      3.00    4    8    0    4
 222  N II 3Po 4Z07   8.3615937E-12      9.00    4    8    0    4
 223  N II 1Po 4Z07   8.1220521E-12      3.00    4    8    0    4
 224  N II 1Pe 2Z07   7.2655879E-12      3.00    4    8    0    4
 225  N II+3_e 1Z07   7.0970996E-12     27.00    5    8    0    4
 226  N II 5Pe 1Z07   6.6456375E-12     15.00    5    8    0    4
 227  N II 1De 3Z07   6.6340609E-12      5.00    5    8    0    4
 228  N II 1Se 3Z07   6.3242035E-12      1.00    5    8    0    4
 229  N II+3__ 2Z07   5.5466486E-12    117.00    5    8    0    4
 230  N II+1__ 3Z07   5.5060973E-12     36.00    5    8    0    4
 231  N II+3__ 4Z07   3.7007535E-12    234.00    6    8    0    4
 232  N II+1__ 5Z07   3.6660645E-12     75.00    6    8    0    4
 233  N II 5Do 1Z07   3.0595928E-12     25.00    6    8    0    4
 234  N II 5Po 1Z07   2.6797058E-12     15.00    7    8    0    4
 235  N II+3__ 6Z07   2.5061338E-12    327.00    7    8    0    4
 236  N II+1__ 7Z07   2.4853706E-12    108.00    7    8    0    4
 237  N II 5So 2Z07   1.8463049E-12      5.00    8    8    0    4
 238  N II+___ 8Z07   1.8197194E-12    543.00    8    8    0    4
 239  N II+___ 9Z07   1.3918196E-12    542.00    9    8    0    4
 240  N II+___10Z07   1.0049649E-12    940.00   10    8    0    4
 241  N +2 2Po 1Z07   7.6016654E-11      2.00    2    9    8    4
 242  N +2 2Po 1Z07   7.5982013E-11      4.00    2    9    0    4
 243  N +2 4Pe 1Z07   6.4639694E-11     12.00    2    9    0    4
 244  N +2 2De 1Z07   5.5949609E-11     10.00    2    9    0    4
 245  N +2 2Se 1Z07   4.9995202E-11      2.00    2    9    0    4
 246  N +2 2Pe 1Z07   4.7026729E-11      6.00    2    9    0    4
 247  N +2 4So 1Z07   3.8913049E-11      4.00    2    9    0    4
 248  N +2 2Do 1Z07   3.5678769E-11     10.00    2    9    0    4
 249  N +2 2Se 2Z07   3.2059284E-11      2.00    2    9    0    4
 250  N +2 2Po 2Z07   3.0250792E-11      6.00    3    9    0    4
 251  N +2 2Po 3Z07   2.7215321E-11      6.00    3    9    0    4
 252  N +2 2De 2Z07   2.2934237E-11     10.00    3    9    0    4
 253  N +2 4Po 1Z07   1.8882771E-11     12.00    3    9    0    4
 254  N +2 2Po 4Z07   1.6978301E-11      6.00    3    9    0    4
 255  N +2 2Se 3Z07   1.6212461E-11      2.00    3    9    0    4
 256  N +2 2Do 2Z07   1.4606612E-11     10.00    4    9    0    4
 257  N +2 2Pe 2Z07   1.4605916E-11      6.00    4    9    0    4
 258  N +2 4De 1Z07   1.4485013E-11     20.00    4    9    0    4
 259  N +2 2Po 5Z07   1.4101464E-11      6.00    4    9    0    4
 260  N +2 4Se 1Z07   1.3601697E-11      4.00    4    9    0    4
 261  N +2 4Pe 2Z07   1.2977687E-11     12.00    4    9    0    4
 262  N +2 2De 3Z07   1.2897496E-11     10.00    4    9    0    4
 263  N +2 2Fo 1Z07   1.2397338E-11     14.00    4    9    0    4
 264  N +2 2De 4Z07   1.2250389E-11     10.00    4    9    0    4
 265  N +2 2Se 4Z07   1.1052703E-11      2.00    4    9    0    4
 266  N +2+4_o 1Z07   1.0063671E-11     60.00    4    9    0    4
 267  N +2+2__ 2Z07   8.2486294E-12     70.00    5    9    0    4
 268  N +2+2__ 3Z07   5.6634590E-12     56.00    6    9    0    4
 269  N +2+2__ 4Z07   4.1110872E-12     50.00    7    9    0    4
 270  N +2+2__ 5Z07   3.1376794E-12     50.00    8    9    0    4
 271  N +2+2__ 6Z07   2.1770774E-12    118.00    9    9    0    4
 272  N +2+4__ 7Z07   1.6691792E-12     48.00   11    9    0    4
 273  top       Z07   0.0000000E+00      1.00    1    9    9    4
 274  O I  3Pe 1Z08   2.1800794E-11      9.00    2   10    0    5
 275  O I  1De 1Z08   1.8664504E-11      5.00    2   10    0    5
 276  O I  1Se 1Z08   1.5104230E-11      1.00    2   10    0    5
 277  O I  5So 1Z08   7.1641174E-12      5.00    3   10    0    5
 278  O I  3So 1Z08   6.5629280E-12      3.00    3   10    0    5
 279  O I  5Pe 1Z08   4.6096403E-12     15.00    3   10    0    5
 280  O I  3Pe 2Z08   4.2120299E-12      9.00    3   10    0    5
 281  O I  5So 2Z08   2.8523033E-12      5.00    4   10    0    5
 282  O I  3So 2Z08   2.7036515E-12      3.00    4   10    0    5
 283  O I  5Do 1Z08   2.4661578E-12     25.00    4   10    0    5
 284  O I  3Do 1Z08   2.4527083E-12     15.00    4   10    0    5
 285  O I  5Pe 2Z08   2.1338054E-12     15.00    4   10    0    5
 286  O I  3Pe 3Z08   2.0172155E-12      9.00    4   10    0    5
 287  O I  3Do 2Z08   1.7267510E-12     15.00    5   10    0    5
 288  O I  5So 3Z08   1.5334401E-12      5.00    5   10    0    5
 289  O I  3So 3Z08   1.4747866E-12      3.00    5   10    0    5
 290  O I  1Do 1Z08   1.4251243E-12      5.00    5   10    0    5
 291  O I  5Do 2Z08   1.3846968E-12     25.00    5   10    0    5
 292  O I  3Do 3Z08   1.3761852E-12     15.00    5   10    0    5
 293  O I  5Fe 1Z08   1.3643015E-12     35.00    5   10    0    5
 294  O I  3Fe 1Z08   1.3642829E-12     21.00    5   10    0    5
 295  O I  5Pe 3Z08   1.2336026E-12     15.00    5   10    0    5
 296  O I  3Pe 4Z08   1.1851880E-12      9.00    5   10    0    5
 297  O I +5__ 1Z08   8.6965101E-13     80.00    6   10    0    5
 298  O I +3__ 2Z08   8.6196646E-13     48.00    6   10    0    5
 299  O I +5__ 3Z08   6.0345970E-13     80.00    7   10    0    5
 300  O I +3__ 4Z08   5.9884309E-13     48.00    7   10    0    5
 301  O I +5__ 5Z08   4.4345662E-13     80.00    8   10    0    5
 302  O I +3__ 6Z08   4.4053922E-13     48.00    8   10    0    5
 303  O I +5__ 7Z08   3.3949060E-13     80.00    9   10    0    5
 304  O I +3__ 8Z08   3.3741585E-13     48.00    9   10    0    5
 305  O I +5__ 9Z08   2.4672240E-13    145.00   10   10    0    5
 306  O I +3__10Z08   2.4562370E-13     87.00   10   10    0    5
 307  O II 4So 1Z08   5.6336155E-11      4.00    2   11   10    5
 308  O II 2Do 1Z08   5.1006269E-11     10.00    2   11    0    5
 309  O II 2Po 1Z08   4.8293705E-11      6.00    2   11    0    5
 310  O II 4Pe 1Z08   3.2501750E-11     12.00    3   11    0    5
 311  O II 2De 1Z08   2.3348342E-11     10.00    3   11    0    5
 312  O II 4Pe 2Z08   1.9490850E-11     12.00    3   11    0    5
 313  O II 2Pe 1Z08   1.8774185E-11      6.00    3   11    0    5
 314  O II 2Se 1Z08   1.7442293E-11      2.00    3   11    0    5
 315  O II 2So 1Z08   1.5806359E-11      2.00    3   11    0    5
 316  O II 4Do 1Z08   1.5219642E-11     20.00    3   11    0    5
 317  O II 2De 2Z08   1.5204254E-11     10.00    3   11    0    5
 318  O II 4Po 1Z08   1.4914405E-11     12.00    3   11    0    5
 319  O II 2Do 2Z08   1.4277295E-11     10.00    3   11    0    5
 320  O II 4So 2Z08   1.4172890E-11      4.00    3   11    0    5
 321  O II 2Pe 2Z08   1.4075878E-11      6.00    3   11    0    5
 322  O II 2Po 2Z08   1.3765908E-11      6.00    4   11    0    5
 323  O II 2Fo 1Z08   1.0878820E-11     14.00    4   11    0    5
 324  O II 2Do 3Z08   1.0636702E-11     10.00    4   11    0    5
 325  O II 2Se 2Z08   1.0506775E-11      2.00    4   11    0    5
 326  O II 4Fe 1Z08   1.0343911E-11     28.00    4   11    0    5
 327  O II 4Pe 3Z08   1.0128999E-11     12.00    4   11    0    5
 328  O II 2Po 3Z08   1.0128782E-11      6.00    4   11    0    5
 329  O II 4De 1Z08   1.0082138E-11     20.00    4   11    0    5
 330  O II 2Fe 1Z08   1.0053671E-11     14.00    4   11    0    5
 331  O II 2Pe 3Z08   9.9385842E-12      6.00    4   11    0    5
 332  O II 2De 3Z08   9.7467315E-12     10.00    4   11    0    5
 333  O II 4Pe 4Z08   8.8798896E-12     12.00    4   11    0    5
 334  O II 2Pe 4Z08   8.5501747E-12      6.00    4   11    0    5
 335  O II 2So 2Z08   7.6395191E-12      2.00    4   11    0    5
 336  O II 6So 1Z08   7.5674382E-12      6.00    4   11    0    5
 337  O II 4Do 2Z08   7.4635143E-12     20.00    4   11    0    5
 338  O II 4So 3Z08   7.3901915E-12      4.00    4   11    0    5
 339  O II 4Po 2Z08   7.3603070E-12     12.00    4   11    0    5
 340  O II 2Do 4Z08   7.0276722E-12     10.00    5   11    0    5
 341  O II 2Po 4Z08   6.9542160E-12      6.00    5   11    0    5
 342  O II+2__ 1Z08   5.8278598E-12    128.00    5   11    0    5
 343  O II+4__ 2Z08   5.5414503E-12    160.00    5   11    0    5
 344  O II+2__ 3Z08   4.5948922E-12     34.00    5   11    0    5
 345  O II+4_o 4Z08   4.4264905E-12     36.00    5   11    0    5
 346  O II+4__ 5Z08   3.5186342E-12    220.00    6   11    0    5
 347  O II+2__ 6Z08   3.4367860E-12    142.00    6   11    0    5
 348  O II 6Pe 1Z08   3.0474453E-12     18.00    6   11    0    5
 349  O II+4__ 7Z08   2.5061896E-12    292.00    7   11    0    5
 350  O II+2__ 8Z08   2.4625467E-12    146.00    7   11    0    5
 351  O II+4__ 9Z08   1.7991270E-12    340.00    8   11    0    5
 352  O II+2__10Z08   1.7200535E-12    242.00    8   11    0    5
 353  O II+2__11Z08   1.1734470E-12    392.00    9   11    0    5
 354  O II+4__12Z08   1.1554710E-12    728.00    9   11    0    5
 355  OIII 3Pe 1Z08   8.7966051E-11      9.00    2   12   11    5
 356  OIII 1De 1Z08   8.3981005E-11      5.00    3   12    0    5
 357  OIII 1Se 1Z08   7.9430133E-11      1.00    3   12    0    5
 358  OIII 5So 1Z08   7.6025306E-11      5.00    3   12    0    5
 359  OIII 3Do 1Z08   6.4164339E-11     15.00    3   12    0    5
 360  OIII 3Po 1Z08   5.9726590E-11      9.00    3   12    0    5
 361  OIII 1Do 1Z08   5.0855000E-11      5.00    3   12    0    5
 362  OIII 3So 1Z08   4.8861282E-11      3.00    3   12    0    5
 363  OIII 1Po 1Z08   4.6205386E-11      3.00    3   12    0    5
 364  OIII 3Po 2Z08   3.4874512E-11      9.00    3   12    0    5
 365  OIII 1Po 2Z08   3.3767249E-11      3.00    3   12    0    5
 366  OIII 3Pe 2Z08   3.1624884E-11      9.00    3   12    0    5
 367  OIII 1Pe 1Z08   3.0216614E-11      3.00    4   12    0    5
 368  OIII 3De 1Z08   2.9596725E-11     15.00    4   12    0    5
 369  OIII 3Se 1Z08   2.8905334E-11      3.00    4   12    0    5
 370  OIII 1De 2Z08   2.8759956E-11      5.00    4   12    0    5
 371  OIII 3Pe 3Z08   2.8346040E-11      9.00    4   12    0    5
 372  OIII 1De 3Z08   2.7112364E-11      5.00    4   12    0    5
 373  OIII 1Se 2Z08   2.5679034E-11      1.00    4   12    0    5
 374  OIII 3Fo 1Z08   2.3516607E-11     21.00    4   12    0    5
 375  OIII 1Do 2Z08   2.3507451E-11      5.00    4   12    0    5
 376  OIII 3Do 2Z08   2.2997417E-11     15.00    4   12    0    5
 377  OIII 3Po 3Z08   2.2555824E-11      9.00    4   12    0    5
 378  OIII 1Fo 1Z08   2.2100054E-11      7.00    4   12    0    5
 379  OIII 1Po 3Z08   2.1909997E-11      3.00    4   12    0    5
 380  OIII 5Pe 1Z08   2.0722894E-11     15.00    4   12    0    5
 381  OIII 1Se 3Z08   1.9819391E-11      1.00    4   12    0    5
 382  OIII 3Pe 4Z08   1.8447064E-11      9.00    4   12    0    5
 383  OIII+5_o 1Z08   1.5043792E-11     45.00    5   12    0    5
 384  OIII+3__ 2Z08   1.3969659E-11    171.00    5   12    0    5
 385  OIII+1__ 3Z08   1.3768708E-11     48.00    5   12    0    5
 386  OIII+5_e 4Z08   9.2680199E-12     75.00    6   12    0    5
 387  OIII+3__ 5Z08   8.3970740E-12    285.00    6   12    0    5
 388  OIII+1__ 6Z08   8.1783386E-12     80.00    6   12    0    5
 389  OIII+3__ 7Z08   5.6025478E-12    324.00    7   12    0    5
 390  OIII+1__ 8Z08   5.5725420E-12    108.00    7   12    0    5
 391  OIII+3__ 9Z08   4.0786172E-12    396.00    8   12    0    5
 392  OIII+1__10Z08   4.0628944E-12    132.00    8   12    0    5
 393  OIII+1__11Z08   2.6694763E-12    368.00   10   12    0    5
 394  OIII+3__12Z08   2.6599669E-12   1110.00   10   12    0    5
 395  OIII+5__13Z08   1.5967039E-12     60.00   12   12    0    5
 396  top       Z08   0.0000000E+00      6.00    1   12   12    5
 397  Ne I 1Se 1Z10   3.4546715E-11      1.00    2   13    0    6
 398  Ne I 3Po 1Z10   7.8916058E-12      9.00    3   13    0    6
 399  Ne I 1Po 1Z10   7.6090136E-12      3.00    3   13    0    6
 400  Ne I 3Se 1Z10   4.9669826E-12      3.00    3   13    0    6
 401  Ne I 3De 1Z10   4.8073026E-12     15.00    3   13    0    6
 402  Ne I 3Pe 1Z10   4.7047503E-12      9.00    3   13    0    6
 403  Ne I 1De 1Z10   4.6445247E-12      5.00    3   13    0    6
 404  Ne I 1Pe 1Z10   4.5889238E-12      3.00    3   13    0    6
 405  Ne I 1Se 2Z10   4.4507979E-12      1.00    3   13    0    6
 406  Ne I 3Po 2Z10   3.0300963E-12      9.00    4   13    0    6
 407  Ne I 1Po 2Z10   2.8668840E-12      3.00    4   13    0    6
 408  Ne I 1Po 3Z10   2.4647566E-12      3.00    4   13    0    6
 409  Ne I 3Fo 1Z10   2.4507221E-12     21.00    4   13    0    6
 410  Ne I 3Po 3Z10   2.4453373E-12      9.00    4   13    0    6
 411  Ne I 1Fo 1Z10   2.4289689E-12      7.00    4   13    0    6
 412  Ne I 3Do 1Z10   2.2881616E-12     15.00    4   13    0    6
 413  Ne I 1Do 1Z10   2.2849369E-12      5.00    4   13    0    6
 414  Ne I 3Se 2Z10   2.2227934E-12      3.00    4   13    0    6
 415  Ne I 3De 2Z10   2.1988617E-12     15.00    4   13    0    6
 416  Ne I 3Pe 2Z10   2.1651876E-12      9.00    4   13    0    6
 417  Ne I 1De 2Z10   2.1506565E-12      5.00    4   13    0    6
 418  Ne I 1Pe 2Z10   2.0339641E-12      3.00    4   13    0    6
 419  Ne I 1Se 3Z10   2.0016092E-12      1.00    4   13    0    6
 420  Ne I+3__ 1Z10   1.3649859E-12    144.00    5   13    0    6
 421  Ne I+1__ 2Z10   1.2570116E-12     48.00    5   13    0    6
 422  Ne I+3__ 3Z10   8.7145106E-13    192.00    6   13    0    6
 423  Ne I+1__ 4Z10   8.1595559E-13     64.00    6   13    0    6
 424  Ne I+3__ 5Z10   6.0432096E-13    219.00    7   13    0    6
 425  Ne I+1__ 6Z10   6.0309815E-13     73.00    7   13    0    6
 426  Ne I+3__ 7Z10   4.4402611E-13    219.00    8   13    0    6
 427  Ne I+1__ 8Z10   4.4325022E-13     73.00    8   13    0    6
 428  Ne I+3__ 9Z10   3.3999960E-13    219.00    9   13    0    6
 429  Ne I+1__10Z10   3.3948129E-13     73.00    9   13    0    6
 430  Ne I+3__11Z10   2.4561906E-13    411.00   10   13    0    6
 431  Ne I+1__12Z10   2.4536145E-13    137.00   10   13    0    6
 432  NeII 2Po 1Z10   6.5572186E-11      6.00    2   14   13    6
 433  NeII 2Se 1Z10   2.2512820E-11      2.00    3   14    0    6
 434  NeII 4Pe 1Z10   2.2037870E-11     12.00    3   14    0    6
 435  NeII 2Pe 1Z10   2.1074116E-11      6.00    3   14    0    6
 436  NeII 4Po 1Z10   1.6695789E-11     12.00    3   14    0    6
 437  NeII 2De 1Z10   1.6683629E-11     10.00    3   14    0    6
 438  NeII 4Do 1Z10   1.6086772E-11     20.00    3   14    0    6
 439  NeII 2Do 1Z10   1.5726236E-11     10.00    3   14    0    6
 440  NeII 2So 1Z10   1.5411819E-11      2.00    3   14    0    6
 441  NeII 4So 1Z10   1.5381024E-11      4.00    3   14    0    6
 442  NeII 2Po 2Z10   1.5131970E-11      6.00    3   14    0    6
 443  NeII 2Fo 1Z10   1.1123210E-11     14.00    4   14    0    6
 444  NeII 2Po 3Z10   1.0732877E-11      6.00    4   14    0    6
 445  NeII 2Se 2Z10   1.0668924E-11      2.00    4   14    0    6
 446  NeII 2Do 2Z10   1.0537883E-11     10.00    4   14    0    6
 447  NeII 4De 1Z10   1.0162267E-11     20.00    4   14    0    6
 448  NeII 2De 2Z10   9.9392413E-12     10.00    4   14    0    6
 449  NeII 4Fe 1Z10   9.9209552E-12     28.00    4   14    0    6
 450  NeII 2Fe 1Z10   9.8420491E-12     14.00    4   14    0    6
 451  NeII 4Pe 2Z10   9.8016157E-12     12.00    4   14    0    6
 452  NeII 2Pe 2Z10   9.6928967E-12      6.00    4   14    0    6
 453  NeII 4Pe 3Z10   9.5644510E-12     12.00    4   14    0    6
 454  NeII 2Pe 3Z10   9.3111283E-12      6.00    4   14    0    6
 455  NeII+4_o 1Z10   7.7721142E-12     36.00    4   14    0    6
 456  NeII+2_o 2Z10   7.4591102E-12     18.00    4   14    0    6
 457  NeII+4__ 3Z10   5.3606838E-12    192.00    5   14    0    6
 458  NeII+2__ 4Z10   5.1323394E-12    162.00    5   14    0    6
 459  NeII+4__ 5Z10   3.4405351E-12    192.00    6   14    0    6
 460  NeII+2__ 6Z10   3.4008340E-12     96.00    6   14    0    6
 461  NeII+2__ 7Z10   2.4246704E-12    126.00    7   14    0    6
 462  NeII+4__ 8Z10   2.3897860E-12    192.00    7   14    0    6
 463  NeII+___ 9Z10   1.3567582E-12    996.00    9   14    0    6
 464  Ne+2 3Pe 1Z10   1.0164836E-10      9.00    2   15   14    6
 465  Ne+2 1De 1Z10   9.6575871E-11      5.00    2   15    0    6
 466  Ne+2 1Se 1Z10   9.0631942E-11      1.00    2   15    0    6
 467  Ne+2 3Po 1Z10   6.1052887E-11      9.00    3   15    0    6
 468  Ne+2 1Po 1Z10   4.4182329E-11      3.00    3   15    0    6
 469  Ne+2 5So 1Z10   4.0119230E-11      5.00    3   15    0    6
 470  Ne+2 3So 1Z10   3.8227281E-11      3.00    3   15    0    6
 471  Ne+2 5Pe 1Z10   3.2455543E-11     15.00    3   15    0    6
 472  Ne+2 3Do 1Z10   3.1525488E-11     15.00    3   15    0    6
 473  Ne+2 3Pe 2Z10   3.0808816E-11      9.00    4   15    0    6
 474  Ne+2 1Do 1Z10   3.0578864E-11      5.00    4   15    0    6
 475  Ne+2 3Po 2Z10   2.7296303E-11      9.00    4   15    0    6
 476  Ne+2 1Po 2Z10   2.6225871E-11      3.00    4   15    0    6
 477  Ne+2 3De 1Z10   2.4381437E-11     15.00    4   15    0    6
 478  Ne+2 1Pe 1Z10   2.4053189E-11      3.00    4   15    0    6
 479  Ne+2 3Fe 1Z10   2.3920440E-11     21.00    4   15    0    6
 480  Ne+2 5Do 1Z10   2.3266549E-11     25.00    4   15    0    6
 481  Ne+2 1Fe 1Z10   2.3082362E-11      7.00    4   15    0    6
 482  Ne+2 3Do 2Z10   2.2575594E-11     15.00    4   15    0    6
 483  Ne+2 3Pe 3Z10   2.2410376E-11      9.00    4   15    0    6
 484  Ne+2+3__ 1Z10   1.9980276E-11     30.00    4   15    0    6
 485  Ne+2+1_e 2Z10   1.9257489E-11     13.00    4   15    0    6
 486  Ne+2 5So 2Z10   1.8624393E-11      5.00    4   15    0    6
 487  Ne+2 5Pe 2Z10   1.5994400E-11     15.00    5   15    0    6
 488  Ne+2+3__ 3Z10   1.4777180E-11     99.00    5   15    0    6
 489  Ne+2+1__ 4Z10   1.4374767E-11     26.00    5   15    0    6
 490  Ne+2+5__ 5Z10   1.2179515E-11     80.00    5   15    0    6
 491  Ne+2+3__ 6Z10   1.0909973E-11     93.00    5   15    0    6
 492  Ne+2+1_o 7Z10   1.0323878E-11     20.00    5   15    0    6
 493  Ne+2+5__ 8Z10   7.7459509E-12     80.00    6   15    0    6
 494  Ne+2+3__ 9Z10   7.5752221E-12    102.00    6   15    0    6
 495  Ne+2+1__10Z10   7.0569204E-12     19.00    6   15    0    6
 496  Ne+2+___11Z10   4.5951620E-12    464.00    8   15    0    6
 497  Ne+2+___12Z10   2.5489634E-12    520.00   10   15    0    6
 498  top       Z10   0.0000000E+00      4.00    1   15   15    6
 499  MgII 2Se 1Z12   2.4086860E-11      2.00    3   16    0    7
 500  MgII 2Po 1Z12   1.7002435E-11      2.00    3   16    0    7
 501  MgII 2Po 1Z12   1.6984246E-11      4.00    3   16    0    7
 502  MgII 2Se 2Z12   1.0221817E-11      2.00    3   16    0    7
 503  MgII 2De 1Z12   9.8870188E-12     10.00    3   16    0    7
 504  MgII 2Po 2Z12   8.0697201E-12      6.00    3   16    0    7
 505  MgII 2Se 3Z12   5.6562821E-12      2.00    4   16    0    7
 506  MgII 2De 2Z12   5.5529442E-12     10.00    4   16    0    7
 507  MgII 2Fo 1Z12   5.4558405E-12     14.00    4   16    0    7
 508  MgII 2Po 3Z12   4.7279621E-12      6.00    4   16    0    7
 509  MgII 2Se 4Z12   3.5893467E-12      2.00    5   16    0    7
 510  MgII 2De 3Z12   3.5450349E-12     10.00    5   16    0    7
 511  MgII 2Fo 2Z12   3.4913924E-12     14.00    5   16    0    7
 512  MgII 2Ge 1Z12   3.4882546E-12     18.00    5   16    0    7
 513  MgII 2Po 4Z12   3.1065720E-12      6.00    5   16    0    7
 514  MgII 2Se 5Z12   2.4795034E-12      2.00    6   16    0    7
 515  MgII 2De 4Z12   2.4565088E-12     10.00    6   16    0    7
 516  MgII 2Fo 3Z12   2.4242933E-12     14.00    6   16    0    7
 517  MgII 2Ge 2Z12   2.4223520E-12     18.00    6   16    0    7
 518  MgII 2Ho 1Z12   2.4219828E-12     22.00    6   16    0    7
 519  MgII 2Po 5Z12   2.1970180E-12      6.00    6   16    0    7
 520  MgII+2__ 1Z12   1.7747544E-12     98.00    7   16    0    7
 521  MgII+2__ 2Z12   1.3597811E-12    128.00    8   16    0    7
 522  MgII+2__ 3Z12   1.0749155E-12    162.00    9   16    0    7
 523  MgII+2__ 4Z12   8.7243337E-13    194.00   10   16    0    7
 524  top       Z12   0.0000000E+00      1.00    1   16   16    7
 525  4s4s-1S   Z20   9.7936598E-12      1.00    4   17    0    8
 526  4s4p-3P*  Z20   6.7619449E-12      9.00    4   17    0    8
 527  3d4s-3D   Z20   5.7502134E-12     15.00    3   17    0    8
 528  3d4s-1D   Z20   5.4536564E-12      5.00    3   17    0    8
 529  4s4p-1P*  Z20   5.0955911E-12      3.00    4   17    0    8
 530  4s5s-3S   Z20   3.5289545E-12      3.00    5   17    0    8
 531  4s5s-1S   Z20   3.1758354E-12      1.00    5   17    0    8
 532  3d4p-3F*  Z20   2.6764904E-12     21.00    3   17    0    8
 533  3d4p-1D*  Z20   2.6756542E-12      5.00    3   17    0    8
 534  4s5p-3P*  Z20   2.5306801E-12      9.00    5   17    0    8
 535  4s5p-1P*  Z20   2.4976412E-12      3.00    5   17    0    8
 536  4s4d-1D   Z20   2.3850828E-12      5.00    4   17    0    8
 537  4s4d-3D   Z20   2.2946164E-12     15.00    4   17    0    8
 538  3d4p-3D*  Z20   2.1995311E-12     15.00    3   17    0    8
 539  4p4p-3P   Z20   2.1448465E-12      9.00    4   17    0    8
 540  3d4p-3P*  Z20   1.9799834E-12      9.00    3   17    0    8
 541  4s6s-3S   Z20   1.7542416E-12      3.00    6   17    0    8
 542  3d4p-1F*  Z20   1.7415983E-12      7.00    3   17    0    8
 543  4s6s-1S   Z20   1.7112988E-12      1.00    6   17    0    8
 544  4p4p-1D   Z20   1.7054567E-12      5.00    4   17    0    8
 545  4s6p-1P*  Z20   1.5149381E-12      3.00    6   17    0    8
 546  4p4p-1S   Z20   1.4936314E-12      1.00    4   17    0    8
 547  4s4f-3F*  Z20   1.4172776E-12     21.00    4   17    0    8
 548  4s4f-1F*  Z20   1.3829324E-12      7.00    4   17    0    8
 549  4s6p-3P*  Z20   1.3473634E-12      9.00    6   17    0    8
 550  4s5d-3D   Z20   1.3030765E-12     15.00    5   17    0    8
 551  4s5d-1D   Z20   1.2686274E-12      5.00    5   17    0    8
 552  3d3d-3F   Z20   1.1544559E-12     21.00    3   17    0    8
 553  4snp-1P*  Z20   1.0671318E-12      3.00    6   17    0    8
 554  4s7s-3S   Z20   1.0577385E-12      3.00    7   17    0    8
 555  4s7s-1S   Z20   9.9898942E-13      1.00    7   17    0    8
 556  4s5f-3F*  Z20   9.0238187E-13     21.00    5   17    0    8
 557  4s5f-1F*  Z20   8.9404495E-13      7.00    5   17    0    8
 558  4s5g-3G   Z20   8.8014444E-13     27.00    5   17    0    8
 559  4s5g-1G   Z20   8.7992791E-13      9.00    5   17    0    8
 560  4s7p-3P*  Z20   8.6328997E-13      9.00    7   17    0    8
 561  4s6d-1D   Z20   8.5730785E-13      5.00    6   17    0    8
 562  4s6d-3D   Z20   8.4514530E-13     15.00    6   17    0    8
 563  4s7p-1P*  Z20   7.7079872E-13      3.00    7   17    0    8
 564  4s8s-3S   Z20   7.0856260E-13      3.00    8   17    0    8
 565  4s8s-1S   Z20   6.7906285E-13      1.00    8   17    0    8
 566  4s6f-3F*  Z20   6.2391684E-13     21.00    6   17    0    8
 567  4s6f-1F*  Z20   6.2042731E-13      7.00    6   17    0    8
 568  4s7d-1D   Z20   6.1690539E-13      5.00    7   17    0    8
 569  4s6gx-0X  Z20   6.1077208E-13     80.00    6   17    0    8
 570  4s8p-3P*  Z20   5.9976159E-13      9.00    8   17    0    8
 571  4s7d-3D   Z20   5.9618664E-13     15.00    7   17    0    8
 572  4s8p-1P*  Z20   5.6135181E-13      3.00    8   17    0    8
 573  4s8d-1D   Z20   4.6816095E-13      5.00    8   17    0    8
 574  4s7f-3F*  Z20   4.5677326E-13     21.00    7   17    0    8
 575  4s7f-1F*  Z20   4.5501935E-13      7.00    7   17    0    8
 576  4s8d-3D   Z20   4.4974529E-13     15.00    8   17    0    8
 577  4s7gx-0X  Z20   4.4506995E-13    132.00    7   17    0    8
 578  3d5s-1D   Z20   3.6882524E-13      5.00    3   17    0    8
 579  3d5s-3D   Z20   3.6492432E-13     15.00    3   17    0    8
 580  4s8f-3F*  Z20   3.4872045E-13     21.00    8   17    0    8
 581  4s8f-1F*  Z20   3.4774121E-13      7.00    8   17    0    8
 582  4s8gx-0GX Z20   3.4366789E-13    192.00    8   17    0    8
 583  9-0Xx     Z20   2.8126673E-13    324.00    9   17    0    8
 584  10-0Xx    Z20   2.2427368E-13    400.00   10   17    0    8
 585  11-0Xx    Z20   1.8460817E-13    484.00   11   17    0    8
 586  12-0Xx    Z20   1.5413766E-13    576.00   12   17    0    8
 587  3d3d-3P   Z20   1.5004865E-13      9.00    3   17    0    8
 588  13-0Xx    Z20   1.3078229E-13    676.00   13   17    0    8
 589  14-0Xx    Z20   1.1225622E-13    784.00   14   17    0    8
 590  15-0Xx    Z20   9.8888193E-14    900.00   15   17    0    8
 591  3p6.4s-2S Z20   1.9019241E-11      2.00    4   18   17    8
 592  3p6.3d-2D Z20   1.6300664E-11     10.00    3   18    0    8
 593  3p6.4p-2P*Z20   1.3985924E-11      6.00    4   18    0    8
 594  3p6.5s-2S Z20   8.6572978E-12      2.00    5   18    0    8
 595  3p6.4d-2D Z20   7.7269437E-12     10.00    4   18    0    8
 596  3p6.5p-2P*Z20   6.9851740E-12      6.00    5   18    0    8
 597  3p6.4f-2F*Z20   5.5010635E-12     14.00    4   18    0    8
 598  3p6.6s-2S Z20   4.9805106E-12      2.00    6   18    0    8
 599  3p6.5d-2D Z20   4.5733519E-12     10.00    5   18    0    8
 600  3p6.6p-2P*Z20   4.2193877E-12      6.00    6   18    0    8
 601  3p6.5f-2F*Z20   3.5192318E-12     14.00    5   18    0    8
 602  3p6.5g-2G Z20   3.4933442E-12     18.00    5   18    0    8
 603  3p6.6d-2D Z20   3.0246581E-12     10.00    6   18    0    8
 604  3p6.6f-2F*Z20   2.4419215E-12     14.00    6   18    0    8
 605  3p6.6gx-0XZ20   2.4256497E-12     18.00    6   18    0    8
 606  3p6.7sx-0XZ20   1.8633888E-12     80.00    7   18    0    8
 607  3p6.8sx-0XZ20   1.4019699E-12    110.00    8   18    0    8
 608  3p6.9sx-0XZ20   1.0965545E-12    154.00    9   18    0    8
 609  3p6.10sx-0Z20   8.8302041E-13    192.00   10   18    0    8
 610  3p6.11x-0XZ20   8.1038661E-13    242.00   11   18    0    8
 611  3p6.12x-0XZ20   6.7392741E-13    288.00   12   18    0    8
 612  3p6.13x-0XZ20   5.6984506E-13    338.00   13   18    0    8
 613  3p6.14x-0XZ20   4.8749286E-13    392.00   14   18    0    8
 614  3p6.15x-0XZ20   4.2208383E-13    450.00   15   18    0    8
 615  top       Z20   0.0000000E+00      1.00    1   18   18    8


 ADDITIONAL OPACITY SOURCES
 --------------------------
 IOPHMI  (H-  OPACITY IN LTE)       =  1
 IOPH2P  (H2+  OPACITY)             =  1
 IOPHEM  (HE- B-F AND F-F)          =  1
 IOPCH   (CH OPACITY)               =  1
 IOPOH   (OH OPACITY)               =  1
 IOPH2M  (H2- OPACITY)              =  1
 IOH2H2  (CIA H2-H2 OPACITY         =  1
 IOH2HE  (CIA H2-He OPACITY         =  1
 IOH2H1  (CIA H2-H  OPACITY         =  1
 IOHHE   (CIA H-He OPACITY          =  1
 IRSCT   (RAYLEIGH SCAT. ON H I)    =  0
 IRSCH2  (RAYLEIGH SCAT. ON H2      =  0
 IRSCHE  (RAYLEIGH SCAT. ON HE I)   =  0
 IOPHLI  (LYMAN LINES WINGS)        =  0


 TURBULENT VELOCITY  -  DEPTH-INDEPENDENT   VTURB = 2.000E+00  KM/S
 ------------------


 inmod=           1

 INPUT TLUSTY MODEL
 ------------------
         MASS         T         NE         DENS


     1 1.000E+00   18827.9   1.045E+15   1.916E-09   7.436E+11

 COMPUTING AN OPACITY TABLE WITH GRID PARAMETERS:
 ===== ntemp, ndens    1   1
   18827.9    0.19E-08

 ************************************
 GRID POINT OF THE OPACITY TABLE WITH:
 INDEX TEMP, T      1   18827.9
 INDEX DENS, DENS   1   1.9E-09
 ************************************


 **** rhonen it,id,t,r,N,Ne,wmm,ner   1   1 18828. 1.9163E-09 2.0989E+15 1.0444E+15 1.8260E-24 4.9758E-01

 **** rhonen it,id,t,r,N,Ne,wmm,ner   2   1 18828. 1.9163E-09 2.0888E+15 1.0394E+15 1.8260E-24 4.9759E-01

 **** rhonen it,id,t,r,N,Ne,wmm,ner   3   1 18828. 1.9163E-09 2.0888E+15 1.0394E+15 1.8260E-24 4.9759E-01

 N/U  AT THE STANDARD DEPTH  (ID =  1 ; T,Ne =  18827.9   1.045E+15   1.018E+15 )
 --------------------------


  H   3.68E+11 1.01E+15 0.00E+00 0.00E+00 0.00E+00 0.00E+00 0.00E+00 0.00E+00
  He  4.19E+12 1.32E+13 4.36E+05 0.00E+00 0.00E+00 0.00E+00 0.00E+00 0.00E+00
  Li  0.00E+00 0.00E+00 0.00E+00 0.00E+00 0.00E+00 0.00E+00 0.00E+00 0.00E+00
  Be  0.00E+00 0.00E+00 0.00E+00 0.00E+00 0.00E+00 0.00E+00 0.00E+00 0.00E+00
  B   0.00E+00 0.00E+00 0.00E+00 0.00E+00 0.00E+00 0.00E+00 0.00E+00 0.00E+00
  C   2.05E+04 2.38E+08 8.55E+08 1.59E+03 1.06E-07 0.00E+00 0.00E+00 0.00E+00
  N   6.36E+06 9.83E+09 1.42E+09 3.46E+03 7.78E-11 0.00E+00 0.00E+00 0.00E+00
  O   5.69E+06 1.55E+10 7.45E+07 1.83E+00 4.26E-14 0.00E+00 0.00E+00 0.00E+00
  F   1.02E+03 2.65E+05 1.38E+03 2.84E-07 0.00E+00 0.00E+00 0.00E+00 0.00E+00
  Ne  1.93E+08 3.91E+09 4.78E+05 5.80E-05 0.00E+00 0.00E+00 0.00E+00 0.00E+00
  Na  0.00E+00 0.00E+00 0.00E+00 0.00E+00 0.00E+00 0.00E+00 0.00E+00 0.00E+00
  Mg  3.51E+02 3.74E+07 4.27E+10 1.84E-04 0.00E+00 0.00E+00 0.00E+00 0.00E+00
  Al  0.00E+00 0.00E+00 0.00E+00 0.00E+00 0.00E+00 0.00E+00 0.00E+00 0.00E+00
  Si  0.00E+00 0.00E+00 0.00E+00 0.00E+00 0.00E+00 0.00E+00 0.00E+00 0.00E+00
  P   0.00E+00 0.00E+00 0.00E+00 0.00E+00 0.00E+00 0.00E+00 0.00E+00 0.00E+00
  S   0.00E+00 0.00E+00 0.00E+00 0.00E+00 0.00E+00 0.00E+00 0.00E+00 0.00E+00
  Cl  0.00E+00 0.00E+00 0.00E+00 0.00E+00 0.00E+00 0.00E+00 0.00E+00 0.00E+00
  Ar  0.00E+00 0.00E+00 0.00E+00 0.00E+00 0.00E+00 0.00E+00 0.00E+00 0.00E+00
  K   0.00E+00 0.00E+00 0.00E+00 0.00E+00 0.00E+00 0.00E+00 0.00E+00 0.00E+00
  Ca  1.01E-01 2.80E+04 2.24E+08 5.31E+01 4.87E-10 0.00E+00 0.00E+00 0.00E+00
  Sc  0.00E+00 0.00E+00 0.00E+00 0.00E+00 0.00E+00 0.00E+00 0.00E+00 0.00E+00
  Ti  0.00E+00 0.00E+00 0.00E+00 0.00E+00 0.00E+00 0.00E+00 0.00E+00 0.00E+00
  V   0.00E+00 0.00E+00 0.00E+00 0.00E+00 0.00E+00 0.00E+00 0.00E+00 0.00E+00
  Cr  0.00E+00 0.00E+00 0.00E+00 0.00E+00 0.00E+00 0.00E+00 0.00E+00 0.00E+00
  Mn  0.00E+00 0.00E+00 0.00E+00 0.00E+00 0.00E+00 0.00E+00 0.00E+00 0.00E+00
  Fe  0.00E+00 0.00E+00 0.00E+00 0.00E+00 0.00E+00 0.00E+00 0.00E+00 0.00E+00
  Co  0.00E+00 0.00E+00 0.00E+00 0.00E+00 0.00E+00 0.00E+00 0.00E+00 0.00E+00
  Ni  0.00E+00 0.00E+00 0.00E+00 0.00E+00 0.00E+00 0.00E+00 0.00E+00 0.00E+00
  Cu  0.00E+00 0.00E+00 0.00E+00 0.00E+00 0.00E+00 0.00E+00 0.00E+00 0.00E+00
  Zn  0.00E+00 0.00E+00 0.00E+00 0.00E+00 0.00E+00 0.00E+00 0.00E+00 0.00E+00

************************
 LINE LISTS:

 ILIST        FILENAME  IBIN  TMLIM
   0  ATOMIC  fort.19     0


 TURBULENT VELOCITY  -  CHANGED TO   VTURB = 0.000E+00  KM/S
 ------------------



----------------------------------------------
 BASIC INPUT PARAMETERS FOR SYNTHETIC SPECTRA
 ---------------------------------------------
 INITIAL LAMBDA                            =   100.000 ANGSTROMS
 FINAL   LAMBDA                            = 20000.000 ANGSTROMS
 CUTOFF PARAMETER                          =   200.000 ANGSTROMS
 MINIMUM VALUE OF (LINE OPAC.)/(CONT.OPAC) =   1.0E-04
 MAXIMUM FREQUENCY SPACING                 = 5.936E+10  I.E. 2.000  ANGSTROMS
 ---------------------------------------------


IDSTD, NDSTEP =     1    1


 N/U  AT THE STANDARD DEPTH  (ID =  1 ; T,Ne =  18827.9   1.045E+15   1.018E+15 )
 --------------------------


  H   3.68E+11 1.01E+15 0.00E+00 0.00E+00 0.00E+00 0.00E+00 0.00E+00 0.00E+00
  He  4.19E+12 1.32E+13 4.36E+05 0.00E+00 0.00E+00 0.00E+00 0.00E+00 0.00E+00
  Li  0.00E+00 0.00E+00 0.00E+00 0.00E+00 0.00E+00 0.00E+00 0.00E+00 0.00E+00
  Be  0.00E+00 0.00E+00 0.00E+00 0.00E+00 0.00E+00 0.00E+00 0.00E+00 0.00E+00
  B   0.00E+00 0.00E+00 0.00E+00 0.00E+00 0.00E+00 0.00E+00 0.00E+00 0.00E+00
  C   2.05E+04 2.38E+08 8.55E+08 1.59E+03 1.06E-07 0.00E+00 0.00E+00 0.00E+00
  N   6.36E+06 9.83E+09 1.42E+09 3.46E+03 7.78E-11 0.00E+00 0.00E+00 0.00E+00
  O   5.69E+06 1.55E+10 7.45E+07 1.83E+00 4.26E-14 0.00E+00 0.00E+00 0.00E+00
  F   1.02E+03 2.65E+05 1.38E+03 2.84E-07 0.00E+00 0.00E+00 0.00E+00 0.00E+00
  Ne  1.93E+08 3.91E+09 4.78E+05 5.80E-05 0.00E+00 0.00E+00 0.00E+00 0.00E+00
  Na  0.00E+00 0.00E+00 0.00E+00 0.00E+00 0.00E+00 0.00E+00 0.00E+00 0.00E+00
  Mg  3.51E+02 3.74E+07 4.27E+10 1.84E-04 0.00E+00 0.00E+00 0.00E+00 0.00E+00
  Al  0.00E+00 0.00E+00 0.00E+00 0.00E+00 0.00E+00 0.00E+00 0.00E+00 0.00E+00
  Si  0.00E+00 0.00E+00 0.00E+00 0.00E+00 0.00E+00 0.00E+00 0.00E+00 0.00E+00
  P   0.00E+00 0.00E+00 0.00E+00 0.00E+00 0.00E+00 0.00E+00 0.00E+00 0.00E+00
  S   0.00E+00 0.00E+00 0.00E+00 0.00E+00 0.00E+00 0.00E+00 0.00E+00 0.00E+00
  Cl  0.00E+00 0.00E+00 0.00E+00 0.00E+00 0.00E+00 0.00E+00 0.00E+00 0.00E+00
  Ar  0.00E+00 0.00E+00 0.00E+00 0.00E+00 0.00E+00 0.00E+00 0.00E+00 0.00E+00
  K   0.00E+00 0.00E+00 0.00E+00 0.00E+00 0.00E+00 0.00E+00 0.00E+00 0.00E+00
  Ca  1.01E-01 2.80E+04 2.24E+08 5.31E+01 4.87E-10 0.00E+00 0.00E+00 0.00E+00
  Sc  0.00E+00 0.00E+00 0.00E+00 0.00E+00 0.00E+00 0.00E+00 0.00E+00 0.00E+00
  Ti  0.00E+00 0.00E+00 0.00E+00 0.00E+00 0.00E+00 0.00E+00 0.00E+00 0.00E+00
  V   0.00E+00 0.00E+00 0.00E+00 0.00E+00 0.00E+00 0.00E+00 0.00E+00 0.00E+00
  Cr  0.00E+00 0.00E+00 0.00E+00 0.00E+00 0.00E+00 0.00E+00 0.00E+00 0.00E+00
  Mn  0.00E+00 0.00E+00 0.00E+00 0.00E+00 0.00E+00 0.00E+00 0.00E+00 0.00E+00
  Fe  0.00E+00 0.00E+00 0.00E+00 0.00E+00 0.00E+00 0.00E+00 0.00E+00 0.00E+00
  Co  0.00E+00 0.00E+00 0.00E+00 0.00E+00 0.00E+00 0.00E+00 0.00E+00 0.00E+00
  Ni  0.00E+00 0.00E+00 0.00E+00 0.00E+00 0.00E+00 0.00E+00 0.00E+00 0.00E+00
  Cu  0.00E+00 0.00E+00 0.00E+00 0.00E+00 0.00E+00 0.00E+00 0.00E+00 0.00E+00
  Zn  0.00E+00 0.00E+00 0.00E+00 0.00E+00 0.00E+00 0.00E+00 0.00E+00 0.00E+00

 read line list with alam0, alast    10.000  2000.000  0.000E+00  6.972E-06

 ATOMIC LINES        :     23545

 indext,indexn,nfreq           1           1       54810
 nfr,nfgrid       54810       10000
