NATIVE COMPOSITION RESPONSES 46
NATIVE COMPOSITION RESPONSES 46
NATIVE COMPOSITION RESPONSES 46
NATIVE COMPOSITION RESPONSES 46
NATIVE COMPOSITION RESPONSES 46
NATIVE COMPOSITION RESPONSES 46
COMPLETED minus 12 25.375550827999998
NATIVE COMPOSITION RESPONSES 46
NATIVE COMPOSITION RESPONSES 46
NATIVE COMPOSITION RESPONSES 46
NATIVE COMPOSITION RESPONSES 46
NATIVE COMPOSITION RESPONSES 46
NATIVE COMPOSITION RESPONSES 46
COMPLETED undriven 12 26.728788022999993
NATIVE COMPOSITION RESPONSES 46
NATIVE COMPOSITION RESPONSES 46
NATIVE COMPOSITION RESPONSES 46
NATIVE COMPOSITION RESPONSES 46
COMPLETED plus 12 28.434164474
NATIVE COMPOSITION RESPONSES 46
NATIVE COMPOSITION RESPONSES 46
NATIVE COMPOSITION RESPONSES 46
NATIVE COMPOSITION RESPONSES 46
NATIVE COMPOSITION RESPONSES 46
NATIVE COMPOSITION RESPONSES 46
NATIVE COMPOSITION RESPONSES 46
NATIVE COMPOSITION RESPONSES 46
NATIVE COMPOSITION RESPONSES 46
NATIVE COMPOSITION RESPONSES 46
NATIVE COMPOSITION RESPONSES 46
NATIVE COMPOSITION RESPONSES 46
COMPLETED minus 24 44.14343618199999
NATIVE COMPOSITION RESPONSES 46
NATIVE COMPOSITION RESPONSES 46
NATIVE COMPOSITION RESPONSES 46
NATIVE COMPOSITION RESPONSES 46
NATIVE COMPOSITION RESPONSES 46
NATIVE COMPOSITION RESPONSES 46
NATIVE COMPOSITION RESPONSES 46
NATIVE COMPOSITION RESPONSES 46
NATIVE COMPOSITION RESPONSES 46
NATIVE COMPOSITION RESPONSES 46
NATIVE COMPOSITION RESPONSES 46
NATIVE COMPOSITION RESPONSES 46
COMPLETED undriven 24 43.58111825
NATIVE COMPOSITION RESPONSES 46
NATIVE COMPOSITION RESPONSES 46
NATIVE COMPOSITION RESPONSES 46
NATIVE COMPOSITION RESPONSES 46
NATIVE COMPOSITION RESPONSES 46
NATIVE COMPOSITION RESPONSES 46
NATIVE COMPOSITION RESPONSES 46
NATIVE COMPOSITION RESPONSES 46
NATIVE COMPOSITION RESPONSES 46
NATIVE COMPOSITION RESPONSES 46
NATIVE COMPOSITION RESPONSES 46
NATIVE COMPOSITION RESPONSES 46
COMPLETED plus 24 43.77914553100001
NATIVE COMPOSITION RESPONSES 46
NATIVE COMPOSITION RESPONSES 46
NATIVE COMPOSITION RESPONSES 46
NATIVE COMPOSITION RESPONSES 46
NATIVE COMPOSITION RESPONSES 46
NATIVE COMPOSITION RESPONSES 46
NATIVE COMPOSITION RESPONSES 46
NATIVE COMPOSITION RESPONSES 46
NATIVE COMPOSITION RESPONSES 46
NATIVE COMPOSITION RESPONSES 46
NATIVE COMPOSITION RESPONSES 46
NATIVE COMPOSITION RESPONSES 46
NATIVE COMPOSITION RESPONSES 46
NATIVE COMPOSITION RESPONSES 46
NATIVE COMPOSITION RESPONSES 46
NATIVE COMPOSITION RESPONSES 46
NATIVE COMPOSITION RESPONSES 46
NATIVE COMPOSITION RESPONSES 46
NATIVE COMPOSITION RESPONSES 46
NATIVE COMPOSITION RESPONSES 46
NATIVE COMPOSITION RESPONSES 46
NATIVE COMPOSITION RESPONSES 46
NATIVE COMPOSITION RESPONSES 46
NATIVE COMPOSITION RESPONSES 46
COMPLETED minus 48 80.80385909699999
NATIVE COMPOSITION RESPONSES 46
NATIVE COMPOSITION RESPONSES 46
NATIVE COMPOSITION RESPONSES 46
NATIVE COMPOSITION RESPONSES 46
NATIVE COMPOSITION RESPONSES 46
NATIVE COMPOSITION RESPONSES 46
NATIVE COMPOSITION RESPONSES 46
NATIVE COMPOSITION RESPONSES 46
NATIVE COMPOSITION RESPONSES 46
NATIVE COMPOSITION RESPONSES 46
NATIVE COMPOSITION RESPONSES 46
NATIVE COMPOSITION RESPONSES 46
NATIVE COMPOSITION RESPONSES 46
NATIVE COMPOSITION RESPONSES 46
NATIVE COMPOSITION RESPONSES 46
NATIVE COMPOSITION RESPONSES 46
NATIVE COMPOSITION RESPONSES 46
NATIVE COMPOSITION RESPONSES 46
NATIVE COMPOSITION RESPONSES 46
NATIVE COMPOSITION RESPONSES 46
NATIVE COMPOSITION RESPONSES 46
NATIVE COMPOSITION RESPONSES 46
NATIVE COMPOSITION RESPONSES 46
NATIVE COMPOSITION RESPONSES 46
COMPLETED undriven 48 79.48496904299998
NATIVE COMPOSITION RESPONSES 46
NATIVE COMPOSITION RESPONSES 46
NATIVE COMPOSITION RESPONSES 46
NATIVE COMPOSITION RESPONSES 46
NATIVE COMPOSITION RESPONSES 46
NATIVE COMPOSITION RESPONSES 46
NATIVE COMPOSITION RESPONSES 46
NATIVE COMPOSITION RESPONSES 46
NATIVE COMPOSITION RESPONSES 46
NATIVE COMPOSITION RESPONSES 46
NATIVE COMPOSITION RESPONSES 46
NATIVE COMPOSITION RESPONSES 46
NATIVE COMPOSITION RESPONSES 46
NATIVE COMPOSITION RESPONSES 46
NATIVE COMPOSITION RESPONSES 46
NATIVE COMPOSITION RESPONSES 46
NATIVE COMPOSITION RESPONSES 46
NATIVE COMPOSITION RESPONSES 46
NATIVE COMPOSITION RESPONSES 46
NATIVE COMPOSITION RESPONSES 46
NATIVE COMPOSITION RESPONSES 46
NATIVE COMPOSITION RESPONSES 46
NATIVE COMPOSITION RESPONSES 46
NATIVE COMPOSITION RESPONSES 46
COMPLETED plus 48 79.77623772300001
FINAL {"classification": "Counterexample candidate", "completed": true, "passed": false, "comparisons": [{"readout": "temperature", "odd_rms": [1.1327402258189259e-07, 7.66905733872839e-08, 8.648740131095911e-08], "even_rms": [1.1730426376638882e-09, 5.947368163359692e-10, 3.925218000489847e-10], "time_differences": [7.10139198556245e-08, 4.448177949854161e-08], "time_order": 0.6748873390755995, "signal_over_last_difference": 1.944333214317442, "passed": false}, {"readout": "velocity", "odd_rms": [1.2292962156885726e-08, 8.667244907181132e-09, 7.261382852695018e-09], "even_rms": [7.789697298486557e-11, 5.478290214822254e-11, 4.627936183658812e-11], "time_differences": [4.2721906970759245e-09, 1.7750016174505274e-09], "time_order": 1.2671557065470704, "signal_over_last_difference": 4.090916189205899, "passed": false}, {"readout": "scalar", "odd_rms": [1.922754423368328e-06, 1.922754424011536e-06, 1.9227544240395623e-06], "even_rms": [1.0375263970527381e-17, 5.751054295317045e-18, 4.960595794417706e-18], "time_differences": [2.0797805012136954e-14, 4.9437859220310444e-15], "time_order": 2.072743097732396, "signal_over_last_difference": 388923479.7710742, "passed": true}], "total_steps": 126, "native_calls": 22072, "full_dynamic_charge_solved": false, "seconds": 443.45353396300004}
