channel-0-0 PASS import {'logrho': 7.105427357601002e-15, 'logT': 5.329070518200751e-15, 'X_absolute': 3.3306690738754696e-16, 'dm_relative': 5.995204332975845e-15}
TRACE channel-0-0 5735 native calls
channel-0--1 PASS import {'logrho': 7.105427357601002e-15, 'logT': 5.329070518200751e-15, 'X_absolute': 3.3306690738754696e-16, 'dm_relative': 5.995204332975845e-15}
TRACE channel-0--1 5735 native calls
channel-0-1 PASS import {'logrho': 7.105427357601002e-15, 'logT': 5.329070518200751e-15, 'X_absolute': 3.3306690738754696e-16, 'dm_relative': 5.995204332975845e-15}
TRACE channel-0-1 5735 native calls
channel-1-0 PASS import {'logrho': 7.105427357601002e-15, 'logT': 5.329070518200751e-15, 'X_absolute': 3.3306690738754696e-16, 'dm_relative': 5.995204332975845e-15}
TRACE channel-1-0 5735 native calls
channel-1--1 PASS import {'logrho': 7.105427357601002e-15, 'logT': 5.329070518200751e-15, 'X_absolute': 3.3306690738754696e-16, 'dm_relative': 5.995204332975845e-15}
TRACE channel-1--1 5735 native calls
channel-1-1 PASS import {'logrho': 7.105427357601002e-15, 'logT': 5.329070518200751e-15, 'X_absolute': 3.3306690738754696e-16, 'dm_relative': 5.995204332975845e-15}
TRACE channel-1-1 5735 native calls
channel-2-0 PASS import {'logrho': 7.105427357601002e-15, 'logT': 5.329070518200751e-15, 'X_absolute': 3.3306690738754696e-16, 'dm_relative': 5.995204332975845e-15}
TRACE channel-2-0 5735 native calls
channel-2--1 PASS import {'logrho': 7.105427357601002e-15, 'logT': 5.329070518200751e-15, 'X_absolute': 3.3306690738754696e-16, 'dm_relative': 5.995204332975845e-15}
TRACE channel-2--1 5735 native calls
channel-2-1 PASS import {'logrho': 7.105427357601002e-15, 'logT': 5.329070518200751e-15, 'X_absolute': 3.3306690738754696e-16, 'dm_relative': 5.995204332975845e-15}
TRACE channel-2-1 5735 native calls
channel-3-0 PASS import {'logrho': 7.105427357601002e-15, 'logT': 5.329070518200751e-15, 'X_absolute': 3.3306690738754696e-16, 'dm_relative': 5.995204332975845e-15}
TRACE channel-3-0 5735 native calls
channel-3--1 PASS import {'logrho': 7.105427357601002e-15, 'logT': 5.329070518200751e-15, 'X_absolute': 3.3306690738754696e-16, 'dm_relative': 5.995204332975845e-15}
TRACE channel-3--1 5735 native calls
channel-3-1 PASS import {'logrho': 7.105427357601002e-15, 'logT': 5.329070518200751e-15, 'X_absolute': 3.3306690738754696e-16, 'dm_relative': 5.995204332975845e-15}
TRACE channel-3-1 5735 native calls
channel-4-0 PASS import {'logrho': 7.105427357601002e-15, 'logT': 5.329070518200751e-15, 'X_absolute': 3.3306690738754696e-16, 'dm_relative': 5.995204332975845e-15}
TRACE channel-4-0 5735 native calls
channel-4--1 PASS import {'logrho': 7.105427357601002e-15, 'logT': 5.329070518200751e-15, 'X_absolute': 3.3306690738754696e-16, 'dm_relative': 5.995204332975845e-15}
TRACE channel-4--1 5735 native calls
channel-4-1 PASS import {'logrho': 7.105427357601002e-15, 'logT': 5.329070518200751e-15, 'X_absolute': 3.3306690738754696e-16, 'dm_relative': 5.995204332975845e-15}
TRACE channel-4-1 5735 native calls
CHANNEL ANALYSIS [{'reaction': 'r_f18_wk_o18', 'worst_active_cell': 1984, 'max_active_score': 0.0, 'at_2097': {'f': 0.0, 'reported_dlnT': 0.0, 'finite_dlnT': 0.0}}, {'reaction': 'r_o18_pa_n15', 'worst_active_cell': 1984, 'max_active_score': 1.5561157495245612e-07, 'at_2097': {'f': -2.6622174878153264e-22, 'reported_dlnT': -5.2035502965720225e-21, 'finite_dlnT': -5.203551171306507e-21}}, {'reaction': 'r_o18_pg_f19', 'worst_active_cell': 2634, 'max_active_score': 1.4193682569866678e-10, 'at_2097': {'f': -2.181293648760285e-25, 'reported_dlnT': -4.159431144115311e-24, 'finite_dlnT': -4.159423197173336e-24}}, {'reaction': 'r_n15_ap_o18', 'worst_active_cell': 1984, 'max_active_score': 0.0, 'at_2097': {'f': 0.0, 'reported_dlnT': 0.0, 'finite_dlnT': 0.0}}, {'reaction': 'r_f19_gp_o18', 'worst_active_cell': 1984, 'max_active_score': 0.0, 'at_2097': {'f': 0.0, 'reported_dlnT': 0.0, 'finite_dlnT': 0.0}}]
