Tempo 2 parfile : 0337+1715.par-nofit-DE430 
Time of reference, treference + timeshift : 5.6492297192640595000e+04 
Time of reference for position in the sky, posepoch + timeshift : 5.7205000000000000000e+04 
geometric 1 
kopeikin 1 
shklovskii 1 
roemer 1 
einstein 1 
shapiro 1 
aberration 1 
truefreq 1 
Special case '' 
integrator 3 
interpsteps_per_period_i 250 
interp_margin 1.000000 
Tolerance level of integrator, tolint :  9.9999999999999999998e-17 
Timeshift applied to times internally, timeshift :  5.6492297192640595000e+04 
Parameter set (0 : Pi and Po fitted ; 1 : masspar_p and mo fitted) : 6 

*** Fittable parameters ***
0 : spinfreq 3.1618368394753872748e+07 9.8257359729798530575e-07 fitted 
1 : spinfreq1 -1.7589889709800877321e-05 8.1452430106243049067e-10 fitted 
2 : eta_p 6.9373227475173604457e-04 4.0333275586587176788e-08 fitted 
3 : apsini_i 3.6500559604286681511e+08 1.6407384169242742900e+01 fitted 
4 : kappa_p -8.5950920080896147417e-05 3.6177383169681478065e-08 fitted 
5 : apcosi_i 4.4677863775599926896e+08 1.0240000000000000000e-01 
6 : tasc_p -5.7513824374291314001e+02 1.9313439835412981293e-06 fitted 
7 : period_i 1.6293990080893948078e+00 4.1514238445078529575e-09 fitted 
8 : eta_b 3.5114692182346233235e-02 2.7484641916039686486e-09 fitted 
9 : absini_o 2.2386205691099500893e+10 6.7801346762809430402e+01 fitted 
10 : kappa_b -3.5249206779379460556e-03 1.8189128636756314390e-09 fitted 
11 : abcosi_o 2.7403344831690290138e+10 1.0733840346973938867e+07 fitted 
12 : tasc_b -2.6210186433770934045e+02 7.7824662135735308454e-07 fitted 
13 : period_o 3.2725512703377645876e+02 1.0240462633095721834e-06 fitted 
14 : masspar_p 1.3738656682173271185e-01 1.2299300965761498852e-05 fitted 
15 : masspar_i 6.2012745379899209111e-01 2.9802322387695312499e-11 
16 : mass_o 4.1010270686976495376e-01 3.8146972656250000000e-10 
17 : oman 2.5854270241172372833e+00 2.8454058780736500578e-02 fitted 
18 : deltaoman 3.2054005556392820438e-06 2.2314187264115113599e-06 fitted 
19 : dphase0 0.0000000000000000000e+00 4.8828125000000000000e-04 
20 : SEP_D 0.0000000000000000000e+00 1.0000000000000000001e-06 
21 : SEP_gamma 0.0000000000000000000e+00 5.0000000000000000000e+00 
22 : SEP_beta_0pp 0.0000000000000000000e+00 5.0000000000000000000e+00 
23 : SEP_beta_p00 0.0000000000000000000e+00 5.0000000000000000000e+00 
24 : SEP_beta_0p0 0.0000000000000000000e+00 5.0000000000000000000e+00 
25 : right_ascension 9.5002830965254775238e-01 4.7097840234588552804e-10 fitted 
26 : declination 3.0114113341410457043e-01 1.7497668831954338669e-09 fitted 
27 : distance 3.6230178158676339026e+03 1.6823646814729642074e+02 
28 : right_ascension1 5.9696739887676755331e+00 7.5433108331236703448e-02 fitted 
29 : declination1 -4.7969707422129307132e+00 2.7581694934101436134e-01 fitted 
30 : distance1 5.6196096553728443188e+00 2.9357394845786927151e-01 
31 : dispmeasure 2.1316462621823222408e+01 1.1888161292722575408e-04 
32 : dispmeasure1 1.6823753778655843590e-05 2.0071307261441799236e-05 
33 : quadrupole1 0.0000000000000000000e+00 1.0000000000000000000e-04 
34 : efac 1.1225367227659222465e+00 7.5158115185683686474e-03 
35 : delta_i 1.9526700790789814101e-03 2.2718547664361318089e-03 fitted 
36 : eta_extra1 6.5969370985900419350e-02 1.0000000000000000000e+00 fitted 
37 : kappa_extra1 2.3954379344912221409e-01 1.0000000000000000000e+00 fitted 
38 : asini_extra1 1.5519468731269884925e+03 1.0000000000000000000e+00 fitted 
39 : acosi_extra1 -3.2365719752131057507e+03 1.0000000000000000000e+00 fitted 
40 : tasc_extra1 -1.0156501272408706757e+05 1.0000000000000000000e+00 fitted 
41 : P_extra1 3.0797216248038239261e+03 1.0000000000000000000e+00 fitted 
42 : oman_extra1 1.5628370976409940035e+00 1.0000000000000000000e+00 fitted 

Number of fitted parameters : 28 

   DMX ranges : 0 

*** Derived parameters ***
Mp 0.0000000000000000000e+00 
Mi 0.0000000000000000000e+00 
ei 0.0000000000000000000e+00 
eo 0.0000000000000000000e+00 
omp 0.0000000000000000000e+00 
omB 0.0000000000000000000e+00 
tperii 0.0000000000000000000e+00 
tperio 0.0000000000000000000e+00 
ap 0.0000000000000000000e+00 
aB 0.0000000000000000000e+00 
anglii 0.0000000000000000000e+00 
anglio 0.0000000000000000000e+00 
DopplerF 1.0000000000000000000e+00 

*** Derived parameters for 1 extra bodies ***
a_extra1 0.0000000000000000000e+00 
angli_extra1 0.0000000000000000000e+00 
e_extra1 0.0000000000000000000e+00 
om_extra1 0.0000000000000000000e+00 
tperi_extra1 0.0000000000000000000e+00 
M_extra1 0.0000000000000000000e+00 



 *** Writing the sorted tim file in 0337_20211005-sorted-sun5deg-res25microsec-58631_58780_clipped.tim-sorted ***

[tabulatedfunction.C:78] Warning: Error parsing file /home/lpaiu/work/nutimo_pilot/install/third_party/tempo2/clock/ncyobs2obspm.clk: Entry 3815 out of order 50822.572920 < 508[tabulatedfunction.C:78] Warning: Error parsing file /home/lpaiu/work/nutimo_pilot/install/third_party/tempo2/clock/ncyobs2obspm.clk: Entry 4335 out of order 51112.572920 < 511[tempo2Util.C:397] [TROP2] Assume standard atmospheric pressure (no data) for site ncyobs at MJD 56492.3
[tempo2Util.C:397] [TROP1] Assume zero zenith wet delay (no data) for site ncyobs  at MJD 56492.3
[tempo2Util.C:401] Warning: [DUP1] duplicated warnings have been suppressed.


 Out of Reconstruct_noCompute ! 

 WARNING : Bad combination of quadrupole and integrator type !
 Computing and allocating the BAT interpolation grid ... 

********** Par file ***************
Tempo 2 parfile : 0337+1715.par-nofit-DE430 
Time of reference, treference + timeshift : 5.6492297192640595000e+04 
Time of reference for position in the sky, posepoch + timeshift : 5.7205000000000000000e+04 
geometric 1 
kopeikin 1 
shklovskii 1 
roemer 1 
einstein 1 
shapiro 1 
aberration 1 
truefreq 1 
Special case '' 
integrator 3 
interpsteps_per_period_i 250 
interp_margin 1.000000 
Tolerance level of integrator, tolint :  9.9999999999999999998e-17 
Timeshift applied to times internally, timeshift :  5.6492297192640595000e+04 
Parameter set (0 : Pi and Po fitted ; 1 : masspar_p and mo fitted) : 6 

*** Fittable parameters ***
0 : spinfreq 3.1618368394753872748e+07 9.8257359729798530575e-07 fitted 
1 : spinfreq1 -1.7589889709800877321e-05 8.1452430106243049067e-10 fitted 
2 : eta_p 6.9373227475173604457e-04 4.0333275586587176788e-08 fitted 
3 : apsini_i 3.6500559604286681511e+08 1.6407384169242742900e+01 fitted 
4 : kappa_p -8.5950920080896147417e-05 3.6177383169681478065e-08 fitted 
5 : apcosi_i 4.4677863775599926896e+08 1.0240000000000000000e-01 
6 : tasc_p -5.7513824374291314001e+02 1.9313439835412981293e-06 fitted 
7 : period_i 1.6293990080893948078e+00 4.1514238445078529575e-09 fitted 
8 : eta_b 3.5114692182346233235e-02 2.7484641916039686486e-09 fitted 
9 : absini_o 2.2386205691099500893e+10 6.7801346762809430402e+01 fitted 
10 : kappa_b -3.5249206779379460556e-03 1.8189128636756314390e-09 fitted 
11 : abcosi_o 2.7403344831690290138e+10 1.0733840346973938867e+07 fitted 
12 : tasc_b -2.6210186433770934045e+02 7.7824662135735308454e-07 fitted 
13 : period_o 3.2725512703377645876e+02 1.0240462633095721834e-06 fitted 
14 : masspar_p 1.3738656682173271185e-01 1.2299300965761498852e-05 fitted 
15 : masspar_i 6.2012745379899209111e-01 2.9802322387695312499e-11 
16 : mass_o 4.1010270686976495376e-01 3.8146972656250000000e-10 
17 : oman 2.5854270241172372833e+00 2.8454058780736500578e-02 fitted 
18 : deltaoman 3.2054005556392820438e-06 2.2314187264115113599e-06 fitted 
19 : dphase0 0.0000000000000000000e+00 4.8828125000000000000e-04 
20 : SEP_D 0.0000000000000000000e+00 1.0000000000000000001e-06 
21 : SEP_gamma 0.0000000000000000000e+00 5.0000000000000000000e+00 
22 : SEP_beta_0pp 0.0000000000000000000e+00 5.0000000000000000000e+00 
23 : SEP_beta_p00 0.0000000000000000000e+00 5.0000000000000000000e+00 
24 : SEP_beta_0p0 0.0000000000000000000e+00 5.0000000000000000000e+00 
25 : right_ascension 9.5002830965254775238e-01 4.7097840234588552804e-10 fitted 
26 : declination 3.0114113341410457043e-01 1.7497668831954338669e-09 fitted 
27 : distance 3.6230178158676339026e+03 1.6823646814729642074e+02 
28 : right_ascension1 5.9696739887676755331e+00 7.5433108331236703448e-02 fitted 
29 : declination1 -4.7969707422129307132e+00 2.7581694934101436134e-01 fitted 
30 : distance1 5.6196096553728443188e+00 2.9357394845786927151e-01 
31 : dispmeasure 2.1316462621823222408e+01 1.1888161292722575408e-04 
32 : dispmeasure1 1.6823753778655843590e-05 2.0071307261441799236e-05 
33 : quadrupole1 0.0000000000000000000e+00 1.0000000000000000000e-04 
34 : efac 1.1225367227659222465e+00 7.5158115185683686474e-03 
35 : delta_i 1.9526700790789814101e-03 2.2718547664361318089e-03 fitted 
36 : eta_extra1 6.5969370985900419350e-02 1.0000000000000000000e+00 fitted 
37 : kappa_extra1 2.3954379344912221409e-01 1.0000000000000000000e+00 fitted 
38 : asini_extra1 1.5519468731269884925e+03 1.0000000000000000000e+00 fitted 
39 : acosi_extra1 -3.2365719752131057507e+03 1.0000000000000000000e+00 fitted 
40 : tasc_extra1 -1.0156501272408706757e+05 1.0000000000000000000e+00 fitted 
41 : P_extra1 3.0797216248038239261e+03 1.0000000000000000000e+00 fitted 
42 : oman_extra1 1.5628370976409940035e+00 1.0000000000000000000e+00 fitted 

Number of fitted parameters : 28 

   DMX ranges : 0 

*** Derived parameters ***
Mp 1.4378144084716032246e+00 
Mi 1.9753638530673400857e-01 
ei 6.9903650097471361187e-04 
eo 3.5291169899093486660e-02 
omp 1.6940645365402494338e+00 
omB 1.6708442442134205787e+00 
tperii -5.7469892722739926649e+02 
tperio -1.7507715972348830241e+02 
ap 5.7692307658622469625e+08 
aB 3.5384820378359173160e+10 
anglii 6.8500433271014245251e-01 
anglio 6.8497025218805734621e-01 
DopplerF 1.0000000000000000000e+00 
quadrupole0 (kg.m^2) 0.0000000000000000000e+00 

*** Derived parameters for 1 extra bodies ***
a_extra1 3.5894201826678778711e+03 
angli_extra1 2.6944764640093392593e+00 
e_extra1 2.4846164067773336394e-01 
om_extra1 2.6873420922470216346e-01 
tperi_extra1 -1.0143329186674928235e+05 
M_extra1 9.3328998767391432806e-09 


********** Data ***************
Number of toas, ntoas : 12474 
Range of toas, toas[ntoas-1] - toas[0] : 2.9878605410257766657e+03 
First toa, toas[0] + timeshift :  5.6492303490220457434e+04 
Last toa, toas[ntoas-1] + timeshift :  5.9480164031246234099e+04 

********** Interpolation ***************
dt_interp 6.5175960323575792311e-03 
ninterp 458937 
treference_in_interp 253 
First interpolation time : -1.6489517961864675455e+00 
Last interpolation time :  2.9895105009098715145e+03 

********** Others ***************
spinfreq 3.1618370561401445391e+07 
spinfreq1  -1.7157552849526477829e-05 
delaymax 1.1106987423423081558e-02 

********** Integrateur ***************
Tolerance level of integrator, tolint :  9.9999999999999999998e-17 
Mass scale, mass :  1.9884754153381438001e+30 
Length scale, length :  7.2598098929865264587e+10 
Time scale (sec), timescale :  2.0802912962928924088e+06 
Time scale (days), timedays :  2.4077445558945513991e+01 
Integration starting time, t0 :  0.0000000000000000000e+00 
Starting step, dt0  5.4138600512263155666e-05 
ntneg  254 
int_M0  1.4378144084716032246e+00 
int_M1  1.9753638530673400857e-01 
int_M2  4.1010270686976495376e-01 
Number of integration stops, n  458937 
roemer_second_order  -1 

 Initial state vector (at time t0) : 
-2.8892294581966355692e-01
-2.9780130011129933581e-01
2.9269271901249679273e-01
-3.2006212320542062113e-01
-2.5330339100060115444e-01
2.5554180152378401216e-01
1.1671258704378082409e+00
1.1660971059497021235e+00
-1.1492646255926133624e+00
-2.3649925453424856881e-01
4.7239648346954923831e+00
-7.0752673226851891465e+00
8.2541656581726713789e-01
1.3115619817681873118e-01
-1.9072290601804804927e-01
-4.5376459074361007429e+00
-1.7916586712153851236e+00
2.0086772393376656212e+00
-7.0822662475138770490e-01
4.0316605889820974879e-01
-2.9885850138233145692e-01
3.4559620738625317549e-01
-5.0714283610844247961e-01
-2.4807493652791050149e-01


********** Tempo 2 ***************

*** Infos from tempo2 
('datafile : ', '0337_20211005-sorted-sun5deg-res25microsec-58631_58780_clipped.tim')
PREFLIGHT {'label': 'nonlinear_plus', 'tolerance': '1e-16', 'mesh': 250, 'errtoe_days': '1e-14', 'source_sha256': '2b9193284cbb129b662def8a0917052d8b507257227caddc07487900cc3e79ac', 'compute_sha256': '17f6124bb2bdd2afd04c42a66ee245d899cc8fc8b96750fffaa67c49fe644e72', 'library_sha256': 'a73af713afb1cdba35c6948dcf6ecdcc4a38898ff85a1cc1749381bb512ed67a', 'interface_sha256': '88879ea56c3959f68c871e4d40ec332294e593f515a90a5ed1364a109567c982', 'par_sha256': '3e5717ba2cb044ab04ab8ad99f089cdd8a59d4c0034f29b0d97f3b37b75d9787', 'tim_sha256': 'ea41f164d5f945c39ecbcf6415bf8d8aba5521b9f77b3fc5380234741591200d', 'baseline_seconds': 42.97488513999997, 'archived_max_difference_us': 0.0}
ITER {'iteration': 0, 'evaluations': 2, 'accepted': True, 'trust': 15.0, 'deviance': np.float64(112234.64424803985), 'sigma': np.float64(53.57347738414215), 'red_amplitude_us': np.float64(1190.9227879924842), 'gamma': np.float64(2.390774826416669), 'noise_success': True, 'proposal_success': True, 'eccentricity_extra': 0.3412448847688643, 'maximum_step': 10.0, 'scaled_parameters': [-10.0, -10.0, 9.999999999926693, 9.999999999875996, -9.999999999840819, -9.99999999983091, -8.53310203249792, -10.0, 10.0, -9.999999999908091, -9.338556119119392, 9.807636529730415, -10.0, 10.0, -10.0, -10.0, -9.999999999963643, -9.999999999814976, 9.999999999771767, -10.0, 10.0, -10.0, 10.0, -10.0, -10.0, -10.0, -10.0, -10.0]}
ITER {'iteration': 1, 'evaluations': 3, 'accepted': True, 'trust': 22.5, 'deviance': np.float64(97334.20458020821), 'sigma': np.float64(29.368676686257963), 'red_amplitude_us': np.float64(7355.938103300344), 'gamma': np.float64(3.6784753303211843), 'noise_success': True, 'proposal_success': True, 'eccentricity_extra': 0.5229917763404973, 'maximum_step': 15.0, 'scaled_parameters': [-24.99999999998535, -24.999999999994838, 24.999999999926693, 24.999999999875996, -24.999999999840817, -24.999999999830912, 6.466897967498589, -22.615545481656106, 0.5864643167356309, -24.99999999990809, -24.338556119112248, 24.14813045841943, -24.999999999990578, 24.999999999989633, -24.999999999993186, -24.301977193570625, -24.999999999962988, -24.999999999814975, 24.999999999771767, -24.999999999993044, 24.999999999991186, -24.99999999999512, 24.999999999992312, 4.999999999998229, -24.999999999995293, -24.99999999999757, -24.999999999995488, -24.999999999990365]}
/home/lpaiu/work/nutimo_pilot/request13_deps/scipy/optimize/_slsqp_py.py:435: RuntimeWarning: Values in x were outside bounds during a minimize step, clipping to bounds
  fx = wrapped_fun(x)
ITER {'iteration': 2, 'evaluations': 4, 'accepted': True, 'trust': 33.75, 'deviance': np.float64(45689.89708692045), 'sigma': np.float64(3.6671892587691803), 'red_amplitude_us': np.float64(10931.737110921624), 'gamma': np.float64(3.917263669734276), 'noise_success': True, 'proposal_success': True, 'eccentricity_extra': 0.26769741876117426, 'maximum_step': 22.5, 'scaled_parameters': [-2.499999999985363, -2.4999999999948557, 47.499999999926644, 47.49999999987597, -47.499999999840796, -47.49999999983089, 6.457785051474151, -34.28530106778917, -9.054876379213276, -4.532833273369448, -23.6026414279084, 21.80504930918462, -8.11544556209223, 2.499999999989644, -47.49999999999317, -20.845035676457076, -47.49999999996295, -47.49999999981496, 40.357560343411606, -47.49999999999298, 47.49999999999119, -2.4999999999951186, 2.499999999992312, -17.41839201819012, -4.185782441126072, -2.4999999999975877, -2.4999999999954916, -2.499999999990365]}
ITER {'iteration': 3, 'evaluations': 6, 'accepted': True, 'trust': 50.625, 'deviance': np.float64(43973.41273333666), 'sigma': np.float64(3.425865624930615), 'red_amplitude_us': np.float64(10212.361497168618), 'gamma': np.float64(4.039508694325867), 'noise_success': True, 'proposal_success': True, 'eccentricity_extra': 0.43961507726606763, 'maximum_step': 33.75, 'scaled_parameters': [14.375000000014303, 10.863565226611078, 64.37499999992664, 64.37499999987597, -64.3749999998408, -64.37499999983089, 4.686520707120582, -23.644056515676, -6.014003754948845, -11.555400933436859, -18.61373491863815, 17.689747253643215, -11.578479272925925, 4.782970374674614, -53.41747839074818, -17.74233068636943, -64.37499999996295, -49.442795184644154, 23.482560343411606, -64.37499999999298, 36.005193242970584, -17.675907659696424, 18.588194306697577, -0.5433920181904455, -20.42366986241097, -17.41249431989109, -17.12175408364471, -19.374999999989885]}
ITER {'iteration': 4, 'evaluations': 8, 'accepted': True, 'trust': 75.9375, 'deviance': np.float64(38755.3190913026), 'sigma': np.float64(2.781935549380321), 'red_amplitude_us': np.float64(8292.832995360586), 'gamma': np.float64(4.198652292355866), 'noise_success': True, 'proposal_success': True, 'eccentricity_extra': 0.38031085113350305, 'maximum_step': 50.625, 'scaled_parameters': [8.740565357311432, 5.938061877938698, 88.97384885219547, 89.68749999987597, -89.6874999998408, -89.68749999983089, 2.842852207946505, -15.106208887842365, -4.1602438317424175, -6.623361641230539, -12.454168230684553, 12.491234952985984, -7.527092134832334, 4.3659837433422535, -49.95481673330256, -13.220566849002482, -74.00705278726454, -46.299953647345774, 4.355298595382617, -81.25734316557433, 21.696502440623522, -12.925802434469318, 13.546405959654415, -5.54452059192546, -15.385739579209378, -12.715793509951958, -12.526831386416621, -14.143159708919374]}
ITER {'iteration': 5, 'evaluations': 9, 'accepted': True, 'trust': 100.0, 'deviance': np.float64(30462.847398044218), 'sigma': np.float64(1.9991951677522188), 'red_amplitude_us': np.float64(3819.096785394568), 'gamma': np.float64(4.173737050779689), 'noise_success': True, 'proposal_success': True, 'eccentricity_extra': 0.35846139185031617, 'maximum_step': 60.02171796745246, 'scaled_parameters': [4.901817081977812, 2.693902548375122, 86.05362073563774, 106.15250938451484, -137.91728064421181, -149.70921796728334, 0.3926200799244852, 2.890082885147704, -0.6188223393303045, 0.5886940560803451, -3.274886426204308, 4.6385979267282105, -7.735986081274715, 4.603099830990186, -47.119345591836534, -5.81633347010261, -70.13591898546731, -27.557163264542083, -20.463415798699852, -85.62570543007647, -17.6428300963487, -11.13602688334548, 11.603212789519322, -7.418029297672295, -13.308411522689173, -10.997256178456752, -10.839113014261095, -11.888797782132574]}
ITER {'iteration': 6, 'evaluations': 10, 'accepted': True, 'trust': 100.0, 'deviance': np.float64(20775.404014584346), 'sigma': np.float64(1.3532104395836182), 'red_amplitude_us': np.float64(3713.0336988508525), 'gamma': np.float64(4.136822172706782), 'noise_success': True, 'proposal_success': True, 'eccentricity_extra': 0.37081025931803074, 'maximum_step': 14.20795827837864, 'scaled_parameters': [5.492940703196393, 3.1248333538557507, 77.55643712672017, 91.9445511061362, -134.70839844930256, -148.336664296018, -0.06779269919984698, 6.334540084084778, 0.18347862416461647, 1.5096669283187996, 0.5845830338280384, 0.42247037321435954, -4.792193731076225, 4.697958873014395, -45.89997732857223, -1.3563091551008633, -64.7398143366727, -24.23404656945672, -16.605830589155513, -79.71414176959954, -14.666516460850152, -12.169722158847827, 12.705497234629334, -6.321097147176561, -14.506384857566768, -11.978778460695578, -11.808452739405919, -13.044400751963256]}
ITER {'iteration': 7, 'evaluations': 11, 'accepted': True, 'trust': 100.0, 'deviance': np.float64(16313.906874089782), 'sigma': np.float64(1.1309833675320207), 'red_amplitude_us': np.float64(3371.4139026559274), 'gamma': np.float64(4.109679853530015), 'noise_success': True, 'proposal_success': True, 'eccentricity_extra': 0.3809929543031693, 'maximum_step': 10.826480894172603, 'scaled_parameters': [6.517989374407001, 3.9672713945008207, 74.0980801201978, 81.1180702119636, -132.77338623239993, -147.11778823387954, -0.07297140962383884, 4.831891837440757, 0.20433539023670202, 1.3597417206939675, 1.2726795008695737, -0.3797064870299275, -2.3367738448484743, 4.772137033006157, -45.72863611200123, -0.509705227868781, -63.0505140124638, -22.714339426895073, -15.625271377921715, -76.36421102279886, -9.687336274114365, -13.000064618799527, 13.602993702819756, -5.4467145216133455, -15.495143586881024, -12.765081061685725, -12.580179227778748, -13.992528725904842]}
ITER {'iteration': 8, 'evaluations': 12, 'accepted': True, 'trust': 100.0, 'deviance': np.float64(16272.512460584516), 'sigma': np.float64(1.1290727839072063), 'red_amplitude_us': np.float64(3365.7185331396263), 'gamma': np.float64(4.104409658211959), 'noise_success': True, 'proposal_success': True, 'eccentricity_extra': 0.3858554051850278, 'maximum_step': 5.003902546808778, 'scaled_parameters': [7.102259554034206, 4.4560071451805126, 73.24414616276056, 76.11416766515482, -131.86209351780607, -146.3745518405206, -0.07503719569807442, 4.05265880300818, 0.13498469959645154, 1.1119602918181297, 1.276606945630775, -0.42949157066696003, -1.168679077853994, 4.817818355258867, -45.818673986093664, -0.43652625258362504, -62.774095988088874, -22.756621303813056, -14.975474450818758, -75.20059640216444, -7.641434632944694, -13.391565732661912, 14.02820822926538, -5.039983352267671, -15.965881919666376, -13.134757555875856, -12.94266805600658, -14.448179183467731]}
ITER {'iteration': 9, 'evaluations': 13, 'accepted': True, 'trust': 100.0, 'deviance': np.float64(16270.955326429003), 'sigma': np.float64(1.1289878135138456), 'red_amplitude_us': np.float64(3365.4652399668753), 'gamma': np.float64(4.102261567157565), 'noise_success': True, 'proposal_success': True, 'eccentricity_extra': 0.3882048105961745, 'maximum_step': 2.4121365122288503, 'scaled_parameters': [7.401054022366264, 4.7068153750747115, 73.02096190157488, 73.70203115292597, -131.63272342476003, -146.24477872703014, -0.07422777860577139, 3.7690115880091613, 0.11041909166517744, 0.9926013330585446, 1.2602573442418823, -0.4252646703067425, -0.585951470176414, 4.841382126484599, -45.88752358189787, -0.4370555471944215, -62.725540106317325, -22.80799173427373, -14.801129630957705, -74.76261851933721, -6.976550418006985, -13.579459247844643, 14.232976339074144, -4.846754073656548, -16.193524739843998, -13.311787559118594, -13.116066956652203, -14.667624346027877]}
ITER {'iteration': 10, 'evaluations': 14, 'accepted': True, 'trust': 100.0, 'deviance': np.float64(16270.589789170652), 'sigma': np.float64(1.1289703525144825), 'red_amplitude_us': np.float64(3365.4131894613624), 'gamma': np.float64(4.102125398398721), 'noise_success': True, 'proposal_success': True, 'eccentricity_extra': 0.3881324212237424, 'maximum_step': 0.09075436696918603, 'scaled_parameters': [7.398837920669138, 4.70537320547623, 73.07697604019683, 73.79278551989515, -131.58886652854778, -146.17342817336504, -0.07510145834704351, 3.764376577010736, 0.10753681762614996, 0.9806789493470172, 1.2565010025861338, -0.4218145905506311, -0.6101292300989019, 4.840122654099044, -45.89755123271744, -0.4413605669955667, -62.761284130257295, -22.854032171393133, -14.796856066909973, -74.79656869610024, -6.937919041134145, -13.57358246959526, 14.226691664388678, -4.852966098473874, -16.186574925970707, -13.306247662424283, -13.110603858329121, -14.661314440026826]}
ITER {'iteration': 11, 'evaluations': 18, 'accepted': False, 'trust': 25.0, 'deviance': np.float64(16270.589789170652), 'sigma': np.float64(1.1289703525144825), 'red_amplitude_us': np.float64(3365.4131894613624), 'gamma': np.float64(4.102125398398721), 'noise_success': True, 'proposal_success': True, 'eccentricity_extra': 0.3881324212237424, 'maximum_step': 0.17183494487720136, 'scaled_parameters': [7.398837920669138, 4.70537320547623, 73.07697604019683, 73.79278551989515, -131.58886652854778, -146.17342817336504, -0.07510145834704351, 3.764376577010736, 0.10753681762614996, 0.9806789493470172, 1.2565010025861338, -0.4218145905506311, -0.6101292300989019, 4.840122654099044, -45.89755123271744, -0.4413605669955667, -62.761284130257295, -22.854032171393133, -14.796856066909973, -74.79656869610024, -6.937919041134145, -13.57358246959526, 14.226691664388678, -4.852966098473874, -16.186574925970707, -13.306247662424283, -13.110603858329121, -14.661314440026826]}
ITER {'iteration': 12, 'evaluations': 22, 'accepted': False, 'trust': 6.25, 'deviance': np.float64(16270.589789170652), 'sigma': np.float64(1.1289703525144825), 'red_amplitude_us': np.float64(3365.4131894613624), 'gamma': np.float64(4.102125398398721), 'noise_success': True, 'proposal_success': True, 'eccentricity_extra': 0.3881324212237424, 'maximum_step': 0.17183494487720136, 'scaled_parameters': [7.398837920669138, 4.70537320547623, 73.07697604019683, 73.79278551989515, -131.58886652854778, -146.17342817336504, -0.07510145834704351, 3.764376577010736, 0.10753681762614996, 0.9806789493470172, 1.2565010025861338, -0.4218145905506311, -0.6101292300989019, 4.840122654099044, -45.89755123271744, -0.4413605669955667, -62.761284130257295, -22.854032171393133, -14.796856066909973, -74.79656869610024, -6.937919041134145, -13.57358246959526, 14.226691664388678, -4.852966098473874, -16.186574925970707, -13.306247662424283, -13.110603858329121, -14.661314440026826]}
ITER {'iteration': 13, 'evaluations': 26, 'accepted': False, 'trust': 1.5625, 'deviance': np.float64(16270.589789170652), 'sigma': np.float64(1.1289703525144825), 'red_amplitude_us': np.float64(3365.4131894613624), 'gamma': np.float64(4.102125398398721), 'noise_success': True, 'proposal_success': True, 'eccentricity_extra': 0.3881324212237424, 'maximum_step': 0.17182449403699723, 'scaled_parameters': [7.398837920669138, 4.70537320547623, 73.07697604019683, 73.79278551989515, -131.58886652854778, -146.17342817336504, -0.07510145834704351, 3.764376577010736, 0.10753681762614996, 0.9806789493470172, 1.2565010025861338, -0.4218145905506311, -0.6101292300989019, 4.840122654099044, -45.89755123271744, -0.4413605669955667, -62.761284130257295, -22.854032171393133, -14.796856066909973, -74.79656869610024, -6.937919041134145, -13.57358246959526, 14.226691664388678, -4.852966098473874, -16.186574925970707, -13.306247662424283, -13.110603858329121, -14.661314440026826]}
DONE plus uncertified stationary point
 Tempo vector Earth-> pulsar : 0.5554845674 0.7768264261 0.2966101804 : 
 Tempo velocity pulsar : -0.0000019530 0.0000022445 -0.0000022210 : 
 Tempo nobs : 12474 
 Tempo : max shklovskii : 0.0000000000 : 
 Tempo : ecliptic coordinates : 0 
 Tempo : POSEPOCH : 5.7205000000000000000e+04
 Tempo : psr[p].param[param_px].val[0] : 0.9002339877 
 Tempo : psr[p].param[param_pmrv].paramSet[0] : 0 
 Tempo : psr[p].t2cMethod - T2C_IAU2000B : 0 
 Tempo : Any psr[0].obsn[i].delayCorr = 0 ?  (not good !!) (0 if yes) : 1.000000e+00 
 Tempo : strcmp(psr[p].obsn[i].telID,'STL_FBAT') = 0 ?  (0 pas bien !) (0 if yes): 1.000000e+00 
 Tempo : psr[0].obsn[i].telID : ncyobs
 Tempo : psr[p].nTelDX (0 bien) : 0
 Tempo : psr[p].nTelDY (0 bien) : 0
 Tempo : psr[p].nTelDZ (0 bien) : 0
 Tempo : JPL ephemeris file : /home/lpaiu/work/nutimo_pilot/install/third_party/tempo2/ephemeris/DE430.1950.2050 
 Tempo : DM : 2.1316462622e+01 
 Tempo : DM1 : 1.6823753779e-05 

 WARNING : Bad combination of quadrupole and integrator type !

 WARNING : Bad combination of quadrupole and integrator type !

 WARNING : Bad combination of quadrupole and integrator type !

 WARNING : Bad combination of quadrupole and integrator type !

 WARNING : Bad combination of quadrupole and integrator type !

 WARNING : Bad combination of quadrupole and integrator type !

 WARNING : Bad combination of quadrupole and integrator type !

 WARNING : Bad combination of quadrupole and integrator type !

 WARNING : Bad combination of quadrupole and integrator type !
