Tempo 2 parfile : 0337+1715.par-nofit-DE430 
Time of reference, treference + timeshift : 5.6492297192640595000e+04 
Time of reference for position in the sky, posepoch + timeshift : 5.7205000000000000000e+04 
geometric 1 
kopeikin 1 
shklovskii 1 
roemer 1 
einstein 1 
shapiro 1 
aberration 1 
truefreq 1 
Special case '' 
integrator 3 
interpsteps_per_period_i 250 
interp_margin 1.000000 
Tolerance level of integrator, tolint :  9.9999999999999999998e-17 
Timeshift applied to times internally, timeshift :  5.6492297192640595000e+04 
Parameter set (0 : Pi and Po fitted ; 1 : masspar_p and mo fitted) : 6 

*** Fittable parameters ***
0 : spinfreq 3.1618368394753872748e+07 9.8257359729798530575e-07 fitted 
1 : spinfreq1 -1.7589889709800877321e-05 8.1452430106243049067e-10 fitted 
2 : eta_p 6.9373227475173604457e-04 4.0333275586587176788e-08 fitted 
3 : apsini_i 3.6500559604286681511e+08 1.6407384169242742900e+01 fitted 
4 : kappa_p -8.5950920080896147417e-05 3.6177383169681478065e-08 fitted 
5 : apcosi_i 4.4677863775599926896e+08 1.0240000000000000000e-01 
6 : tasc_p -5.7513824374291314001e+02 1.9313439835412981293e-06 fitted 
7 : period_i 1.6293990080893948078e+00 4.1514238445078529575e-09 fitted 
8 : eta_b 3.5114692182346233235e-02 2.7484641916039686486e-09 fitted 
9 : absini_o 2.2386205691099500893e+10 6.7801346762809430402e+01 fitted 
10 : kappa_b -3.5249206779379460556e-03 1.8189128636756314390e-09 fitted 
11 : abcosi_o 2.7403344831690290138e+10 1.0733840346973938867e+07 fitted 
12 : tasc_b -2.6210186433770934045e+02 7.7824662135735308454e-07 fitted 
13 : period_o 3.2725512703377645876e+02 1.0240462633095721834e-06 fitted 
14 : masspar_p 1.3738656682173271185e-01 1.2299300965761498852e-05 fitted 
15 : masspar_i 6.2012745379899209111e-01 2.9802322387695312499e-11 
16 : mass_o 4.1010270686976495376e-01 3.8146972656250000000e-10 
17 : oman 2.5854270241172372833e+00 2.8454058780736500578e-02 fitted 
18 : deltaoman 3.2054005556392820438e-06 2.2314187264115113599e-06 fitted 
19 : dphase0 0.0000000000000000000e+00 4.8828125000000000000e-04 
20 : SEP_D 0.0000000000000000000e+00 1.0000000000000000001e-06 
21 : SEP_gamma 0.0000000000000000000e+00 5.0000000000000000000e+00 
22 : SEP_beta_0pp 0.0000000000000000000e+00 5.0000000000000000000e+00 
23 : SEP_beta_p00 0.0000000000000000000e+00 5.0000000000000000000e+00 
24 : SEP_beta_0p0 0.0000000000000000000e+00 5.0000000000000000000e+00 
25 : right_ascension 9.5002830965254775238e-01 4.7097840234588552804e-10 fitted 
26 : declination 3.0114113341410457043e-01 1.7497668831954338669e-09 fitted 
27 : distance 3.6230178158676339026e+03 1.6823646814729642074e+02 
28 : right_ascension1 5.9696739887676755331e+00 7.5433108331236703448e-02 fitted 
29 : declination1 -4.7969707422129307132e+00 2.7581694934101436134e-01 fitted 
30 : distance1 5.6196096553728443188e+00 2.9357394845786927151e-01 
31 : dispmeasure 2.1316462621823222408e+01 1.1888161292722575408e-04 
32 : dispmeasure1 1.6823753778655843590e-05 2.0071307261441799236e-05 
33 : quadrupole1 0.0000000000000000000e+00 1.0000000000000000000e-04 
34 : efac 1.1225367227659222465e+00 7.5158115185683686474e-03 
35 : delta_i 1.9526700790789814101e-03 2.2718547664361318089e-03 fitted 
36 : eta_extra1 6.5969370985900419350e-02 1.0000000000000000000e+00 fitted 
37 : kappa_extra1 2.3954379344912221409e-01 1.0000000000000000000e+00 fitted 
38 : asini_extra1 1.5519468731269884925e+03 1.0000000000000000000e+00 fitted 
39 : acosi_extra1 -3.2365719752131057507e+03 1.0000000000000000000e+00 fitted 
40 : tasc_extra1 -1.0156501272408706757e+05 1.0000000000000000000e+00 fitted 
41 : P_extra1 3.0797216248038239261e+03 1.0000000000000000000e+00 fitted 
42 : oman_extra1 1.5628370976409940035e+00 1.0000000000000000000e+00 fitted 

Number of fitted parameters : 28 

   DMX ranges : 0 

*** Derived parameters ***
Mp 0.0000000000000000000e+00 
Mi 0.0000000000000000000e+00 
ei 0.0000000000000000000e+00 
eo 0.0000000000000000000e+00 
omp 0.0000000000000000000e+00 
omB 0.0000000000000000000e+00 
tperii 0.0000000000000000000e+00 
tperio 0.0000000000000000000e+00 
ap 0.0000000000000000000e+00 
aB 0.0000000000000000000e+00 
anglii 0.0000000000000000000e+00 
anglio 0.0000000000000000000e+00 
DopplerF 1.0000000000000000000e+00 

*** Derived parameters for 1 extra bodies ***
a_extra1 0.0000000000000000000e+00 
angli_extra1 0.0000000000000000000e+00 
e_extra1 0.0000000000000000000e+00 
om_extra1 0.0000000000000000000e+00 
tperi_extra1 0.0000000000000000000e+00 
M_extra1 0.0000000000000000000e+00 



 *** Writing the sorted tim file in 0337_20211005-sorted-sun5deg-res25microsec-58631_58780_clipped.tim-sorted ***

[tabulatedfunction.C:78] Warning: Error parsing file /home/lpaiu/work/nutimo_pilot/install/third_party/tempo2/clock/ncyobs2obspm.clk: Entry 3815 out of order 50822.572920 < 508[tabulatedfunction.C:78] Warning: Error parsing file /home/lpaiu/work/nutimo_pilot/install/third_party/tempo2/clock/ncyobs2obspm.clk: Entry 4335 out of order 51112.572920 < 511[tempo2Util.C:397] [TROP2] Assume standard atmospheric pressure (no data) for site ncyobs at MJD 56492.3
[tempo2Util.C:397] [TROP1] Assume zero zenith wet delay (no data) for site ncyobs  at MJD 56492.3
[tempo2Util.C:401] Warning: [DUP1] duplicated warnings have been suppressed.


 Out of Reconstruct_noCompute ! 

 WARNING : Bad combination of quadrupole and integrator type !
 Computing and allocating the BAT interpolation grid ... 

********** Par file ***************
Tempo 2 parfile : 0337+1715.par-nofit-DE430 
Time of reference, treference + timeshift : 5.6492297192640595000e+04 
Time of reference for position in the sky, posepoch + timeshift : 5.7205000000000000000e+04 
geometric 1 
kopeikin 1 
shklovskii 1 
roemer 1 
einstein 1 
shapiro 1 
aberration 1 
truefreq 1 
Special case '' 
integrator 3 
interpsteps_per_period_i 250 
interp_margin 1.000000 
Tolerance level of integrator, tolint :  9.9999999999999999998e-17 
Timeshift applied to times internally, timeshift :  5.6492297192640595000e+04 
Parameter set (0 : Pi and Po fitted ; 1 : masspar_p and mo fitted) : 6 

*** Fittable parameters ***
0 : spinfreq 3.1618368394753872748e+07 9.8257359729798530575e-07 fitted 
1 : spinfreq1 -1.7589889709800877321e-05 8.1452430106243049067e-10 fitted 
2 : eta_p 6.9373227475173604457e-04 4.0333275586587176788e-08 fitted 
3 : apsini_i 3.6500559604286681511e+08 1.6407384169242742900e+01 fitted 
4 : kappa_p -8.5950920080896147417e-05 3.6177383169681478065e-08 fitted 
5 : apcosi_i 4.4677863775599926896e+08 1.0240000000000000000e-01 
6 : tasc_p -5.7513824374291314001e+02 1.9313439835412981293e-06 fitted 
7 : period_i 1.6293990080893948078e+00 4.1514238445078529575e-09 fitted 
8 : eta_b 3.5114692182346233235e-02 2.7484641916039686486e-09 fitted 
9 : absini_o 2.2386205691099500893e+10 6.7801346762809430402e+01 fitted 
10 : kappa_b -3.5249206779379460556e-03 1.8189128636756314390e-09 fitted 
11 : abcosi_o 2.7403344831690290138e+10 1.0733840346973938867e+07 fitted 
12 : tasc_b -2.6210186433770934045e+02 7.7824662135735308454e-07 fitted 
13 : period_o 3.2725512703377645876e+02 1.0240462633095721834e-06 fitted 
14 : masspar_p 1.3738656682173271185e-01 1.2299300965761498852e-05 fitted 
15 : masspar_i 6.2012745379899209111e-01 2.9802322387695312499e-11 
16 : mass_o 4.1010270686976495376e-01 3.8146972656250000000e-10 
17 : oman 2.5854270241172372833e+00 2.8454058780736500578e-02 fitted 
18 : deltaoman 3.2054005556392820438e-06 2.2314187264115113599e-06 fitted 
19 : dphase0 0.0000000000000000000e+00 4.8828125000000000000e-04 
20 : SEP_D 0.0000000000000000000e+00 1.0000000000000000001e-06 
21 : SEP_gamma 0.0000000000000000000e+00 5.0000000000000000000e+00 
22 : SEP_beta_0pp 0.0000000000000000000e+00 5.0000000000000000000e+00 
23 : SEP_beta_p00 0.0000000000000000000e+00 5.0000000000000000000e+00 
24 : SEP_beta_0p0 0.0000000000000000000e+00 5.0000000000000000000e+00 
25 : right_ascension 9.5002830965254775238e-01 4.7097840234588552804e-10 fitted 
26 : declination 3.0114113341410457043e-01 1.7497668831954338669e-09 fitted 
27 : distance 3.6230178158676339026e+03 1.6823646814729642074e+02 
28 : right_ascension1 5.9696739887676755331e+00 7.5433108331236703448e-02 fitted 
29 : declination1 -4.7969707422129307132e+00 2.7581694934101436134e-01 fitted 
30 : distance1 5.6196096553728443188e+00 2.9357394845786927151e-01 
31 : dispmeasure 2.1316462621823222408e+01 1.1888161292722575408e-04 
32 : dispmeasure1 1.6823753778655843590e-05 2.0071307261441799236e-05 
33 : quadrupole1 0.0000000000000000000e+00 1.0000000000000000000e-04 
34 : efac 1.1225367227659222465e+00 7.5158115185683686474e-03 
35 : delta_i 1.9526700790789814101e-03 2.2718547664361318089e-03 fitted 
36 : eta_extra1 6.5969370985900419350e-02 1.0000000000000000000e+00 fitted 
37 : kappa_extra1 2.3954379344912221409e-01 1.0000000000000000000e+00 fitted 
38 : asini_extra1 1.5519468731269884925e+03 1.0000000000000000000e+00 fitted 
39 : acosi_extra1 -3.2365719752131057507e+03 1.0000000000000000000e+00 fitted 
40 : tasc_extra1 -1.0156501272408706757e+05 1.0000000000000000000e+00 fitted 
41 : P_extra1 3.0797216248038239261e+03 1.0000000000000000000e+00 fitted 
42 : oman_extra1 1.5628370976409940035e+00 1.0000000000000000000e+00 fitted 

Number of fitted parameters : 28 

   DMX ranges : 0 

*** Derived parameters ***
Mp 1.4378144084716032246e+00 
Mi 1.9753638530673400857e-01 
ei 6.9903650097471361187e-04 
eo 3.5291169899093486660e-02 
omp 1.6940645365402494338e+00 
omB 1.6708442442134205787e+00 
tperii -5.7469892722739926649e+02 
tperio -1.7507715972348830241e+02 
ap 5.7692307658622469625e+08 
aB 3.5384820378359173160e+10 
anglii 6.8500433271014245251e-01 
anglio 6.8497025218805734621e-01 
DopplerF 1.0000000000000000000e+00 
quadrupole0 (kg.m^2) 0.0000000000000000000e+00 

*** Derived parameters for 1 extra bodies ***
a_extra1 3.5894201826678778711e+03 
angli_extra1 2.6944764640093392593e+00 
e_extra1 2.4846164067773336394e-01 
om_extra1 2.6873420922470216346e-01 
tperi_extra1 -1.0143329186674928235e+05 
M_extra1 9.3328998767391432806e-09 


********** Data ***************
Number of toas, ntoas : 12474 
Range of toas, toas[ntoas-1] - toas[0] : 2.9878605410257766657e+03 
First toa, toas[0] + timeshift :  5.6492303490220457434e+04 
Last toa, toas[ntoas-1] + timeshift :  5.9480164031246234099e+04 

********** Interpolation ***************
dt_interp 6.5175960323575792311e-03 
ninterp 458937 
treference_in_interp 253 
First interpolation time : -1.6489517961864675455e+00 
Last interpolation time :  2.9895105009098715145e+03 

********** Others ***************
spinfreq 3.1618370561401445391e+07 
spinfreq1  -1.7157552849526477829e-05 
delaymax 1.1106987423423081558e-02 

********** Integrateur ***************
Tolerance level of integrator, tolint :  9.9999999999999999998e-17 
Mass scale, mass :  1.9884754153381438001e+30 
Length scale, length :  7.2598098929865264587e+10 
Time scale (sec), timescale :  2.0802912962928924088e+06 
Time scale (days), timedays :  2.4077445558945513991e+01 
Integration starting time, t0 :  0.0000000000000000000e+00 
Starting step, dt0  5.4138600512263155666e-05 
ntneg  254 
int_M0  1.4378144084716032246e+00 
int_M1  1.9753638530673400857e-01 
int_M2  4.1010270686976495376e-01 
Number of integration stops, n  458937 
roemer_second_order  -1 

 Initial state vector (at time t0) : 
-2.8892294581966355692e-01
-2.9780130011129933581e-01
2.9269271901249679273e-01
-3.2006212320542062113e-01
-2.5330339100060115444e-01
2.5554180152378401216e-01
1.1671258704378082409e+00
1.1660971059497021235e+00
-1.1492646255926133624e+00
-2.3649925453424856881e-01
4.7239648346954923831e+00
-7.0752673226851891465e+00
8.2541656581726713789e-01
1.3115619817681873118e-01
-1.9072290601804804927e-01
-4.5376459074361007429e+00
-1.7916586712153851236e+00
2.0086772393376656212e+00
-7.0822662475138770490e-01
4.0316605889820974879e-01
-2.9885850138233145692e-01
3.4559620738625317549e-01
-5.0714283610844247961e-01
-2.4807493652791050149e-01


********** Tempo 2 ***************

*** Infos from tempo2 
('datafile : ', '0337_20211005-sorted-sun5deg-res25microsec-58631_58780_clipped.tim')
PREFLIGHT {'label': 'nonlinear_zero_refined', 'tolerance': '1e-16', 'mesh': 250, 'errtoe_days': '1e-14', 'source_sha256': '2b9193284cbb129b662def8a0917052d8b507257227caddc07487900cc3e79ac', 'compute_sha256': '17f6124bb2bdd2afd04c42a66ee245d899cc8fc8b96750fffaa67c49fe644e72', 'library_sha256': 'a73af713afb1cdba35c6948dcf6ecdcc4a38898ff85a1cc1749381bb512ed67a', 'interface_sha256': '88879ea56c3959f68c871e4d40ec332294e593f515a90a5ed1364a109567c982', 'par_sha256': '3e5717ba2cb044ab04ab8ad99f089cdd8a59d4c0034f29b0d97f3b37b75d9787', 'tim_sha256': 'ea41f164d5f945c39ecbcf6415bf8d8aba5521b9f77b3fc5380234741591200d', 'baseline_seconds': 37.363130229000035, 'archived_max_difference_us': 0.0}
ITER {'iteration': 0, 'evaluations': 2, 'accepted': True, 'trust': 15.0, 'deviance': np.float64(15191.746332249859), 'sigma': np.float64(1.115091474087583), 'red_amplitude_us': 0.0, 'gamma': np.float64(0.0), 'noise_success': True, 'proposal_success': True, 'eccentricity_extra': 0.29260667322919626, 'maximum_step': 0.25663964325584987, 'scaled_parameters': [-0.7529843773809834, 0.41396693718240246, 0.27680781075019545, -0.2314786301644305, 0.7551013606320905, -0.46378200266854536, -0.019148391809990582, 0.17628307639093782, 0.23976932146106, -3.424058090808229, 0.011413156925370883, 0.029021525124471887, 0.5613100268883531, -0.3922558611609819, -0.7046389684618142, -0.10689434883816505, 0.7068750282797523, -0.7186665040263567, -0.5680852126569408, -0.263648389790355, -0.21089568444383325, 0.586645292988471, 4.410789369657049, 7.436942494625993, 3.2869853713882473, 0.8275122572357558, 2.5212386148726527, 0.001197818614007029]}
ITER {'iteration': 1, 'evaluations': 3, 'accepted': True, 'trust': 22.5, 'deviance': np.float64(15191.71429891217), 'sigma': np.float64(1.1150900423063257), 'red_amplitude_us': 0.0, 'gamma': np.float64(0.0), 'noise_success': True, 'proposal_success': True, 'eccentricity_extra': 0.2928760045919195, 'maximum_step': 0.261732133864487, 'scaled_parameters': [-0.8011658478953325, 0.45823602530183266, 0.30225455373858945, -0.259601723527245, 0.7589722149794689, -0.4653310496343077, -0.02054667853340816, 0.18383030409912146, 0.24017200475518613, -3.600538675035697, 0.01491197458479556, 0.026863610551886467, 0.574636817911243, -0.3947300049865448, -0.7125265421974475, -0.10780749014659735, 0.7251101966834633, -0.7316476336840309, -0.5853123269464604, -0.29127937474282595, -0.22197177106557842, 0.5784388483000515, 4.44064699207242, 7.389662448129167, 3.327423739007862, 0.8453906965889237, 2.57844222520171, -0.26053431525048]}
ITER {'iteration': 2, 'evaluations': 4, 'accepted': True, 'trust': 33.75, 'deviance': np.float64(15191.701507035441), 'sigma': np.float64(1.1150894705534513), 'red_amplitude_us': 0.0, 'gamma': np.float64(0.0), 'noise_success': True, 'proposal_success': True, 'eccentricity_extra': 0.29312049087006065, 'maximum_step': 0.20820069459713017, 'scaled_parameters': [-0.8361741376755698, 0.4899115198701105, 0.3214419149429584, -0.2806260807600004, 0.7614260842710575, -0.4661078966308408, -0.021548526452192178, 0.18984240177350684, 0.24053591358651483, -3.7371261431279583, 0.017783396459020016, 0.025027653676046535, 0.5848243305911393, -0.3969574026230403, -0.7191531039846478, -0.10835086992542478, 0.7390677119210798, -0.7417988588805831, -0.5987357166606178, -0.311581591343157, -0.23069644546278087, 0.5718725245295034, 4.467520490716672, 7.352280386642335, 3.359649571558087, 0.8582009443027987, 2.619220571778971, -0.4687350098476102]}
ITER {'iteration': 3, 'evaluations': 5, 'accepted': True, 'trust': 50.625, 'deviance': np.float64(15191.681167516557), 'sigma': np.float64(1.1150885614475472), 'red_amplitude_us': 0.0, 'gamma': np.float64(0.0), 'noise_success': True, 'proposal_success': True, 'eccentricity_extra': 0.29324381488330276, 'maximum_step': 0.10349134196470584, 'scaled_parameters': [-0.8521307470436459, 0.5041691668830309, 0.3303631419709067, -0.29032892744079114, 0.762563577215825, -0.46644379644291206, -0.021801056141107698, 0.19261814085630305, 0.24076314664132661, -3.8032613964614077, 0.019386510446924396, 0.023922270571696328, 0.5897830975257964, -0.39808788096518344, -0.7225253814441259, -0.10838577564971677, 0.7456344609586816, -0.7466838521119684, -0.6052334749381048, -0.320855077262335, -0.2349559377835175, 0.5691356990640375, 4.480928818212187, 7.333742237803961, 3.3757490003865938, 0.8642849817590874, 2.6385359688909396, -0.5722263518123161]}
ITER {'iteration': 4, 'evaluations': 6, 'accepted': True, 'trust': 75.9375, 'deviance': np.float64(15191.640585421905), 'sigma': np.float64(1.1150867475709743), 'red_amplitude_us': 0.0, 'gamma': np.float64(0.0), 'noise_success': True, 'proposal_success': True, 'eccentricity_extra': 0.29365207078867694, 'maximum_step': 0.35128599508656333, 'scaled_parameters': [-0.9032412148868857, 0.5495058335464614, 0.3595369307781453, -0.3219462455276124, 0.7659308664402997, -0.46716065758060965, -0.02305019591624438, 0.20224867437487637, 0.2416341636150429, -4.02193222847955, 0.02452013688778145, 0.02043929299411884, 0.6062716572869704, -0.4020135044644378, -0.7337354025073481, -0.10868900587289029, 0.7674290576577298, -0.7629528322906993, -0.6268815842209262, -0.3508289151626167, -0.24909607544766801, 0.5597981439499498, 4.525377105116761, 7.268809852110841, 3.431356097595192, 0.8841985609004609, 2.701621454240674, -0.9235123468988794]}
ITER {'iteration': 5, 'evaluations': 7, 'accepted': True, 'trust': 100.0, 'deviance': np.float64(15191.627789976488), 'sigma': np.float64(1.115086175660282), 'red_amplitude_us': 0.0, 'gamma': np.float64(0.0), 'noise_success': True, 'proposal_success': True, 'eccentricity_extra': 0.29388694684796207, 'maximum_step': 0.21192530420834266, 'scaled_parameters': [-0.93232904406916, 0.5751472299697097, 0.3765916471249569, -0.34038371886179913, 0.7677908656776214, -0.46749724465717907, -0.023924843746428587, 0.20790698717603812, 0.24196010004763724, -4.150873233074993, 0.027570268594299622, 0.018371344872725542, 0.6159009713694096, -0.404457505740259, -0.7407500906468234, -0.10886481374670177, 0.7804531616110872, -0.7727620904074425, -0.6397386009787998, -0.36812370679586615, -0.25744556658219514, 0.5546945475387574, 4.550875259708625, 7.229788161155734, 3.4647533921109446, 0.8955330937391992, 2.737383224224276, -1.135437651107222]}
ITER {'iteration': 6, 'evaluations': 8, 'accepted': True, 'trust': 100.0, 'deviance': np.float64(15191.615126537938), 'sigma': np.float64(1.1150856096501136), 'red_amplitude_us': 0.0, 'gamma': np.float64(0.0), 'noise_success': True, 'proposal_success': True, 'eccentricity_extra': 0.294007476166137, 'maximum_step': 0.10756158062189232, 'scaled_parameters': [-0.946582729657114, 0.5878334763443577, 0.3847102986894427, -0.34916374438158876, 0.7686012509432114, -0.46757726970382085, -0.024322715029089722, 0.21074093054612594, 0.24210950206083545, -4.2143173534703395, 0.028898788273038264, 0.017524565303896924, 0.6206351535391996, -0.4055475418857416, -0.7442968434590241, -0.10911664354766572, 0.7867512677338896, -0.7774658979614534, -0.6460015934426998, -0.37641223268648727, -0.261610452389706, 0.5530857711177228, 4.563704976768157, 7.210126688016454, 3.48134038211563, 0.900818959713186, 2.753962881199491, -1.2429992317291143]}
ITER {'iteration': 7, 'evaluations': 9, 'accepted': True, 'trust': 100.0, 'deviance': np.float64(15191.591324632936), 'sigma': np.float64(1.1150845457913237), 'red_amplitude_us': 0.0, 'gamma': np.float64(0.0), 'noise_success': True, 'proposal_success': True, 'eccentricity_extra': 0.294234388867885, 'maximum_step': 0.21464229213177832, 'scaled_parameters': [-0.9740060732377211, 0.6119981330820197, 0.40077142026509127, -0.3664658536397741, 0.7700849936241912, -0.4676001961715442, -0.025119859296031024, 0.21608881860039955, 0.24256772817408567, -4.337926596279275, 0.03185023089714497, 0.015514855576839928, 0.6297829296453845, -0.40771832225865556, -0.7510611330154966, -0.10925835482194753, 0.7990911889622534, -0.7867522679068173, -0.6583128636731925, -0.3924090749372024, -0.26960612015432794, 0.54946390256321, 4.588005079926807, 7.1690209138267305, 3.514935154282568, 0.9113294686730122, 2.7869114205422556, -1.4576415238608926]}
ITER {'iteration': 8, 'evaluations': 13, 'accepted': False, 'trust': 25.0, 'deviance': np.float64(15191.591324632936), 'sigma': np.float64(1.1150845457913237), 'red_amplitude_us': 0.0, 'gamma': np.float64(0.0), 'noise_success': True, 'proposal_success': True, 'eccentricity_extra': 0.294234388867885, 'maximum_step': 0.21656512428032235, 'scaled_parameters': [-0.9740060732377211, 0.6119981330820197, 0.40077142026509127, -0.3664658536397741, 0.7700849936241912, -0.4676001961715442, -0.025119859296031024, 0.21608881860039955, 0.24256772817408567, -4.337926596279275, 0.03185023089714497, 0.015514855576839928, 0.6297829296453845, -0.40771832225865556, -0.7510611330154966, -0.10925835482194753, 0.7990911889622534, -0.7867522679068173, -0.6583128636731925, -0.3924090749372024, -0.26960612015432794, 0.54946390256321, 4.588005079926807, 7.1690209138267305, 3.514935154282568, 0.9113294686730122, 2.7869114205422556, -1.4576415238608926]}
ITER {'iteration': 9, 'evaluations': 17, 'accepted': False, 'trust': 6.25, 'deviance': np.float64(15191.591324632936), 'sigma': np.float64(1.1150845457913237), 'red_amplitude_us': 0.0, 'gamma': np.float64(0.0), 'noise_success': True, 'proposal_success': True, 'eccentricity_extra': 0.294234388867885, 'maximum_step': 0.21656512428032235, 'scaled_parameters': [-0.9740060732377211, 0.6119981330820197, 0.40077142026509127, -0.3664658536397741, 0.7700849936241912, -0.4676001961715442, -0.025119859296031024, 0.21608881860039955, 0.24256772817408567, -4.337926596279275, 0.03185023089714497, 0.015514855576839928, 0.6297829296453845, -0.40771832225865556, -0.7510611330154966, -0.10925835482194753, 0.7990911889622534, -0.7867522679068173, -0.6583128636731925, -0.3924090749372024, -0.26960612015432794, 0.54946390256321, 4.588005079926807, 7.1690209138267305, 3.514935154282568, 0.9113294686730122, 2.7869114205422556, -1.4576415238608926]}
ITER {'iteration': 10, 'evaluations': 18, 'accepted': True, 'trust': 9.375, 'deviance': np.float64(15191.588810201521), 'sigma': np.float64(1.1150844334054222), 'red_amplitude_us': 0.0, 'gamma': np.float64(0.0), 'noise_success': True, 'proposal_success': True, 'eccentricity_extra': 0.29445637014571013, 'maximum_step': 0.21656893163706895, 'scaled_parameters': [-1.001044174094097, 0.6360028243214227, 0.41636260807502345, -0.38332323379294914, 0.7713226674455695, -0.46743291949283705, -0.02570228463549324, 0.22129048412427102, 0.243112477054458, -4.459307353434131, 0.034311826030923157, 0.013989193847560259, 0.6387832228453979, -0.4096641162096667, -0.7581328651974095, -0.10986403253817242, 0.8115143444866401, -0.7960306622991429, -0.6704900578380615, -0.4080412066290272, -0.27724721031587596, 0.5468605044615391, 4.611539071979416, 7.127317100683928, 3.5485417623001174, 0.9212061659685777, 2.8177008408676802, -1.6742104554979615]}
ITER {'iteration': 11, 'evaluations': 20, 'accepted': True, 'trust': 14.0625, 'deviance': np.float64(15191.587323896323), 'sigma': np.float64(1.115084366973013), 'red_amplitude_us': 0.0, 'gamma': np.float64(0.0), 'noise_success': True, 'proposal_success': True, 'eccentricity_extra': 0.2944656724106289, 'maximum_step': 0.019634968174834833, 'scaled_parameters': [-1.0021692859700935, 0.6370635334332255, 0.41693438615076656, -0.38394975827545685, 0.7713955330702366, -0.4674463218637484, -0.025861649335117, 0.22152354483508072, 0.24308817256452592, -4.464537386590188, 0.03448625972140322, 0.013851978499934001, 0.6391985251881489, -0.4097674694824191, -0.7584757982062831, -0.10981323083390473, 0.812014916274812, -0.7964244378882374, -0.6709991290826725, -0.40867608407492634, -0.27767523779843434, 0.5468878260838276, 4.612491112455808, 7.125728601316375, 3.549905052890455, 0.9215989446899557, 2.8189030686126944, -1.684027939585379]}
ITER {'iteration': 12, 'evaluations': 22, 'accepted': True, 'trust': 21.09375, 'deviance': np.float64(15191.575295836006), 'sigma': np.float64(1.1150838293628322), 'red_amplitude_us': 0.0, 'gamma': np.float64(0.0), 'noise_success': True, 'proposal_success': True, 'eccentricity_extra': 0.2945147555595189, 'maximum_step': 0.10262728109924801, 'scaled_parameters': [-1.0084118870828063, 0.6427192300190163, 0.4203931024036673, -0.38774190251296675, 0.7715488178702312, -0.4673094857048714, -0.02589736362237936, 0.22324082818292387, 0.24336967836822088, -4.491546676820605, 0.034865907793657745, 0.013670835421171475, 0.6409288578203107, -0.410310905902071, -0.7596802608314662, -0.11007317349076803, 0.8145619164557503, -0.7981812297518845, -0.6735437916823368, -0.41255745369356533, -0.2800608032011535, 0.5469709818318085, 4.617529757584149, 7.11577469304758, 3.5570000162523483, 0.9235683978920617, 2.8249333488133583, -1.735341580135003]}
ITER {'iteration': 13, 'evaluations': 25, 'accepted': True, 'trust': 31.640625, 'deviance': np.float64(15191.569863852636), 'sigma': np.float64(1.1150835865731834), 'red_amplitude_us': 0.0, 'gamma': np.float64(0.0), 'noise_success': True, 'proposal_success': True, 'eccentricity_extra': 0.29462197894122055, 'maximum_step': 0.44868176020319506, 'scaled_parameters': [-1.021210499750236, 0.654142256728165, 0.42779033984363574, -0.39572307938233264, 0.77191295429128, -0.4670002768446685, -0.026496749071271544, 0.22587600225549848, 0.24381948762413608, -4.549624997010313, 0.03628412947800283, 0.012704432067622983, 0.6453378710936115, -0.4111751666004502, -0.7633160139374459, -0.11013249545027463, 0.8205981065291169, -0.8027520166973359, -0.6794588135248718, -0.41988353883206114, -0.2837985863257519, 0.5458455465066945, 4.6288633129339125, 7.093424570737294, 3.5731808589583443, 0.9281483396187381, 2.8390145733199943, -1.8475120201858017]}
ITER {'iteration': 14, 'evaluations': 29, 'accepted': True, 'trust': 47.4609375, 'deviance': np.float64(15191.568257276085), 'sigma': np.float64(1.1150835147651394), 'red_amplitude_us': 0.0, 'gamma': np.float64(0.0), 'noise_success': True, 'proposal_success': True, 'eccentricity_extra': 0.29463273651439914, 'maximum_step': 0.09290811067827524, 'scaled_parameters': [-1.022717089369117, 0.6555059749785802, 0.42860141123969087, -0.3966029702822026, 0.7719726737774253, -0.466987694611878, -0.026563515878916318, 0.22619116011234872, 0.24380088745639983, -4.556095649691194, 0.036425160734503324, 0.012612011139720413, 0.6458118202726087, -0.41127576727969756, -0.7636598743346313, -0.11015197977542815, 0.8212194478493883, -0.8032117585921749, -0.6800858829806082, -0.4207369521705853, -0.28425920060649673, 0.545847378114458, 4.629971691607442, 7.091235870762214, 3.5747875353925935, 0.9286412607674027, 2.8405424709243725, -1.8591255340205861]}
ITER {'iteration': 15, 'evaluations': 33, 'accepted': False, 'trust': 11.865234375, 'deviance': np.float64(15191.568257276085), 'sigma': np.float64(1.1150835147651394), 'red_amplitude_us': 0.0, 'gamma': np.float64(0.0), 'noise_success': True, 'proposal_success': True, 'eccentricity_extra': 0.29463273651439914, 'maximum_step': 0.12080965651445287, 'scaled_parameters': [-1.022717089369117, 0.6555059749785802, 0.42860141123969087, -0.3966029702822026, 0.7719726737774253, -0.466987694611878, -0.026563515878916318, 0.22619116011234872, 0.24380088745639983, -4.556095649691194, 0.036425160734503324, 0.012612011139720413, 0.6458118202726087, -0.41127576727969756, -0.7636598743346313, -0.11015197977542815, 0.8212194478493883, -0.8032117585921749, -0.6800858829806082, -0.4207369521705853, -0.28425920060649673, 0.545847378114458, 4.629971691607442, 7.091235870762214, 3.5747875353925935, 0.9286412607674027, 2.8405424709243725, -1.8591255340205861]}
ITER {'iteration': 16, 'evaluations': 37, 'accepted': False, 'trust': 2.96630859375, 'deviance': np.float64(15191.568257276085), 'sigma': np.float64(1.1150835147651394), 'red_amplitude_us': 0.0, 'gamma': np.float64(0.0), 'noise_success': True, 'proposal_success': True, 'eccentricity_extra': 0.29463273651439914, 'maximum_step': 0.12080965651445287, 'scaled_parameters': [-1.022717089369117, 0.6555059749785802, 0.42860141123969087, -0.3966029702822026, 0.7719726737774253, -0.466987694611878, -0.026563515878916318, 0.22619116011234872, 0.24380088745639983, -4.556095649691194, 0.036425160734503324, 0.012612011139720413, 0.6458118202726087, -0.41127576727969756, -0.7636598743346313, -0.11015197977542815, 0.8212194478493883, -0.8032117585921749, -0.6800858829806082, -0.4207369521705853, -0.28425920060649673, 0.545847378114458, 4.629971691607442, 7.091235870762214, 3.5747875353925935, 0.9286412607674027, 2.8405424709243725, -1.8591255340205861]}
ITER {'iteration': 17, 'evaluations': 41, 'accepted': False, 'trust': 0.7415771484375, 'deviance': np.float64(15191.568257276085), 'sigma': np.float64(1.1150835147651394), 'red_amplitude_us': 0.0, 'gamma': np.float64(0.0), 'noise_success': True, 'proposal_success': True, 'eccentricity_extra': 0.29463273651439914, 'maximum_step': 0.1208110910849594, 'scaled_parameters': [-1.022717089369117, 0.6555059749785802, 0.42860141123969087, -0.3966029702822026, 0.7719726737774253, -0.466987694611878, -0.026563515878916318, 0.22619116011234872, 0.24380088745639983, -4.556095649691194, 0.036425160734503324, 0.012612011139720413, 0.6458118202726087, -0.41127576727969756, -0.7636598743346313, -0.11015197977542815, 0.8212194478493883, -0.8032117585921749, -0.6800858829806082, -0.4207369521705853, -0.28425920060649673, 0.545847378114458, 4.629971691607442, 7.091235870762214, 3.5747875353925935, 0.9286412607674027, 2.8405424709243725, -1.8591255340205861]}
DONE zero_refined uncertified stationary point
 Tempo vector Earth-> pulsar : 0.5554845674 0.7768264261 0.2966101804 : 
 Tempo velocity pulsar : -0.0000019530 0.0000022445 -0.0000022210 : 
 Tempo nobs : 12474 
 Tempo : max shklovskii : 0.0000000000 : 
 Tempo : ecliptic coordinates : 0 
 Tempo : POSEPOCH : 5.7205000000000000000e+04
 Tempo : psr[p].param[param_px].val[0] : 0.9002339877 
 Tempo : psr[p].param[param_pmrv].paramSet[0] : 0 
 Tempo : psr[p].t2cMethod - T2C_IAU2000B : 0 
 Tempo : Any psr[0].obsn[i].delayCorr = 0 ?  (not good !!) (0 if yes) : 1.000000e+00 
 Tempo : strcmp(psr[p].obsn[i].telID,'STL_FBAT') = 0 ?  (0 pas bien !) (0 if yes): 1.000000e+00 
 Tempo : psr[0].obsn[i].telID : ncyobs
 Tempo : psr[p].nTelDX (0 bien) : 0
 Tempo : psr[p].nTelDY (0 bien) : 0
 Tempo : psr[p].nTelDZ (0 bien) : 0
 Tempo : JPL ephemeris file : /home/lpaiu/work/nutimo_pilot/install/third_party/tempo2/ephemeris/DE430.1950.2050 
 Tempo : DM : 2.1316462622e+01 
 Tempo : DM1 : 1.6823753779e-05 

 WARNING : Bad combination of quadrupole and integrator type !

 WARNING : Bad combination of quadrupole and integrator type !

 WARNING : Bad combination of quadrupole and integrator type !

 WARNING : Bad combination of quadrupole and integrator type !

 WARNING : Bad combination of quadrupole and integrator type !

 WARNING : Bad combination of quadrupole and integrator type !

 WARNING : Bad combination of quadrupole and integrator type !

 WARNING : Bad combination of quadrupole and integrator type !

 WARNING : Bad combination of quadrupole and integrator type !
