Tempo 2 parfile : 0337+1715.par-nofit-DE430 
Time of reference, treference + timeshift : 5.6492297192640595000e+04 
Time of reference for position in the sky, posepoch + timeshift : 5.7205000000000000000e+04 
geometric 1 
kopeikin 1 
shklovskii 1 
roemer 1 
einstein 1 
shapiro 1 
aberration 1 
truefreq 1 
Special case '' 
integrator 3 
interpsteps_per_period_i 250 
interp_margin 1.000000 
Tolerance level of integrator, tolint :  9.9999999999999999998e-17 
Timeshift applied to times internally, timeshift :  5.6492297192640595000e+04 
Parameter set (0 : Pi and Po fitted ; 1 : masspar_p and mo fitted) : 6 

*** Fittable parameters ***
0 : spinfreq 3.1618368394753872748e+07 9.8257359729798530575e-07 fitted 
1 : spinfreq1 -1.7589889709800877321e-05 8.1452430106243049067e-10 fitted 
2 : eta_p 6.9373227475173604457e-04 4.0333275586587176788e-08 fitted 
3 : apsini_i 3.6500559604286681511e+08 1.6407384169242742900e+01 fitted 
4 : kappa_p -8.5950920080896147417e-05 3.6177383169681478065e-08 fitted 
5 : apcosi_i 4.4677863775599926896e+08 1.0240000000000000000e-01 
6 : tasc_p -5.7513824374291314001e+02 1.9313439835412981293e-06 fitted 
7 : period_i 1.6293990080893948078e+00 4.1514238445078529575e-09 fitted 
8 : eta_b 3.5114692182346233235e-02 2.7484641916039686486e-09 fitted 
9 : absini_o 2.2386205691099500893e+10 6.7801346762809430402e+01 fitted 
10 : kappa_b -3.5249206779379460556e-03 1.8189128636756314390e-09 fitted 
11 : abcosi_o 2.7403344831690290138e+10 1.0733840346973938867e+07 fitted 
12 : tasc_b -2.6210186433770934045e+02 7.7824662135735308454e-07 fitted 
13 : period_o 3.2725512703377645876e+02 1.0240462633095721834e-06 fitted 
14 : masspar_p 1.3738656682173271185e-01 1.2299300965761498852e-05 fitted 
15 : masspar_i 6.2012745379899209111e-01 2.9802322387695312499e-11 
16 : mass_o 4.1010270686976495376e-01 3.8146972656250000000e-10 
17 : oman 2.5854270241172372833e+00 2.8454058780736500578e-02 fitted 
18 : deltaoman 3.2054005556392820438e-06 2.2314187264115113599e-06 fitted 
19 : dphase0 0.0000000000000000000e+00 4.8828125000000000000e-04 
20 : SEP_D 0.0000000000000000000e+00 1.0000000000000000001e-06 
21 : SEP_gamma 0.0000000000000000000e+00 5.0000000000000000000e+00 
22 : SEP_beta_0pp 0.0000000000000000000e+00 5.0000000000000000000e+00 
23 : SEP_beta_p00 0.0000000000000000000e+00 5.0000000000000000000e+00 
24 : SEP_beta_0p0 0.0000000000000000000e+00 5.0000000000000000000e+00 
25 : right_ascension 9.5002830965254775238e-01 4.7097840234588552804e-10 fitted 
26 : declination 3.0114113341410457043e-01 1.7497668831954338669e-09 fitted 
27 : distance 3.6230178158676339026e+03 1.6823646814729642074e+02 
28 : right_ascension1 5.9696739887676755331e+00 7.5433108331236703448e-02 fitted 
29 : declination1 -4.7969707422129307132e+00 2.7581694934101436134e-01 fitted 
30 : distance1 5.6196096553728443188e+00 2.9357394845786927151e-01 
31 : dispmeasure 2.1316462621823222408e+01 1.1888161292722575408e-04 
32 : dispmeasure1 1.6823753778655843590e-05 2.0071307261441799236e-05 
33 : quadrupole1 0.0000000000000000000e+00 1.0000000000000000000e-04 
34 : efac 1.1225367227659222465e+00 7.5158115185683686474e-03 
35 : delta_i 1.9526700790789814101e-03 2.2718547664361318089e-03 fitted 
36 : eta_extra1 6.5969370985900419350e-02 1.0000000000000000000e+00 fitted 
37 : kappa_extra1 2.3954379344912221409e-01 1.0000000000000000000e+00 fitted 
38 : asini_extra1 1.5519468731269884925e+03 1.0000000000000000000e+00 fitted 
39 : acosi_extra1 -3.2365719752131057507e+03 1.0000000000000000000e+00 fitted 
40 : tasc_extra1 -1.0156501272408706757e+05 1.0000000000000000000e+00 fitted 
41 : P_extra1 3.0797216248038239261e+03 1.0000000000000000000e+00 fitted 
42 : oman_extra1 1.5628370976409940035e+00 1.0000000000000000000e+00 fitted 

Number of fitted parameters : 28 

   DMX ranges : 0 

*** Derived parameters ***
Mp 0.0000000000000000000e+00 
Mi 0.0000000000000000000e+00 
ei 0.0000000000000000000e+00 
eo 0.0000000000000000000e+00 
omp 0.0000000000000000000e+00 
omB 0.0000000000000000000e+00 
tperii 0.0000000000000000000e+00 
tperio 0.0000000000000000000e+00 
ap 0.0000000000000000000e+00 
aB 0.0000000000000000000e+00 
anglii 0.0000000000000000000e+00 
anglio 0.0000000000000000000e+00 
DopplerF 1.0000000000000000000e+00 

*** Derived parameters for 1 extra bodies ***
a_extra1 0.0000000000000000000e+00 
angli_extra1 0.0000000000000000000e+00 
e_extra1 0.0000000000000000000e+00 
om_extra1 0.0000000000000000000e+00 
tperi_extra1 0.0000000000000000000e+00 
M_extra1 0.0000000000000000000e+00 



 *** Writing the sorted tim file in 0337_20211005-sorted-sun5deg-res25microsec-58631_58780_clipped.tim-sorted ***

[tabulatedfunction.C:78] Warning: Error parsing file /home/lpaiu/work/nutimo_pilot/install/third_party/tempo2/clock/ncyobs2obspm.clk: Entry 3815 out of order 50822.572920 < 508[tabulatedfunction.C:78] Warning: Error parsing file /home/lpaiu/work/nutimo_pilot/install/third_party/tempo2/clock/ncyobs2obspm.clk: Entry 4335 out of order 51112.572920 < 511[tempo2Util.C:397] [TROP2] Assume standard atmospheric pressure (no data) for site ncyobs at MJD 56492.3
[tempo2Util.C:397] [TROP1] Assume zero zenith wet delay (no data) for site ncyobs  at MJD 56492.3
[tempo2Util.C:401] Warning: [DUP1] duplicated warnings have been suppressed.


 Out of Reconstruct_noCompute ! 

 WARNING : Bad combination of quadrupole and integrator type !
 Computing and allocating the BAT interpolation grid ... 

********** Par file ***************
Tempo 2 parfile : 0337+1715.par-nofit-DE430 
Time of reference, treference + timeshift : 5.6492297192640595000e+04 
Time of reference for position in the sky, posepoch + timeshift : 5.7205000000000000000e+04 
geometric 1 
kopeikin 1 
shklovskii 1 
roemer 1 
einstein 1 
shapiro 1 
aberration 1 
truefreq 1 
Special case '' 
integrator 3 
interpsteps_per_period_i 250 
interp_margin 1.000000 
Tolerance level of integrator, tolint :  9.9999999999999999998e-17 
Timeshift applied to times internally, timeshift :  5.6492297192640595000e+04 
Parameter set (0 : Pi and Po fitted ; 1 : masspar_p and mo fitted) : 6 

*** Fittable parameters ***
0 : spinfreq 3.1618368394753872748e+07 9.8257359729798530575e-07 fitted 
1 : spinfreq1 -1.7589889709800877321e-05 8.1452430106243049067e-10 fitted 
2 : eta_p 6.9373227475173604457e-04 4.0333275586587176788e-08 fitted 
3 : apsini_i 3.6500559604286681511e+08 1.6407384169242742900e+01 fitted 
4 : kappa_p -8.5950920080896147417e-05 3.6177383169681478065e-08 fitted 
5 : apcosi_i 4.4677863775599926896e+08 1.0240000000000000000e-01 
6 : tasc_p -5.7513824374291314001e+02 1.9313439835412981293e-06 fitted 
7 : period_i 1.6293990080893948078e+00 4.1514238445078529575e-09 fitted 
8 : eta_b 3.5114692182346233235e-02 2.7484641916039686486e-09 fitted 
9 : absini_o 2.2386205691099500893e+10 6.7801346762809430402e+01 fitted 
10 : kappa_b -3.5249206779379460556e-03 1.8189128636756314390e-09 fitted 
11 : abcosi_o 2.7403344831690290138e+10 1.0733840346973938867e+07 fitted 
12 : tasc_b -2.6210186433770934045e+02 7.7824662135735308454e-07 fitted 
13 : period_o 3.2725512703377645876e+02 1.0240462633095721834e-06 fitted 
14 : masspar_p 1.3738656682173271185e-01 1.2299300965761498852e-05 fitted 
15 : masspar_i 6.2012745379899209111e-01 2.9802322387695312499e-11 
16 : mass_o 4.1010270686976495376e-01 3.8146972656250000000e-10 
17 : oman 2.5854270241172372833e+00 2.8454058780736500578e-02 fitted 
18 : deltaoman 3.2054005556392820438e-06 2.2314187264115113599e-06 fitted 
19 : dphase0 0.0000000000000000000e+00 4.8828125000000000000e-04 
20 : SEP_D 0.0000000000000000000e+00 1.0000000000000000001e-06 
21 : SEP_gamma 0.0000000000000000000e+00 5.0000000000000000000e+00 
22 : SEP_beta_0pp 0.0000000000000000000e+00 5.0000000000000000000e+00 
23 : SEP_beta_p00 0.0000000000000000000e+00 5.0000000000000000000e+00 
24 : SEP_beta_0p0 0.0000000000000000000e+00 5.0000000000000000000e+00 
25 : right_ascension 9.5002830965254775238e-01 4.7097840234588552804e-10 fitted 
26 : declination 3.0114113341410457043e-01 1.7497668831954338669e-09 fitted 
27 : distance 3.6230178158676339026e+03 1.6823646814729642074e+02 
28 : right_ascension1 5.9696739887676755331e+00 7.5433108331236703448e-02 fitted 
29 : declination1 -4.7969707422129307132e+00 2.7581694934101436134e-01 fitted 
30 : distance1 5.6196096553728443188e+00 2.9357394845786927151e-01 
31 : dispmeasure 2.1316462621823222408e+01 1.1888161292722575408e-04 
32 : dispmeasure1 1.6823753778655843590e-05 2.0071307261441799236e-05 
33 : quadrupole1 0.0000000000000000000e+00 1.0000000000000000000e-04 
34 : efac 1.1225367227659222465e+00 7.5158115185683686474e-03 
35 : delta_i 1.9526700790789814101e-03 2.2718547664361318089e-03 fitted 
36 : eta_extra1 6.5969370985900419350e-02 1.0000000000000000000e+00 fitted 
37 : kappa_extra1 2.3954379344912221409e-01 1.0000000000000000000e+00 fitted 
38 : asini_extra1 1.5519468731269884925e+03 1.0000000000000000000e+00 fitted 
39 : acosi_extra1 -3.2365719752131057507e+03 1.0000000000000000000e+00 fitted 
40 : tasc_extra1 -1.0156501272408706757e+05 1.0000000000000000000e+00 fitted 
41 : P_extra1 3.0797216248038239261e+03 1.0000000000000000000e+00 fitted 
42 : oman_extra1 1.5628370976409940035e+00 1.0000000000000000000e+00 fitted 

Number of fitted parameters : 28 

   DMX ranges : 0 

*** Derived parameters ***
Mp 1.4378144084716032246e+00 
Mi 1.9753638530673400857e-01 
ei 6.9903650097471361187e-04 
eo 3.5291169899093486660e-02 
omp 1.6940645365402494338e+00 
omB 1.6708442442134205787e+00 
tperii -5.7469892722739926649e+02 
tperio -1.7507715972348830241e+02 
ap 5.7692307658622469625e+08 
aB 3.5384820378359173160e+10 
anglii 6.8500433271014245251e-01 
anglio 6.8497025218805734621e-01 
DopplerF 1.0000000000000000000e+00 
quadrupole0 (kg.m^2) 0.0000000000000000000e+00 

*** Derived parameters for 1 extra bodies ***
a_extra1 3.5894201826678778711e+03 
angli_extra1 2.6944764640093392593e+00 
e_extra1 2.4846164067773336394e-01 
om_extra1 2.6873420922470216346e-01 
tperi_extra1 -1.0143329186674928235e+05 
M_extra1 9.3328998767391432806e-09 


********** Data ***************
Number of toas, ntoas : 12474 
Range of toas, toas[ntoas-1] - toas[0] : 2.9878605410257766657e+03 
First toa, toas[0] + timeshift :  5.6492303490220457434e+04 
Last toa, toas[ntoas-1] + timeshift :  5.9480164031246234099e+04 

********** Interpolation ***************
dt_interp 6.5175960323575792311e-03 
ninterp 458937 
treference_in_interp 253 
First interpolation time : -1.6489517961864675455e+00 
Last interpolation time :  2.9895105009098715145e+03 

********** Others ***************
spinfreq 3.1618370561401445391e+07 
spinfreq1  -1.7157552849526477829e-05 
delaymax 1.1106987423423081558e-02 

********** Integrateur ***************
Tolerance level of integrator, tolint :  9.9999999999999999998e-17 
Mass scale, mass :  1.9884754153381438001e+30 
Length scale, length :  7.2598098929865264587e+10 
Time scale (sec), timescale :  2.0802912962928924088e+06 
Time scale (days), timedays :  2.4077445558945513991e+01 
Integration starting time, t0 :  0.0000000000000000000e+00 
Starting step, dt0  5.4138600512263155666e-05 
ntneg  254 
int_M0  1.4378144084716032246e+00 
int_M1  1.9753638530673400857e-01 
int_M2  4.1010270686976495376e-01 
Number of integration stops, n  458937 
roemer_second_order  -1 

 Initial state vector (at time t0) : 
-2.8892294581966355692e-01
-2.9780130011129933581e-01
2.9269271901249679273e-01
-3.2006212320542062113e-01
-2.5330339100060115444e-01
2.5554180152378401216e-01
1.1671258704378082409e+00
1.1660971059497021235e+00
-1.1492646255926133624e+00
-2.3649925453424856881e-01
4.7239648346954923831e+00
-7.0752673226851891465e+00
8.2541656581726713789e-01
1.3115619817681873118e-01
-1.9072290601804804927e-01
-4.5376459074361007429e+00
-1.7916586712153851236e+00
2.0086772393376656212e+00
-7.0822662475138770490e-01
4.0316605889820974879e-01
-2.9885850138233145692e-01
3.4559620738625317549e-01
-5.0714283610844247961e-01
-2.4807493652791050149e-01


********** Tempo 2 ***************

*** Infos from tempo2 
('datafile : ', '0337_20211005-sorted-sun5deg-res25microsec-58631_58780_clipped.tim')
PREFLIGHT {'label': 'nonlinear_minus', 'tolerance': '1e-16', 'mesh': 250, 'errtoe_days': '1e-14', 'source_sha256': '2b9193284cbb129b662def8a0917052d8b507257227caddc07487900cc3e79ac', 'compute_sha256': '17f6124bb2bdd2afd04c42a66ee245d899cc8fc8b96750fffaa67c49fe644e72', 'library_sha256': 'a73af713afb1cdba35c6948dcf6ecdcc4a38898ff85a1cc1749381bb512ed67a', 'interface_sha256': '88879ea56c3959f68c871e4d40ec332294e593f515a90a5ed1364a109567c982', 'par_sha256': '3e5717ba2cb044ab04ab8ad99f089cdd8a59d4c0034f29b0d97f3b37b75d9787', 'tim_sha256': 'ea41f164d5f945c39ecbcf6415bf8d8aba5521b9f77b3fc5380234741591200d', 'baseline_seconds': 44.851950304999946, 'archived_max_difference_us': 0.0}
ITER {'iteration': 0, 'evaluations': 2, 'accepted': True, 'trust': 15.0, 'deviance': np.float64(112315.54833934801), 'sigma': np.float64(53.747329958638836), 'red_amplitude_us': np.float64(1180.3998574033412), 'gamma': np.float64(2.380481087116453), 'noise_success': True, 'proposal_success': True, 'eccentricity_extra': 0.2168370411060498, 'maximum_step': 10.0, 'scaled_parameters': [9.999999999999057, 10.0, -10.0, -10.0, 10.0, 10.0, 8.538796763534638, 10.0, -10.0, 10.0, 9.33707640965881, -9.807106164748499, 10.0, -10.0, 10.0, 10.0, 10.0, 10.0, -10.0, 10.0, -10.0, 10.0, -10.0, 10.0, 10.0, 10.0, 10.0, 10.0]}
ITER {'iteration': 1, 'evaluations': 3, 'accepted': True, 'trust': 22.5, 'deviance': np.float64(98280.42743397546), 'sigma': np.float64(30.510260188706916), 'red_amplitude_us': np.float64(6250.726845649631), 'gamma': np.float64(3.5518194977180064), 'noise_success': True, 'proposal_success': True, 'eccentricity_extra': 0.4285700079621967, 'maximum_step': 15.0, 'scaled_parameters': [-4.999999999956227, 24.999999999957886, -25.0, -25.0, 25.0, 25.0, -6.461203236421875, 1.4031091516888914, 4.999999999955234, 25.0, 24.337076409569928, -24.159188858579107, 24.999999999918337, -24.9999999999216, -4.999999999951971, 24.172345055143417, 24.999999999982432, 25.0, -25.0, 24.99999999993285, -24.99999999990876, 24.999999999815017, 4.999999999957314, -4.999999999955412, -4.999999999927507, -4.999999999956584, 24.999999999935376, 24.999999999918618]}
ITER {'iteration': 2, 'evaluations': 4, 'accepted': True, 'trust': 33.75, 'deviance': np.float64(46932.340039909315), 'sigma': np.float64(3.8562368067620114), 'red_amplitude_us': np.float64(11495.279909041508), 'gamma': np.float64(3.99500235907567), 'noise_success': True, 'proposal_success': True, 'eccentricity_extra': 0.3511137578756055, 'maximum_step': 22.5, 'scaled_parameters': [-27.499999999956227, 2.499999999957886, -47.5, -47.5, 47.5, 47.5, -7.728832623049327, 23.90310915168889, 10.173202193738831, 38.05870802940076, 33.15938433051383, -31.776894047586783, 46.89162060249892, -2.4999999999217195, 17.50000000004803, 30.98928978843945, 47.499999999982435, 47.5, -39.93241801669227, 47.499999999932854, -40.4773737169503, 24.54412340024434, -7.735777040668184, 5.475569891993269, 17.500000000072493, -0.22130662591454264, 20.888050547799125, 38.721941908330535]}
ITER {'iteration': 3, 'evaluations': 7, 'accepted': True, 'trust': 50.625, 'deviance': np.float64(45386.26438295353), 'sigma': np.float64(3.6250128530072048), 'red_amplitude_us': np.float64(10806.011017300749), 'gamma': np.float64(4.018071906603865), 'noise_success': True, 'proposal_success': True, 'eccentricity_extra': 0.36479987534375685, 'maximum_step': 33.74999999999823, 'scaled_parameters': [-34.99923532475547, -2.726715083428635, -55.93749999999941, -55.93749999999931, 55.937499999999126, 55.937499999999076, -6.552901392256909, 21.567127548614504, 9.03216485470668, 32.671108476518704, 28.866998841127558, -27.85440458140615, 39.64396063385662, -2.7696590759658606, 25.920015399397506, 27.326642754713294, 55.937499999981995, 52.02887062713846, -31.49491801669288, 55.937499999932356, -37.210784322294096, 25.02543575695785, -5.7660582158769, 3.842948780580354, 14.316147627385295, -1.0703861192075013, 21.874977499768818, 37.12684608636987]}
ITER {'iteration': 4, 'evaluations': 8, 'accepted': True, 'trust': 75.9375, 'deviance': np.float64(30445.728712711454), 'sigma': np.float64(1.9928213851491687), 'red_amplitude_us': np.float64(5940.516824807974), 'gamma': np.float64(4.111826118261231), 'noise_success': True, 'proposal_success': True, 'eccentricity_extra': 0.3591634353771682, 'maximum_step': 50.625, 'scaled_parameters': [-30.679994776210812, 0.4568462585334916, -95.36005447467605, -106.56249999999932, 106.56249999999912, 106.56249999999908, -1.2127167160037367, 6.191509199934407, 4.054723717193394, 28.68057759153074, 9.973872056630693, -10.262126021348074, 33.51926290321326, -3.3693563412366507, 19.424824831113863, 11.157549167035484, 72.51317904638857, 44.125825431278415, -0.9652418091650077, 83.24750178930508, -11.135409989397683, 24.778278284064466, -6.473544330207327, 4.470043198559989, 15.515459709351543, -0.7714196818467094, 21.42124708903529, 37.481162772904305]}
ITER {'iteration': 5, 'evaluations': 10, 'accepted': True, 'trust': 100.0, 'deviance': np.float64(20401.779180086614), 'sigma': np.float64(1.3311179945210734), 'red_amplitude_us': np.float64(3968.0068174625612), 'gamma': np.float64(3.955173505638449), 'noise_success': True, 'proposal_success': True, 'eccentricity_extra': 0.35807426871020015, 'maximum_step': 32.7934178288397, 'scaled_parameters': [-29.576670278956414, 1.221962622774727, -90.21131682581428, -95.75196834400792, 118.18162565452646, 122.95920891441892, -0.750569211486797, 1.0591046334048313, 2.69394369522656, 26.20279087803858, 6.060012372670794, -6.468323109368425, 31.32676260627176, -3.6501337675732164, 17.915663494401553, 7.262012397031114, 67.36167688134931, 36.67364435998839, 2.649903303530365, 79.77608130754017, 1.2418436443522616, 24.656475896970313, -6.478796514792221, 4.491765503493805, 15.479981351515388, -0.736352884662239, 21.30693644706285, 37.212614303286884]}
ITER {'iteration': 6, 'evaluations': 11, 'accepted': True, 'trust': 100.0, 'deviance': np.float64(19017.51633959143), 'sigma': np.float64(1.25974666211248), 'red_amplitude_us': np.float64(3755.2518740733544), 'gamma': np.float64(4.018269096797272), 'noise_success': True, 'proposal_success': True, 'eccentricity_extra': 0.359410168960911, 'maximum_step': 26.427731114830955, 'scaled_parameters': [-30.086474112838662, 0.9653787697458898, -77.33696361398962, -69.32423722917696, 123.88221060551504, 134.002930794187, -0.012985349098500465, -1.7274617630037494, 1.2086148601274136, 23.03458676961306, 0.42828598233457615, -0.7985724300456649, 24.071956800644255, -3.794539608341069, 17.048336684717693, 1.391769943584566, 58.0774565814343, 30.667754552586153, 4.6178977803254675, 68.91288141300035, 2.887619862037871, 24.74278589107329, -6.359537531009105, 4.414210197953033, 15.417797681269505, -0.8449329987726956, 21.37865004349999, 37.13231224440957]}
ITER {'iteration': 7, 'evaluations': 12, 'accepted': True, 'trust': 100.0, 'deviance': np.float64(16997.404763663006), 'sigma': np.float64(1.1614032346874008), 'red_amplitude_us': np.float64(3462.0942486175063), 'gamma': np.float64(3.9666397978499686), 'noise_success': True, 'proposal_success': True, 'eccentricity_extra': 0.3614689719144244, 'maximum_step': 17.002125372221123, 'scaled_parameters': [-31.304342511039682, 0.22623414666174446, -68.77216584447349, -52.322111856955836, 122.72950442925784, 135.00100761350123, 0.06681691531386742, -0.057087932037930944, 0.9839015711119207, 21.595008338119822, -0.8529909527652615, 0.5396294984540955, 18.682928760376512, -3.7493982862252504, 17.20903779773858, 0.05437302221447138, 52.58309221095536, 29.699515144446902, 4.512922619067904, 61.22635021878691, -2.4002725345380633, 24.913520897165437, -6.243105718590513, 4.326460795283676, 15.388253415620044, -0.9740837664650046, 21.529037457545005, 37.24725356827518]}
ITER {'iteration': 8, 'evaluations': 13, 'accepted': True, 'trust': 100.0, 'deviance': np.float64(16618.535496585228), 'sigma': np.float64(1.144056944258221), 'red_amplitude_us': np.float64(3410.385685617097), 'gamma': np.float64(3.9897236112787895), 'noise_success': True, 'proposal_success': True, 'eccentricity_extra': 0.36373161979613344, 'maximum_step': 15.262752845885052, 'scaled_parameters': [-32.57866428103409, -0.5337726285805039, -60.59300741763034, -37.05935901107078, 123.54458056253377, 138.2836376520962, 0.03364337096879282, 1.4312675615209076, 0.8197046796830814, 19.835334405180735, -1.289212134352864, 0.9430002010941867, 13.285429846188332, -3.693355331266748, 17.400535686826395, -0.2605256894382455, 47.47302254032898, 28.43251023388067, 5.551872143742411, 54.350848604583064, -5.343282365414704, 25.108774023422654, -6.128701387463585, 4.2401306452995575, 15.376141975623732, -1.1099730148906162, 21.699600772670895, 37.40203893425237]}
ITER {'iteration': 9, 'evaluations': 15, 'accepted': True, 'trust': 100.0, 'deviance': np.float64(16550.95996467722), 'sigma': np.float64(1.141124245562307), 'red_amplitude_us': np.float64(3401.6434340159253), 'gamma': np.float64(4.013456619895085), 'noise_success': True, 'proposal_success': True, 'eccentricity_extra': 0.36497639606739957, 'maximum_step': 15.963579749694109, 'scaled_parameters': [-33.23729327300153, -0.9175435198927069, -56.11467881483898, -29.07756913622373, 124.77235685904894, 141.06790705383855, -0.005137373888243861, 1.7479525563772214, 0.6962692962142507, 18.61157929561475, -1.3570476027688698, 0.9775751826759833, 10.321973879144805, -3.6718885585130447, 17.455862654131245, -0.26126630815767693, 44.573517025759394, 27.319470537343197, 6.2523520958278915, 50.79326873597216, -5.642694740011471, 25.217105451845455, -6.067389842411998, 4.1944238278260695, 15.373402156506225, -1.1843572094410268, 21.793717585973003, 37.48792278069842]}
ITER {'iteration': 10, 'evaluations': 16, 'accepted': True, 'trust': 100.0, 'deviance': np.float64(16399.526963561133), 'sigma': np.float64(1.1345614397933426), 'red_amplitude_us': np.float64(3382.0799857415273), 'gamma': np.float64(4.063983116160409), 'noise_success': True, 'proposal_success': True, 'eccentricity_extra': 0.3673267252966768, 'maximum_step': 15.566916478976903, 'scaled_parameters': [-34.43808246098097, -1.6092693781562255, -47.2889621618818, -13.510652657246826, 127.90877761084971, 147.4908270586132, -0.09935940002652294, 1.847634220499656, 0.4107042381410195, 15.880303768728087, -1.3956827131340166, 0.949093661858883, 4.54451440229145, -3.6427942419316772, 17.477266905554274, -0.190137916806968, 38.64553417642401, 24.379722427174446, 7.579606003636027, 43.91729741790374, -5.010767259449201, 25.420598017168338, -5.949750043452501, 4.107721377286025, 15.368812156112279, -1.3266103121494202, 21.96988714375956, 37.64048517574727]}
ITER {'iteration': 11, 'evaluations': 17, 'accepted': True, 'trust': 100.0, 'deviance': np.float64(16260.431487400692), 'sigma': np.float64(1.1284791836657793), 'red_amplitude_us': np.float64(3363.9490357588343), 'gamma': np.float64(4.097446964937214), 'noise_success': True, 'proposal_success': True, 'eccentricity_extra': 0.36894421939626154, 'maximum_step': 11.128144322585245, 'scaled_parameters': [-35.23146550659934, -2.062231320819801, -40.887688222214244, -2.3825083346615816, 130.62422786212727, 152.75893354177563, -0.1790857689662892, 1.426975297119886, 0.18088210434284677, 13.463314264247813, -1.2972381578365093, 0.8187148833505751, 0.42868198866507434, -3.6247060296351026, 17.423130442032207, -0.06805892452407436, 34.042212997944794, 21.308830328910105, 8.163292406773646, 39.024375552307546, -3.6414741376663358, 25.55913489624496, -5.866112315642777, 4.046824075056694, 15.366248538509403, -1.4271962622176448, 22.08928261516823, 37.73482199215376]}
ITER {'iteration': 12, 'evaluations': 18, 'accepted': True, 'trust': 100.0, 'deviance': np.float64(16067.849463408118), 'sigma': np.float64(1.1199113515981767), 'red_amplitude_us': np.float64(3338.408688325282), 'gamma': np.float64(4.113836147442987), 'noise_success': True, 'proposal_success': True, 'eccentricity_extra': 0.3698276055529477, 'maximum_step': 7.092848952996306, 'scaled_parameters': [-35.63810098479074, -2.293635223981322, -36.82154436138859, 4.710340618334724, 132.7011386132203, 156.6177292121668, -0.24012493238757676, 0.8752038010634567, 0.03027765687389833, 11.511543680639809, -1.1448154460098505, 0.6687535964023799, -2.0794099394486234, -3.6131221159363123, 17.309049095822754, 0.0355424109855805, 30.78239035370727, 18.34609504189161, 8.088417096769478, 35.92945042730925, -2.1618457251113816, 25.6319076568322, -5.815301528739795, 4.010702342754248, 15.36337315455651, -1.486451171644025, 22.15139943310625, 37.76946936787925]}
ITER {'iteration': 13, 'evaluations': 19, 'accepted': True, 'trust': 100.0, 'deviance': np.float64(16003.422103643485), 'sigma': np.float64(1.1170867224682788), 'red_amplitude_us': np.float64(3329.988587560082), 'gamma': np.float64(4.12338420611163), 'noise_success': True, 'proposal_success': True, 'eccentricity_extra': 0.3702139068421299, 'maximum_step': 4.197735490804751, 'scaled_parameters': [-35.804816056812136, -2.393081296680719, -34.47810569535755, 8.908076109139476, 133.98492369988068, 159.01915816645592, -0.27862200205892673, 0.4731102639350544, -0.04447807832838842, 10.026387888135476, -0.988706653084348, 0.5390554486150378, -3.428134722348866, -3.5981342420124243, 17.192577924705184, 0.10407123827255406, 28.599608467459014, 15.74707643543845, 7.594193769887757, 34.0932077758396, -1.2004961108087895, 25.66037226955992, -5.787118667512431, 3.991206050675816, 15.360008826946455, -1.5173376258731974, 22.175180538979134, 37.7670828795237]}
ITER {'iteration': 14, 'evaluations': 20, 'accepted': True, 'trust': 100.0, 'deviance': np.float64(15985.397490598745), 'sigma': np.float64(1.1163168791002953), 'red_amplitude_us': np.float64(3327.693716823521), 'gamma': np.float64(4.1289196604251295), 'noise_success': True, 'proposal_success': True, 'eccentricity_extra': 0.3703018929787599, 'maximum_step': 2.36295784986819, 'scaled_parameters': [-35.832941564293954, -2.4176283190910453, -33.22628631854643, 11.271033959007665, 134.7276681054003, 160.4432133699047, -0.3012223341562568, 0.24695407459701743, -0.06798284468192863, 8.892414426660064, -0.8477756182445513, 0.4355821402924065, -4.053760810318147, -3.579259880540803, 17.084751546076504, 0.14454208622518566, 27.132917565971297, 13.525041180833515, 6.917829082925908, 33.04383506498415, -0.6825006485503761, 25.66242699575286, -5.772840695360329, 3.9817881561798316, 15.35649021234292, -1.5309459747239138, 22.176203682004438, 37.7444748779293]}
ITER {'iteration': 15, 'evaluations': 21, 'accepted': True, 'trust': 100.0, 'deviance': np.float64(15979.110144078746), 'sigma': np.float64(1.116057290891365), 'red_amplitude_us': np.float64(3326.9198952787683), 'gamma': np.float64(4.132172891253947), 'noise_success': True, 'proposal_success': True, 'eccentricity_extra': 0.37021575403298146, 'maximum_step': 1.8748309087629769, 'scaled_parameters': [-35.780535233759316, -2.398478277704161, -32.63571088625543, 12.505898954272105, 135.1462518324217, 161.27569106191294, -0.31419441390213954, 0.1372049732975616, -0.06335879561235752, 8.01390532482437, -0.7260339694844259, 0.354015512128471, -4.245768945218374, -3.558587299505699, 16.983744767132162, 0.16675708131860645, 26.124113013036787, 11.650210272070538, 6.202587541427649, 32.47532438189069, -0.4301014522074242, 25.64920708427976, -5.766932281630836, 3.9783976301776436, 15.352960155480133, -1.534228906862524, 22.164122776447797, 37.71147931482348]}
DONE minus uncertified stationary point
 Tempo vector Earth-> pulsar : 0.5554845674 0.7768264261 0.2966101804 : 
 Tempo velocity pulsar : -0.0000019530 0.0000022445 -0.0000022210 : 
 Tempo nobs : 12474 
 Tempo : max shklovskii : 0.0000000000 : 
 Tempo : ecliptic coordinates : 0 
 Tempo : POSEPOCH : 5.7205000000000000000e+04
 Tempo : psr[p].param[param_px].val[0] : 0.9002339877 
 Tempo : psr[p].param[param_pmrv].paramSet[0] : 0 
 Tempo : psr[p].t2cMethod - T2C_IAU2000B : 0 
 Tempo : Any psr[0].obsn[i].delayCorr = 0 ?  (not good !!) (0 if yes) : 1.000000e+00 
 Tempo : strcmp(psr[p].obsn[i].telID,'STL_FBAT') = 0 ?  (0 pas bien !) (0 if yes): 1.000000e+00 
 Tempo : psr[0].obsn[i].telID : ncyobs
 Tempo : psr[p].nTelDX (0 bien) : 0
 Tempo : psr[p].nTelDY (0 bien) : 0
 Tempo : psr[p].nTelDZ (0 bien) : 0
 Tempo : JPL ephemeris file : /home/lpaiu/work/nutimo_pilot/install/third_party/tempo2/ephemeris/DE430.1950.2050 
 Tempo : DM : 2.1316462622e+01 
 Tempo : DM1 : 1.6823753779e-05 

 WARNING : Bad combination of quadrupole and integrator type !

 WARNING : Bad combination of quadrupole and integrator type !

 WARNING : Bad combination of quadrupole and integrator type !

 WARNING : Bad combination of quadrupole and integrator type !

 WARNING : Bad combination of quadrupole and integrator type !

 WARNING : Bad combination of quadrupole and integrator type !

 WARNING : Bad combination of quadrupole and integrator type !

 WARNING : Bad combination of quadrupole and integrator type !

 WARNING : Bad combination of quadrupole and integrator type !
