{"classification": "Counterexample candidate", "passed": true, "seconds": 36.09141775299986, "new_native_bank_calls": 0, "coefficient_model": "existing corrected native interpolation, centered relative jets", "full_uniform_derivative_bound": false}
{"stage": "bank", "complete": true, "seconds": 39.99054987699992}
{"classification": "Counterexample candidate", "reference": 128, "steps": 64, "completed_steps": 4, "new_steps": 4, "seconds": 11.278783463999844, "operator_point_seconds": 3.3695515250001336, "operator_points": 3, "stepping_seconds": 7.676133284999878, "energy_balance_relative": 1.6933959533383036e-12, "species_balance_relative": 2.3536495594425195e-13, "linear_relative": 2.730850873563224e-13, "max_Krylov_iterations": 10, "frequency_moment_relative": 0.0, "endpoint_photon_reference_energy_erg": 1.3048635707353774e+24, "endpoint_material_reference_energy_erg": -1.2996298427389238e+24, "endpoint_material_energy_L1_erg": 1.7535125509548628e+24, "additional_material_motion_evolved": false, "full_GR_feedback": false, "final_charge_solved": false, "passed": true}
{"classification": "Counterexample candidate", "reference": 128, "steps": 128, "completed_steps": 8, "new_steps": 8, "seconds": 18.511126344000104, "operator_point_seconds": 3.0903031390000706, "operator_points": 3, "stepping_seconds": 15.211626674999934, "energy_balance_relative": 1.0567204218185169e-11, "species_balance_relative": 1.7299869545703506e-12, "linear_relative": 9.143515646055678e-13, "max_Krylov_iterations": 7, "frequency_moment_relative": 0.0, "endpoint_photon_reference_energy_erg": 1.3016956815577e+24, "endpoint_material_reference_energy_erg": -1.2964376823670713e+24, "endpoint_material_energy_L1_erg": 1.7494825424471802e+24, "additional_material_motion_evolved": false, "full_GR_feedback": false, "final_charge_solved": false, "passed": true}
{"classification": "Counterexample candidate", "rows": [{"classification": "Counterexample candidate", "reference": 128, "steps": 64, "completed_steps": 4, "new_steps": 4, "seconds": 11.278783463999844, "operator_point_seconds": 3.3695515250001336, "operator_points": 3, "stepping_seconds": 7.676133284999878, "energy_balance_relative": 1.6933959533383036e-12, "species_balance_relative": 2.3536495594425195e-13, "linear_relative": 2.730850873563224e-13, "max_Krylov_iterations": 10, "frequency_moment_relative": 0.0, "endpoint_photon_reference_energy_erg": 1.3048635707353774e+24, "endpoint_material_reference_energy_erg": -1.2996298427389238e+24, "endpoint_material_energy_L1_erg": 1.7535125509548628e+24, "additional_material_motion_evolved": false, "full_GR_feedback": false, "final_charge_solved": false, "passed": true}, {"classification": "Counterexample candidate", "reference": 128, "steps": 128, "completed_steps": 8, "new_steps": 8, "seconds": 18.511126344000104, "operator_point_seconds": 3.0903031390000706, "operator_points": 3, "stepping_seconds": 15.211626674999934, "energy_balance_relative": 1.0567204218185169e-11, "species_balance_relative": 1.7299869545703506e-12, "linear_relative": 9.143515646055678e-13, "max_Krylov_iterations": 7, "frequency_moment_relative": 0.0, "endpoint_photon_reference_energy_erg": 1.3016956815577e+24, "endpoint_material_reference_energy_erg": -1.2964376823670713e+24, "endpoint_material_energy_L1_erg": 1.7494825424471802e+24, "additional_material_motion_evolved": false, "full_GR_feedback": false, "final_charge_solved": false, "passed": true}], "equal_horizon": [0.0035771041522354866, 0.002303543547136519, 0.001971691018744533, 0.005173175574868542, 0.0038128192806577504, 0.0018671929753159397], "forecast_each_seconds": [155.3465797615477, 265.6861179126661], "upper_seconds": 842.0653953484275, "eligible": true, "seconds": 46.976380056999915}
{"stage": "photon_pilot", "complete": true, "seconds": 46.97850489099983}
{"classification": "Counterexample candidate", "reference": 128, "steps": 64, "completed_steps": 64, "new_steps": 60, "seconds": 179.50793040300027, "operator_point_seconds": 23.720805634999806, "operator_points": 16, "stepping_seconds": 153.68997844500018, "energy_balance_relative": 6.69464623074953e-11, "species_balance_relative": 9.722599392932728e-12, "linear_relative": 9.680094556181012e-13, "max_Krylov_iterations": 10, "frequency_moment_relative": 0.0, "endpoint_photon_reference_energy_erg": -2.769839116361566e+25, "endpoint_material_reference_energy_erg": 3.2495031313139667e+25, "endpoint_material_energy_L1_erg": 3.262254283090895e+25, "additional_material_motion_evolved": false, "full_GR_feedback": false, "final_charge_solved": false, "passed": true}
{"classification": "Counterexample candidate", "reference": 128, "steps": 128, "completed_steps": 128, "new_steps": 120, "seconds": 335.87859745700007, "operator_point_seconds": 25.88998447200038, "operator_points": 16, "stepping_seconds": 307.7211840619998, "energy_balance_relative": 1.4134301243241234e-10, "species_balance_relative": 2.69295799386206e-11, "linear_relative": 9.918308402963868e-13, "max_Krylov_iterations": 7, "frequency_moment_relative": 0.0, "endpoint_photon_reference_energy_erg": -2.7690211342498353e+25, "endpoint_material_reference_energy_erg": 3.248603625640002e+25, "endpoint_material_energy_L1_erg": 3.2613542697825444e+25, "additional_material_motion_evolved": false, "full_GR_feedback": false, "final_charge_solved": false, "passed": true}
{"classification": "Counterexample candidate", "passed": true, "paths": [{"classification": "Counterexample candidate", "reference": 128, "steps": 64, "completed_steps": 64, "new_steps": 60, "seconds": 179.50793040300027, "operator_point_seconds": 23.720805634999806, "operator_points": 16, "stepping_seconds": 153.68997844500018, "energy_balance_relative": 6.69464623074953e-11, "species_balance_relative": 9.722599392932728e-12, "linear_relative": 9.680094556181012e-13, "max_Krylov_iterations": 10, "frequency_moment_relative": 0.0, "endpoint_photon_reference_energy_erg": -2.769839116361566e+25, "endpoint_material_reference_energy_erg": 3.2495031313139667e+25, "endpoint_material_energy_L1_erg": 3.262254283090895e+25, "additional_material_motion_evolved": false, "full_GR_feedback": false, "final_charge_solved": false, "passed": true}, {"classification": "Counterexample candidate", "reference": 128, "steps": 128, "completed_steps": 128, "new_steps": 120, "seconds": 335.87859745700007, "operator_point_seconds": 25.88998447200038, "operator_points": 16, "stepping_seconds": 307.7211840619998, "energy_balance_relative": 1.4134301243241234e-10, "species_balance_relative": 2.69295799386206e-11, "linear_relative": 9.918308402963868e-13, "max_Krylov_iterations": 7, "frequency_moment_relative": 0.0, "endpoint_photon_reference_energy_erg": -2.7690211342498353e+25, "endpoint_material_reference_energy_erg": 3.248603625640002e+25, "endpoint_material_energy_L1_erg": 3.2613542697825444e+25, "additional_material_motion_evolved": false, "full_GR_feedback": false, "final_charge_solved": false, "passed": true}], "time_comparison": [0.00029593418466696426, 0.00027991063562755474, 0.001737491166540277, 0.00019005838388855414, 0.0002730638148844404, 0.00032890349390201045], "order": ["photon_energy", "material_energy", "neutral_H", "momentum_impulse", "photon_radial_pressure", "material_pressure"], "seconds": 524.1133210760001, "actual_native_defect_in_finite_response": true, "free_material_return": false, "GR_readout": false, "native_background_time_audit": false, "uniform_EOS_derivative_bound": false, "coupled_fixed_point_verified": false, "final_charge_solved": false}
{"stage": "photon_production", "complete": true, "seconds": 524.1145881750001}
multiprocessing.pool.RemoteTraceback: 
"""
Traceback (most recent call last):
  File "/usr/lib/python3.10/multiprocessing/pool.py", line 125, in worker
    result = (True, func(*args, **kwds))
  File "/usr/lib/python3.10/multiprocessing/pool.py", line 48, in mapstar
    return list(map(*args))
  File "/home/lpaiu/work/native-retained-tail-runtime/verification/def_retained_native_return.py", line 256, in hydro_job
    r=hydro_sources(pilot,[k],label);r['CPU_seconds']=time.process_time()-start
  File "/home/lpaiu/work/native-retained-tail-runtime/verification/def_retained_native_return.py", line 237, in hydro_sources
    row=dict(classification='Counterexample candidate',k=k,seconds=duration,shared=allshared,balance=balance,owner=p['owner_error'],flux_resolution=resolution,rate_L1=np.asarray(np.sum(abs(rate),axis=1),float).tolist());assert row['owner']<1e-8 and resolution<.002
AssertionError
"""

The above exception was the direct cause of the following exception:

Traceback (most recent call last):
  File "/home/lpaiu/work/native-retained-tail-runtime/verification/def_retained_native_return.py", line 388, in <module>
    execute(stage,initialized);initialized=True
  File "/home/lpaiu/work/native-retained-tail-runtime/verification/def_retained_native_return.py", line 363, in execute
    elif action.startswith('hydro_'):hydro_parallel('pilot' in action)
  File "/home/lpaiu/work/native-retained-tail-runtime/verification/def_retained_native_return.py", line 267, in hydro_parallel
    with mp.get_context('fork').Pool(3) as pool:rows=pool.map(hydro_job,[(pilot,k) for k in pending])
  File "/usr/lib/python3.10/multiprocessing/pool.py", line 367, in map
    return self._map_async(func, iterable, mapstar, chunksize).get()
  File "/usr/lib/python3.10/multiprocessing/pool.py", line 774, in get
    raise self._value
AssertionError
