PASS molecular extended evaluator provenance and finite controls; no physical certificate
Traceback (most recent call last):
  File "/mnt/e/lab/self-mass-unobservability/verification/gr_molecular_structure.py", line 168, in <module>
    if __name__=='__main__':globals()[sys.argv[1]]()
  File "/mnt/e/lab/self-mass-unobservability/verification/gr_molecular_structure.py", line 89, in table
    save('known-roots.json',dict(classification='Counterexample candidate',rows=controls,statistics=stats))
  File "/mnt/e/lab/self-mass-unobservability/verification/gr_molecular_structure.py", line 13, in save
    def save(name,value): (OUT/name).write_text(json.dumps(value,ensure_ascii=False,indent=2)+'\n')
  File "/usr/lib/python3.10/json/__init__.py", line 238, in dumps
    **kw).encode(obj)
  File "/usr/lib/python3.10/json/encoder.py", line 201, in encode
    chunks = list(chunks)
  File "/usr/lib/python3.10/json/encoder.py", line 431, in _iterencode
    yield from _iterencode_dict(o, _current_indent_level)
  File "/usr/lib/python3.10/json/encoder.py", line 405, in _iterencode_dict
    yield from chunks
  File "/usr/lib/python3.10/json/encoder.py", line 325, in _iterencode_list
    yield from chunks
  File "/usr/lib/python3.10/json/encoder.py", line 405, in _iterencode_dict
    yield from chunks
  File "/usr/lib/python3.10/json/encoder.py", line 438, in _iterencode
    o = _default(o)
  File "/usr/lib/python3.10/json/encoder.py", line 179, in default
    raise TypeError(f'Object of type {o.__class__.__name__} '
TypeError: Object of type bool is not JSON serializable
