Traceback (most recent call last):
  File "/home/lpaiu/work/native-retained-tail-runtime/verification/continue_native_flux_precision.py", line 173, in <module>
    fn=FunctionType(prior.evolve.__code__,dict(prior.evolve.__globals__,OUT=OUT,initialize=initialize));fn(64 if action=='coarse' else 128)
  File "/home/lpaiu/work/native-retained-tail-runtime/verification/continue_postfloor_native.py", line 118, in evolve
    (OUT/'expanded-postfloor-evolve.py').write_text(source);ns['evolve'](n)
  File "/home/lpaiu/work/native-retained-tail-runtime/verification/continue_postfloor_native.py", line 37, in evolve
    claim='Continue the remaining actual coupled period from114accepted substeps with Newton proposals initialized from the accepted post-floor gas.',
  File "/home/lpaiu/work/native-retained-tail-runtime/verification/balance_full_native_krylov.py", line 42, in run
    import sympy as sp
  File "/home/lpaiu/work/native-retained-tail-runtime/verification/continue_postfloor_native.py", line 27, in saved_stage
    assert np.array_equal(cells,[260,261]) and not np.any(q['g'][cells])
  File "/home/lpaiu/work/native-retained-tail-runtime/verification/continue_native_flux_precision.py", line 27, in stages
    for p in files:dst=OUT/p.relative_to(OLD);os.link(p,dst);reused[str(dst)]=sha(p)
  File "/home/lpaiu/work/native-retained-tail-runtime/verification/continue_postfloor_native.py", line 7, in solve
    from pathlib import Path
  File "/home/lpaiu/work/native-retained-tail-runtime/verification/polish_full_native_roundoff.py", line 37, in solve
    files += [prior.OLD/'last-accepted-64.npz',prior.EARLIER/'last-accepted-64.npz']
  File "/home/lpaiu/work/native-retained-tail-runtime/verification/balance_full_native_krylov.py", line 13, in solve
    before,stable,owner,joint=prior.before,prior.stable,prior.owner,prior.joint
AssertionError: ('Four-moment linear residual', 1.7944029943355525e-14, [np.longdouble('2.0310400592099698016e-19'), np.longdouble('2.5810319085546680777e-20'), np.longdouble('4.6655187390485645297e-21'), np.longdouble('2.6807706434439786844e-30')])
