EXCITATION 128 / 5735
EXCITATION 256 / 5735
EXCITATION 384 / 5735
EXCITATION 512 / 5735
EXCITATION 640 / 5735
EXCITATION 768 / 5735
EXCITATION 896 / 5735
EXCITATION 1024 / 5735
EXCITATION 1152 / 5735
EXCITATION 1280 / 5735
EXCITATION 1408 / 5735
EXCITATION 1536 / 5735
concurrent.futures.process._RemoteTraceback: 
"""
Traceback (most recent call last):
  File "/usr/lib/python3.10/concurrent/futures/process.py", line 246, in _process_worker
    r = call_item.fn(*call_item.args, **call_item.kwargs)
  File "/mnt/e/lab/self-mass-unobservability/verification/excitation_curvature.py", line 220, in block
    save(f'block-{start}.json',record);assert record['passed'],start;return record
AssertionError: 1664
"""

The above exception was the direct cause of the following exception:

Traceback (most recent call last):
  File "/mnt/e/lab/self-mass-unobservability/verification/excitation_curvature.py", line 243, in <module>
    if __name__=='__main__': globals()[sys.argv[1]]()
  File "/mnt/e/lab/self-mass-unobservability/verification/excitation_curvature.py", line 230, in run
    rows+=done.result()['rows'];print('EXCITATION',len(rows),'/',plan['cells'],flush=True)
  File "/usr/lib/python3.10/concurrent/futures/_base.py", line 451, in result
    return self.__get_result()
  File "/usr/lib/python3.10/concurrent/futures/_base.py", line 403, in __get_result
    raise self._exception
AssertionError: 1664
