CONSERVATIVE TWO CARRIER STEP 1 {"classification": "Counterexample candidate", "step": 0, "time_seconds": 0.0, "elapsed_seconds": 53.198980077999295, "maximum_changes": [0.0, 0.0, 0.0, 0.0, 0.0], "maximum_local_energy_defect": 0.0, "maximum_local_baryon_defect": 0.0, "maximum_isotope_inventory_defect": 0.0, "isotope_inventory_defects": [0.0, 0.0, 0.0, 0.0, 0.0, 0.0, 0.0, 0.0, 0.0, 0.0, 0.0, 0.0, 0.0, 0.0, 0.0, 0.0, 0.0, 0.0, 0.0, 0.0, 0.0, 0.0, 0.0, 0.0, 0.0, 0.0], "total_energy_defect_over_initial_heat_capacity": 0.0, "relative_total_baryon_defect": 0.0, "maximum_local_rest_characteristic_speed_over_c": 0.32270080250607924, "maximum_characteristic_imaginary_part": 0.0, "sampled_cone_inside_light_cone": true}
CONSERVATIVE NATIVE STAGE 1 1 0 17640442.625519775
CONSERVATIVE NATIVE STAGE 1 1 1 11342835.819690306
CONSERVATIVE NATIVE STAGE 1 1 2 277973.5574280967
CONSERVATIVE NATIVE STAGE 1 1 3 3791.2465324485156
CONSERVATIVE NATIVE STAGE 1 1 4 37.21833269938207
CONSERVATIVE NATIVE STAGE 1 1 5 0.012572806854143834
CONSERVATIVE TWO CARRIER STEP 1 {"classification": "Counterexample candidate", "step": 1, "time_seconds": 0.00010282500222324415, "elapsed_seconds": 500.3146804559983, "maximum_changes": [3.48081778620764e-09, 0.0165421121774582, 6.770622305357987e-10, 8.601138903922306e-12, 8.601138881504634e-12], "maximum_local_energy_defect": 7.34127556488871e-12, "maximum_local_baryon_defect": 6.477115993353922e-20, "maximum_isotope_inventory_defect": 9.238179645396782e-27, "isotope_inventory_defects": [-9.238179645396782e-27, -4.116496589087053e-44, 1.4625442417049355e-31, -4.633706891270028e-27, 5.158699033875658e-42, 3.4616172553797447e-35, 8.877349343038728e-41, -1.863038673690967e-31, -3.432919489034264e-32, -8.930417474665314e-36, -4.8828278092342073e-29, -2.8373372421852466e-33, -3.89812212357107e-44, -2.0912999021531733e-36, -1.419682146010521e-28, 1.7774269148383415e-29, -4.9275438375076246e-33, -1.5416685292471173e-38, -3.7297795066494136e-37, -3.3943363644688776e-33, -3.250147267915518e-52, -5.539175258034581e-47, -2.1264259850506317e-29, -1.6067766869638905e-31, -4.131800241735884e-29, -3.2720280918514787e-31], "total_energy_defect_over_initial_heat_capacity": -1.3730795257867707e-16, "relative_total_baryon_defect": -1.410766116589673e-26, "maximum_local_rest_characteristic_speed_over_c": 0.31021395791684664, "maximum_characteristic_imaginary_part": 0.0, "sampled_cone_inside_light_cone": true}
CONSERVATIVE NATIVE STAGE 1 2 0 147048722.21602
CONSERVATIVE NATIVE STAGE 1 2 1 1936767.0908308434
CONSERVATIVE NATIVE STAGE 1 2 2 97784.4327721571
CONSERVATIVE NATIVE STAGE 1 2 3 5420.94813274902
CONSERVATIVE NATIVE STAGE 1 2 4 114.81666164869202
CONSERVATIVE NATIVE STAGE 1 2 5 1.2025060943818149
CONSERVATIVE NATIVE STAGE 1 2 6 0.002970255256528266
CONSERVATIVE TWO CARRIER STEP 1 {"classification": "Counterexample candidate", "step": 2, "time_seconds": 0.0003084750066697324, "elapsed_seconds": 865.5303995799986, "maximum_changes": [1.8752186621014568e-08, 0.04338339952908852, 1.9795813978688224e-09, 5.888688996245181e-11, 5.88868898067416e-11], "maximum_local_energy_defect": 1.2241937458486198e-11, "maximum_local_baryon_defect": 1.1658806029166071e-19, "maximum_isotope_inventory_defect": 1.6816439425939984e-26, "isotope_inventory_defects": [-1.6816439425939984e-26, -7.421451501827186e-44, 8.395045124692987e-32, -4.5514071003443076e-27, 9.337054293824139e-42, 6.209585484872975e-35, 1.5871424261024545e-40, -6.659337961445868e-32, 8.859228294598233e-33, -1.6141699893214485e-35, -4.228389104510003e-29, -3.3383023864736944e-33, -7.039539661106538e-44, -3.781121219998507e-36, -2.527313524585776e-28, 2.8436985523816617e-29, -9.983339048963757e-33, -2.780673022371101e-38, -6.716234991334086e-37, -6.743382167212377e-33, -5.865515687518342e-52, -9.98078531839836e-47, -2.7367833771639604e-29, -2.8216555476315245e-31, -6.044166765521195e-29, -3.603908739517421e-31], "total_energy_defect_over_initial_heat_capacity": -2.447375747034682e-16, "relative_total_baryon_defect": -2.1721759592857367e-26, "maximum_local_rest_characteristic_speed_over_c": 0.2810840371876825, "maximum_characteristic_imaginary_part": 0.0, "sampled_cone_inside_light_cone": true}
CONSERVATIVE NATIVE STAGE 1 3 0 525995694.81998646
CONSERVATIVE NATIVE STAGE 1 3 1 2212607.9941711356
CONSERVATIVE NATIVE STAGE 1 3 2 84277.93075634695
CONSERVATIVE NATIVE STAGE 1 3 3 6810.829961455932
CONSERVATIVE NATIVE STAGE 1 3 4 582.081850460901
CONSERVATIVE NATIVE STAGE 1 3 5 10.20849743061714
CONSERVATIVE NATIVE STAGE 1 3 6 0.6226398338071958
CONSERVATIVE TWO CARRIER STEP 1 {"classification": "Counterexample candidate", "step": 3, "time_seconds": 0.0007197750155627091, "elapsed_seconds": 1023.5006825529999, "maximum_changes": [8.830651414089624e-08, 0.062243138376808345, 4.616221196986121e-09, 2.3183297553079444e-10, 2.3183297493034504e-10], "maximum_local_energy_defect": 6.895228556733821e-11, "maximum_local_baryon_defect": 1.6532927506677882e-16, "maximum_isotope_inventory_defect": 2.291539116220671e-23, "isotope_inventory_defects": [-2.2528705980080273e-23, -1.2187444435155823e-40, -1.5458200754061255e-29, 2.291539116220671e-23, -1.961143512868499e-39, -1.1018053670549252e-32, -1.6767031063096499e-38, 3.967071570542336e-27, 1.1315903190226522e-27, -2.2130330128552682e-32, 3.137970618741718e-25, 1.1299172727571924e-29, -1.0109320277457921e-40, -5.313579892308534e-33, -5.706578266974179e-25, -3.2577453224680573e-26, -3.446950899903803e-29, -4.2876362637520957e-35, -9.720195469693585e-34, -1.5953727215967795e-29, -9.49190722740457e-49, -1.4819685546132488e-43, -2.6378625285863625e-26, 4.130796392948946e-28, -7.898606980031333e-26, -9.053747526092314e-28], "total_energy_defect_over_initial_heat_capacity": -2.1440333490433435e-16, "relative_total_baryon_defect": -3.566532022306918e-27, "maximum_local_rest_characteristic_speed_over_c": 0.2583136545973311, "maximum_characteristic_imaginary_part": 0.0, "sampled_cone_inside_light_cone": true}
CONSERVATIVE NATIVE STAGE 1 4 0 1714774636.3536139
CONSERVATIVE NATIVE STAGE 1 4 1 288267124.25855273
CONSERVATIVE NATIVE STAGE 1 4 2 23165330.358372595
CONSERVATIVE NATIVE STAGE 1 4 3 1169709.6333718768
CONSERVATIVE NATIVE STAGE 1 4 4 1087396.4274832055
CONSERVATIVE NATIVE STAGE 1 4 5 10789.284889411127
CONSERVATIVE NATIVE STAGE 1 4 6 1967.9148544648174
CONSERVATIVE NATIVE STAGE 1 4 7 15.735818798105994
CONSERVATIVE NATIVE STAGE 1 4 8 5.250174139432266
CONSERVATIVE NATIVE STAGE 1 4 9 0.2216762921292271
CONSERVATIVE TWO CARRIER STEP 1 {"classification": "Counterexample candidate", "step": 4, "time_seconds": 0.0015423750333486623, "elapsed_seconds": 1269.2265089760003, "maximum_changes": [3.7358011333576203e-07, 0.041357935280691, 9.866453566107235e-09, 3.0220040594486866e-10, 3.0220040553868364e-10], "maximum_local_energy_defect": 2.053165352629599e-10, "maximum_local_baryon_defect": 8.129093574142017e-16, "maximum_isotope_inventory_defect": 1.1266637068958251e-22, "isotope_inventory_defects": [-1.1073196175413683e-22, -5.993855299250879e-40, -2.2569063008985478e-29, 1.1266637068958251e-22, -9.719546902891072e-39, -5.457455518049686e-32, -8.337752885514396e-38, 1.950761216997018e-26, 5.565345849180379e-27, -1.0883069721668552e-31, 1.5424048238164603e-24, 5.563059398456201e-29, -4.971556583005157e-40, -2.613109147652116e-32, -2.8052130570607882e-24, -1.5998640290440725e-25, -1.6941068607115762e-28, -2.1085389804629694e-34, -4.7801905012608125e-33, -7.836446191466601e-29, -4.6682865816393556e-48, -7.288731872236939e-43, -1.2942091574599474e-25, 2.0293939358581965e-27, -3.8807671507683547e-25, -4.4386330659594866e-27], "total_energy_defect_over_initial_heat_capacity": -1.2526274085773543e-16, "relative_total_baryon_defect": 1.6560570697294986e-26, "maximum_local_rest_characteristic_speed_over_c": 0.2921486204508247, "maximum_characteristic_imaginary_part": 0.0, "sampled_cone_inside_light_cone": true}
CONSERVATIVE NATIVE STAGE 1 5 0 8956014602.036314
CONSERVATIVE NATIVE STAGE 1 5 1 10539776.776116025
CONSERVATIVE NATIVE STAGE 1 5 2 994520.4648352881
CONSERVATIVE NATIVE STAGE 1 5 3 814709.7547659058
Traceback (most recent call last):
  File "/mnt/e/lab/self-mass-unobservability/verification/gr_conservative_two_carrier.py", line 549, in <module>
    run(args.refinement,args.workers)
  File "/mnt/e/lab/self-mass-unobservability/verification/gr_conservative_two_carrier.py", line 434, in run
    delta,z = stage(star,previous,older,h,coefficients,log)
  File "/mnt/e/lab/self-mass-unobservability/verification/gr_conservative_two_carrier.py", line 262, in stage
    raise RuntimeError(('Conservative native line search failed',norm,trials))
RuntimeError: ('Conservative native line search failed', 814709.7547659058, [{'fraction': 1.0, 'norm': 945560.2221132849}, {'fraction': 0.5, 'norm': 880134.8063898516}, {'fraction': 0.25, 'norm': 847422.2350627767}, {'fraction': 0.125, 'norm': 831065.9835367332}, {'fraction': 0.0625, 'norm': 822887.8663060192}, {'fraction': 0.03125, 'norm': 818798.8098242481}, {'fraction': 0.015625, 'norm': 816754.2821173879}, {'fraction': 0.0078125, 'norm': 815732.0183928831}, {'fraction': 1.0, 'norm': 915530.4175721294}, {'fraction': 0.5, 'norm': 865119.9417965554}, {'fraction': 0.25, 'norm': 839914.8121919465}, {'fraction': 0.125, 'norm': 827312.2744554973}, {'fraction': 0.0625, 'norm': 821011.0123544849}, {'fraction': 0.03125, 'norm': 817860.3829935663}, {'fraction': 0.015625, 'norm': 816285.0687402944}, {'fraction': 0.0078125, 'norm': 815497.4117152154}])
