PASS exact complete GR cell inventory audit
PASS shared material heat faces and regular-centre initial reference bindings
PASS material rest-energy change and stored arithmetic bindings
PASS current GR scalar reference bindings; linear prescribed model only
PASS material thermodynamic increment bindings; inspect failed_cases for numerical gates
PASS material thermodynamic increment bindings; inspect failed_cases for numerical gates
PASS saved affine paths and observed native cut threshold bindings
PASS molecular source, interval model and native comparison bindings; physical EOS remains open
PASS 33 independently differentiated spectral jets inside their declared interval enclosures
PASS actual H2+ spectral support and conditional jet controls; missing levels remain explicit
PASS actual MOL-D 423-level support, provenance, positive model and independent jet controls
PASS material thermodynamic increment bindings; inspect failed_cases for numerical gates
PASS sourced H2+ native candidate bindings; read material-increments/result.json for gates
PASS 302 computed H2 levels, preserved baseline failures, independent finite grids and interval controls
PASS preserved root failure and conditional local point-representation obstruction
PASS spectral build metadata restoration; all four frozen binaries unchanged
PASS material thermodynamic increment bindings; inspect failed_cases for numerical gates
PASS sourced H2+ native candidate bindings; read material-increments/result.json for gates
PASS spectral build metadata restoration; all four frozen binaries unchanged
PASS both native spectra, declared chemical cycle and 55 material increment gates
PASS extended-precision candidate bindings; consult finite_passed, no physical or continuum certificate
PASS precision runner provenance; frozen prebuild error retained
PASS new molecular EOS whole-star reference bindings; geometry has not been refitted
PASS extended-precision candidate bindings; consult finite_passed, no physical or continuum certificate
PASS precision runner provenance; frozen prebuild error retained
PASS precision fallback block bindings; consult finite_passed, original failure retained
PASS exact-coefficient global scalar regularity and manufactured controls; conditional frozen model only
PASS molecular extended evaluator provenance and finite controls; no physical certificate
PASS exact-coefficient global scalar regularity and manufactured controls; conditional frozen model only
PASS exact scalar residual certificate; consult prior coefficient inclusion, physical errors remain open
PASS all-piece IVP control bindings; inspect certificate inclusion
PASS nonlinear exterior source and compactification controls; prescribed vacuum data only
PASS matter/photon EOS split bindings; inspect native comparison and positivity gates
PASS spherical GR radiation tensor/metric identities and controls; physical evolution remains open
PASS extended-precision candidate bindings; consult finite_passed, no physical or continuum certificate
PASS precision runner provenance; frozen prebuild error retained
PASS precision fallback block bindings; consult finite_passed, original failure retained
PASS complete mixed-precision subcell coverage and bindings; original run failure retained
PASS sourced OP Planck data connection; inspect domain/composition/EOS gaps
PASS TOPS stellar request/response bindings; acceptance needs separate analysis
PASS TOPS stellar request/response bindings; acceptance needs separate analysis
PASS TOPS returned-state audit bindings; inspect acceptance and finite mean gates
PASS TOPS stellar request/response bindings; acceptance needs separate analysis
PASS TOPS cutoff diagnostic bindings; inspect finite gates, no physical cutoff certificate
PASS TOPS stellar request/response bindings; acceptance needs separate analysis
PASS outer spectral audit bindings; inspect finite acceptance, no LTE atmosphere certificate
PASS TOPS stellar request/response bindings; acceptance needs separate analysis
PASS native outer group audit bindings; original spectral failures preserved
PASS TOPS stellar request/response bindings; acceptance needs separate analysis
PASS native outer group audit bindings; original spectral failures preserved
PASS dispersive photon model bindings; finite/physical/actual evolution remain separate
PASS Fermi plasma provenance; consult separate numerical and physical verdicts
PASS full leading-order dispersion provenance; finite checks are not physical certificates
PASS conditional plasma moment certificate; native/physical EOS remain separate
PASS exact-rational plasma coefficient/kernel error propagation
PASS conditional Coulomb matching and finite-branch boundary; complete plasma free energy remains open
PASS all saved plasma-state interval root certificates; physical/GR closure remains open
PASS 63085 exported plasma root certificates with exact rational budgets
PASS frozen screening source build; original 72-column compilation failure retained
PASS dense plasma provenance; raw provider failures and separate finite/physical verdicts retained
PASS source return audit and immutable PIMC calibration diagnostics
PASS dense plasma provenance; raw provider failures and separate finite/physical verdicts retained
PASS source quotient correction and unchanged-gate stellar derivative replay
PASS literal-aware dense plasma contract and derivative repairs; original failures preserved
PASS same inputs/criteria with eager immutable-array replay
PASS 3206 x 7 fixed-input quantum thermodynamic enclosures and exact exported budgets; physical closure remains
PASS positive-ion Hamiltonian bulk free-energy brackets at 3206 states; screened EOS and derivatives remain open
PASS screened Hamiltonian matching and 3206-state k=0 response audit; full dielectric and physical EOS remain open
PASS serialization-only replay; original state arrays and symbolic identities unchanged
PASS finite-k finite-T ideal-electron response; whole physical EOS and continuum self-energy remain open
PASS all-state ideal-medium self integral finite checks and rigorous UV-tail bounds; full EOS remains open
PASS occupied-momentum scaling; original failures and all analytic bounds retained
PASS3206 neutral ideal-electron roots and implicit density/temperature Hessians; full physical EOS remains open
PASS exact exported neutral-root budgets; original literal-budget discrepancies preserved
PASS neutral-density self thermodynamics finite checks and certified derivative tails; interior/full EOS remain open
PASS analytic predictor displacement/neutral coefficient bounds; budget passed: False {'total': {'F': 4.0870857072191406e-15, 'U': 2.400124475970809e-10, 'P': 5.70282819558158e-12, 'S': 2.4000836051137367e-10, 'CV': 1.1329069903881727e-06, 'PDT': 3.3749667326474015e-07, 'PDR': 5.86156124893341e-10}, 'center': {'F': 4.0870857072191406e-15, 'U': 2.3094944503148482e-10, 'P': 1.7791819457279092e-13, 'S': 2.309453579457776e-10, 'CV': 6.165416703783477e-08, 'PDT': 1.4521851829210811e-08, 'PDR': 1.1474991179505595e-11}, 'inverse_coefficients': {'F': 0.0, 'U': 9.313577974367544e-12, 'P': 5.585125418634765e-12, 'S': 9.313577974367544e-12, 'CV': 1.0908427917112602e-06, 'PDT': 3.2753869552854444e-07, 'PDR': 5.784395421559717e-10}}
PASS3206 neutral ideal-electron roots and implicit density/temperature Hessians; full physical EOS remains open
PASS3206 neutral ideal-electron roots and implicit density/temperature Hessians; full physical EOS remains open
PASS exact exported neutral-root budgets; original literal-budget discrepancies preserved
PASS analytic predictor displacement/neutral coefficient bounds; budget passed: True {'total': {'F': 4.087085707215482e-15, 'U': 2.3109402993486019e-10, 'P': 2.6407670383407017e-13, 'S': 2.3108994284915296e-10, 'CV': 7.799787523776938e-08, 'PDT': 1.9398587007605838e-08, 'PDR': 2.0221078447013167e-11}, 'center': {'F': 4.087085707215482e-15, 'U': 2.309494450312778e-10, 'P': 1.7791819457247234e-13, 'S': 2.3094535794557057e-10, 'CV': 6.165416703773618e-08, 'PDT': 1.452185182918479e-08, 'PDR': 1.1474991179472984e-11}, 'inverse_coefficients': {'F': 0.0, 'U': 1.51095120238674e-13, 'P': 9.00712894352752e-14, 'S': 1.51095120238674e-13, 'CV': 1.7684662632424812e-08, 'PDT': 5.279988932984768e-09, 'PDR': 9.287368509172337e-12}}
PASS same-self-term composition identities and 3206 x26 numerical mapping; complete EOS remains open
PASS exact ordinary/logarithmic Gauss rules, positive weights, remainder and exponential controls
PASS actual certified-root logarithmic momentum windows and six partial derivatives; remaining regions/outer integral open
PASS exact exported momentum-tail bounds and upward binary cutoffs; finite smooth intervals/outer Q/full EOS remain open
PASS uniform complex-Q response majorants and constructive zero-free dielectric disks; outer evaluation and physical closure remain open
PASS 54 independent complex-ray response controls and explicit out-of-domain pole control
PASS complex response stage and finite-momentum preflight; full finite run remains separately audited
PASS positive-real response and zero-free dielectric disks for all Q>0 on the continuum beta/eta box; actual outer integral remains open
PASS infrared self endpoint and seven neutral thermodynamic field enclosures; finite outer interval/full EOS remain open
PASS full momentum response and six partials at certified roots and finite Q samples; continuous Q/full EOS/GR remain open
PASS completed momentum certificate and bitwise preflight replay
PASS joint Q/eta/log-temperature analyticity and direct uniform self-integrand Cauchy bounds; actual outer evaluation remains open
PASS 3206 x17 x6 truncated thermal moment enclosures; high-Q tail/nonlinear outer propagation remain open
PASS high-Q nonlinear self integral and seven neutral thermodynamic fields; intermediate Q/full EOS remain open
PASS positive regular response identity, additive analytic strip and 72 independent controls; outer self integral remains open
PASS screening-scale joint G domains and three exact outer schedules; actual nodes/full finite integral remain open
PASS reusable interpolation/product rule and actual tail bounds; tail budget passed: True actual H coefficients/product response remain open
PASS interval continued-fraction log moments; local median speedups: [16.320125660248145, 19.951794573816986, 20.683007193948296]
PASS 48 exact outer-node preflights, independent 288-component comparison and preserved remainder-floor failure
PASS three actual H interpolation tables and 36 full momentum product responses at stored reference centers; physical neutral displacement/outer integration remain separate
PASS 216 independent cold-convolution components; four original scalar failures retained: 5.536035150973259e-17
PASS three actual H interpolation tables and 36 full momentum product responses at stored reference centers; physical neutral displacement/outer integration remain separate
PASS exact frozen rank-one damping audit; inspect stable/unstable/unresolved counts: {'stable': 11470, 'unstable': 0, 'unresolved': 0}
PASS 48 actual 80-bit Q product preflight nodes, shared-domain center shift and neutral assembly definitions
PASS 48 actual 80-bit Q product preflight nodes, shared-domain center shift and neutral assembly definitions
PASS first actual full-Q neutral self integral and all seven exact output error gates; other states/full EOS/GR remain separate
PASS first 32 full H tables and original state-0 byte replay
PASS two full-Q momentum paths: all seven true-neutral field intervals overlap; shared endpoint/domain dependencies remain
PASS 13632 exact common Q nodes and 40896 center-adjusted independent response interval comparisons
PASS full nonlinear spherical balances, homogeneous Hamiltonian-constraint propagation and complete scalar heat law; finite GR trajectory remains open
PASS conditional radiating-surface readout; saved closed surface fails the necessary pure-Vaidya junction with exact relative defect 1
PASS second full-Q state, independent first-state paths, nonlinear GR balances and explicit radiating boundary obstruction
PASS 48 actual 80-bit Q product preflight nodes, shared-domain center shift and neutral assembly definitions
PASS three product self-integral pilots including center/neutral, quadrature, IR and infinite high-Q errors; full EOS/GR remain open
PASS new full-table preflight state 1 13632
PASS rigorous discarded-degree bound,54 independent moments,5049 prefix overlaps,216 response controls and2592 paired exact-Q components
PASS all radial Lorentz boosts of11470 frozen heat models;45880 exact causal roots and positive residues; variable-coefficient GR boundary retained
PASS 48 actual 80-bit Q product preflight nodes, shared-domain center shift and neutral assembly definitions
PASS bounded-degree response certificate, all radial boosts of the frozen heat model and full-Q preflight
PASS first four scheduled full-table cells; eight unique full-Q states and56 physical outputs bound at the original gate
PASS first scheduled full-product batch including each raw artifact and H dependency hash
PASS connected thermal-branch uniqueness theorem and full-velocity frozen-jet audit: {'positive': 5735, 'zero': 0, 'negative': 0}
PASS two disjoint admissible primitive boxes with identical D,E,J,Q for an explicit thermodynamic counterexample
PASS exact conserved-data bracket audit; finite native-target membership: True
PASS conditional global branch uniqueness, constructive double primitive and exact native-target kinematic brackets
PASS 48 actual 80-bit Q product preflight nodes, shared-domain center shift and neutral assembly definitions
PASS three product self-integral pilots including center/neutral, quadrature, IR and infinite high-Q errors; full EOS/GR remain open
PASS three full-Q adaptive-degree pilots at original response and physical-field gates
PASS state1603: seven true-neutral fields and 57072 exact-Q, center-adjusted response comparisons
PASS three adaptive full-Q states and the independent second-state momentum comparison
PASS native-EOS, nonuniform, metric-coupled primitive preflight
PASS same36 metric-coupled targets without the unintended cumulative box; original failure retained
PASS transition:12 complete states,84 fields,174592 Q nodes and all89 original files retained
PASS state3205: seven true-neutral fields and 57744 center-adjusted exact-Q components
PASS metric-coupled native inversion preflight, frozen chart diagnostic, third response path and preserved transition
PASS finite heat-drive preflight evaluation and bindings; inspect discrepancies, not Q_F=Q acceptance
PASS pressure/density derivative-coordinate audit; corrected archived residual gates: True
PASS pressure-coordinate jet correction with every directly measured heat-drive field unchanged
PASS finite heat-drive preflight evaluation and bindings; inspect discrepancies, not Q_F=Q acceptance
PASS complete heat-drive inventory bindings; retain every failure and finite discrepancy
PASS first 32 full H tables and original state-0 byte replay
PASS all 3206 reusable reference-center H tables and independent controls; outer/EOS/GR closure remains separate
PASS corrected EOS coordinates, unchanged measured heat drive and all reference-center H tables
PASS latest material results and append-only note/paper history; earlier whole-history audit retained
