(Int. points=  400 , Int. range= 20.0)
 ---------------------------------------------
 H2     Levels                        

 v' =  8   J' =  0
  Contribution      Value[cm-1]            Error[cm-1]
      E2(NAPT)         9287.588300550979    5.4E-03
      E4                 -0.548515824996    1.3E-06
      E5                 -0.060847669513    7.3E-05
      E6                 -0.000800828944    2.6E-06
      E7                  0.000035113875    8.8E-06
      Efs                -0.000010807250    5.0E-08
      Total            9286.978160534150    5.4E-03
 ---------------------------------------------

 v' =  8   J' =  1
  Contribution      Value[cm-1]            Error[cm-1]
      E2(NAPT)         9215.561897102238    5.4E-03
      E4                 -0.549064455410    1.3E-06
      E5                 -0.060253909812    7.2E-05
      E6                 -0.000795271982    2.5E-06
      E7                  0.000034819900    8.7E-06
      Efs                -0.000010716771    5.0E-08
      Total            9214.951807568161    5.4E-03
 ---------------------------------------------

 v' =  8   J' =  2
  Contribution      Value[cm-1]            Error[cm-1]
      E2(NAPT)         9072.381743947579    5.4E-03
      E4                 -0.550113799873    1.3E-06
      E5                 -0.059078468263    7.1E-05
      E6                 -0.000784257441    2.5E-06
      E7                  0.000034237703    8.6E-06
      Efs                -0.000010537584    4.9E-08
      Total            9071.771791122121    5.4E-03
 ---------------------------------------------

 v' =  8   J' =  3
  Contribution      Value[cm-1]            Error[cm-1]
      E2(NAPT)         8859.766315187200    5.4E-03
      E4                 -0.551569975422    1.3E-06
      E5                 -0.057344883227    6.9E-05
      E6                 -0.000767978676    2.5E-06
      E7                  0.000033378493    8.3E-06
      Efs                -0.000010273138    4.8E-08
      Total            8859.156655455228    5.4E-03
 ---------------------------------------------

 v' =  8   J' =  4
  Contribution      Value[cm-1]            Error[cm-1]
      E2(NAPT)         8580.228889930844    5.4E-03
      E4                 -0.553296731985    1.3E-06
      E5                 -0.055086994498    6.6E-05
      E6                 -0.000746712827    2.4E-06
      E7                  0.000032258362    8.1E-06
      Efs                -0.000009928388    4.6E-08
      Total            8579.619781821508    5.4E-03
 ---------------------------------------------

 v' =  8   J' =  5
  Contribution      Value[cm-1]            Error[cm-1]
      E2(NAPT)         8237.007243011802    5.4E-03
      E4                 -0.555120156502    1.2E-06
      E5                 -0.052347378462    6.3E-05
      E6                 -0.000720807000    2.3E-06
      E7                  0.000030897523    7.7E-06
      Efs                -0.000009509553    4.4E-08
      Total            8236.399076057809    5.4E-03
 ---------------------------------------------

 v' =  8   J' =  6
  Contribution      Value[cm-1]            Error[cm-1]
      E2(NAPT)         7833.980450346306    5.4E-03
      E4                 -0.556833782477    1.2E-06
      E5                 -0.049175548027    5.9E-05
      E6                 -0.000690662267    2.2E-06
      E7                  0.000029319425    7.3E-06
      Efs                -0.000009023850    4.2E-08
      Total            7833.373770649111    5.4E-03
 ---------------------------------------------

 v' =  8   J' =  7
  Contribution      Value[cm-1]            Error[cm-1]
      E2(NAPT)         7375.579906499067    5.4E-03
      E4                 -0.558203348126    1.2E-06
      E5                 -0.045626093760    5.5E-05
      E6                 -0.000656716964    2.1E-06
      E7                  0.000027549836    6.9E-06
      Efs                -0.000008479211    3.9E-08
      Total            7374.975439410840    5.4E-03
 ---------------------------------------------

 v' =  8   J' =  8
  Contribution      Value[cm-1]            Error[cm-1]
      E2(NAPT)         6866.701590096183    5.4E-03
      E4                 -0.558970459871    1.2E-06
      E5                 -0.041756924310    5.0E-05
      E6                 -0.000619430570    2.0E-06
      E7                  0.000025615969    6.4E-06
      Efs                -0.000007884011    3.7E-08
      Total            6866.100261013390    5.4E-03
 ---------------------------------------------

 v' =  8   J' =  9
  Contribution      Value[cm-1]            Error[cm-1]
      E2(NAPT)         6312.626034853044    5.3E-03
      E4                 -0.558854454018    1.2E-06
      E5                 -0.037627730752    4.5E-05
      E6                 -0.000579269077    1.9E-06
      E7                  0.000023545712    5.9E-06
      Efs                -0.000007246833    3.4E-08
      Total            6312.028989698077    5.3E-03
 ---------------------------------------------

 v' =  8   J' = 10
  Contribution      Value[cm-1]            Error[cm-1]
      E2(NAPT)         5718.951695189883    5.3E-03
      E4                 -0.557551743241    1.2E-06
      E5                 -0.033298761757    4.0E-05
      E6                 -0.000536692219    1.7E-06
      E7                  0.000021366993    5.3E-06
      Efs                -0.000006576273    3.1E-08
      Total            5718.360322783387    5.3E-03
 ---------------------------------------------

 v' =  8   J' = 11
  Contribution      Value[cm-1]            Error[cm-1]
      E2(NAPT)         5091.546801207797    5.3E-03
      E4                 -0.554731802911    1.1E-06
      E5                 -0.028829963962    3.5E-05
      E6                 -0.000492142506    1.6E-06
      E7                  0.000019107305    4.8E-06
      Efs                -0.000005880792    2.7E-08
      Total            5090.962760524930    5.3E-03
 ---------------------------------------------

 v' =  8   J' = 12
  Contribution      Value[cm-1]            Error[cm-1]
      E2(NAPT)         4436.524781746888    5.2E-03
      E4                 -0.550028572887    1.1E-06
      E5                 -0.024280522507    2.9E-05
      E6                 -0.000446035543    1.4E-06
      E7                  0.000016793395    4.2E-06
      Efs                -0.000005168624    2.4E-08
      Total            4435.950038240722    5.2E-03
 ---------------------------------------------

 v' =  8   J' = 13
  Contribution      Value[cm-1]            Error[cm-1]
      E2(NAPT)         3760.249418313438    5.2E-03
      E4                 -0.543025199969    1.1E-06
      E5                 -0.019708837192    2.4E-05
      E6                 -0.000398750733    1.3E-06
      E7                  0.000014451124    3.6E-06
      Efs                -0.000004447726    2.1E-08
      Total            3759.686295528943    5.2E-03
 ---------------------------------------------

 v' =  8   J' = 14
  Contribution      Value[cm-1]            Error[cm-1]
      E2(NAPT)         3069.378951648781    5.1E-03
      E4                 -0.533228245777    1.1E-06
      E5                 -0.015173000266    1.8E-05
      E6                 -0.000350620497    1.1E-06
      E7                  0.000012105484    3.0E-06
      Efs                -0.000003725792    1.7E-08
      Total            3068.830208161933    5.1E-03
 ---------------------------------------------

 v' =  8   J' = 15
  Contribution      Value[cm-1]            Error[cm-1]
      E2(NAPT)         2370.965220653178    5.0E-03
      E4                 -0.520023567467    1.0E-06
      E5                 -0.010731924851    1.3E-05
      E6                 -0.000301913864    9.8E-07
      E7                  0.000009780788    2.4E-06
      Efs                -0.000003010303    1.4E-08
      Total            2370.434170017480    5.0E-03
 ---------------------------------------------

 v' =  8   J' = 16
  Contribution      Value[cm-1]            Error[cm-1]
      E2(NAPT)         1672.638981793593    4.9E-03
      E4                 -0.502596832254    1.0E-06
      E5                 -0.006447469676    7.7E-06
      E6                 -0.000252805287    8.3E-07
      E7                  0.000007501063    1.9E-06
      Efs                -0.000002308656    1.1E-08
      Total            1672.129689878783    4.9E-03
 ---------------------------------------------

 v' =  8   J' = 17
  Contribution      Value[cm-1]            Error[cm-1]
      E2(NAPT)          982.948028398369    4.8E-03
      E4                 -0.479776813990    1.0E-06
      E5                 -0.002388403162    2.9E-06
      E6                 -0.000203306291    6.7E-07
      E7                  0.000005290688    1.3E-06
      Efs                -0.000001628353    7.6E-09
      Total             982.465663537262    4.8E-03
 ---------------------------------------------

 v' =  8   J' = 18
  Contribution      Value[cm-1]            Error[cm-1]
      E2(NAPT)          312.010574245211    4.6E-03
      E4                 -0.449679256261    1.0E-06
      E5                  0.001361467111    1.6E-06
      E6                 -0.000153084436    5.2E-07
      E7                  0.000003175420    7.9E-07
      Efs                -0.000000977322    4.5E-09
      Total             311.562105569723    4.6E-03
 ---------------------------------------------
