(Int. points=  200 , Int. range= 10.0)
 ---------------------------------------------
 H2     Levels                        

 v' =  6   J' =  0
  Contribution      Value[cm-1]            Error[cm-1]
      E2(NAPT)        14612.963334800974    4.7E-03
      E4                 -0.585551752818    1.6E-06
      E5                 -0.087344588517    1.0E-04
      E6                 -0.001065672857    3.4E-06
      E7                  0.000048502286    1.2E-05
      Efs                -0.000014927897    6.9E-08
      Total           14612.289406361171    4.7E-03
 ---------------------------------------------

 v' =  6   J' =  1
  Contribution      Value[cm-1]            Error[cm-1]
      E2(NAPT)        14528.919836507877    4.7E-03
      E4                 -0.586719503950    1.6E-06
      E5                 -0.086651823105    1.0E-04
      E6                 -0.001059418275    3.4E-06
      E7                  0.000048164056    1.2E-05
      Efs                -0.000014823797    6.9E-08
      Total           14528.245439102806    4.7E-03
 ---------------------------------------------

 v' =  6   J' =  2
  Contribution      Value[cm-1]            Error[cm-1]
      E2(NAPT)        14361.737336012126    4.7E-03
      E4                 -0.589007159140    1.6E-06
      E5                 -0.085279342090    1.0E-04
      E6                 -0.001047018105    3.3E-06
      E7                  0.000047493842    1.2E-05
      Efs                -0.000014617521    6.8E-08
      Total           14361.062035369114    4.7E-03
 ---------------------------------------------

 v' =  6   J' =  3
  Contribution      Value[cm-1]            Error[cm-1]
      E2(NAPT)        14113.195215566642    4.7E-03
      E4                 -0.592321360098    1.6E-06
      E5                 -0.083252573634    1.0E-04
      E6                 -0.001028684587    3.3E-06
      E7                  0.000046503812    1.2E-05
      Efs                -0.000014312812    6.6E-08
      Total           14112.518645139322    4.7E-03
 ---------------------------------------------

 v' =  6   J' =  4
  Contribution      Value[cm-1]            Error[cm-1]
      E2(NAPT)        13785.891187852510    4.7E-03
      E4                 -0.596527610263    1.5E-06
      E5                 -0.080608059415    9.7E-05
      E6                 -0.001004722379    3.2E-06
      E7                  0.000045211439    1.1E-05
      Efs                -0.000013915049    6.5E-08
      Total           13785.213078756844    4.7E-03
 ---------------------------------------------

 v' =  6   J' =  5
  Contribution      Value[cm-1]            Error[cm-1]
      E2(NAPT)        13383.162701850002    4.7E-03
      E4                 -0.601456146010    1.5E-06
      E5                 -0.077391737125    9.3E-05
      E6                 -0.000975513834    3.1E-06
      E7                  0.000043638670    1.1E-05
      Efs                -0.000013430987    6.2E-08
      Total           13382.482908660719    4.7E-03
 ---------------------------------------------

 v' =  6   J' =  6
  Contribution      Value[cm-1]            Error[cm-1]
      E2(NAPT)        12908.992727218319    4.7E-03
      E4                 -0.606908626358    1.5E-06
      E5                 -0.073656947496    8.8E-05
      E6                 -0.000941501900    3.0E-06
      E7                  0.000041810959    1.0E-05
      Efs                -0.000012868459    6.0E-08
      Total           12908.311249085067    4.7E-03
 ---------------------------------------------

 v' =  6   J' =  7
  Contribution      Value[cm-1]            Error[cm-1]
      E2(NAPT)        12367.906973405654    4.8E-03
      E4                 -0.612664931476    1.5E-06
      E5                 -0.069462349860    8.3E-05
      E6                 -0.000903172204    2.9E-06
      E7                  0.000039756252    9.9E-06
      Efs                -0.000012236067    5.7E-08
      Total           12367.223970472300    4.8E-03
 ---------------------------------------------

 v' =  6   J' =  8
  Contribution      Value[cm-1]            Error[cm-1]
      E2(NAPT)        11764.869418778801    4.8E-03
      E4                 -0.618489424545    1.5E-06
      E5                 -0.064869911377    7.8E-05
      E6                 -0.000861035712    2.8E-06
      E7                  0.000037504010    9.4E-06
      Efs                -0.000011542879    5.4E-08
      Total           11764.185224368297    4.8E-03
 ---------------------------------------------

 v' =  6   J' =  9
  Contribution      Value[cm-1]            Error[cm-1]
      E2(NAPT)        11105.182216902766    4.8E-03
      E4                 -0.624136154579    1.5E-06
      E5                 -0.059943099027    7.2E-05
      E6                 -0.000815613044    2.6E-06
      E7                  0.000035084330    8.8E-06
      Efs                -0.000010798156    5.0E-08
      Total           11104.497346322290    4.8E-03
 ---------------------------------------------

 v' =  6   J' = 10
  Contribution      Value[cm-1]            Error[cm-1]
      E2(NAPT)        10394.394877205617    4.8E-03
      E4                 -0.629352617567    1.5E-06
      E5                 -0.054745360528    6.6E-05
      E6                 -0.000767421090    2.5E-06
      E7                  0.000032527197    8.1E-06
      Efs                -0.000010011129    4.7E-08
      Total           10393.710034322501    4.8E-03
 ---------------------------------------------

 v' =  6   J' = 11
  Contribution      Value[cm-1]            Error[cm-1]
      E2(NAPT)         9638.226354855189    4.8E-03
      E4                 -0.633881811871    1.5E-06
      E5                 -0.049338939437    5.9E-05
      E6                 -0.000716962190    2.3E-06
      E7                  0.000029861901    7.5E-06
      Efs                -0.000009190812    4.3E-08
      Total            9637.542437812781    4.8E-03
 ---------------------------------------------

 v' =  6   J' = 12
  Contribution      Value[cm-1]            Error[cm-1]
      E2(NAPT)         8842.502556629321    4.8E-03
      E4                 -0.637462391409    1.4E-06
      E5                 -0.043784036752    5.2E-05
      E6                 -0.000664715759    2.1E-06
      E7                  0.000027116611    6.8E-06
      Efs                -0.000008345874    3.9E-08
      Total            8841.820664256138    4.8E-03
 ---------------------------------------------

 v' =  6   J' = 13
  Contribution      Value[cm-1]            Error[cm-1]
      E2(NAPT)         8013.110944877083    4.9E-03
      E4                 -0.639826713106    1.4E-06
      E5                 -0.038138309614    4.6E-05
      E6                 -0.000611132018    2.0E-06
      E7                  0.000024318108    6.1E-06
      Efs                -0.000007484559    3.5E-08
      Total            8012.432385555895    4.9E-03
 ---------------------------------------------

 v' =  6   J' = 14
  Contribution      Value[cm-1]            Error[cm-1]
      E2(NAPT)         7155.973524281300    4.9E-03
      E4                 -0.640696466727    1.4E-06
      E5                 -0.032456687954    3.9E-05
      E6                 -0.000556627388    1.8E-06
      E7                  0.000021491657    5.4E-06
      Efs                -0.000006614642    3.1E-08
      Total            7155.299829376247    4.9E-03
 ---------------------------------------------

 v' =  6   J' = 15
  Contribution      Value[cm-1]            Error[cm-1]
      E2(NAPT)         6277.039642332654    4.9E-03
      E4                 -0.639775320219    1.3E-06
      E5                 -0.026791492357    3.2E-05
      E6                 -0.000501581188    1.6E-06
      E7                  0.000018661007    4.7E-06
      Efs                -0.000005743432    2.7E-08
      Total            6276.372586856464    4.9E-03
 ---------------------------------------------

 v' =  6   J' = 16
  Contribution      Value[cm-1]            Error[cm-1]
      E2(NAPT)         5382.300897317247    4.9E-03
      E4                 -0.636737520251    1.3E-06
      E5                 -0.021192851822    2.5E-05
      E6                 -0.000446333372    1.4E-06
      E7                  0.000015848514    4.0E-06
      Efs                -0.000004877811    2.3E-08
      Total            5381.642531582506    4.9E-03
 ---------------------------------------------

 v' =  6   J' = 17
  Contribution      Value[cm-1]            Error[cm-1]
      E2(NAPT)         4477.832371224244    4.9E-03
      E4                 -0.631210458133    1.3E-06
      E5                 -0.015709452809    1.9E-05
      E6                 -0.000391182801    1.3E-06
      E7                  0.000013075369    3.3E-06
      Efs                -0.000004024300    1.9E-08
      Total            4477.185069181571    4.9E-03
 ---------------------------------------------

 v' =  6   J' = 18
  Contribution      Value[cm-1]            Error[cm-1]
      E2(NAPT)         3569.868138425472    4.9E-03
      E4                 -0.622747395346    1.3E-06
      E5                 -0.010389712821    1.2E-05
      E6                 -0.000336384647    1.1E-06
      E7                  0.000010361967    2.6E-06
      Efs                -0.000003189177    1.5E-08
      Total            3569.234672105447    4.9E-03
 ---------------------------------------------

 v' =  6   J' = 19
  Contribution      Value[cm-1]            Error[cm-1]
      E2(NAPT)         2664.926256999453    4.9E-03
      E4                 -0.610782728642    1.2E-06
      E5                 -0.005283593847    6.3E-06
      E6                 -0.000282143281    9.1E-07
      E7                  0.000007728442    1.9E-06
      Efs                -0.000002378638    1.1E-08
      Total            2664.309913883487    4.9E-03
 ---------------------------------------------

 v' =  6   J' = 20
  Contribution      Value[cm-1]            Error[cm-1]
      E2(NAPT)         1770.013425667410    4.9E-03
      E4                 -0.594553333804    1.2E-06
      E5                 -0.000445536409    5.3E-07
      E6                 -0.000228592487    7.4E-07
      E7                  0.000005195476    1.3E-06
      Efs                -0.000001599049    7.4E-09
      Total            1769.418201801137    4.9E-03
 ---------------------------------------------

 v' =  6   J' = 21
  Contribution      Value[cm-1]            Error[cm-1]
      E2(NAPT)          892.973630074856    4.9E-03
      E4                 -0.572946257606    1.2E-06
      E5                  0.004060344997    4.9E-06
      E6                 -0.000175742911    5.8E-07
      E7                  0.000002785622    7.0E-07
      Efs                -0.000000857351    4.0E-09
      Total             892.404570347607    4.9E-03
 ---------------------------------------------

 v' =  6   J' = 22
  Contribution      Value[cm-1]            Error[cm-1]
      E2(NAPT)           43.134960956737    4.8E-03
      E4                 -0.544159961081    1.2E-06
      E5                  0.008149698020    9.8E-06
      E6                 -0.000123333299    4.2E-07
      E7                  0.000000525727    1.3E-07
      Efs                -0.000000161807    7.5E-10
      Total              42.598827724298    4.8E-03
 ---------------------------------------------
