(Int. points=  400 , Int. range= 10.0)
 ---------------------------------------------
 H2     Levels                        

 v' = 14   J' =  0
  Contribution      Value[cm-1]            Error[cm-1]
      E2(NAPT)          144.885254629859    1.7E-03
      E4                 -0.112870689838    5.8E-07
      E5                 -0.004326928511    5.2E-06
      E6                 -0.000076887249    3.0E-07
      E7                  0.000003236011    8.1E-07
      Efs                -0.000000995970    4.6E-09
      Total             144.767982364302    1.7E-03
 ---------------------------------------------

 v' = 14   J' =  1
  Contribution      Value[cm-1]            Error[cm-1]
      E2(NAPT)          127.704179265692    1.7E-03
      E4                 -0.108656083083    5.9E-07
      E5                 -0.004057167099    4.9E-06
      E6                 -0.000072126501    2.8E-07
      E7                  0.000003061635    7.7E-07
      Efs                -0.000000942301    4.4E-09
      Total             127.591396008342    1.7E-03
 ---------------------------------------------

 v' = 14   J' =  2
  Contribution      Value[cm-1]            Error[cm-1]
      E2(NAPT)           94.943078854872    1.5E-03
      E4                 -0.099932008839    6.1E-07
      E5                 -0.003528553625    4.2E-06
      E6                 -0.000062594149    2.6E-07
      E7                  0.000002715665    6.8E-07
      Efs                -0.000000835820    3.9E-09
      Total              94.839557578105    1.5E-03
 ---------------------------------------------

 v' = 14   J' =  3
  Contribution      Value[cm-1]            Error[cm-1]
      E2(NAPT)           49.948317453633    1.3E-03
      E4                 -0.086144658488    6.3E-07
      E5                 -0.002768753101    3.3E-06
      E6                 -0.000048563516    2.1E-07
      E7                  0.000002206934    5.5E-07
      Efs                -0.000000679244    3.2E-09
      Total              49.859357006217    1.3E-03
 ---------------------------------------------

 v' = 14   J' =  4
 Weakly bound level involved. Caution advised.
 Error can be bigger than the estimate given.
  Contribution      Value[cm-1]            Error[cm-1]
      E2(NAPT)           -1.974204146685    1.0E-03
      E4                 -0.067079835818    6.1E-07
      E5                 -0.001854447488    2.2E-06
      E6                 -0.000032110812    1.6E-07
      E7                  0.000001572122    3.9E-07
      Efs                -0.000000483863    2.2E-09
      Total              -2.043169452544    1.0E-03
 ---------------------------------------------
