(Int. points=  400 , Int. range= 10.0)
 ---------------------------------------------
 H2     Levels                        

 v' = 11   J' =  0
  Contribution      Value[cm-1]            Error[cm-1]
      E2(NAPT)         3231.412263718315    5.3E-03
      E4                 -0.412681894809    8.3E-07
      E5                 -0.028484469716    3.4E-05
      E6                 -0.000438620058    1.4E-06
      E7                  0.000017933902    4.5E-06
      Efs                -0.000005519646    2.6E-08
      Total            3230.970671147988    5.3E-03
 ---------------------------------------------

 v' = 11   J' =  1
  Contribution      Value[cm-1]            Error[cm-1]
      E2(NAPT)         3180.759946042897    5.3E-03
      E4                 -0.411850402504    8.3E-07
      E5                 -0.028043724563    3.4E-05
      E6                 -0.000433943394    1.4E-06
      E7                  0.000017704733    4.4E-06
      Efs                -0.000005449113    2.5E-08
      Total            3180.319630228055    5.3E-03
 ---------------------------------------------

 v' = 11   J' =  2
  Contribution      Value[cm-1]            Error[cm-1]
      E2(NAPT)         3080.363609840541    5.2E-03
      E4                 -0.410125380187    8.2E-07
      E5                 -0.027173291348    3.3E-05
      E6                 -0.000424671360    1.4E-06
      E7                  0.000017251501    4.3E-06
      Efs                -0.000005309618    2.5E-08
      Total            3079.925898439529    5.2E-03
 ---------------------------------------------

 v' = 11   J' =  3
  Contribution      Value[cm-1]            Error[cm-1]
      E2(NAPT)         2932.022472432420    5.2E-03
      E4                 -0.407382750733    8.2E-07
      E5                 -0.025894776878    3.1E-05
      E6                 -0.000410961224    1.3E-06
      E7                  0.000016584151    4.1E-06
      Efs                -0.000005104223    2.4E-08
      Total            2931.588795423513    5.2E-03
 ---------------------------------------------

 v' = 11   J' =  4
  Contribution      Value[cm-1]            Error[cm-1]
      E2(NAPT)         2738.395153037050    5.1E-03
      E4                 -0.403435841899    8.1E-07
      E5                 -0.024239395448    2.9E-05
      E6                 -0.000393036106    1.3E-06
      E7                  0.000015716976    3.9E-06
      Efs                -0.000004837327    2.2E-08
      Total            2737.967095643246    5.1E-03
 ---------------------------------------------

 v' = 11   J' =  5
  Contribution      Value[cm-1]            Error[cm-1]
      E2(NAPT)         2502.960314884164    5.1E-03
      E4                 -0.398033125231    8.0E-07
      E5                 -0.022246723125    2.7E-05
      E6                 -0.000371170847    1.2E-06
      E7                  0.000014667951    3.7E-06
      Efs                -0.000004514461    2.1E-08
      Total            2502.539674018450    5.1E-03
 ---------------------------------------------

 v' = 11   J' =  6
  Contribution      Value[cm-1]            Error[cm-1]
      E2(NAPT)         2229.978612489663    4.9E-03
      E4                 -0.390852332599    7.9E-07
      E5                 -0.019963316676    2.4E-05
      E6                 -0.000345674631    1.1E-06
      E7                  0.000013457961    3.4E-06
      Efs                -0.000004142053    1.9E-08
      Total            2229.567460481666    4.9E-03
 ---------------------------------------------

 v' = 11   J' =  7
  Contribution      Value[cm-1]            Error[cm-1]
      E2(NAPT)         1924.468172701799    4.8E-03
      E4                 -0.381487795319    7.7E-07
      E5                 -0.017441379232    2.1E-05
      E6                 -0.000316870242    1.0E-06
      E7                  0.000012109998    3.0E-06
      Efs                -0.000003727181    1.7E-08
      Total            1924.068935039822    4.8E-03
 ---------------------------------------------

 v' = 11   J' =  8
  Contribution      Value[cm-1]            Error[cm-1]
      E2(NAPT)         1592.210346280053    4.7E-03
      E4                 -0.369425382610    7.6E-07
      E5                 -0.014737654195    1.8E-05
      E6                 -0.000285067584    9.3E-07
      E7                  0.000010648360    2.7E-06
      Efs                -0.000003277322    1.5E-08
      Total            1591.825905546702    4.7E-03
 ---------------------------------------------

 v' = 11   J' =  9
  Contribution      Value[cm-1]            Error[cm-1]
      E2(NAPT)         1239.811257807879    4.5E-03
      E4                 -0.353993708811    7.5E-07
      E5                 -0.011912729329    1.4E-05
      E6                 -0.000250523689    8.3E-07
      E7                  0.000009097850    2.3E-06
      Efs                -0.000002800111    1.3E-08
      Total            1239.445107143789    4.5E-03
 ---------------------------------------------

 v' = 11   J' = 10
  Contribution      Value[cm-1]            Error[cm-1]
      E2(NAPT)          874.865094470001    4.2E-03
      E4                 -0.334265198757    7.4E-07
      E5                 -0.009030957830    1.1E-05
      E6                 -0.000213368355    7.1E-07
      E7                  0.000007482842    1.9E-06
      Efs                -0.000002303048    1.1E-08
      Total             874.521590124853    4.2E-03
 ---------------------------------------------

 v' = 11   J' = 11
  Contribution      Value[cm-1]            Error[cm-1]
      E2(NAPT)          506.319628324536    3.9E-03
      E4                 -0.308833192317    7.5E-07
      E5                 -0.006161277699    7.4E-06
      E6                 -0.000173432211    5.9E-07
      E7                  0.000005825699    1.5E-06
      Efs                -0.000001793017    8.3E-09
      Total             506.004464454990    3.9E-03
 ---------------------------------------------

 v' = 11   J' = 12
  Contribution      Value[cm-1]            Error[cm-1]
      E2(NAPT)          145.323282140512    3.5E-03
      E4                 -0.275194018285    7.9E-07
      E5                 -0.003379231996    4.1E-06
      E6                 -0.000129701756    4.6E-07
      E7                  0.000004142260    1.0E-06
      Efs                -0.000001274893    5.9E-09
      Total             145.044582055842    3.5E-03
 ---------------------------------------------
