(Int. points=  400 , Int. range= 10.0)
 ---------------------------------------------
 H2     Levels                        

 v' =  7   J' =  0
  Contribution      Value[cm-1]            Error[cm-1]
      E2(NAPT)        11830.799337769209    5.1E-03
      E4                 -0.571341634253    1.4E-06
      E5                 -0.073578959393    8.8E-05
      E6                 -0.000930202056    3.0E-06
      E7                  0.000041592441    1.0E-05
      Efs                -0.000012801204    5.9E-08
      Total           11830.153515764745    5.1E-03
 ---------------------------------------------

 v' =  7   J' =  1
  Contribution      Value[cm-1]            Error[cm-1]
      E2(NAPT)        11752.641621908740    5.1E-03
      E4                 -0.572217871616    1.4E-06
      E5                 -0.072935812754    8.7E-05
      E6                 -0.000924305114    3.0E-06
      E7                  0.000041276540    1.0E-05
      Efs                -0.000012703977    5.9E-08
      Total           11751.995572491820    5.1E-03
 ---------------------------------------------

 v' =  7   J' =  2
  Contribution      Value[cm-1]            Error[cm-1]
      E2(NAPT)        11597.211724922576    5.1E-03
      E4                 -0.573922880322    1.4E-06
      E5                 -0.071662060734    8.6E-05
      E6                 -0.000912615366    2.9E-06
      E7                  0.000040650730    1.0E-05
      Efs                -0.000012511367    5.8E-08
      Total           11596.565255505517    5.1E-03
 ---------------------------------------------

 v' =  7   J' =  3
  Contribution      Value[cm-1]            Error[cm-1]
      E2(NAPT)        11366.252357089263    5.1E-03
      E4                 -0.576363898462    1.4E-06
      E5                 -0.069782140284    8.4E-05
      E6                 -0.000895335529    2.9E-06
      E7                  0.000039726685    9.9E-06
      Efs                -0.000012226967    5.7E-08
      Total           11365.605343214705    5.1E-03
 ---------------------------------------------

 v' =  7   J' =  4
  Contribution      Value[cm-1]            Error[cm-1]
      E2(NAPT)        11062.309339047708    5.1E-03
      E4                 -0.579406911124    1.4E-06
      E5                 -0.067331169851    8.1E-05
      E6                 -0.000872756434    2.8E-06
      E7                  0.000038521164    9.6E-06
      Efs                -0.000011855935    5.5E-08
      Total           11061.661754875528    5.1E-03
 ---------------------------------------------

 v' =  7   J' =  5
  Contribution      Value[cm-1]            Error[cm-1]
      E2(NAPT)        10688.656716302177    5.1E-03
      E4                 -0.582882028918    1.4E-06
      E5                 -0.064353305008    7.7E-05
      E6                 -0.000845242829    2.7E-06
      E7                  0.000037055214    9.3E-06
      Efs                -0.000011404749    5.3E-08
      Total           10688.008661375887    5.1E-03
 ---------------------------------------------

 v' =  7   J' =  6
  Contribution      Value[cm-1]            Error[cm-1]
      E2(NAPT)        10249.207440920454    5.1E-03
      E4                 -0.586589522068    1.4E-06
      E5                 -0.060899837801    7.3E-05
      E6                 -0.000813216906    2.6E-06
      E7                  0.000035353244    8.8E-06
      Efs                -0.000010880922    5.1E-08
      Total           10248.559162816000    5.1E-03
 ---------------------------------------------

 v' =  7   J' =  7
  Contribution      Value[cm-1]            Error[cm-1]
      E2(NAPT)         9748.416650148987    5.1E-03
      E4                 -0.590305793623    1.4E-06
      E5                 -0.057027219863    6.8E-05
      E6                 -0.000777141054    2.5E-06
      E7                  0.000033442056    8.4E-06
      Efs                -0.000010292702    4.8E-08
      Total            9747.768563143798    5.1E-03
 ---------------------------------------------

 v' =  7   J' =  8
  Contribution      Value[cm-1]            Error[cm-1]
      E2(NAPT)         9191.184415598236    5.1E-03
      E4                 -0.593788626218    1.4E-06
      E5                 -0.052795170313    6.3E-05
      E6                 -0.000737501142    2.4E-06
      E7                  0.000031349921    7.8E-06
      Efs                -0.000009648790    4.5E-08
      Total            9190.537116001695    5.1E-03
 ---------------------------------------------

 v' =  7   J' =  9
  Contribution      Value[cm-1]            Error[cm-1]
      E2(NAPT)         8582.764089501234    5.1E-03
      E4                 -0.596781135940    1.3E-06
      E5                 -0.048264994196    5.8E-05
      E6                 -0.000694791311    2.2E-06
      E7                  0.000029105753    7.3E-06
      Efs                -0.000008958087    4.2E-08
      Total            8582.118368727453    5.1E-03
 ---------------------------------------------

 v' =  7   J' = 10
  Contribution      Value[cm-1]            Error[cm-1]
      E2(NAPT)         7928.681318686954    5.1E-03
      E4                 -0.599013966609    1.3E-06
      E5                 -0.043498195979    5.2E-05
      E6                 -0.000649500871    2.1E-06
      E7                  0.000026738412    6.7E-06
      Efs                -0.000008229473    3.8E-08
      Total            7928.038175532434    5.1E-03
 ---------------------------------------------

 v' =  7   J' = 11
  Contribution      Value[cm-1]            Error[cm-1]
      E2(NAPT)         7234.667724479565    5.1E-03
      E4                 -0.600205310566    1.3E-06
      E5                 -0.038555434529    4.6E-05
      E6                 -0.000602103593    1.9E-06
      E7                  0.000024276177    6.1E-06
      Efs                -0.000007471653    3.5E-08
      Total            7234.028378435399    5.1E-03
 ---------------------------------------------

 v' =  7   J' = 12
  Contribution      Value[cm-1]            Error[cm-1]
      E2(NAPT)         6506.612421728400    5.1E-03
      E4                 -0.600058300532    1.3E-06
      E5                 -0.033495837362    4.0E-05
      E6                 -0.000553049379    1.8E-06
      E7                  0.000021746370    5.4E-06
      Efs                -0.000006693036    3.1E-08
      Total            6505.978329594462    5.1E-03
 ---------------------------------------------

 v' =  7   J' = 13
  Contribution      Value[cm-1]            Error[cm-1]
      E2(NAPT)         5750.534210499655    5.1E-03
      E4                 -0.598255123882    1.2E-06
      E5                 -0.028376676593    3.4E-05
      E6                 -0.000502758032    1.6E-06
      E7                  0.000019175148    4.8E-06
      Efs                -0.000005901673    2.7E-08
      Total            5749.907089214624    5.1E-03
 ---------------------------------------------

 v' =  7   J' = 14
  Contribution      Value[cm-1]            Error[cm-1]
      E2(NAPT)         4972.577679412942    5.1E-03
      E4                 -0.594446769595    1.2E-06
      E5                 -0.023253409637    2.8E-05
      E6                 -0.000451614401    1.4E-06
      E7                  0.000016587433    4.1E-06
      Efs                -0.000005105233    2.4E-08
      Total            4971.959539101508    5.1E-03
 ---------------------------------------------

 v' =  7   J' = 15
  Contribution      Value[cm-1]            Error[cm-1]
      E2(NAPT)         4179.038005333911    5.1E-03
      E4                 -0.588236429363    1.2E-06
      E5                 -0.018180108087    2.2E-05
      E6                 -0.000399963614    1.3E-06
      E7                  0.000014006994    3.5E-06
      Efs                -0.000004311033    2.0E-08
      Total            4178.431198528809    5.1E-03
 ---------------------------------------------

 v' =  7   J' = 16
  Contribution      Value[cm-1]            Error[cm-1]
      E2(NAPT)         3376.422694442699    5.1E-03
      E4                 -0.579152776955    1.2E-06
      E5                 -0.013210348210    1.6E-05
      E6                 -0.000348104334    1.1E-06
      E7                  0.000011456667    2.9E-06
      Efs                -0.000003526101    1.6E-08
      Total            3375.829991143766    5.1E-03
 ---------------------------------------------

 v' =  7   J' = 17
  Contribution      Value[cm-1]            Error[cm-1]
      E2(NAPT)         2571.565614301056    5.0E-03
      E4                 -0.566605506551    1.1E-06
      E5                 -0.008398742087    1.0E-05
      E6                 -0.000296276535    9.6E-07
      E7                  0.000008958753    2.2E-06
      Efs                -0.000002757300    1.3E-08
      Total            2570.990319977338    5.0E-03
 ---------------------------------------------

 v' =  7   J' = 18
  Contribution      Value[cm-1]            Error[cm-1]
      E2(NAPT)         1771.823658476179    5.0E-03
      E4                 -0.549806538470    1.1E-06
      E5                 -0.003803521336    4.6E-06
      E6                 -0.000244636065    8.0E-07
      E7                  0.000006535646    1.6E-06
      Efs                -0.000002011523    9.3E-09
      Total            1771.269808304431    5.0E-03
 ---------------------------------------------

 v' =  7   J' = 19
  Contribution      Value[cm-1]            Error[cm-1]
      E2(NAPT)          985.420905174030    4.9E-03
      E4                 -0.527616595630    1.1E-06
      E5                  0.000508835720    6.1E-07
      E6                 -0.000193195257    6.4E-07
      E7                  0.000004210850    1.1E-06
      Efs                -0.000001296004    6.0E-09
      Total             984.893607133709    4.9E-03
 ---------------------------------------------

 v' =  7   J' = 20
  Contribution      Value[cm-1]            Error[cm-1]
      E2(NAPT)          222.096678922677    4.7E-03
      E4                 -0.498201833598    1.1E-06
      E5                  0.004454222145    5.3E-06
      E6                 -0.000141661141    4.8E-07
      E7                  0.000002010760    5.0E-07
      Efs                -0.000000618866    2.9E-09
      Total             221.602791041978    4.7E-03
 ---------------------------------------------
