(Int. points=  400 , Int. range= 10.0)
 ---------------------------------------------
 H2     Levels                        

 v' = 13   J' =  0
  Contribution      Value[cm-1]            Error[cm-1]
      E2(NAPT)          767.005717741283    3.5E-03
      E4                 -0.238929337778    5.7E-07
      E5                 -0.011486756136    1.4E-05
      E6                 -0.000202312062    6.8E-07
      E7                  0.000007953606    2.0E-06
      Efs                -0.000002447939    1.1E-08
      Total             766.755104840976    3.5E-03
 ---------------------------------------------

 v' = 13   J' =  1
  Contribution      Value[cm-1]            Error[cm-1]
      E2(NAPT)          736.065462131480    3.5E-03
      E4                 -0.236379931786    5.7E-07
      E5                 -0.011158510977    1.3E-05
      E6                 -0.000197906526    6.7E-07
      E7                  0.000007765531    1.9E-06
      Efs                -0.000002390053    1.1E-08
      Total             735.817731157669    3.5E-03
 ---------------------------------------------

 v' = 13   J' =  2
  Contribution      Value[cm-1]            Error[cm-1]
      E2(NAPT)          675.322918037221    3.4E-03
      E4                 -0.231153731659    5.7E-07
      E5                 -0.010512601892    1.3E-05
      E6                 -0.000189131012    6.4E-07
      E7                  0.000007393623    1.8E-06
      Efs                -0.000002275588    1.1E-08
      Total             675.081067690693    3.4E-03
 ---------------------------------------------

 v' = 13   J' =  3
  Contribution      Value[cm-1]            Error[cm-1]
      E2(NAPT)          587.072640960244    3.3E-03
      E4                 -0.222980459012    5.7E-07
      E5                 -0.009569687026    1.1E-05
      E6                 -0.000176039863    6.0E-07
      E7                  0.000006845966    1.7E-06
      Efs                -0.000002107032    9.8E-09
      Total             586.839919513276    3.3E-03
 ---------------------------------------------

 v' = 13   J' =  4
  Contribution      Value[cm-1]            Error[cm-1]
      E2(NAPT)          474.817980391451    3.1E-03
      E4                 -0.211406749562    5.8E-07
      E5                 -0.008359475544    1.0E-05
      E6                 -0.000158664202    5.5E-07
      E7                  0.000006133577    1.5E-06
      Efs                -0.000001887775    8.8E-09
      Total             474.598059747944    3.1E-03
 ---------------------------------------------

 v' = 13   J' =  5
  Contribution      Value[cm-1]            Error[cm-1]
      E2(NAPT)          343.396577370800    2.8E-03
      E4                 -0.195702142205    6.0E-07
      E5                 -0.006918992587    8.3E-06
      E6                 -0.000136914165    4.8E-07
      E7                  0.000005268648    1.3E-06
      Efs                -0.000001621570    7.5E-09
      Total             343.193822968921    2.8E-03
 ---------------------------------------------

 v' = 13   J' =  6
  Contribution      Value[cm-1]            Error[cm-1]
      E2(NAPT)          199.281223273747    2.5E-03
      E4                 -0.174613693247    6.4E-07
      E5                 -0.005289072319    6.3E-06
      E6                 -0.000110306329    4.0E-07
      E7                  0.000004260475    1.1E-06
      Efs                -0.000001311277    6.1E-09
      Total             199.101213151049    2.5E-03
 ---------------------------------------------

 v' = 13   J' =  7
  Contribution      Value[cm-1]            Error[cm-1]
      E2(NAPT)           51.389777481243    2.1E-03
      E4                 -0.145530848650    7.5E-07
      E5                 -0.003503399043    4.2E-06
      E6                 -0.000076904890    3.1E-07
      E7                  0.000003102144    7.8E-07
      Efs                -0.000000954769    4.4E-09
      Total              51.240668476035    2.1E-03
 ---------------------------------------------
