(Int. points=  400 , Int. range= 10.0)
 ---------------------------------------------
 H2     Levels                        

 v' = 12   J' =  0
  Contribution      Value[cm-1]            Error[cm-1]
      E2(NAPT)         1816.251786037243    4.6E-03
      E4                 -0.336761905280    6.8E-07
      E5                 -0.019543554153    2.3E-05
      E6                 -0.000321423763    1.0E-06
      E7                  0.000012831383    3.2E-06
      Efs                -0.000003949207    1.8E-08
      Total            1815.895168036222    4.6E-03
 ---------------------------------------------

 v' = 12   J' =  1
  Contribution      Value[cm-1]            Error[cm-1]
      E2(NAPT)         1774.575620120999    4.6E-03
      E4                 -0.335215078486    6.8E-07
      E5                 -0.019157766509    2.3E-05
      E6                 -0.000316953057    1.0E-06
      E7                  0.000012623483    3.2E-06
      Efs                -0.000003885220    1.8E-08
      Total            1774.220939061210    4.6E-03
 ---------------------------------------------

 v' = 12   J' =  2
  Contribution      Value[cm-1]            Error[cm-1]
      E2(NAPT)         1692.202110014798    4.6E-03
      E4                 -0.332041467068    6.8E-07
      E5                 -0.018397060393    2.2E-05
      E6                 -0.000308081991    1.0E-06
      E7                  0.000012212524    3.1E-06
      Efs                -0.000003758736    1.7E-08
      Total            1691.851371859133    4.6E-03
 ---------------------------------------------

 v' = 12   J' =  3
  Contribution      Value[cm-1]            Error[cm-1]
      E2(NAPT)         1571.080799344278    4.5E-03
      E4                 -0.327078277488    6.7E-07
      E5                 -0.017282712348    2.1E-05
      E6                 -0.000294944492    9.6E-07
      E7                  0.000011607918    2.9E-06
      Efs                -0.000003572652    1.7E-08
      Total            1570.736151445215    4.5E-03
 ---------------------------------------------

 v' = 12   J' =  4
  Contribution      Value[cm-1]            Error[cm-1]
      E2(NAPT)         1414.120650286747    4.4E-03
      E4                 -0.320072720555    6.7E-07
      E5                 -0.015845552658    1.9E-05
      E6                 -0.000277724171    9.1E-07
      E7                  0.000010823144    2.7E-06
      Efs                -0.000003331117    1.5E-08
      Total            1413.784461781390    4.4E-03
 ---------------------------------------------

 v' = 12   J' =  5
  Contribution      Value[cm-1]            Error[cm-1]
      E2(NAPT)         1225.185904822187    4.2E-03
      E4                 -0.310667197347    6.6E-07
      E5                 -0.014124845307    1.7E-05
      E6                 -0.000256632026    8.5E-07
      E7                  0.000009875025    2.5E-06
      Efs                -0.000003039307    1.4E-08
      Total            1224.860862983225    4.2E-03
 ---------------------------------------------

 v' = 12   J' =  6
  Contribution      Value[cm-1]            Error[cm-1]
      E2(NAPT)         1009.116895833631    4.1E-03
      E4                 -0.298369768590    6.5E-07
      E5                 -0.012167055690    1.5E-05
      E6                 -0.000231872044    7.7E-07
      E7                  0.000008782827    2.2E-06
      Efs                -0.000002703154    1.3E-08
      Total            1008.806133216980    4.1E-03
 ---------------------------------------------

 v' = 12   J' =  7
  Contribution      Value[cm-1]            Error[cm-1]
      E2(NAPT)          771.806724302490    3.8E-03
      E4                 -0.282494162016    6.5E-07
      E5                 -0.010024646853    1.2E-05
      E6                 -0.000203584040    6.8E-07
      E7                  0.000007567083    1.9E-06
      Efs                -0.000002328975    1.1E-08
      Total             771.514007147688    3.8E-03
 ---------------------------------------------

 v' = 12   J' =  8
  Contribution      Value[cm-1]            Error[cm-1]
      E2(NAPT)          520.394798652260    3.6E-03
      E4                 -0.262028615090    6.6E-07
      E5                 -0.007754931065    9.3E-06
      E6                 -0.000171729369    5.9E-07
      E7                  0.000006247807    1.6E-06
      Efs                -0.000001922932    8.9E-09
      Total             520.124847701610    3.6E-03
 ---------------------------------------------

 v' = 12   J' =  9
  Contribution      Value[cm-1]            Error[cm-1]
      E2(NAPT)          263.725730082334    3.2E-03
      E4                 -0.235301030116    7.0E-07
      E5                 -0.005418428935    6.5E-06
      E6                 -0.000135779510    4.8E-07
      E7                  0.000004840618    1.2E-06
      Efs                -0.000001489832    6.9E-09
      Total             263.484878194560    3.2E-03
 ---------------------------------------------

 v' = 12   J' = 10
  Contribution      Value[cm-1]            Error[cm-1]
      E2(NAPT)           13.575515426909    2.7E-03
      E4                 -0.198790511749    8.1E-07
      E5                 -0.003071886541    3.7E-06
      E6                 -0.000093305945    3.6E-07
      E7                  0.000003342351    8.4E-07
      Efs                -0.000001028699    4.8E-09
      Total              13.373562036326    2.7E-03
 ---------------------------------------------
