(Int. points=  400 , Int. range= 10.0)
 ---------------------------------------------
 H2     Levels                        

 v' =  6   J' =  0
  Contribution      Value[cm-1]            Error[cm-1]
      E2(NAPT)        14612.963334800870    4.7E-03
      E4                 -0.585551754307    1.6E-06
      E5                 -0.087344588540    1.0E-04
      E6                 -0.001065672859    3.4E-06
      E7                  0.000048502286    1.2E-05
      Efs                -0.000014927897    6.9E-08
      Total           14612.289406359554    4.7E-03
 ---------------------------------------------

 v' =  6   J' =  1
  Contribution      Value[cm-1]            Error[cm-1]
      E2(NAPT)        14528.919836507981    4.7E-03
      E4                 -0.586719505403    1.6E-06
      E5                 -0.086651823127    1.0E-04
      E6                 -0.001059418277    3.4E-06
      E7                  0.000048164056    1.2E-05
      Efs                -0.000014823797    6.9E-08
      Total           14528.245439101433    4.7E-03
 ---------------------------------------------

 v' =  6   J' =  2
  Contribution      Value[cm-1]            Error[cm-1]
      E2(NAPT)        14361.737336012102    4.7E-03
      E4                 -0.589007160516    1.6E-06
      E5                 -0.085279342112    1.0E-04
      E6                 -0.001047018107    3.3E-06
      E7                  0.000047493842    1.2E-05
      Efs                -0.000014617521    6.8E-08
      Total           14361.062035367690    4.7E-03
 ---------------------------------------------

 v' =  6   J' =  3
  Contribution      Value[cm-1]            Error[cm-1]
      E2(NAPT)        14113.195215566720    4.7E-03
      E4                 -0.592321361345    1.6E-06
      E5                 -0.083252573655    1.0E-04
      E6                 -0.001028684589    3.3E-06
      E7                  0.000046503812    1.2E-05
      Efs                -0.000014312812    6.6E-08
      Total           14112.518645138131    4.7E-03
 ---------------------------------------------

 v' =  6   J' =  4
  Contribution      Value[cm-1]            Error[cm-1]
      E2(NAPT)        13785.891187852627    4.7E-03
      E4                 -0.596527611324    1.5E-06
      E5                 -0.080608059435    9.7E-05
      E6                 -0.001004722381    3.2E-06
      E7                  0.000045211439    1.1E-05
      Efs                -0.000013915049    6.5E-08
      Total           13785.213078755876    4.7E-03
 ---------------------------------------------

 v' =  6   J' =  5
  Contribution      Value[cm-1]            Error[cm-1]
      E2(NAPT)        13383.162701850195    4.7E-03
      E4                 -0.601456146826    1.5E-06
      E5                 -0.077391737145    9.3E-05
      E6                 -0.000975513836    3.1E-06
      E7                  0.000043638670    1.1E-05
      Efs                -0.000013430987    6.2E-08
      Total           13382.482908660073    4.7E-03
 ---------------------------------------------

 v' =  6   J' =  6
  Contribution      Value[cm-1]            Error[cm-1]
      E2(NAPT)        12908.992727217888    4.7E-03
      E4                 -0.606908626889    1.5E-06
      E5                 -0.073656947516    8.8E-05
      E6                 -0.000941501901    3.0E-06
      E7                  0.000041810959    1.0E-05
      Efs                -0.000012868459    6.0E-08
      Total           12908.311249084083    4.7E-03
 ---------------------------------------------

 v' =  6   J' =  7
  Contribution      Value[cm-1]            Error[cm-1]
      E2(NAPT)        12367.906973405841    4.8E-03
      E4                 -0.612664931721    1.5E-06
      E5                 -0.069462349879    8.3E-05
      E6                 -0.000903172204    2.9E-06
      E7                  0.000039756252    9.9E-06
      Efs                -0.000012236067    5.7E-08
      Total           12367.223970472223    4.8E-03
 ---------------------------------------------

 v' =  6   J' =  8
  Contribution      Value[cm-1]            Error[cm-1]
      E2(NAPT)        11764.869418778830    4.8E-03
      E4                 -0.618489424562    1.5E-06
      E5                 -0.064869911397    7.8E-05
      E6                 -0.000861035712    2.8E-06
      E7                  0.000037504010    9.4E-06
      Efs                -0.000011542879    5.4E-08
      Total           11764.185224368290    4.8E-03
 ---------------------------------------------

 v' =  6   J' =  9
  Contribution      Value[cm-1]            Error[cm-1]
      E2(NAPT)        11105.182216902700    4.8E-03
      E4                 -0.624136154491    1.5E-06
      E5                 -0.059943099046    7.2E-05
      E6                 -0.000815613043    2.6E-06
      E7                  0.000035084330    8.8E-06
      Efs                -0.000010798156    5.0E-08
      Total           11104.497346322296    4.8E-03
 ---------------------------------------------

 v' =  6   J' = 10
  Contribution      Value[cm-1]            Error[cm-1]
      E2(NAPT)        10394.394877205956    4.8E-03
      E4                 -0.629352617543    1.5E-06
      E5                 -0.054745360547    6.6E-05
      E6                 -0.000767421089    2.5E-06
      E7                  0.000032527197    8.1E-06
      Efs                -0.000010011129    4.7E-08
      Total           10393.710034322847    4.8E-03
 ---------------------------------------------

 v' =  6   J' = 11
  Contribution      Value[cm-1]            Error[cm-1]
      E2(NAPT)         9638.226354855487    4.8E-03
      E4                 -0.633881812067    1.5E-06
      E5                 -0.049338939454    5.9E-05
      E6                 -0.000716962189    2.3E-06
      E7                  0.000029861901    7.5E-06
      Efs                -0.000009190812    4.3E-08
      Total            9637.542437812866    4.8E-03
 ---------------------------------------------

 v' =  6   J' = 12
  Contribution      Value[cm-1]            Error[cm-1]
      E2(NAPT)         8842.502556629559    4.8E-03
      E4                 -0.637462391896    1.4E-06
      E5                 -0.043784036767    5.2E-05
      E6                 -0.000664715757    2.1E-06
      E7                  0.000027116611    6.8E-06
      Efs                -0.000008345874    3.9E-08
      Total            8841.820664255876    4.8E-03
 ---------------------------------------------

 v' =  6   J' = 13
  Contribution      Value[cm-1]            Error[cm-1]
      E2(NAPT)         8013.110944877110    4.9E-03
      E4                 -0.639826713814    1.4E-06
      E5                 -0.038138309627    4.6E-05
      E6                 -0.000611132016    2.0E-06
      E7                  0.000024318108    6.1E-06
      Efs                -0.000007484559    3.5E-08
      Total            8012.432385555203    4.9E-03
 ---------------------------------------------

 v' =  6   J' = 14
  Contribution      Value[cm-1]            Error[cm-1]
      E2(NAPT)         7155.973524281282    4.9E-03
      E4                 -0.640696467446    1.4E-06
      E5                 -0.032456687965    3.9E-05
      E6                 -0.000556627385    1.8E-06
      E7                  0.000021491657    5.4E-06
      Efs                -0.000006614642    3.1E-08
      Total            7155.299829375502    4.9E-03
 ---------------------------------------------

 v' =  6   J' = 15
  Contribution      Value[cm-1]            Error[cm-1]
      E2(NAPT)         6277.039642333071    4.9E-03
      E4                 -0.639775320692    1.3E-06
      E5                 -0.026791492367    3.2E-05
      E6                 -0.000501581186    1.6E-06
      E7                  0.000018661007    4.7E-06
      Efs                -0.000005743432    2.7E-08
      Total            6276.372586856402    4.9E-03
 ---------------------------------------------

 v' =  6   J' = 16
  Contribution      Value[cm-1]            Error[cm-1]
      E2(NAPT)         5382.300897317222    4.9E-03
      E4                 -0.636737520322    1.3E-06
      E5                 -0.021192851831    2.5E-05
      E6                 -0.000446333370    1.4E-06
      E7                  0.000015848514    4.0E-06
      Efs                -0.000004877811    2.3E-08
      Total            5381.642531582403    4.9E-03
 ---------------------------------------------

 v' =  6   J' = 17
  Contribution      Value[cm-1]            Error[cm-1]
      E2(NAPT)         4477.832371224132    4.9E-03
      E4                 -0.631210457868    1.3E-06
      E5                 -0.015709452817    1.9E-05
      E6                 -0.000391182800    1.3E-06
      E7                  0.000013075369    3.3E-06
      Efs                -0.000004024300    1.9E-08
      Total            4477.185069181717    4.9E-03
 ---------------------------------------------

 v' =  6   J' = 18
  Contribution      Value[cm-1]            Error[cm-1]
      E2(NAPT)         3569.868138425647    4.9E-03
      E4                 -0.622747395011    1.3E-06
      E5                 -0.010389712828    1.2E-05
      E6                 -0.000336384647    1.1E-06
      E7                  0.000010361967    2.6E-06
      Efs                -0.000003189177    1.5E-08
      Total            3569.234672105951    4.9E-03
 ---------------------------------------------

 v' =  6   J' = 19
  Contribution      Value[cm-1]            Error[cm-1]
      E2(NAPT)         2664.926256999517    4.9E-03
      E4                 -0.610782728510    1.2E-06
      E5                 -0.005283593853    6.3E-06
      E6                 -0.000282143281    9.1E-07
      E7                  0.000007728442    1.9E-06
      Efs                -0.000002378638    1.1E-08
      Total            2664.309913883676    4.9E-03
 ---------------------------------------------

 v' =  6   J' = 20
  Contribution      Value[cm-1]            Error[cm-1]
      E2(NAPT)         1770.013425667531    4.9E-03
      E4                 -0.594553333919    1.2E-06
      E5                 -0.000445536413    5.3E-07
      E6                 -0.000228592488    7.4E-07
      E7                  0.000005195476    1.3E-06
      Efs                -0.000001599049    7.4E-09
      Total            1769.418201801137    4.9E-03
 ---------------------------------------------

 v' =  6   J' = 21
  Contribution      Value[cm-1]            Error[cm-1]
      E2(NAPT)          892.973630075133    4.9E-03
      E4                 -0.572946257732    1.2E-06
      E5                  0.004060344993    4.9E-06
      E6                 -0.000175742911    5.8E-07
      E7                  0.000002785622    7.0E-07
      Efs                -0.000000857351    4.0E-09
      Total             892.404570347753    4.9E-03
 ---------------------------------------------

 v' =  6   J' = 22
  Contribution      Value[cm-1]            Error[cm-1]
      E2(NAPT)           43.134960956909    4.8E-03
      E4                 -0.544159960957    1.2E-06
      E5                  0.008149698017    9.8E-06
      E6                 -0.000123333297    4.2E-07
      E7                  0.000000525727    1.3E-07
      Efs                -0.000000161807    7.5E-10
      Total              42.598827724592    4.8E-03
 ---------------------------------------------
