(Int. points=  400 , Int. range= 10.0)
 ---------------------------------------------
 H2     Levels                        

 v' =  2   J' =  0
  Contribution      Value[cm-1]            Error[cm-1]
      E2(FULL)        28031.795254208744    1.0E-07
      E4                 -0.572857120784    2.1E-06
      E5                 -0.153854097225    1.8E-04
      E6                 -0.001686818661    5.4E-06
      E7                  0.000081146321    2.0E-05
      Efs                -0.000024974986    1.2E-07
      Total           28031.066912343409    1.9E-04
 ---------------------------------------------

 v' =  2   J' =  1
  Contribution      Value[cm-1]            Error[cm-1]
      E2(FULL)        27925.004809151200    1.0E-07
      E4                 -0.574998119311    2.1E-06
      E5                 -0.152950534536    1.8E-04
      E6                 -0.001678924000    5.4E-06
      E7                  0.000080711271    2.0E-05
      Efs                -0.000024841087    1.2E-07
      Total           27924.275237443537    1.8E-04
 ---------------------------------------------

 v' =  2   J' =  2
  Contribution      Value[cm-1]            Error[cm-1]
      E2(FULL)        27712.440657057428    1.0E-07
      E4                 -0.579226558455    2.1E-06
      E5                 -0.151158871466    1.8E-04
      E6                 -0.001663264928    5.3E-06
      E7                  0.000079848575    2.0E-05
      Efs                -0.000024575569    1.1E-07
      Total           27711.708663635585    1.8E-04
 ---------------------------------------------

 v' =  2   J' =  3
  Contribution      Value[cm-1]            Error[cm-1]
      E2(FULL)        27396.103056531036    1.0E-07
      E4                 -0.585438088137    2.1E-06
      E5                 -0.148509272895    1.8E-04
      E6                 -0.001640095581    5.3E-06
      E7                  0.000078572678    2.0E-05
      Efs                -0.000024182877    1.1E-07
      Total           27395.367523464221    1.8E-04
 ---------------------------------------------

 v' =  2   J' =  4
  Contribution      Value[cm-1]            Error[cm-1]
      E2(FULL)        26978.912007484505    1.0E-07
      E4                 -0.593482792896    2.1E-06
      E5                 -0.145045166531    1.7E-04
      E6                 -0.001609781909    5.2E-06
      E7                  0.000076904370    1.9E-05
      Efs                -0.000023669410    1.1E-07
      Total           26978.171922978127    1.7E-04
 ---------------------------------------------

 v' =  2   J' =  5
  Contribution      Value[cm-1]            Error[cm-1]
      E2(FULL)        26464.617848113285    1.0E-07
      E4                 -0.603172326162    2.1E-06
      E5                 -0.140821268286    1.7E-04
      E6                 -0.001572785100    5.0E-06
      E7                  0.000074869834    1.9E-05
      Efs                -0.000023043226    1.1E-07
      Total           26463.872333560343    1.7E-04
 ---------------------------------------------

 v' =  2   J' =  6
  Contribution      Value[cm-1]            Error[cm-1]
      E2(FULL)        25857.692712232903    1.0E-07
      E4                 -0.614288245861    2.1E-06
      E5                 -0.135901258591    1.6E-04
      E6                 -0.001529642067    4.9E-06
      E7                  0.000072499531    1.8E-05
      Efs                -0.000022313701    1.0E-07
      Total           25856.941043272207    1.6E-04
 ---------------------------------------------

 v' =  2   J' =  7
  Contribution      Value[cm-1]            Error[cm-1]
      E2(FULL)        25163.210165897533    1.0E-07
      E4                 -0.626590804280    2.1E-06
      E5                 -0.130355307256    1.6E-04
      E6                 -0.001480944608    4.7E-06
      E7                  0.000069827006    1.7E-05
      Efs                -0.000021491159    1.0E-07
      Total           25162.451787177233    1.6E-04
 ---------------------------------------------

 v' =  2   J' =  8
  Contribution      Value[cm-1]            Error[cm-1]
      E2(FULL)        24386.720190345593    1.0E-07
      E4                 -0.639827505761    2.1E-06
      E5                 -0.124257629923    1.5E-04
      E6                 -0.001427318791    4.6E-06
      E7                  0.000066887709    1.7E-05
      Efs                -0.000020586511    9.6E-08
      Total           24385.954724192317    1.5E-04
 ---------------------------------------------

 v' =  2   J' =  9
  Contribution      Value[cm-1]            Error[cm-1]
      E2(FULL)        23534.125971722802    1.0E-07
      E4                 -0.653740879253    2.1E-06
      E5                 -0.117684225305    1.4E-04
      E6                 -0.001369405796    4.4E-06
      E7                  0.000063717916    1.6E-05
      Efs                -0.000019610921    9.1E-08
      Total           23533.353221319441    1.4E-04
 ---------------------------------------------

 v' =  2   J' = 10
  Contribution      Value[cm-1]            Error[cm-1]
      E2(FULL)        22611.567833599896    1.0E-07
      E4                 -0.668075082515    2.1E-06
      E5                 -0.110710898595    1.3E-04
      E6                 -0.001307845080    4.2E-06
      E7                  0.000060353769    1.5E-05
      Efs                -0.000018575513    8.6E-08
      Total           22610.787781551964    1.3E-04
 ---------------------------------------------

 v' =  2   J' = 11
  Contribution      Value[cm-1]            Error[cm-1]
      E2(FULL)        21625.318154468383    1.0E-07
      E4                 -0.682581126869    2.0E-06
      E5                 -0.103411631276    1.2E-04
      E6                 -0.001243260372    4.0E-06
      E7                  0.000056830500    1.4E-05
      Efs                -0.000017491131    8.1E-08
      Total           21624.530957789233    1.2E-04
 ---------------------------------------------

 v' =  2   J' = 12
  Contribution      Value[cm-1]            Error[cm-1]
      E2(FULL)        20581.689751292615    1.0E-07
      E4                 -0.697020660614    2.0E-06
      E5                 -0.095857317657    1.1E-04
      E6                 -0.001176248659    3.8E-06
      E7                  0.000053181820    1.3E-05
      Efs                -0.000016368151    7.6E-08
      Total           20580.895733879352    1.2E-04
 ---------------------------------------------

 v' =  2   J' = 13
  Contribution      Value[cm-1]            Error[cm-1]
      E2(FULL)        19486.959066942261    1.0E-07
      E4                 -0.711168361566    2.0E-06
      E5                 -0.088114857380    1.1E-04
      E6                 -0.001107372079    3.5E-06
      E7                  0.000049439485    1.2E-05
      Efs                -0.000015216345    7.1E-08
      Total           19486.158710574378    1.1E-04
 ---------------------------------------------

 v' =  2   J' = 14
  Contribution      Value[cm-1]            Error[cm-1]
      E2(FULL)        18347.304289135584    1.0E-07
      E4                 -0.724813060603    2.0E-06
      E5                 -0.080246572115    9.6E-05
      E6                 -0.001037152464    3.3E-06
      E7                  0.000045633013    1.1E-05
      Efs                -0.000014044800    6.5E-08
      Total           18346.498223938615    9.7E-05
 ---------------------------------------------

 v' =  2   J' = 15
  Contribution      Value[cm-1]            Error[cm-1]
      E2(FULL)        17168.757997385419    1.0E-07
      E4                 -0.737757751198    2.0E-06
      E5                 -0.072309902979    8.7E-05
      E6                 -0.000966068226    3.1E-06
      E7                  0.000041789540    1.0E-05
      Efs                -0.000012861867    6.0E-08
      Total           17167.946992590689    8.7E-05
 ---------------------------------------------

 v' =  2   J' = 16
  Contribution      Value[cm-1]            Error[cm-1]
      E2(FULL)        15957.173370228787    1.0E-07
      E4                 -0.749818641068    1.9E-06
      E5                 -0.064357341095    7.7E-05
      E6                 -0.000894553202    2.9E-06
      E7                  0.000037933779    9.5E-06
      Efs                -0.000011675151    5.4E-08
      Total           15956.358325952049    7.8E-05
 ---------------------------------------------

 v' =  2   J' = 17
  Contribution      Value[cm-1]            Error[cm-1]
      E2(FULL)        14718.202714669085    1.0E-07
      E4                 -0.760823377992    1.9E-06
      E5                 -0.056436545346    6.8E-05
      E6                 -0.000822997141    2.6E-06
      E7                  0.000034088073    8.5E-06
      Efs                -0.000010491531    4.9E-08
      Total           14717.384655345149    6.8E-05
 ---------------------------------------------

 v' =  2   J' = 18
  Contribution      Value[cm-1]            Error[cm-1]
      E2(FULL)        13457.287124849781    1.0E-07
      E4                 -0.770608537981    1.9E-06
      E5                 -0.048590606731    5.8E-05
      E6                 -0.000751747464    2.4E-06
      E7                  0.000030272517    7.6E-06
      Efs                -0.000009317190    4.3E-08
      Total           13456.467194912932    5.9E-05
 ---------------------------------------------

 v' =  2   J' = 19
  Contribution      Value[cm-1]            Error[cm-1]
      E2(FULL)        12179.656136511147    1.0E-07
      E4                 -0.779016402259    1.9E-06
      E5                 -0.040858426504    4.9E-05
      E6                 -0.000681111957    2.2E-06
      E7                  0.000026505122    6.6E-06
      Efs                -0.000008157672    3.8E-08
      Total           12178.835598917878    4.9E-05
 ---------------------------------------------

 v' =  2   J' = 20
  Contribution      Value[cm-1]            Error[cm-1]
      E2(FULL)        10890.336522870841    1.0E-07
      E4                 -0.785890967386    1.8E-06
      E5                 -0.033275184632    4.0E-05
      E6                 -0.000611362016    2.0E-06
      E7                  0.000022802026    5.7E-06
      Efs                -0.000007017943    3.3E-08
      Total           10889.516761140892    4.0E-05
 ---------------------------------------------

 v' =  2   J' = 21
  Contribution      Value[cm-1]            Error[cm-1]
      E2(FULL)         9594.169768474165    1.0E-07
      E4                 -0.791073020207    1.8E-06
      E5                 -0.025872885729    3.1E-05
      E6                 -0.000542736055    1.7E-06
      E7                  0.000019177734    4.8E-06
      Efs                -0.000005902469    2.7E-08
      Total            9593.352293107437    3.1E-05
 ---------------------------------------------

 v' =  2   J' = 22
  Contribution      Value[cm-1]            Error[cm-1]
      E2(FULL)         8295.838313200036    1.0E-07
      E4                 -0.794393944635    1.8E-06
      E5                 -0.018680982212    2.2E-05
      E6                 -0.000475442682    1.5E-06
      E7                  0.000015645382    3.9E-06
      Efs                -0.000004815292    2.2E-08
      Total            8295.024773660596    2.3E-05
 ---------------------------------------------

 v' =  2   J' = 23
  Contribution      Value[cm-1]            Error[cm-1]
      E2(FULL)         6999.901450383301    1.0E-07
      E4                 -0.795667667721    1.7E-06
      E5                 -0.011727090498    1.4E-05
      E6                 -0.000409663322    1.3E-06
      E7                  0.000012217034    3.1E-06
      Efs                -0.000003760124    1.7E-08
      Total            6999.093654418670    1.5E-05
 ---------------------------------------------

 v' =  2   J' = 24
  Contribution      Value[cm-1]            Error[cm-1]
      E2(FULL)         5823.025691220721    1.0E-07
      E4                 -0.794679712590    1.7E-06
      E5                 -0.005037839474    6.0E-06
      E6                 -0.000345554083    1.1E-06
      E7                  0.000008904022    2.2E-06
      Efs                -0.000002740455    1.3E-08
      Total            5822.225634278142    6.7E-06
 ---------------------------------------------

 v' =  2   J' = 25
  Contribution      Value[cm-1]            Error[cm-1]
      E2(FULL)         4433.134359832694    1.0E-07
      E4                 -0.791171527057    1.6E-06
      E5                  0.001360071357    1.6E-06
      E6                 -0.000283246754    9.1E-07
      E7                  0.000005717346    1.4E-06
      Efs                -0.000001759669    8.2E-09
      Total            4432.344269087916    2.9E-06
 ---------------------------------------------

 v' =  2   J' = 26
  Contribution      Value[cm-1]            Error[cm-1]
      E2(FULL)         3171.321302379182    1.0E-07
      E4                 -0.784816699892    1.6E-06
      E5                  0.007438456656    8.9E-06
      E6                 -0.000222848739    7.2E-07
      E7                  0.000002668191    6.7E-07
      Efs                -0.000000821208    3.8E-09
      Total            3170.543703134191    9.1E-06
 ---------------------------------------------

 v' =  2   J' = 27
  Contribution      Value[cm-1]            Error[cm-1]
      E2(FULL)         1930.146000007463    1.0E-07
      E4                 -0.775182393471    1.6E-06
      E5                  0.013165583806    1.6E-05
      E6                 -0.000164440884    5.3E-07
      E7                 -0.000000231362    5.8E-08
      Efs                 0.000000071208    3.3E-10
      Total            1929.383818596760    1.6E-05
 ---------------------------------------------

 v' =  2   J' = 28
  Contribution      Value[cm-1]            Error[cm-1]
      E2(FULL)          714.732193560521    1.0E-07
      E4                 -0.761661705882    1.5E-06
      E5                  0.018502856427    2.2E-05
      E6                 -0.000108069486    3.5E-07
      E7                 -0.000002967231    7.4E-07
      Efs                 0.000000913246    4.2E-09
      Total             713.988924587596    2.2E-05
 ---------------------------------------------
