(Int. points=  200 , Int. range= 10.0)
 ---------------------------------------------
 H2     Levels                        

 v' =  5   J' =  0
  Contribution      Value[cm-1]            Error[cm-1]
      E2(NAPT)        17626.834888470705    4.2E-03
      E4                 -0.592148907496    1.7E-06
      E5                 -0.102193130917    1.2E-04
      E6                 -0.001208184046    3.9E-06
      E7                  0.000055876410    1.4E-05
      Efs                -0.000017197484    8.0E-08
      Total           17626.139376927171    4.2E-03
 ---------------------------------------------

 v' =  5   J' =  1
  Contribution      Value[cm-1]            Error[cm-1]
      E2(NAPT)        17537.054934201991    4.2E-03
      E4                 -0.593582192385    1.7E-06
      E5                 -0.101449986744    1.2E-04
      E6                 -0.001201551292    3.8E-06
      E7                  0.000055515275    1.4E-05
      Efs                -0.000017086335    7.9E-08
      Total           17536.358738900512    4.2E-03
 ---------------------------------------------

 v' =  5   J' =  2
  Contribution      Value[cm-1]            Error[cm-1]
      E2(NAPT)        17358.422964185025    4.2E-03
      E4                 -0.596399979970    1.7E-06
      E5                 -0.099977296760    1.2E-04
      E6                 -0.001188399763    3.8E-06
      E7                  0.000054799521    1.4E-05
      Efs                -0.000016866042    7.8E-08
      Total           17357.725436442011    4.2E-03
 ---------------------------------------------

 v' =  5   J' =  3
  Contribution      Value[cm-1]            Error[cm-1]
      E2(NAPT)        17092.764175319891    4.2E-03
      E4                 -0.600507175476    1.7E-06
      E5                 -0.097801562133    1.2E-04
      E6                 -0.001168951537    3.7E-06
      E7                  0.000053741839    1.3E-05
      Efs                -0.000016540512    7.7E-08
      Total           17092.064734832071    4.2E-03
 ---------------------------------------------

 v' =  5   J' =  4
  Contribution      Value[cm-1]            Error[cm-1]
      E2(NAPT)        16742.742336538806    4.2E-03
      E4                 -0.605767009458    1.7E-06
      E5                 -0.094960874666    1.1E-04
      E6                 -0.001143525682    3.7E-06
      E7                  0.000052360461    1.3E-05
      Efs                -0.000016115355    7.5E-08
      Total           16742.040501374104    4.2E-03
 ---------------------------------------------

 v' =  5   J' =  5
  Contribution      Value[cm-1]            Error[cm-1]
      E2(NAPT)        16311.778027176677    4.2E-03
      E4                 -0.612007300202    1.7E-06
      E5                 -0.091503130635    1.1E-04
      E6                 -0.001112523134    3.6E-06
      E7                  0.000050678301    1.3E-05
      Efs                -0.000015597624    7.2E-08
      Total           16311.073439303380    4.2E-03
 ---------------------------------------------

 v' =  5   J' =  6
  Contribution      Value[cm-1]            Error[cm-1]
      E2(NAPT)        15803.950258376664    4.3E-03
      E4                 -0.619027654251    1.7E-06
      E5                 -0.087483950764    1.0E-04
      E6                 -0.001076409062    3.4E-06
      E7                  0.000048721938    1.2E-05
      Efs                -0.000014995501    7.0E-08
      Total           15803.242704089025    4.3E-03
 ---------------------------------------------

 v' =  5   J' =  7
  Contribution      Value[cm-1]            Error[cm-1]
      E2(NAPT)        15223.888592415753    4.3E-03
      E4                 -0.626606889031    1.7E-06
      E5                 -0.082964494295    9.9E-05
      E6                 -0.001035694269    3.3E-06
      E7                  0.000046520568    1.2E-05
      Efs                -0.000014317969    6.7E-08
      Total           15223.178017540757    4.3E-03
 ---------------------------------------------

 v' =  5   J' =  8
  Contribution      Value[cm-1]            Error[cm-1]
      E2(NAPT)        14576.662701388410    4.3E-03
      E4                 -0.634510030151    1.7E-06
      E5                 -0.078009336809    9.3E-05
      E6                 -0.000990917044    3.2E-06
      E7                  0.000044104968    1.1E-05
      Efs                -0.000013574503    6.3E-08
      Total           14575.949221634872    4.3E-03
 ---------------------------------------------

 v' =  5   J' =  9
  Contribution      Value[cm-1]            Error[cm-1]
      E2(NAPT)        13867.675485377726    4.3E-03
      E4                 -0.642494369066    1.6E-06
      E5                 -0.072684545313    8.7E-05
      E6                 -0.000942626510    3.0E-06
      E7                  0.000041506569    1.0E-05
      Efs                -0.000012774775    5.9E-08
      Total           13866.959392568631    4.3E-03
 ---------------------------------------------

 v' =  5   J' = 10
  Contribution      Value[cm-1]            Error[cm-1]
      E2(NAPT)        13102.564656202010    4.4E-03
      E4                 -0.650314224746    1.6E-06
      E5                 -0.067056040359    8.0E-05
      E6                 -0.000891368199    2.9E-06
      E7                  0.000038756657    9.7E-06
      Efs                -0.000011928415    5.5E-08
      Total           13101.846421396949    4.4E-03
 ---------------------------------------------

 v' =  5   J' = 11
  Contribution      Value[cm-1]            Error[cm-1]
      E2(NAPT)        12287.116345734295    4.4E-03
      E4                 -0.657724200002    1.6E-06
      E5                 -0.061188292226    7.3E-05
      E6                 -0.000837672216    2.7E-06
      E7                  0.000035885738    9.0E-06
      Efs                -0.000011044811    5.1E-08
      Total           12286.396620410778    4.4E-03
 ---------------------------------------------

 v' =  5   J' = 12
  Contribution      Value[cm-1]            Error[cm-1]
      E2(NAPT)        11427.193033507745    4.4E-03
      E4                 -0.664480833499    1.6E-06
      E5                 -0.055143362806    6.6E-05
      E6                 -0.000782044136    2.5E-06
      E7                  0.000032923067    8.2E-06
      Efs                -0.000010132969    4.7E-08
      Total           11426.472650057403    4.4E-03
 ---------------------------------------------

 v' =  5   J' = 13
  Contribution      Value[cm-1]            Error[cm-1]
      E2(NAPT)        10528.677057770776    4.5E-03
      E4                 -0.670342606353    1.6E-06
      E5                 -0.048980279622    5.9E-05
      E6                 -0.000724958585    2.3E-06
      E7                  0.000029896334    7.5E-06
      Efs                -0.000009201409    4.3E-08
      Total           10527.957030621141    4.5E-03
 ---------------------------------------------

 v' =  5   J' = 14
  Contribution      Value[cm-1]            Error[cm-1]
      E2(NAPT)         9597.430266568039    4.5E-03
      E4                 -0.675068258055    1.5E-06
      E5                 -0.042754714071    5.1E-05
      E6                 -0.000666855327    2.1E-06
      E7                  0.000026831490    6.7E-06
      Efs                -0.000008258120    3.8E-08
      Total            9596.711795313955    4.5E-03
 ---------------------------------------------

 v' =  5   J' = 15
  Contribution      Value[cm-1]            Error[cm-1]
      E2(NAPT)         8639.270028311736    4.5E-03
      E4                 -0.678413291245    1.5E-06
      E5                 -0.036518931669    4.4E-05
      E6                 -0.000608137502    1.9E-06
      E7                  0.000023752695    5.9E-06
      Efs                -0.000007310538    3.4E-08
      Total            8638.554504393478    4.5E-03
 ---------------------------------------------

 v' =  5   J' = 16
  Contribution      Value[cm-1]            Error[cm-1]
      E2(NAPT)         7659.961890842480    4.6E-03
      E4                 -0.680124381132    1.5E-06
      E5                 -0.030321986666    3.6E-05
      E6                 -0.000549171401    1.8E-06
      E7                  0.000020682377    5.2E-06
      Efs                -0.000006365564    3.0E-08
      Total            7659.250909620096    4.6E-03
 ---------------------------------------------

 v' =  5   J' = 17
  Contribution      Value[cm-1]            Error[cm-1]
      E2(NAPT)         6665.229718625290    4.6E-03
      E4                 -0.679931113540    1.4E-06
      E5                 -0.024210146449    2.9E-05
      E6                 -0.000490286910    1.6E-06
      E7                  0.000017641381    4.4E-06
      Efs                -0.000005429614    2.5E-08
      Total            6664.525099290157    4.6E-03
 ---------------------------------------------

 v' =  5   J' = 18
  Contribution      Value[cm-1]            Error[cm-1]
      E2(NAPT)         5660.785300139067    4.7E-03
      E4                 -0.677533965742    1.4E-06
      E5                 -0.018227554350    2.2E-05
      E6                 -0.000431777594    1.4E-06
      E7                  0.000014649204    3.7E-06
      Efs                -0.000004508691    2.1E-08
      Total            5660.089116981892    4.7E-03
 ---------------------------------------------

 v' =  5   J' = 19
  Contribution      Value[cm-1]            Error[cm-1]
      E2(NAPT)         4652.381542375940    4.7E-03
      E4                 -0.672586515475    1.4E-06
      E5                 -0.012417178121    1.5E-05
      E6                 -0.000373899536    1.2E-06
      E7                  0.000011724331    2.9E-06
      Efs                -0.000003608482    1.7E-08
      Total            4651.696172898658    4.7E-03
 ---------------------------------------------

 v' =  5   J' = 20
  Contribution      Value[cm-1]            Error[cm-1]
      E2(NAPT)         3645.897210885779    4.8E-03
      E4                 -0.664668056514    1.3E-06
      E5                 -0.006822159931    8.2E-06
      E6                 -0.000316868130    1.0E-06
      E7                  0.000008884688    2.2E-06
      Efs                -0.000002734504    1.3E-08
      Total            3645.225409951388    4.8E-03
 ---------------------------------------------

 v' =  5   J' = 21
  Contribution      Value[cm-1]            Error[cm-1]
      E2(NAPT)         2647.468447399429    4.8E-03
      E4                 -0.653238995975    1.3E-06
      E5                 -0.001487817543    1.8E-06
      E6                 -0.000260851265    8.4E-07
      E7                  0.000006148271    1.5E-06
      Efs                -0.000001892297    8.8E-09
      Total            2646.813463990619    4.8E-03
 ---------------------------------------------

 v' =  5   J' = 22
  Contribution      Value[cm-1]            Error[cm-1]
      E2(NAPT)         1663.697183860580    4.8E-03
      E4                 -0.637562597814    1.3E-06
      E5                  0.003535160051    4.2E-06
      E6                 -0.000205953471    6.7E-07
      E7                  0.000003534098    8.8E-07
      Efs                -0.000001087715    5.1E-09
      Total            1663.062952915729    4.8E-03
 ---------------------------------------------

 v' =  5   J' = 23
  Contribution      Value[cm-1]            Error[cm-1]
      E2(NAPT)          702.000434673027    4.8E-03
      E4                 -0.616553498300    1.3E-06
      E5                  0.008185041706    9.8E-06
      E6                 -0.000152173194    5.0E-07
      E7                  0.000001063777    2.7E-07
      Efs                -0.000000327406    1.5E-09
      Total             701.391914779610    4.8E-03
 ---------------------------------------------
