(Int. points=  200 , Int. range= 10.0)
 ---------------------------------------------
 H2     Levels                        

 v' = 14   J' =  0
  Contribution      Value[cm-1]            Error[cm-1]
      E2(NAPT)          144.886608646515    1.7E-03
      E4                 -0.112865930907    5.8E-07
      E5                 -0.004326699597    5.2E-06
      E6                 -0.000076875144    3.0E-07
      E7                  0.000003235855    8.1E-07
      Efs                -0.000000995922    4.6E-09
      Total             144.769341380799    1.7E-03
 ---------------------------------------------

 v' = 14   J' =  1
  Contribution      Value[cm-1]            Error[cm-1]
      E2(NAPT)          127.706165521690    1.7E-03
      E4                 -0.108649347966    5.9E-07
      E5                 -0.004056845184    4.9E-06
      E6                 -0.000072109876    2.8E-07
      E7                  0.000003061413    7.7E-07
      Efs                -0.000000942233    4.4E-09
      Total             127.593389337844    1.7E-03
 ---------------------------------------------

 v' = 14   J' =  2
  Contribution      Value[cm-1]            Error[cm-1]
      E2(NAPT)           94.947265177506    1.5E-03
      E4                 -0.099918739236    6.1E-07
      E5                 -0.003527936516    4.2E-06
      E6                 -0.000062563350    2.6E-07
      E7                  0.000002715233    6.8E-07
      Efs                -0.000000835687    3.9E-09
      Total              94.843757817950    1.5E-03
 ---------------------------------------------

 v' = 14   J' =  3
  Contribution      Value[cm-1]            Error[cm-1]
      E2(NAPT)           49.960318858608    1.3E-03
      E4                 -0.086110626958    6.3E-07
      E5                 -0.002767270300    3.3E-06
      E6                 -0.000048493036    2.1E-07
      E7                  0.000002205872    5.5E-07
      Efs                -0.000000678917    3.2E-09
      Total              49.871393995269    1.3E-03
 ---------------------------------------------

 v' = 14   J' =  4
 Weakly bound level involved. Caution advised.
 Error can be bigger than the estimate given.
  Contribution      Value[cm-1]            Error[cm-1]
      E2(NAPT)           -1.932903598643    1.0E-03
      E4                 -0.066985158552    6.1E-07
      E5                 -0.001850761100    2.2E-06
      E6                 -0.000031954849    1.6E-07
      E7                  0.000001569383    3.9E-07
      Efs                -0.000000483020    2.2E-09
      Total              -2.001770386780    1.0E-03
 ---------------------------------------------
