(Int. points=  400 , Int. range= 20.0)
 ---------------------------------------------
 H2     Levels                        

 v' = 14   J' =  0
  Contribution      Value[cm-1]            Error[cm-1]
      E2(NAPT)          144.914076729079    1.7E-03
      E4                 -0.112764185490    5.8E-07
      E5                 -0.004321522484    5.2E-06
      E6                 -0.000076597090    3.0E-07
      E7                  0.000003232271    8.1E-07
      Efs                -0.000000994819    4.6E-09
      Total             144.796916661467    1.7E-03
 ---------------------------------------------

 v' = 14   J' =  1
  Contribution      Value[cm-1]            Error[cm-1]
      E2(NAPT)          127.748763754448    1.7E-03
      E4                 -0.108492664624    5.9E-07
      E5                 -0.004049078609    4.9E-06
      E6                 -0.000071686499    2.8E-07
      E7                  0.000003055998    7.6E-07
      Efs                -0.000000940566    4.4E-09
      Total             127.636152440148    1.7E-03
 ---------------------------------------------

 v' = 14   J' =  2
  Contribution      Value[cm-1]            Error[cm-1]
      E2(NAPT)           95.048920522391    1.5E-03
      E4                 -0.099551115847    6.2E-07
      E5                 -0.003510697496    4.2E-06
      E6                 -0.000061595138    2.5E-07
      E7                  0.000002703020    6.8E-07
      Efs                -0.000000831928    3.9E-09
      Total              94.945798985003    1.5E-03
 ---------------------------------------------

 v' = 14   J' =  3
  Contribution      Value[cm-1]            Error[cm-1]
      E2(NAPT)           50.327387064847    1.3E-03
      E4                 -0.084825025726    6.9E-07
      E5                 -0.002712390716    3.3E-06
      E6                 -0.000045253265    2.1E-07
      E7                  0.000002165862    5.4E-07
      Efs                -0.000000666603    3.1E-09
      Total              50.239805894399    1.3E-03
 ---------------------------------------------

 v' = 14   J' =  4
 Weakly bound level involved. Caution advised.
 Error can be bigger than the estimate given.
  Contribution      Value[cm-1]            Error[cm-1]
      E2(NAPT)            0.084853951414    9.1E-04
      E4                 -0.059884306055    9.9E-07
      E5                 -0.001594095818    1.9E-06
      E6                 -0.000012987486    1.4E-07
      E7                  0.000001370678    3.4E-07
      Efs                -0.000000421864    2.0E-09
      Total               0.023363510870    9.1E-04
 ---------------------------------------------
