(Int. points=  400 , Int. range= 20.0)
 ---------------------------------------------
 H2     Levels                        

 v' = 11   J' =  0
  Contribution      Value[cm-1]            Error[cm-1]
      E2(NAPT)         3231.412263718036    5.3E-03
      E4                 -0.412681894320    8.3E-07
      E5                 -0.028484469683    3.4E-05
      E6                 -0.000438620058    1.4E-06
      E7                  0.000017933902    4.5E-06
      Efs                -0.000005519646    2.6E-08
      Total            3230.970671148232    5.3E-03
 ---------------------------------------------

 v' = 11   J' =  1
  Contribution      Value[cm-1]            Error[cm-1]
      E2(NAPT)         3180.759946042605    5.3E-03
      E4                 -0.411850402052    8.3E-07
      E5                 -0.028043724531    3.4E-05
      E6                 -0.000433943394    1.4E-06
      E7                  0.000017704733    4.4E-06
      Efs                -0.000005449113    2.5E-08
      Total            3180.319630228248    5.3E-03
 ---------------------------------------------

 v' = 11   J' =  2
  Contribution      Value[cm-1]            Error[cm-1]
      E2(NAPT)         3080.363609840559    5.2E-03
      E4                 -0.410125379814    8.2E-07
      E5                 -0.027173291316    3.3E-05
      E6                 -0.000424671360    1.4E-06
      E7                  0.000017251501    4.3E-06
      Efs                -0.000005309618    2.5E-08
      Total            3079.925898439952    5.2E-03
 ---------------------------------------------

 v' = 11   J' =  3
  Contribution      Value[cm-1]            Error[cm-1]
      E2(NAPT)         2932.022472432322    5.2E-03
      E4                 -0.407382750490    8.2E-07
      E5                 -0.025894776847    3.1E-05
      E6                 -0.000410961224    1.3E-06
      E7                  0.000016584151    4.1E-06
      Efs                -0.000005104223    2.4E-08
      Total            2931.588795423689    5.2E-03
 ---------------------------------------------

 v' = 11   J' =  4
  Contribution      Value[cm-1]            Error[cm-1]
      E2(NAPT)         2738.395153036677    5.1E-03
      E4                 -0.403435841834    8.1E-07
      E5                 -0.024239395420    2.9E-05
      E6                 -0.000393036106    1.3E-06
      E7                  0.000015716976    3.9E-06
      Efs                -0.000004837327    2.2E-08
      Total            2737.967095642967    5.1E-03
 ---------------------------------------------

 v' = 11   J' =  5
  Contribution      Value[cm-1]            Error[cm-1]
      E2(NAPT)         2502.960314884087    5.1E-03
      E4                 -0.398033125360    8.0E-07
      E5                 -0.022246723101    2.7E-05
      E6                 -0.000371170847    1.2E-06
      E7                  0.000014667951    3.7E-06
      Efs                -0.000004514461    2.1E-08
      Total            2502.539674018270    5.1E-03
 ---------------------------------------------

 v' = 11   J' =  6
  Contribution      Value[cm-1]            Error[cm-1]
      E2(NAPT)         2229.978612489894    4.9E-03
      E4                 -0.390852332868    7.9E-07
      E5                 -0.019963316656    2.4E-05
      E6                 -0.000345674630    1.1E-06
      E7                  0.000013457961    3.4E-06
      Efs                -0.000004142053    1.9E-08
      Total            2229.567460481648    4.9E-03
 ---------------------------------------------

 v' = 11   J' =  7
  Contribution      Value[cm-1]            Error[cm-1]
      E2(NAPT)         1924.468172701546    4.8E-03
      E4                 -0.381487795585    7.7E-07
      E5                 -0.017441379218    2.1E-05
      E6                 -0.000316870242    1.0E-06
      E7                  0.000012109998    3.0E-06
      Efs                -0.000003727181    1.7E-08
      Total            1924.068935039318    4.8E-03
 ---------------------------------------------

 v' = 11   J' =  8
  Contribution      Value[cm-1]            Error[cm-1]
      E2(NAPT)         1592.210346280183    4.7E-03
      E4                 -0.369425382673    7.6E-07
      E5                 -0.014737654186    1.8E-05
      E6                 -0.000285067584    9.3E-07
      E7                  0.000010648360    2.7E-06
      Efs                -0.000003277322    1.5E-08
      Total            1591.825905546779    4.7E-03
 ---------------------------------------------

 v' = 11   J' =  9
  Contribution      Value[cm-1]            Error[cm-1]
      E2(NAPT)         1239.811257807906    4.5E-03
      E4                 -0.353993708534    7.5E-07
      E5                 -0.011912729323    1.4E-05
      E6                 -0.000250523689    8.3E-07
      E7                  0.000009097850    2.3E-06
      Efs                -0.000002800111    1.3E-08
      Total            1239.445107144099    4.5E-03
 ---------------------------------------------

 v' = 11   J' = 10
  Contribution      Value[cm-1]            Error[cm-1]
      E2(NAPT)          874.865094469805    4.2E-03
      E4                 -0.334265198178    7.4E-07
      E5                 -0.009030957825    1.1E-05
      E6                 -0.000213368353    7.1E-07
      E7                  0.000007482842    1.9E-06
      Efs                -0.000002303048    1.1E-08
      Total             874.521590125243    4.2E-03
 ---------------------------------------------

 v' = 11   J' = 11
  Contribution      Value[cm-1]            Error[cm-1]
      E2(NAPT)          506.319628326584    3.9E-03
      E4                 -0.308833191374    7.5E-07
      E5                 -0.006161277694    7.4E-06
      E6                 -0.000173432202    5.9E-07
      E7                  0.000005825699    1.5E-06
      Efs                -0.000001793017    8.3E-09
      Total             506.004464457995    3.9E-03
 ---------------------------------------------

 v' = 11   J' = 12
  Contribution      Value[cm-1]            Error[cm-1]
      E2(NAPT)          145.323283381071    3.5E-03
      E4                 -0.275194006241    7.9E-07
      E5                 -0.003379231784    4.1E-06
      E6                 -0.000129701679    4.6E-07
      E7                  0.000004142260    1.0E-06
      Efs                -0.000001274893    5.9E-09
      Total             145.044583308735    3.5E-03
 ---------------------------------------------
