(Int. points=  400 , Int. range= 10.0)
 ---------------------------------------------
 H2     Levels                        

 v' =  8   J' =  0
  Contribution      Value[cm-1]            Error[cm-1]
      E2(NAPT)         9287.588300550970    5.4E-03
      E4                 -0.548515825655    1.3E-06
      E5                 -0.060847669545    7.3E-05
      E6                 -0.000800828942    2.6E-06
      E7                  0.000035113875    8.8E-06
      Efs                -0.000010807250    5.0E-08
      Total            9286.978160533454    5.4E-03
 ---------------------------------------------

 v' =  8   J' =  1
  Contribution      Value[cm-1]            Error[cm-1]
      E2(NAPT)         9215.561897102632    5.4E-03
      E4                 -0.549064456069    1.3E-06
      E5                 -0.060253909842    7.2E-05
      E6                 -0.000795271980    2.5E-06
      E7                  0.000034819900    8.7E-06
      Efs                -0.000010716771    5.0E-08
      Total            9214.951807567870    5.4E-03
 ---------------------------------------------

 v' =  8   J' =  2
  Contribution      Value[cm-1]            Error[cm-1]
      E2(NAPT)         9072.381743947601    5.4E-03
      E4                 -0.550113800527    1.3E-06
      E5                 -0.059078468291    7.1E-05
      E6                 -0.000784257440    2.5E-06
      E7                  0.000034237703    8.6E-06
      Efs                -0.000010537584    4.9E-08
      Total            9071.771791121462    5.4E-03
 ---------------------------------------------

 v' =  8   J' =  3
  Contribution      Value[cm-1]            Error[cm-1]
      E2(NAPT)         8859.766315187146    5.4E-03
      E4                 -0.551569976064    1.3E-06
      E5                 -0.057344883252    6.9E-05
      E6                 -0.000767978675    2.5E-06
      E7                  0.000033378493    8.3E-06
      Efs                -0.000010273138    4.8E-08
      Total            8859.156655454510    5.4E-03
 ---------------------------------------------

 v' =  8   J' =  4
  Contribution      Value[cm-1]            Error[cm-1]
      E2(NAPT)         8580.228889930964    5.4E-03
      E4                 -0.553296732602    1.3E-06
      E5                 -0.055086994519    6.6E-05
      E6                 -0.000746712826    2.4E-06
      E7                  0.000032258362    8.1E-06
      Efs                -0.000009928388    4.6E-08
      Total            8579.619781820991    5.4E-03
 ---------------------------------------------

 v' =  8   J' =  5
  Contribution      Value[cm-1]            Error[cm-1]
      E2(NAPT)         8237.007243012038    5.4E-03
      E4                 -0.555120157071    1.2E-06
      E5                 -0.052347378480    6.3E-05
      E6                 -0.000720806999    2.3E-06
      E7                  0.000030897523    7.7E-06
      Efs                -0.000009509553    4.4E-08
      Total            8236.399076057458    5.4E-03
 ---------------------------------------------

 v' =  8   J' =  6
  Contribution      Value[cm-1]            Error[cm-1]
      E2(NAPT)         7833.980450346306    5.4E-03
      E4                 -0.556833782968    1.2E-06
      E5                 -0.049175548042    5.9E-05
      E6                 -0.000690662267    2.2E-06
      E7                  0.000029319425    7.3E-06
      Efs                -0.000009023850    4.2E-08
      Total            7833.373770648604    5.4E-03
 ---------------------------------------------

 v' =  8   J' =  7
  Contribution      Value[cm-1]            Error[cm-1]
      E2(NAPT)         7375.579906499255    5.4E-03
      E4                 -0.558203348511    1.2E-06
      E5                 -0.045626093774    5.5E-05
      E6                 -0.000656716964    2.1E-06
      E7                  0.000027549836    6.9E-06
      Efs                -0.000008479211    3.9E-08
      Total            7374.975439410631    5.4E-03
 ---------------------------------------------

 v' =  8   J' =  8
  Contribution      Value[cm-1]            Error[cm-1]
      E2(NAPT)         6866.701590096271    5.4E-03
      E4                 -0.558970460130    1.2E-06
      E5                 -0.041756924322    5.0E-05
      E6                 -0.000619430571    2.0E-06
      E7                  0.000025615969    6.4E-06
      Efs                -0.000007884011    3.7E-08
      Total            6866.100261013204    5.4E-03
 ---------------------------------------------

 v' =  8   J' =  9
  Contribution      Value[cm-1]            Error[cm-1]
      E2(NAPT)         6312.626034853239    5.3E-03
      E4                 -0.558854454155    1.2E-06
      E5                 -0.037627730765    4.5E-05
      E6                 -0.000579269078    1.9E-06
      E7                  0.000023545712    5.9E-06
      Efs                -0.000007246833    3.4E-08
      Total            6312.028989698119    5.3E-03
 ---------------------------------------------

 v' =  8   J' = 10
  Contribution      Value[cm-1]            Error[cm-1]
      E2(NAPT)         5718.951695190138    5.3E-03
      E4                 -0.557551743288    1.2E-06
      E5                 -0.033298761770    4.0E-05
      E6                 -0.000536692220    1.7E-06
      E7                  0.000021366993    5.3E-06
      Efs                -0.000006576273    3.1E-08
      Total            5718.360322783579    5.3E-03
 ---------------------------------------------

 v' =  8   J' = 11
  Contribution      Value[cm-1]            Error[cm-1]
      E2(NAPT)         5091.546801208125    5.3E-03
      E4                 -0.554731802913    1.1E-06
      E5                 -0.028829963976    3.5E-05
      E6                 -0.000492142506    1.6E-06
      E7                  0.000019107305    4.8E-06
      Efs                -0.000005880792    2.7E-08
      Total            5090.962760525242    5.3E-03
 ---------------------------------------------

 v' =  8   J' = 12
  Contribution      Value[cm-1]            Error[cm-1]
      E2(NAPT)         4436.524781747243    5.2E-03
      E4                 -0.550028572874    1.1E-06
      E5                 -0.024280522520    2.9E-05
      E6                 -0.000446035542    1.4E-06
      E7                  0.000016793395    4.2E-06
      Efs                -0.000005168624    2.4E-08
      Total            4435.950038241078    5.2E-03
 ---------------------------------------------

 v' =  8   J' = 13
  Contribution      Value[cm-1]            Error[cm-1]
      E2(NAPT)         3760.249418313387    5.2E-03
      E4                 -0.543025199941    1.1E-06
      E5                 -0.019708837204    2.4E-05
      E6                 -0.000398750732    1.3E-06
      E7                  0.000014451124    3.6E-06
      Efs                -0.000004447726    2.1E-08
      Total            3759.686295528908    5.2E-03
 ---------------------------------------------

 v' =  8   J' = 14
  Contribution      Value[cm-1]            Error[cm-1]
      E2(NAPT)         3069.378951648917    5.1E-03
      E4                 -0.533228245737    1.1E-06
      E5                 -0.015173000276    1.8E-05
      E6                 -0.000350620496    1.1E-06
      E7                  0.000012105484    3.0E-06
      Efs                -0.000003725792    1.7E-08
      Total            3068.830208162101    5.1E-03
 ---------------------------------------------

 v' =  8   J' = 15
  Contribution      Value[cm-1]            Error[cm-1]
      E2(NAPT)         2370.965220653125    5.0E-03
      E4                 -0.520023567460    1.0E-06
      E5                 -0.010731924859    1.3E-05
      E6                 -0.000301913862    9.8E-07
      E7                  0.000009780788    2.4E-06
      Efs                -0.000003010303    1.4E-08
      Total            2370.434170017428    5.0E-03
 ---------------------------------------------

 v' =  8   J' = 16
  Contribution      Value[cm-1]            Error[cm-1]
      E2(NAPT)         1672.638981793703    4.9E-03
      E4                 -0.502596832357    1.0E-06
      E5                 -0.006447469682    7.7E-06
      E6                 -0.000252805285    8.3E-07
      E7                  0.000007501063    1.9E-06
      Efs                -0.000002308656    1.1E-08
      Total            1672.129689878785    4.9E-03
 ---------------------------------------------

 v' =  8   J' = 17
  Contribution      Value[cm-1]            Error[cm-1]
      E2(NAPT)          982.948028398310    4.8E-03
      E4                 -0.479776814192    1.0E-06
      E5                 -0.002388403168    2.9E-06
      E6                 -0.000203306290    6.7E-07
      E7                  0.000005290688    1.3E-06
      Efs                -0.000001628353    7.6E-09
      Total             982.465663536995    4.8E-03
 ---------------------------------------------

 v' =  8   J' = 18
  Contribution      Value[cm-1]            Error[cm-1]
      E2(NAPT)          312.010574245130    4.6E-03
      E4                 -0.449679256397    1.0E-06
      E5                  0.001361467107    1.6E-06
      E6                 -0.000153084436    5.2E-07
      E7                  0.000003175420    7.9E-07
      Efs                -0.000000977322    4.5E-09
      Total             311.562105569502    4.6E-03
 ---------------------------------------------
