(Int. points=  400 , Int. range= 20.0)
 ---------------------------------------------
 H2     Levels                        

 v' =  9   J' =  0
  Contribution      Value[cm-1]            Error[cm-1]
      E2(NAPT)         6994.593786496778    5.6E-03
      E4                 -0.515744685814    1.1E-06
      E5                 -0.049109905638    5.9E-05
      E6                 -0.000676580778    2.2E-06
      E7                  0.000029034188    7.3E-06
      Efs                -0.000008936061    4.2E-08
      Total            6994.028275422676    5.6E-03
 ---------------------------------------------

 v' =  9   J' =  1
  Contribution      Value[cm-1]            Error[cm-1]
      E2(NAPT)         6929.069881412672    5.6E-03
      E4                 -0.515915431032    1.1E-06
      E5                 -0.048565889357    5.8E-05
      E6                 -0.000671344310    2.1E-06
      E7                  0.000028761899    7.2E-06
      Efs                -0.000008852256    4.1E-08
      Total            6928.504748657615    5.6E-03
 ---------------------------------------------

 v' =  9   J' =  2
  Contribution      Value[cm-1]            Error[cm-1]
      E2(NAPT)         6798.890547504166    5.6E-03
      E4                 -0.516207233326    1.1E-06
      E5                 -0.047489524472    5.7E-05
      E6                 -0.000660965867    2.1E-06
      E7                  0.000028222853    7.1E-06
      Efs                -0.000008686350    4.0E-08
      Total            6798.326209317003    5.6E-03
 ---------------------------------------------

 v' =  9   J' =  3
  Contribution      Value[cm-1]            Error[cm-1]
      E2(NAPT)         6605.767888760416    5.6E-03
      E4                 -0.516522342715    1.1E-06
      E5                 -0.045903560421    5.5E-05
      E6                 -0.000645629182    2.1E-06
      E7                  0.000027427819    6.9E-06
      Efs                -0.000008441657    3.9E-08
      Total            6605.204836214260    5.6E-03
 ---------------------------------------------

 v' =  9   J' =  4
  Contribution      Value[cm-1]            Error[cm-1]
      E2(NAPT)         6352.210622562122    5.6E-03
      E4                 -0.516717885115    1.1E-06
      E5                 -0.043840730854    5.3E-05
      E6                 -0.000625597340    2.0E-06
      E7                  0.000026392272    6.6E-06
      Efs                -0.000008122939    3.8E-08
      Total            6351.649456618145    5.6E-03
 ---------------------------------------------

 v' =  9   J' =  5
  Contribution      Value[cm-1]            Error[cm-1]
      E2(NAPT)         6041.459867195281    5.5E-03
      E4                 -0.516609530555    1.1E-06
      E5                 -0.041342277984    5.0E-05
      E6                 -0.000601199303    1.9E-06
      E7                  0.000025135652    6.3E-06
      Efs                -0.000007736180    3.6E-08
      Total            6040.901331586911    5.5E-03
 ---------------------------------------------

 v' =  9   J' =  6
  Contribution      Value[cm-1]            Error[cm-1]
      E2(NAPT)         5677.414306141059    5.5E-03
      E4                 -0.515975121553    1.1E-06
      E5                 -0.038456266545    4.6E-05
      E6                 -0.000572814210    1.8E-06
      E7                  0.000023680532    5.9E-06
      Efs                -0.000007288328    3.4E-08
      Total            5676.859318330955    5.5E-03
 ---------------------------------------------

 v' =  9   J' =  7
  Contribution      Value[cm-1]            Error[cm-1]
      E2(NAPT)         5264.552148886508    5.5E-03
      E4                 -0.514557372203    1.1E-06
      E5                 -0.035235861528    4.2E-05
      E6                 -0.000540854827    1.7E-06
      E7                  0.000022051752    5.5E-06
      Efs                -0.000006787026    3.2E-08
      Total            5264.001830062676    5.5E-03
 ---------------------------------------------

 v' =  9   J' =  8
  Contribution      Value[cm-1]            Error[cm-1]
      E2(NAPT)         4807.857518903599    5.4E-03
      E4                 -0.512064653707    1.1E-06
      E5                 -0.031737727604    3.8E-05
      E6                 -0.000505751306    1.6E-06
      E7                  0.000020275599    5.1E-06
      Efs                -0.000006240367    2.9E-08
      Total            4807.313224806214    5.4E-03
 ---------------------------------------------

 v' =  9   J' =  9
  Contribution      Value[cm-1]            Error[cm-1]
      E2(NAPT)         4312.758792343199    5.4E-03
      E4                 -0.508168724168    1.0E-06
      E5                 -0.028020678941    3.4E-05
      E6                 -0.000467935970    1.5E-06
      E7                  0.000018379090    4.6E-06
      Efs                -0.000005656664    2.6E-08
      Total            4312.222147726546    5.4E-03
 ---------------------------------------------

 v' =  9   J' = 10
  Contribution      Value[cm-1]            Error[cm-1]
      E2(NAPT)         3785.086460599153    5.3E-03
      E4                 -0.502497896532    1.0E-06
      E5                 -0.024144677889    2.9E-05
      E6                 -0.000427829093    1.4E-06
      E7                  0.000016389403    4.1E-06
      Efs                -0.000005044284    2.3E-08
      Total            3784.559401540758    5.3E-03
 ---------------------------------------------

 v' =  9   J' = 11
  Contribution      Value[cm-1]            Error[cm-1]
      E2(NAPT)         3231.058962546159    5.2E-03
      E4                 -0.494623315303    9.9E-07
      E5                 -0.020170261887    2.4E-05
      E6                 -0.000385824637    1.2E-06
      E7                  0.000014333457    3.6E-06
      Efs                -0.000004411511    2.0E-08
      Total            3230.543793066278    5.2E-03
 ---------------------------------------------

 v' =  9   J' = 12
  Contribution      Value[cm-1]            Error[cm-1]
      E2(NAPT)         2657.307683670496    5.1E-03
      E4                 -0.484034201635    9.7E-07
      E5                 -0.016158483784    1.9E-05
      E6                 -0.000342273672    1.1E-06
      E7                  0.000012237662    3.1E-06
      Efs                -0.000003766473    1.7E-08
      Total            2656.807157182595    5.1E-03
 ---------------------------------------------

 v' =  9   J' = 13
  Contribution      Value[cm-1]            Error[cm-1]
      E2(NAPT)         2070.959002664967    5.0E-03
      E4                 -0.470093841381    9.5E-07
      E5                 -0.012171503935    1.5E-05
      E6                 -0.000297461689    9.7E-07
      E7                  0.000010127838    2.5E-06
      Efs                -0.000003117117    1.4E-08
      Total            2070.476446868682    5.0E-03
 ---------------------------------------------

 v' =  9   J' = 14
  Contribution      Value[cm-1]            Error[cm-1]
      E2(NAPT)         1479.806717626715    4.8E-03
      E4                 -0.451958142714    9.3E-07
      E5                 -0.008274125128    9.9E-06
      E6                 -0.000251571861    8.2E-07
      E7                  0.000008029273    2.0E-06
      Efs                -0.000002471227    1.1E-08
      Total            1479.346239345058    4.8E-03
 ---------------------------------------------

 v' =  9   J' = 15
  Contribution      Value[cm-1]            Error[cm-1]
      E2(NAPT)          892.645882759805    4.6E-03
      E4                 -0.428411071024    9.1E-07
      E5                 -0.004536967779    5.4E-06
      E6                 -0.000204609043    6.8E-07
      E7                  0.000005966898    1.5E-06
      Efs                -0.000001836475    8.5E-09
      Total             892.212734242381    4.6E-03
 ---------------------------------------------

 v' =  9   J' = 16
  Contribution      Value[cm-1]            Error[cm-1]
      E2(NAPT)          319.944603433315    4.4E-03
      E4                 -0.397478520948    9.2E-07
      E5                 -0.001043210813    1.3E-06
      E6                 -0.000156181151    5.4E-07
      E7                  0.000003965306    9.9E-07
      Efs                -0.000001220431    5.7E-09
      Total             319.545928265278    4.4E-03
 ---------------------------------------------
