(Int. points=  400 , Int. range= 10.0)
 ---------------------------------------------
 H2     Levels                        

 v' =  5   J' =  0
  Contribution      Value[cm-1]            Error[cm-1]
      E2(NAPT)        17626.834888470847    4.2E-03
      E4                 -0.592148907536    1.7E-06
      E5                 -0.102193130942    1.2E-04
      E6                 -0.001208184048    3.9E-06
      E7                  0.000055876410    1.4E-05
      Efs                -0.000017197484    8.0E-08
      Total           17626.139376927251    4.2E-03
 ---------------------------------------------

 v' =  5   J' =  1
  Contribution      Value[cm-1]            Error[cm-1]
      E2(NAPT)        17537.054934202213    4.2E-03
      E4                 -0.593582192422    1.7E-06
      E5                 -0.101449986769    1.2E-04
      E6                 -0.001201551293    3.8E-06
      E7                  0.000055515275    1.4E-05
      Efs                -0.000017086335    7.9E-08
      Total           17536.358738900672    4.2E-03
 ---------------------------------------------

 v' =  5   J' =  2
  Contribution      Value[cm-1]            Error[cm-1]
      E2(NAPT)        17358.422964184803    4.2E-03
      E4                 -0.596399980009    1.7E-06
      E5                 -0.099977296785    1.2E-04
      E6                 -0.001188399765    3.8E-06
      E7                  0.000054799521    1.4E-05
      Efs                -0.000016866042    7.8E-08
      Total           17357.725436441728    4.2E-03
 ---------------------------------------------

 v' =  5   J' =  3
  Contribution      Value[cm-1]            Error[cm-1]
      E2(NAPT)        17092.764175320015    4.2E-03
      E4                 -0.600507175535    1.7E-06
      E5                 -0.097801562158    1.2E-04
      E6                 -0.001168951538    3.7E-06
      E7                  0.000053741839    1.3E-05
      Efs                -0.000016540512    7.7E-08
      Total           17092.064734832111    4.2E-03
 ---------------------------------------------

 v' =  5   J' =  4
  Contribution      Value[cm-1]            Error[cm-1]
      E2(NAPT)        16742.742336538882    4.2E-03
      E4                 -0.605767009570    1.7E-06
      E5                 -0.094960874690    1.1E-04
      E6                 -0.001143525683    3.7E-06
      E7                  0.000052360461    1.3E-05
      Efs                -0.000016115355    7.5E-08
      Total           16742.040501374049    4.2E-03
 ---------------------------------------------

 v' =  5   J' =  5
  Contribution      Value[cm-1]            Error[cm-1]
      E2(NAPT)        16311.778027176981    4.2E-03
      E4                 -0.612007300419    1.7E-06
      E5                 -0.091503130659    1.1E-04
      E6                 -0.001112523135    3.6E-06
      E7                  0.000050678301    1.3E-05
      Efs                -0.000015597624    7.2E-08
      Total           16311.073439303442    4.2E-03
 ---------------------------------------------

 v' =  5   J' =  6
  Contribution      Value[cm-1]            Error[cm-1]
      E2(NAPT)        15803.950258376621    4.3E-03
      E4                 -0.619027654634    1.7E-06
      E5                 -0.087483950787    1.0E-04
      E6                 -0.001076409063    3.4E-06
      E7                  0.000048721938    1.2E-05
      Efs                -0.000014995501    7.0E-08
      Total           15803.242704088576    4.3E-03
 ---------------------------------------------

 v' =  5   J' =  7
  Contribution      Value[cm-1]            Error[cm-1]
      E2(NAPT)        15223.888592415766    4.3E-03
      E4                 -0.626606889635    1.7E-06
      E5                 -0.082964494318    9.9E-05
      E6                 -0.001035694269    3.3E-06
      E7                  0.000046520568    1.2E-05
      Efs                -0.000014317969    6.7E-08
      Total           15223.178017540142    4.3E-03
 ---------------------------------------------

 v' =  5   J' =  8
  Contribution      Value[cm-1]            Error[cm-1]
      E2(NAPT)        14576.662701388434    4.3E-03
      E4                 -0.634510031000    1.7E-06
      E5                 -0.078009336831    9.3E-05
      E6                 -0.000990917044    3.2E-06
      E7                  0.000044104968    1.1E-05
      Efs                -0.000013574503    6.3E-08
      Total           14575.949221634026    4.3E-03
 ---------------------------------------------

 v' =  5   J' =  9
  Contribution      Value[cm-1]            Error[cm-1]
      E2(NAPT)        13867.675485377707    4.3E-03
      E4                 -0.642494370124    1.6E-06
      E5                 -0.072684545334    8.7E-05
      E6                 -0.000942626510    3.0E-06
      E7                  0.000041506569    1.0E-05
      Efs                -0.000012774775    5.9E-08
      Total           13866.959392567534    4.3E-03
 ---------------------------------------------

 v' =  5   J' = 10
  Contribution      Value[cm-1]            Error[cm-1]
      E2(NAPT)        13102.564656202178    4.4E-03
      E4                 -0.650314225901    1.6E-06
      E5                 -0.067056040378    8.0E-05
      E6                 -0.000891368198    2.9E-06
      E7                  0.000038756657    9.7E-06
      Efs                -0.000011928415    5.5E-08
      Total           13101.846421395945    4.4E-03
 ---------------------------------------------

 v' =  5   J' = 11
  Contribution      Value[cm-1]            Error[cm-1]
      E2(NAPT)        12287.116345734486    4.4E-03
      E4                 -0.657724201076    1.6E-06
      E5                 -0.061188292243    7.3E-05
      E6                 -0.000837672214    2.7E-06
      E7                  0.000035885738    9.0E-06
      Efs                -0.000011044811    5.1E-08
      Total           12286.396620409880    4.4E-03
 ---------------------------------------------

 v' =  5   J' = 12
  Contribution      Value[cm-1]            Error[cm-1]
      E2(NAPT)        11427.193033507967    4.4E-03
      E4                 -0.664480834302    1.6E-06
      E5                 -0.055143362821    6.6E-05
      E6                 -0.000782044133    2.5E-06
      E7                  0.000032923067    8.2E-06
      Efs                -0.000010132969    4.7E-08
      Total           11426.472650056809    4.4E-03
 ---------------------------------------------

 v' =  5   J' = 13
  Contribution      Value[cm-1]            Error[cm-1]
      E2(NAPT)        10528.677057770645    4.5E-03
      E4                 -0.670342606763    1.6E-06
      E5                 -0.048980279636    5.9E-05
      E6                 -0.000724958582    2.3E-06
      E7                  0.000029896334    7.5E-06
      Efs                -0.000009201409    4.3E-08
      Total           10527.957030620588    4.5E-03
 ---------------------------------------------

 v' =  5   J' = 14
  Contribution      Value[cm-1]            Error[cm-1]
      E2(NAPT)         9597.430266568166    4.5E-03
      E4                 -0.675068258100    1.5E-06
      E5                 -0.042754714083    5.1E-05
      E6                 -0.000666855324    2.1E-06
      E7                  0.000026831490    6.7E-06
      Efs                -0.000008258120    3.8E-08
      Total            9596.711795314030    4.5E-03
 ---------------------------------------------

 v' =  5   J' = 15
  Contribution      Value[cm-1]            Error[cm-1]
      E2(NAPT)         8639.270028311894    4.5E-03
      E4                 -0.678413291120    1.5E-06
      E5                 -0.036518931680    4.4E-05
      E6                 -0.000608137500    1.9E-06
      E7                  0.000023752695    5.9E-06
      Efs                -0.000007310538    3.4E-08
      Total            8638.554504393753    4.5E-03
 ---------------------------------------------

 v' =  5   J' = 16
  Contribution      Value[cm-1]            Error[cm-1]
      E2(NAPT)         7659.961890842526    4.6E-03
      E4                 -0.680124381119    1.5E-06
      E5                 -0.030321986675    3.6E-05
      E6                 -0.000549171401    1.8E-06
      E7                  0.000020682377    5.2E-06
      Efs                -0.000006365564    3.0E-08
      Total            7659.250909620144    4.6E-03
 ---------------------------------------------

 v' =  5   J' = 17
  Contribution      Value[cm-1]            Error[cm-1]
      E2(NAPT)         6665.229718625347    4.6E-03
      E4                 -0.679931113845    1.4E-06
      E5                 -0.024210146458    2.9E-05
      E6                 -0.000490286911    1.6E-06
      E7                  0.000017641381    4.4E-06
      Efs                -0.000005429614    2.5E-08
      Total            6664.525099289900    4.6E-03
 ---------------------------------------------

 v' =  5   J' = 18
  Contribution      Value[cm-1]            Error[cm-1]
      E2(NAPT)         5660.785300139358    4.7E-03
      E4                 -0.677533966330    1.4E-06
      E5                 -0.018227554357    2.2E-05
      E6                 -0.000431777595    1.4E-06
      E7                  0.000014649204    3.7E-06
      Efs                -0.000004508691    2.1E-08
      Total            5660.089116981589    4.7E-03
 ---------------------------------------------

 v' =  5   J' = 19
  Contribution      Value[cm-1]            Error[cm-1]
      E2(NAPT)         4652.381542376326    4.7E-03
      E4                 -0.672586516046    1.4E-06
      E5                 -0.012417178127    1.5E-05
      E6                 -0.000373899536    1.2E-06
      E7                  0.000011724331    2.9E-06
      Efs                -0.000003608482    1.7E-08
      Total            4651.696172898466    4.7E-03
 ---------------------------------------------

 v' =  5   J' = 20
  Contribution      Value[cm-1]            Error[cm-1]
      E2(NAPT)         3645.897210885958    4.8E-03
      E4                 -0.664668056683    1.3E-06
      E5                 -0.006822159936    8.2E-06
      E6                 -0.000316868129    1.0E-06
      E7                  0.000008884688    2.2E-06
      Efs                -0.000002734504    1.3E-08
      Total            3645.225409951393    4.8E-03
 ---------------------------------------------

 v' =  5   J' = 21
  Contribution      Value[cm-1]            Error[cm-1]
      E2(NAPT)         2647.468447399463    4.8E-03
      E4                 -0.653238995575    1.3E-06
      E5                 -0.001487817548    1.8E-06
      E6                 -0.000260851263    8.4E-07
      E7                  0.000006148271    1.5E-06
      Efs                -0.000001892297    8.8E-09
      Total            2646.813463991050    4.8E-03
 ---------------------------------------------

 v' =  5   J' = 22
  Contribution      Value[cm-1]            Error[cm-1]
      E2(NAPT)         1663.697183860624    4.8E-03
      E4                 -0.637562597083    1.3E-06
      E5                  0.003535160047    4.2E-06
      E6                 -0.000205953468    6.7E-07
      E7                  0.000003534098    8.8E-07
      Efs                -0.000001087715    5.1E-09
      Total            1663.062952916503    4.8E-03
 ---------------------------------------------

 v' =  5   J' = 23
  Contribution      Value[cm-1]            Error[cm-1]
      E2(NAPT)          702.000434672941    4.8E-03
      E4                 -0.616553497739    1.3E-06
      E5                  0.008185041703    9.8E-06
      E6                 -0.000152173191    5.0E-07
      E7                  0.000001063777    2.7E-07
      Efs                -0.000000327406    1.5E-09
      Total             701.391914780085    4.8E-03
 ---------------------------------------------
