(Int. points=  200 , Int. range= 10.0)
 ---------------------------------------------
 H2     Levels                        

 v' =  7   J' =  0
  Contribution      Value[cm-1]            Error[cm-1]
      E2(NAPT)        11830.799337769209    5.1E-03
      E4                 -0.571341633462    1.4E-06
      E5                 -0.073578959368    8.8E-05
      E6                 -0.000930202056    3.0E-06
      E7                  0.000041592441    1.0E-05
      Efs                -0.000012801204    5.9E-08
      Total           11830.153515765562    5.1E-03
 ---------------------------------------------

 v' =  7   J' =  1
  Contribution      Value[cm-1]            Error[cm-1]
      E2(NAPT)        11752.641621908519    5.1E-03
      E4                 -0.572217870806    1.4E-06
      E5                 -0.072935812729    8.7E-05
      E6                 -0.000924305113    3.0E-06
      E7                  0.000041276540    1.0E-05
      Efs                -0.000012703977    5.9E-08
      Total           11751.995572492433    5.1E-03
 ---------------------------------------------

 v' =  7   J' =  2
  Contribution      Value[cm-1]            Error[cm-1]
      E2(NAPT)        11597.211724922387    5.1E-03
      E4                 -0.573922879474    1.4E-06
      E5                 -0.071662060711    8.6E-05
      E6                 -0.000912615366    2.9E-06
      E7                  0.000040650730    1.0E-05
      Efs                -0.000012511367    5.8E-08
      Total           11596.565255506199    5.1E-03
 ---------------------------------------------

 v' =  7   J' =  3
  Contribution      Value[cm-1]            Error[cm-1]
      E2(NAPT)        11366.252357089228    5.1E-03
      E4                 -0.576363897566    1.4E-06
      E5                 -0.069782140263    8.4E-05
      E6                 -0.000895335528    2.9E-06
      E7                  0.000039726685    9.9E-06
      Efs                -0.000012226967    5.7E-08
      Total           11365.605343215590    5.1E-03
 ---------------------------------------------

 v' =  7   J' =  4
  Contribution      Value[cm-1]            Error[cm-1]
      E2(NAPT)        11062.309339047477    5.1E-03
      E4                 -0.579406910179    1.4E-06
      E5                 -0.067331169832    8.1E-05
      E6                 -0.000872756433    2.8E-06
      E7                  0.000038521164    9.6E-06
      Efs                -0.000011855935    5.5E-08
      Total           11061.661754876262    5.1E-03
 ---------------------------------------------

 v' =  7   J' =  5
  Contribution      Value[cm-1]            Error[cm-1]
      E2(NAPT)        10688.656716301968    5.1E-03
      E4                 -0.582882027941    1.4E-06
      E5                 -0.064353304990    7.7E-05
      E6                 -0.000845242828    2.7E-06
      E7                  0.000037055214    9.3E-06
      Efs                -0.000011404749    5.3E-08
      Total           10688.008661376674    5.1E-03
 ---------------------------------------------

 v' =  7   J' =  6
  Contribution      Value[cm-1]            Error[cm-1]
      E2(NAPT)        10249.207440920547    5.1E-03
      E4                 -0.586589521098    1.4E-06
      E5                 -0.060899837785    7.3E-05
      E6                 -0.000813216905    2.6E-06
      E7                  0.000035353244    8.8E-06
      Efs                -0.000010880922    5.1E-08
      Total           10248.559162817082    5.1E-03
 ---------------------------------------------

 v' =  7   J' =  7
  Contribution      Value[cm-1]            Error[cm-1]
      E2(NAPT)         9748.416650148743    5.1E-03
      E4                 -0.590305792723    1.4E-06
      E5                 -0.057027219847    6.8E-05
      E6                 -0.000777141052    2.5E-06
      E7                  0.000033442056    8.4E-06
      Efs                -0.000010292702    4.8E-08
      Total            9747.768563144473    5.1E-03
 ---------------------------------------------

 v' =  7   J' =  8
  Contribution      Value[cm-1]            Error[cm-1]
      E2(NAPT)         9191.184415598065    5.1E-03
      E4                 -0.593788625466    1.4E-06
      E5                 -0.052795170298    6.3E-05
      E6                 -0.000737501141    2.4E-06
      E7                  0.000031349921    7.8E-06
      Efs                -0.000009648790    4.5E-08
      Total            9190.537116002293    5.1E-03
 ---------------------------------------------

 v' =  7   J' =  9
  Contribution      Value[cm-1]            Error[cm-1]
      E2(NAPT)         8582.764089501215    5.1E-03
      E4                 -0.596781135408    1.3E-06
      E5                 -0.048264994180    5.8E-05
      E6                 -0.000694791310    2.2E-06
      E7                  0.000029105753    7.3E-06
      Efs                -0.000008958087    4.2E-08
      Total            8582.118368727984    5.1E-03
 ---------------------------------------------

 v' =  7   J' = 10
  Contribution      Value[cm-1]            Error[cm-1]
      E2(NAPT)         7928.681318686698    5.1E-03
      E4                 -0.599013966339    1.3E-06
      E5                 -0.043498195962    5.2E-05
      E6                 -0.000649500872    2.1E-06
      E7                  0.000026738412    6.7E-06
      Efs                -0.000008229473    3.8E-08
      Total            7928.038175532464    5.1E-03
 ---------------------------------------------

 v' =  7   J' = 11
  Contribution      Value[cm-1]            Error[cm-1]
      E2(NAPT)         7234.667724479104    5.1E-03
      E4                 -0.600205310540    1.3E-06
      E5                 -0.038555434513    4.6E-05
      E6                 -0.000602103594    1.9E-06
      E7                  0.000024276177    6.1E-06
      Efs                -0.000007471653    3.5E-08
      Total            7234.028378434979    5.1E-03
 ---------------------------------------------

 v' =  7   J' = 12
  Contribution      Value[cm-1]            Error[cm-1]
      E2(NAPT)         6506.612421728126    5.1E-03
      E4                 -0.600058300664    1.3E-06
      E5                 -0.033495837347    4.0E-05
      E6                 -0.000553049381    1.8E-06
      E7                  0.000021746370    5.4E-06
      Efs                -0.000006693036    3.1E-08
      Total            6505.978329594068    5.1E-03
 ---------------------------------------------

 v' =  7   J' = 13
  Contribution      Value[cm-1]            Error[cm-1]
      E2(NAPT)         5750.534210499814    5.1E-03
      E4                 -0.598255124037    1.2E-06
      E5                 -0.028376676580    3.4E-05
      E6                 -0.000502758034    1.6E-06
      E7                  0.000019175148    4.8E-06
      Efs                -0.000005901673    2.7E-08
      Total            5749.907089214638    5.1E-03
 ---------------------------------------------

 v' =  7   J' = 14
  Contribution      Value[cm-1]            Error[cm-1]
      E2(NAPT)         4972.577679413093    5.1E-03
      E4                 -0.594446769644    1.2E-06
      E5                 -0.023253409626    2.8E-05
      E6                 -0.000451614403    1.4E-06
      E7                  0.000016587433    4.1E-06
      Efs                -0.000005105233    2.4E-08
      Total            4971.959539101620    5.1E-03
 ---------------------------------------------

 v' =  7   J' = 15
  Contribution      Value[cm-1]            Error[cm-1]
      E2(NAPT)         4179.038005333883    5.1E-03
      E4                 -0.588236429257    1.2E-06
      E5                 -0.018180108078    2.2E-05
      E6                 -0.000399963615    1.3E-06
      E7                  0.000014006994    3.5E-06
      Efs                -0.000004311033    2.0E-08
      Total            4178.431198528894    5.1E-03
 ---------------------------------------------

 v' =  7   J' = 16
  Contribution      Value[cm-1]            Error[cm-1]
      E2(NAPT)         3376.422694442626    5.1E-03
      E4                 -0.579152776774    1.2E-06
      E5                 -0.013210348202    1.6E-05
      E6                 -0.000348104336    1.1E-06
      E7                  0.000011456667    2.9E-06
      Efs                -0.000003526101    1.6E-08
      Total            3375.829991143881    5.1E-03
 ---------------------------------------------

 v' =  7   J' = 17
  Contribution      Value[cm-1]            Error[cm-1]
      E2(NAPT)         2571.565614301146    5.0E-03
      E4                 -0.566605506449    1.1E-06
      E5                 -0.008398742080    1.0E-05
      E6                 -0.000296276536    9.6E-07
      E7                  0.000008958753    2.2E-06
      Efs                -0.000002757300    1.3E-08
      Total            2570.990319977534    5.0E-03
 ---------------------------------------------

 v' =  7   J' = 18
  Contribution      Value[cm-1]            Error[cm-1]
      E2(NAPT)         1771.823658475909    5.0E-03
      E4                 -0.549806538536    1.1E-06
      E5                 -0.003803521330    4.6E-06
      E6                 -0.000244636066    8.0E-07
      E7                  0.000006535646    1.6E-06
      Efs                -0.000002011523    9.3E-09
      Total            1771.269808304100    5.0E-03
 ---------------------------------------------

 v' =  7   J' = 19
  Contribution      Value[cm-1]            Error[cm-1]
      E2(NAPT)          985.420905173969    4.9E-03
      E4                 -0.527616595767    1.1E-06
      E5                  0.000508835724    6.1E-07
      E6                 -0.000193195257    6.4E-07
      E7                  0.000004210850    1.1E-06
      Efs                -0.000001296004    6.0E-09
      Total             984.893607133516    4.9E-03
 ---------------------------------------------

 v' =  7   J' = 20
  Contribution      Value[cm-1]            Error[cm-1]
      E2(NAPT)          222.096678922703    4.7E-03
      E4                 -0.498201833618    1.1E-06
      E5                  0.004454222149    5.3E-06
      E6                 -0.000141661141    4.8E-07
      E7                  0.000002010760    5.0E-07
      Efs                -0.000000618866    2.9E-09
      Total             221.602791041988    4.7E-03
 ---------------------------------------------
