(Int. points=  400 , Int. range= 20.0)
 ---------------------------------------------
 H2     Levels                        

 v' = 10   J' =  0
  Contribution      Value[cm-1]            Error[cm-1]
      E2(NAPT)         4968.187991495172    5.6E-03
      E4                 -0.471258846711    9.8E-07
      E5                 -0.038331653385    4.6E-05
      E6                 -0.000556325093    1.8E-06
      E7                  0.000023319895    5.8E-06
      Efs                -0.000007177332    3.3E-08
      Total            4967.677860812547    5.6E-03
 ---------------------------------------------

 v' = 10   J' =  1
  Contribution      Value[cm-1]            Error[cm-1]
      E2(NAPT)         4909.708175375726    5.6E-03
      E4                 -0.470980530483    9.7E-07
      E5                 -0.037838398348    4.5E-05
      E6                 -0.000551386660    1.8E-06
      E7                  0.000023069191    5.8E-06
      Efs                -0.000007100171    3.3E-08
      Total            4909.198821029256    5.6E-03
 ---------------------------------------------

 v' = 10   J' =  2
  Contribution      Value[cm-1]            Error[cm-1]
      E2(NAPT)         4793.626076296013    5.5E-03
      E4                 -0.470370181678    9.7E-07
      E5                 -0.036863211062    4.4E-05
      E6                 -0.000541598769    1.7E-06
      E7                  0.000022573102    5.6E-06
      Efs                -0.000006947486    3.2E-08
      Total            4793.118316930120    5.5E-03
 ---------------------------------------------

 v' = 10   J' =  3
  Contribution      Value[cm-1]            Error[cm-1]
      E2(NAPT)         4621.674746735715    5.5E-03
      E4                 -0.469321453280    9.6E-07
      E5                 -0.035428187312    4.2E-05
      E6                 -0.000527134202    1.7E-06
      E7                  0.000021841987    5.5E-06
      Efs                -0.000006722465    3.1E-08
      Total            4621.169485080442    5.5E-03
 ---------------------------------------------

 v' = 10   J' =  4
  Contribution      Value[cm-1]            Error[cm-1]
      E2(NAPT)         4396.401542219103    5.5E-03
      E4                 -0.467677171488    9.5E-07
      E5                 -0.033565169408    4.0E-05
      E6                 -0.000508239736    1.6E-06
      E7                  0.000020890733    5.2E-06
      Efs                -0.000006429691    3.0E-08
      Total            4395.899806099513    5.5E-03
 ---------------------------------------------

 v' = 10   J' =  5
  Contribution      Value[cm-1]            Error[cm-1]
      E2(NAPT)         4121.112973806332    5.4E-03
      E4                 -0.465231152778    9.4E-07
      E5                 -0.031314374804    3.8E-05
      E6                 -0.000485222625    1.6E-06
      E7                  0.000019738061    4.9E-06
      Efs                -0.000006074925    2.8E-08
      Total            4120.615956719262    5.4E-03
 ---------------------------------------------

 v' = 10   J' =  6
  Contribution      Value[cm-1]            Error[cm-1]
      E2(NAPT)         3799.812788719510    5.4E-03
      E4                 -0.461729023791    9.3E-07
      E5                 -0.028722846161    3.4E-05
      E6                 -0.000458434465    1.5E-06
      E7                  0.000018405732    4.6E-06
      Efs                -0.000005664864    2.6E-08
      Total            3799.321891155961    5.4E-03
 ---------------------------------------------

 v' = 10   J' =  7
  Contribution      Value[cm-1]            Error[cm-1]
      E2(NAPT)         3437.141764116251    5.3E-03
      E4                 -0.456866709868    9.2E-07
      E5                 -0.025842898011    3.1E-05
      E6                 -0.000428253475    1.4E-06
      E7                  0.000016917725    4.2E-06
      Efs                -0.000005206890    2.4E-08
      Total            3436.658637965732    5.3E-03
 ---------------------------------------------

 v' = 10   J' =  8
  Contribution      Value[cm-1]            Error[cm-1]
      E2(NAPT)         3038.328759533425    5.2E-03
      E4                 -0.450284780916    9.0E-07
      E5                 -0.022730724120    2.7E-05
      E6                 -0.000395065938    1.3E-06
      E7                  0.000015299475    3.8E-06
      Efs                -0.000004708829    2.2E-08
      Total            3037.855359553098    5.2E-03
 ---------------------------------------------

 v' = 10   J' =  9
  Contribution      Value[cm-1]            Error[cm-1]
      E2(NAPT)         2609.164020772643    5.1E-03
      E4                 -0.441555928136    8.8E-07
      E5                 -0.019445310796    2.3E-05
      E6                 -0.000359247112    1.2E-06
      E7                  0.000013577195    3.4E-06
      Efs                -0.000004178751    1.9E-08
      Total            2608.702669685043    5.1E-03
 ---------------------------------------------

 v' = 10   J' = 10
  Contribution      Value[cm-1]            Error[cm-1]
      E2(NAPT)         2156.008768644240    5.0E-03
      E4                 -0.430160870278    8.7E-07
      E5                 -0.016047790971    1.9E-05
      E6                 -0.000321140850    1.0E-06
      E7                  0.000011777327    2.9E-06
      Efs                -0.000003624792    1.7E-08
      Total            2155.562246994676    5.0E-03
 ---------------------------------------------

 v' = 10   J' = 11
  Contribution      Value[cm-1]            Error[cm-1]
      E2(NAPT)         1685.862153214348    4.8E-03
      E4                 -0.415443424892    8.5E-07
      E5                 -0.012601395022    1.5E-05
      E6                 -0.000281034064    9.2E-07
      E7                  0.000009926115    2.5E-06
      Efs                -0.000003055032    1.4E-08
      Total            1685.433834231455    4.8E-03
 ---------------------------------------------

 v' = 10   J' = 12
  Contribution      Value[cm-1]            Error[cm-1]
      E2(NAPT)         1206.523406015389    4.6E-03
      E4                 -0.396523966577    8.3E-07
      E5                 -0.009172250177    1.1E-05
      E6                 -0.000239112522    7.9E-07
      E7                  0.000008049243    2.0E-06
      Efs                -0.000002477373    1.2E-08
      Total            1206.117476257982    4.6E-03
 ---------------------------------------------

 v' = 10   J' = 13
  Contribution      Value[cm-1]            Error[cm-1]
      E2(NAPT)          726.929735399609    4.4E-03
      E4                 -0.372117119496    8.3E-07
      E5                 -0.005831564594    7.0E-06
      E6                 -0.000195354304    6.6E-07
      E7                  0.000006171323    1.5E-06
      Efs                -0.000001899392    8.8E-09
      Total             726.551595633145    4.4E-03
 ---------------------------------------------

 v' = 10   J' = 14
  Contribution      Value[cm-1]            Error[cm-1]
      E2(NAPT)          257.877302539759    4.0E-03
      E4                 -0.340078566897    8.5E-07
      E5                 -0.002660601684    3.2E-06
      E6                 -0.000149202005    5.2E-07
      E7                  0.000004314408    1.1E-06
      Efs                -0.000001327876    6.2E-09
      Total             257.534417155704    4.0E-03
 ---------------------------------------------
