all -2.3442699996854763e-51
state -2.344269976254826e-51
geometry -2.3430649873674368e-59
state:baryon_g -2.3442600340630467e-51
state:gas_nonrest_energy_erg 2.952956431399971e-65
state:nonrest_trace_erg -6.973463074927571e-60
state:nonrest_stress_erg -0.0
state:pressure_volume_erg -0.0
state:photon_energy_erg 1.1603096758951065e-66
state:photon_radial_pressure_erg -0.0
state:metric_stress_erg -9.935218347079662e-57
state:inner_cumulative_energy_erg -1.4291629776803596e-71
state:outer_cumulative_energy_erg -0.0
geometry:baryon_g -0.0
geometry:gas_nonrest_energy_erg -4.401619742277154e-65
geometry:nonrest_trace_erg -2.343061377667852e-59
geometry:nonrest_stress_erg -0.0
geometry:pressure_volume_erg -0.0
geometry:photon_energy_erg -1.8452733080822173e-68
geometry:photon_radial_pressure_erg -0.0
geometry:metric_stress_erg 7.937654260582453e-66
{"classification": "Counterexample candidate", "label": "T", "state_share": 0.9999999900051401, "geometry_share": 9.994859754558131e-09, "state_plus_geometry_relative": 1.265794861917808e-16}
