CRD Check Version: 2.00
CRD File name: 7080_giovea_crd_20080508_09_00_v2na.frd

Station: Pad ID:7080  Sys Num:24  Occ num: 19  Name: [MDOL] time scale: 4
Network: [NASA]
Target: COSPAR:  505101    SIC:7001    NORAD:    28922    Name: [giovea]
        time scale: 0    target class: slr target location: earth orbit
Format version: 2    Data type: frd    Data release: 0
Produced on 2008/ 5/ 8 19 hours
Session Starting on 2008/ 5/ 8  9:40:23 Ending on 2008/ 5/ 8  9:50:45 UTC
refraction applied: no     CofM applied: no     xcv amplitude applied: no 
Station system delay applied: yes    Satellite system delay applied: no 
Range type: 2-way    Data quality alert: good   

Predictions: Type: CPF Year: 8 Date/Time: 032500
             Provider: esa Sequence number: 8401


Number of records -
 10 Range Record: 1200
 12 Range Supplement Record: 1
 20 Meteorological Record: 1
 21 Met Supplement Record: 1
 30 Pointing Angles Record: 4
 40 Calibration Record: 1
 41 Calibration Detail Record: 2
 42 Calibration Shot Record: 3
 00 Comment Records: 1
 c0 System Configuration Records: 1
 c1 Laser Configuration Records: 1
 c2 Detector Configuration Records: 1
 c3 Timing Configuration Records: 1
 c5 Software Configuration Records: 1
 c6 Met Sensor Configuration Records: 1
 c7 Calibration Configuration Records: 1

Errors and Warnings -


