CRD Check Version: 2.00
CRD File name: lageos2_201910.np2

Station: Pad ID:7840  Sys Num:35  Occ num: 1  Name: [HERL] time scale: 4
Network: [ILRS]
Target: COSPAR: 9207002    SIC:5986    NORAD:    22195    Name: [lageos2]
        time scale: 0    target class: slr target location: earth orbit
Format version: 2    Data type: npt    Data release: 0
Produced on 2019/10/10  8 hours
Session Starting on 2019/10/10  7:41:31 Ending on 2019/10/10  8:19:15 UTC
refraction applied: no     CofM applied: no     xcv amplitude applied: no 
Station system delay applied: yes    Satellite system delay applied: no 
Range type: 2-way    Data quality alert: good   

Station: Pad ID:7840  Sys Num:35  Occ num: 1  Name: [HERL] time scale: 4
Network: [ILRS]
Target: COSPAR: 9207002    SIC:5986    NORAD:    22195    Name: [lageos2]
        time scale: 0    target class: slr target location: earth orbit
Format version: 2    Data type: npt    Data release: 0
Produced on 2019/10/ 9 12 hours
Session Starting on 2019/10/ 9  9:41:45 Ending on 2019/10/ 9  9:58:20 UTC
refraction applied: no     CofM applied: no     xcv amplitude applied: no 
Station system delay applied: yes    Satellite system delay applied: no 
Range type: 2-way    Data quality alert: good   

Station: Pad ID:7840  Sys Num:35  Occ num: 1  Name: [HERL] time scale: 4
Network: [ILRS]
Target: COSPAR: 9207002    SIC:5986    NORAD:    22195    Name: [lageos2]
        time scale: 0    target class: slr target location: earth orbit
Format version: 2    Data type: npt    Data release: 0
Produced on 2019/10/10  0 hours
Session Starting on 2019/10/ 9 23:36:31 Ending on 2019/10/10  0:15: 8 UTC
refraction applied: no     CofM applied: no     xcv amplitude applied: no 
Station system delay applied: yes    Satellite system delay applied: no 
Range type: 2-way    Data quality alert: good   


Number of records -
 11 Normal Point Record: 29
 20 Meteorological Record: 27
 40 Calibration Record: 3
 41 Calibration Detail Record: 6
 50 Session Statistics Record: 3
 c0 System Configuration Records: 3
 c1 Laser Configuration Records: 3
 c2 Detector Configuration Records: 3
 c3 Timing Configuration Records: 3
 c5 Software Configuration Records: 3
 c6 Met Sensor Configuration Records: 3

Errors and Warnings -
Multi-pass file with: 3 H1 Records
Multi-pass file with: 3 H2 Records
Multi-pass file with: 3 H3 Records
Multi-pass file with: 3 H4 Records
Multi-pass file with: 3 H8 Records


